Archive member included because of file (symbol)

c:/program files/avr-gcc-2.6.1/bin/../lib/gcc/avr/4.6.1/avr51\libgcc.a(_mulsi3.o)
                              ./main.o (__mulsi3)
c:/program files/avr-gcc-2.6.1/bin/../lib/gcc/avr/4.6.1/avr51\libgcc.a(_udivmodhi4.o)
                              ./main.o (__udivmodhi4)
c:/program files/avr-gcc-2.6.1/bin/../lib/gcc/avr/4.6.1/avr51\libgcc.a(_udivmodsi4.o)
                              ./main.o (__udivmodsi4)
c:/program files/avr-gcc-2.6.1/bin/../lib/gcc/avr/4.6.1/avr51\libgcc.a(_divmodsi4.o)
                              ./main.o (__divmodsi4)
c:/program files/avr-gcc-2.6.1/bin/../lib/gcc/avr/4.6.1/avr51\libgcc.a(_exit.o)
                              c:/program files/avr-gcc-2.6.1/bin/../lib/gcc/avr/4.6.1/../../../../avr/lib/avr51/crtcan128.o (exit)
c:/program files/avr-gcc-2.6.1/bin/../lib/gcc/avr/4.6.1/avr51\libgcc.a(_copy_data.o)
                              ./main.o (__do_copy_data)
c:/program files/avr-gcc-2.6.1/bin/../lib/gcc/avr/4.6.1/avr51\libgcc.a(_clear_bss.o)
                              ./main.o (__do_clear_bss)
c:/program files/avr-gcc-2.6.1/bin/../lib/gcc/avr/4.6.1/avr51\libgcc.a(_ctors.o)
                              ./main.o (__do_global_ctors)
c:/program files/avr-gcc-2.6.1/bin/../lib/gcc/avr/4.6.1/avr51\libgcc.a(_dtors.o)
                              ./main.o (__do_global_dtors)
c:/program files/avr-gcc-2.6.1/bin/../lib/gcc/avr/4.6.1/avr51\libgcc.a(_tablejump_elpm.o)
                              c:/program files/avr-gcc-2.6.1/bin/../lib/gcc/avr/4.6.1/avr51\libgcc.a(_ctors.o) (__tablejump_elpm__)
c:/program files/avr-gcc-2.6.1/bin/../lib/gcc/avr/4.6.1/../../../../avr/lib/avr51\libc.a(malloc.o)
                              ./main.o (malloc)
c:/program files/avr-gcc-2.6.1/bin/../lib/gcc/avr/4.6.1/../../../../avr/lib/avr51\libc.a(eerd_byte_at90can128.o)
                              ./main.o (__eerd_byte_can128)
c:/program files/avr-gcc-2.6.1/bin/../lib/gcc/avr/4.6.1/../../../../avr/lib/avr51\libc.a(eerd_word_at90can128.o)
                              ./main.o (__eerd_word_can128)
c:/program files/avr-gcc-2.6.1/bin/../lib/gcc/avr/4.6.1/../../../../avr/lib/avr51\libc.a(eeupd_byte_at90can128.o)
                              ./main.o (__eeupd_byte_can128)
c:/program files/avr-gcc-2.6.1/bin/../lib/gcc/avr/4.6.1/../../../../avr/lib/avr51\libc.a(eerd_block_at90can128.o)
                              c:/program files/avr-gcc-2.6.1/bin/../lib/gcc/avr/4.6.1/../../../../avr/lib/avr51\libc.a(eerd_word_at90can128.o) (__eerd_blraw_can128)

Allocating common symbols
Common symbol       size              file

__brkval            0x2               c:/program files/avr-gcc-2.6.1/bin/../lib/gcc/avr/4.6.1/../../../../avr/lib/avr51\libc.a(malloc.o)
__flp               0x2               c:/program files/avr-gcc-2.6.1/bin/../lib/gcc/avr/4.6.1/../../../../avr/lib/avr51\libc.a(malloc.o)

Discarded input sections

 .text          0x00000000        0x4 c:/program files/avr-gcc-2.6.1/bin/../lib/gcc/avr/4.6.1/../../../../avr/lib/avr51/crtcan128.o
 .data          0x00000000        0x0 c:/program files/avr-gcc-2.6.1/bin/../lib/gcc/avr/4.6.1/../../../../avr/lib/avr51/crtcan128.o
 .bss           0x00000000        0x0 c:/program files/avr-gcc-2.6.1/bin/../lib/gcc/avr/4.6.1/../../../../avr/lib/avr51/crtcan128.o
 .text.__cxa_guard_acquire
                0x00000000       0x14 ./main.o
 .text.__cxa_guard_release
                0x00000000        0x8 ./main.o
 .text.__cxa_guard_abort
                0x00000000        0x2 ./main.o
 .text.__cxa_pure_virtual
                0x00000000        0x2 ./main.o
 .text._Znwj    0x00000000        0x6 ./main.o
 .text._ZdlPv   0x00000000        0x6 ./main.o
 .text._Znaj    0x00000000        0x6 ./main.o
 .text._ZdaPv   0x00000000        0x6 ./main.o
 .text._Z4swapRKj
                0x00000000        0x8 ./main.o
 .text._Z16clubSendNextPagej
                0x00000000       0x5a ./main.o
 .text._Z25clubSendNextPageInterruptv
                0x00000000       0x6a ./main.o
 .text._Z13sysKeyReleasej
                0x00000000       0x34 ./main.o
 .text._Z7ipdDatej
                0x00000000       0x32 ./main.o
 .text._Z8kptRiseAj
                0x00000000      0x132 ./main.o
 .text._Z8kptRiseBj
                0x00000000      0x132 ./main.o
 .text._Z8kptFallAj
                0x00000000       0x4a ./main.o
 .text._Z8kptFallBj
                0x00000000       0x4a ./main.o
 .text._Z12kptRiseTimeAj
                0x00000000      0x142 ./main.o
 .text._Z12kptRiseTimeBj
                0x00000000      0x142 ./main.o
 .text._Z12kptFallTimeAj
                0x00000000       0x50 ./main.o
 .text._Z12kptFallTimeBj
                0x00000000       0x50 ./main.o
 .text._Z15kptCommandParsev
                0x00000000       0x28 ./main.o
 .text._Z13eCardWatchDogj
                0x00000000       0x78 ./main.o
 .text._Z9mcoStateAj
[...]
Memory Configuration

Name             Origin             Length             Attributes
start            0x00000000         0x000000ff         xr
id               0x00000100         0x00000010         xr
text             0x00000110         0x00020000         xr
data             0x00800100         0x0000ff00         rw !x
eeprom           0x00810000         0x00010000         rw !x
*default*        0x00000000         0xffffffff

Linker script and memory map

Address of section .data set to 0x800100
LOAD c:/program files/avr-gcc-2.6.1/bin/../lib/gcc/avr/4.6.1/../../../../avr/lib/avr51/crtcan128.o
LOAD ./main.o
LOAD c:/program files/avr-gcc-2.6.1/bin/../lib/gcc/avr/4.6.1/avr51\libgcc.a
LOAD c:/program files/avr-gcc-2.6.1/bin/../lib/gcc/avr/4.6.1/../../../../avr/lib/avr51\libm.a
LOAD c:/program files/avr-gcc-2.6.1/bin/../lib/gcc/avr/4.6.1/avr51\libgcc.a
LOAD c:/program files/avr-gcc-2.6.1/bin/../lib/gcc/avr/4.6.1/../../../../avr/lib/avr51\libc.a
LOAD c:/program files/avr-gcc-2.6.1/bin/../lib/gcc/avr/4.6.1/avr51\libgcc.a

.hash
 *(.hash)

.dynsym
 *(.dynsym)

.dynstr
 *(.dynstr)

.gnu.version
 *(.gnu.version)

.gnu.version_d
 *(.gnu.version_d)

.gnu.version_r
 *(.gnu.version_r)

.rel.init
 *(.rel.init)

.rela.init
 *(.rela.init)

.rel.text
 *(.rel.text)
 *(.rel.text.*)
 *(.rel.gnu.linkonce.t*)

.rela.text
 *(.rela.text)
 *(.rela.text.*)
 *(.rela.gnu.linkonce.t*)

.rel.fini
 *(.rel.fini)

.rela.fini
 *(.rela.fini)

.rel.rodata
 *(.rel.rodata)
 *(.rel.rodata.*)
 *(.rel.gnu.linkonce.r*)

.rela.rodata
 *(.rela.rodata)
 *(.rela.rodata.*)
 *(.rela.gnu.linkonce.r*)

.rel.data
 *(.rel.data)
 *(.rel.data.*)
 *(.rel.gnu.linkonce.d*)

.rela.data
 *(.rela.data)
 *(.rela.data.*)
 *(.rela.gnu.linkonce.d*)

.rel.ctors
 *(.rel.ctors)

.rela.ctors
 *(.rela.ctors)

.rel.dtors
 *(.rel.dtors)

.rela.dtors
 *(.rela.dtors)

.rel.got
 *(.rel.got)

.rela.got
 *(.rela.got)

.rel.bss
 *(.rel.bss)

.rela.bss
 *(.rela.bss)

.rel.plt
 *(.rel.plt)

.rela.plt
 *(.rela.plt)

.start          0x00000000       0x98
 *(.vectors)
 .vectors       0x00000000       0x94 c:/program files/avr-gcc-2.6.1/bin/../lib/gcc/avr/4.6.1/../../../../avr/lib/avr51/crtcan128.o
                0x00000000                __vector_default
                0x00000000                __vectors
 *(.vectors)
 *(.progmem.gcc*)
 *(.progmem*)
                0x00000094                . = ALIGN (0x2)
                0x00000094                __trampolines_start = .
 *(.trampolines)
 .trampolines   0x00000094        0x0 linker stubs
 *(.trampolines*)
                0x00000094                __trampolines_end = .
 *(.jumptables)
 *(.jumptables*)
 *(.lowtext)
 *(.lowtext*)
                0x00000094                __ctors_start = .
 *(.ctors)
 .ctors         0x00000094        0x2 ./main.o
                0x00000096                __ctors_end = .
                0x00000096                __dtors_start = .
 *(.dtors)
 .dtors         0x00000096        0x2 ./main.o
                0x00000098                __dtors_end = .
 SORT(*)(.ctors)
 SORT(*)(.dtors)

.id             0x00000100       0x10
 *(.id)
 .id            0x00000100       0x10 ./main.o
                0x00000100                ID
 *(.id)

.text           0x00000110     0x5c58
 *(.init0)
 .init0         0x00000110        0x0 c:/program files/avr-gcc-2.6.1/bin/../lib/gcc/avr/4.6.1/../../../../avr/lib/avr51/crtcan128.o
                0x00000110                __init
 *(.init0)
 *(.init1)
 *(.init1)
 *(.init2)
 .init2         0x00000110        0xc c:/program files/avr-gcc-2.6.1/bin/../lib/gcc/avr/4.6.1/../../../../avr/lib/avr51/crtcan128.o
 *(.init2)
 *(.init3)
 .init3         0x0000011c       0x12 ./main.o
                0x0000011c                wdt_init()
 *(.init3)
 *(.init4)
 .init4         0x0000012e       0x1a c:/program files/avr-gcc-2.6.1/bin/../lib/gcc/avr/4.6.1/avr51\libgcc.a(_copy_data.o)
                0x0000012e                __do_copy_data
 .init4         0x00000148       0x10 c:/program files/avr-gcc-2.6.1/bin/../lib/gcc/avr/4.6.1/avr51\libgcc.a(_clear_bss.o)
                0x00000148                __do_clear_bss
 *(.init4)
 *(.init5)
 .init5         0x00000158       0x20 ./main.o
                0x00000158                Init()
 *(.init5)
 *(.init6)
 .init6         0x00000178       0x20 c:/program files/avr-gcc-2.6.1/bin/../lib/gcc/avr/4.6.1/avr51\libgcc.a(_ctors.o)
                0x00000178                __do_global_ctors
 *(.init6)
 *(.init7)
 *(.init7)
 *(.init8)
 *(.init8)
 *(.init9)
 .init9         0x00000198        0x8 c:/program files/avr-gcc-2.6.1/bin/../lib/gcc/avr/4.6.1/../../../../avr/lib/avr51/crtcan128.o
 *(.init9)
 *(.text)
 .text          0x000001a0      0x110 ./main.o
                0x000001a0                ReIndex16<Loki::Typelist<Loki::Int2Type<8u>, Loki::Typelist<Loki::Int2Type<4u>, Loki::Typelist<Loki::Int2Type<4u>, Loki::Typelist<Loki::Int2Type<3u>, Loki::Typelist<Loki::Int2Type<3u>, Loki::Typelist<Loki::Int2Type<2u>, Loki::Typelist<Loki::Int2Type<1u>, Loki::Typelist<Loki::Int2Type<1u>, Loki::NullType> > > > > > > > >::array
                0x000001b0                ReIndex256<Loki::Typelist<Loki::Int2Type<12u>, Loki::Typelist<Loki::Int2Type<8u>, Loki::Typelist<Loki::Int2Type<13u>, Loki::Typelist<Loki::Int2Type<7u>, Loki::Typelist<Loki::Int2Type<14u>, Loki::Typelist<Loki::Int2Type<6u>, Loki::Typelist<Loki::Int2Type<15u>, Loki::Typelist<Loki::Int2Type<5u>, Loki::Typelist<Loki::Int2Type<84u>, Loki::Typelist<Loki::Int2Type<4u>, Loki::Typelist<Loki::Int2Type<85u>, Loki::Typelist<Loki::Int2Type<3u>, Loki::Typelist<Loki::Int2Type<104u>, Loki::Typelist<Loki::Int2Type<2u>, Loki::Typelist<Loki::Int2Type<107u>, Loki::Typelist<Loki::Int2Type<1u>, Loki::Typelist<Loki::Int2Type<8u>, Loki::Typelist<Loki::Int2Type<144u>, Loki::Typelist<Loki::Int2Type<9u>, Loki::Typelist<Loki::Int2Type<143u>, Loki::Typelist<Loki::Int2Type<10u>, Loki::Typelist<Loki::Int2Type<142u>, Loki::Typelist<Loki::Int2Type<11u>, Loki::Typelist<Loki::Int2Type<141u>, Loki::Typelist<Loki::Int2Type<80u>, Loki::Typelist<Loki::Int2Type<140u>, Loki::Typelist<Loki::Int2Type<81u>, Loki::Typelist<Loki::Int2Type<139u>, Loki::Typelist<Loki::Int2Type<82u>, Loki::Typelist<Loki::Int2Type<138u>, Loki::Typelist<Loki::Int2Type<83u>, Loki::Typelist<Loki::Int2Type<137u>, Loki::NullType> > > > > > > > > > > > > > > > > > > > > > > > > > > > > > > > >::array
                0x000002b0                . = ALIGN (0x2)
 *(.text.*)
 .text._ZN6srutil8DelegateIFvjEE14empty_functionEPvj
                0x000002b0        0x2 ./main.o
                0x000002b0                srutil::Delegate<void (unsigned int)>::empty_function(void*, unsigned int)
 .text._ZN6srutil8DelegateIFvvEE14empty_functionEPv
                0x000002b2        0x2 ./main.o
                0x000002b2                srutil::Delegate<void ()>::empty_function(void*)
 .text._ZN6srutil8DelegateIFvjEE13function_stubIXadL_Z13sysKeyReleasejEEEEvPvj
                0x000002b4       0x34 ./main.o
                0x000002b4                void srutil::Delegate<void (unsigned int)>::function_stub<&(sysKeyRelease(unsigned int))>(void*, unsigned int)
 .text._ZN6srutil8DelegateIFvjEE13function_stubIXadL_Z7ipdDatejEEEEvPvj
                0x000002e8       0x32 ./main.o
                0x000002e8                void srutil::Delegate<void (unsigned int)>::function_stub<&(ipdDate(unsigned int))>(void*, unsigned int)
 .text._ZN6srutil8DelegateIFvvEE11method_stubI5ClockI5AlarmI13BitfieldDummyI14TimerControl16EXadL_ZN8Register13timer3ControlEEEXadL_ZNS9_13timer3CounterEEEXadL_ZNS9_14timer3CompareAEEEXadL_ZNS9_19timer3InterruptMaskEEEXadL_ZNS9_19timer3InterruptFlagEEEXadL_Z20TIMER3_COMPA_handlerEELm1000EEmEXadL_ZNSB_7incTimeEvEEEEvPv
                0x0000031a       0x1c ./main.o
                0x0000031a                void srutil::Delegate<void ()>::method_stub<Clock<Alarm<BitfieldDummy<TimerControl16>, &(Register::timer3Control), &(Register::timer3Counter), &(Register::timer3CompareA), &(Register::timer3InterruptMask), &(Register::timer3InterruptFlag), &TIMER3_COMPA_handler, 1000ul>, unsigned long>, &(Clock<Alarm<BitfieldDummy<TimerControl16>, &(Register::timer3Control), &(Register::timer3Counter), &(Register::timer3CompareA), &(Register::timer3InterruptMask), &(Register::timer3InterruptFlag), &TIMER3_COMPA_handler, 1000ul>, unsigned long>::incTime())>(void*)
 .text._ZN6srutil8DelegateIFvvEE11method_stubIN4Saut3ComIXadL_ZN8Register13usart1ControlEEEXadL_ZNS6_14usart1BaudRateEEEXadL_ZNS6_10usart1DataEEEXadL_ZNS6_5portDEEELh2EXadL_ZNS6_5portDEEELh3EXadL_ZNS6_5portDEEELh4EXadL_ZNS6_5portBEEELh7ELh1ENS4_3DatIN4Loki8TypelistINS8_8Int2TypeILj12EEENS9_INSA_ILj13EEENS9_INSA_ILj14EEENS9_INSA_ILj15EEENS9_INSA_ILj84EEENS9_INSA_ILj85EEENS9_INSA_ILj104EEENS9_INSA_ILj107EEENS8_8NullTypeEEEEEEEEEEEEEEEEENS9_INSA_ILj8EEENS9_INSA_ILj9EEENS9_INSA_ILj10EEENS9_INSA_ILj11EEENS9_INSA_ILj80EEENS9_INSA_ILj81EEENS9_INSA_ILj82EEENS9_INSA_ILj83EEESJ_EEEEEEEEEEEEEEEENS9_ISB_NS9_ISF_NS9_ISG_SK_EEEEEEEELZ4dataEEEXadL_ZNS1C_11udreHandlerEvEEEEvPv
                0x00000336       0x8e ./main.o
                0x00000336                void srutil::Delegate<void ()>::method_stub<Saut::Com<&(Register::usart1Control), &(Register::usart1BaudRate), &(Register::usart1Data), &(Register::portD), (unsigned char)2, &(Register::portD), (unsigned char)3, &(Register::portD), (unsigned char)4, &(Register::portB), (unsigned char)7, (unsigned char)1, Saut::Dat<Loki::Typelist<Loki::Int2Type<12u>, Loki::Typelist<Loki::Int2Type<13u>, Loki::Typelist<Loki::Int2Type<14u>, Loki::Typelist<Loki::Int2Type<15u>, Loki::Typelist<Loki::Int2Type<84u>, Loki::Typelist<Loki::Int2Type<85u>, Loki::Typelist<Loki::Int2Type<104u>, Loki::Typelist<Loki::Int2Type<107u>, Loki::NullType> > > > > > > >, Loki::Typelist<Loki::Int2Type<8u>, Loki::Typelist<Loki::Int2Type<9u>, Loki::Typelist<Loki::Int2Type<10u>, Loki::Typelist<Loki::Int2Type<11u>, Loki::Typelist<Loki::Int2Type<80u>, Loki::Typelist<Loki::Int2Type<81u>, Loki::Typelist<Loki::Int2Type<82u>, Loki::Typelist<Loki::Int2Type<83u>, Loki::NullType> > > > > > > >, Loki::Typelist<Loki::Int2Type<12u>, Loki::Typelist<Loki::Int2Type<84u>, Loki::Typelist<Loki::Int2Type<85u>, Loki::Typelist<Loki::Int2Type<107u>, Loki::NullType> > > > >, data>, &(Saut::Com<&(Register::usart1Control), &(Register::usart1BaudRate), &(Register::usart1Data), &(Register::portD), (unsigned char)2, &(Register::portD), (unsigned char)3, &(Register::portD), (unsigned char)4, &(Register::portB), (unsigned char)7, (unsigned char)1, Saut::Dat<Loki::Typelist<Loki::Int2Type<12u>, Loki::Typelist<Loki::Int2Type<13u>, Loki::Typelist<Loki::Int2Type<14u>, Loki::Typelist<Loki::Int2Type<15u>, Loki::Typelist<Loki::Int2Type<84u>, Loki::Typelist<Loki::Int2Type<85u>, Loki::Typelist<Loki::Int2Type<104u>, Loki::Typelist<Loki::Int2Type<107u>, Loki::NullType> > > > > > > >, Loki::Typelist<Loki::Int2Type<8u>, Loki::Typelist<Loki::Int2Type<9u>, Loki::Typelist<Loki::Int2Type<10u>, Loki::Typelist<Loki::Int2Type<11u>, Loki::Typelist<Loki::Int2Type<80u>, Loki::Typelist<Loki::Int2Type<81u>, Loki::Typelist<Loki::Int2Type<82u>, Loki::Typelist<Loki::Int2Type<83u>, Loki::NullType> > > > > > > >, Loki::Typelist<Loki::Int2Type<12u>, Loki::Typelist<Loki::Int2Type<84u>, Loki::Typelist<Loki::Int2Type<85u>, Loki::Typelist<Loki::Int2Type<107u>, Loki::NullType> > > > >, data>::udreHandler())>(void*)
                0x00000336                void srutil::Delegate<void ()>::method_stub<Saut::Com<&(Register::usart1Control), &(Register::usart1BaudRate), &(Register::usart1Data), &(Register::portD), (unsigned char)2, &(Register::portD), (unsigned char)3, &(Register::portD), (unsigned char)4, &(Register::portB), (unsigned char)7, (unsigned char)1, Saut::Dat<Loki::Typelist<Loki::Int2Type<12u>, Loki::Typelist<Loki::Int2Type<13u>, Loki::Typelist<Loki::Int2Type<14u>, Loki::Typelist<Loki::Int2Type<15u>, Loki::Typelist<Loki::Int2Type<84u>, Loki::Typelist<Loki::Int2Type<85u>, Loki::Typelist<Loki::Int2Type<104u>, Loki::Typelist<Loki::Int2Type<107u>, Loki::NullType> > > > > > > >, Loki::Typelist<Loki::Int2Type<8u>, Loki::Typelist<Loki::Int2Type<9u>, Loki::Typelist<Loki::Int2Type<10u>, Loki::Typelist<Loki::Int2Type<11u>, Loki::Typelist<Loki::Int2Type<80u>, Loki::Typelist<Loki::Int2Type<81u>, Loki::Typelist<Loki::Int2Type<82u>, Loki::Typelist<Loki::Int2Type<83u>, Loki::NullType> > > > > > > >, Loki::Typelist<Loki::Int2Type<12u>, Loki::Typelist<Loki::Int2Type<84u>, Loki::Typelist<Loki::Int2Type<85u>, Loki::Typelist<Loki::Int2Type<107u>, Loki::NullType> > > > >, data>, &(Saut::Com<&(Register::usart1Control), &(Register::usart1BaudRate), &(Register::usart1Data), &(Register::portD), (unsigned char)2, &(Register::portD), (unsigned char)3, &(Register::portD), (unsigned char)4, &(Register::portB), (unsigned char)7, (unsigned char)1, Saut::Dat<Loki::Typelist<Loki::Int2Type<12u>, Loki::Typelist<Loki::Int2Type<13u>, Loki::Typelist<Loki::Int2Type<14u>, Loki::Typelist<Loki::Int2Type<15u>, Loki::Typelist<Loki::Int2Type<84u>, Loki::Typelist<Loki::Int2Type<85u>, Loki::Typelist<Loki::Int2Type<104u>, Loki::Typelist<Loki::Int2Type<107u>, Loki::NullType> > > > > > > >, Loki::Typelist<Loki::Int2Type<8u>, Loki::Typelist<Loki::Int2Type<9u>, Loki::Typelist<Loki::Int2Type<10u>, Loki::Typelist<Loki::Int2Type<11u>, Loki::Typelist<Loki::Int2Type<80u>, Loki::Typelist<Loki::Int2Type<81u>, Loki::Typelist<Loki::Int2Type<82u>, Loki::Typelist<Loki::Int2Type<83u>, Loki::NullType> > > > > > > >, Loki::Typelist<Loki::Int2Type<12u>, Loki::Typelist<Loki::Int2Type<84u>, Loki::Typelist<Loki::Int2Type<85u>, Loki::Typelist<Loki::Int2Type<107u>, Loki::NullType> > > > >, data>::udreHandler())>(void*)
 .text._ZN7ProgSpi13ProgSpiSimpleIXadL_ZN8Register16spiStatusControlEEEXadL_ZNS1_7spiDataEEEXadL_ZNS1_5portBEEELh0ELh1ELh2ELh3EXadL_ZNS1_5portBEEELh4EE11instructionEhhhh.isra.42
                0x000003c4       0x24 ./main.o
 .text._ZN7ProgSpi13ProgSpiSimpleIXadL_ZN8Register16spiStatusControlEEEXadL_ZNS1_7spiDataEEEXadL_ZNS1_5portBEEELh0ELh1ELh2ELh3EXadL_ZNS1_5portBEEELh4EE5flushILNS_7MemTypeE1EEEvv.isra.48
                0x000003e8       0x28 ./main.o
 .text._ZN6srutil8DelegateIFvvEE11method_stubIN4Saut3ComIXadL_ZN8Register13usart1ControlEEEXadL_ZNS6_14usart1BaudRateEEEXadL_ZNS6_10usart1DataEEEXadL_ZNS6_5portDEEELh2EXadL_ZNS6_5portDEEELh3EXadL_ZNS6_5portDEEELh4EXadL_ZNS6_5portBEEELh7ELh1ENS4_3DatIN4Loki8TypelistINS8_8Int2TypeILj12EEENS9_INSA_ILj13EEENS9_INSA_ILj14EEENS9_INSA_ILj15EEENS9_INSA_ILj84EEENS9_INSA_ILj85EEENS9_INSA_ILj104EEENS9_INSA_ILj107EEENS8_8NullTypeEEEEEEEEEEEEEEEEENS9_INSA_ILj8EEENS9_INSA_ILj9EEENS9_INSA_ILj10EEENS9_INSA_ILj11EEENS9_INSA_ILj80EEENS9_INSA_ILj81EEENS9_INSA_ILj82EEENS9_INSA_ILj83EEESJ_EEEEEEEEEEEEEEEENS9_ISB_NS9_ISF_NS9_ISG_SK_EEEEEEEELZ4dataEEEXadL_ZNS1C_9txHandlerEvEEEEvPv
                0x00000410       0x38 ./main.o
                0x00000410                void srutil::Delegate<void ()>::method_stub<Saut::Com<&(Register::usart1Control), &(Register::usart1BaudRate), &(Register::usart1Data), &(Register::portD), (unsigned char)2, &(Register::portD), (unsigned char)3, &(Register::portD), (unsigned char)4, &(Register::portB), (unsigned char)7, (unsigned char)1, Saut::Dat<Loki::Typelist<Loki::Int2Type<12u>, Loki::Typelist<Loki::Int2Type<13u>, Loki::Typelist<Loki::Int2Type<14u>, Loki::Typelist<Loki::Int2Type<15u>, Loki::Typelist<Loki::Int2Type<84u>, Loki::Typelist<Loki::Int2Type<85u>, Loki::Typelist<Loki::Int2Type<104u>, Loki::Typelist<Loki::Int2Type<107u>, Loki::NullType> > > > > > > >, Loki::Typelist<Loki::Int2Type<8u>, Loki::Typelist<Loki::Int2Type<9u>, Loki::Typelist<Loki::Int2Type<10u>, Loki::Typelist<Loki::Int2Type<11u>, Loki::Typelist<Loki::Int2Type<80u>, Loki::Typelist<Loki::Int2Type<81u>, Loki::Typelist<Loki::Int2Type<82u>, Loki::Typelist<Loki::Int2Type<83u>, Loki::NullType> > > > > > > >, Loki::Typelist<Loki::Int2Type<12u>, Loki::Typelist<Loki::Int2Type<84u>, Loki::Typelist<Loki::Int2Type<85u>, Loki::Typelist<Loki::Int2Type<107u>, Loki::NullType> > > > >, data>, &(Saut::Com<&(Register::usart1Control), &(Register::usart1BaudRate), &(Register::usart1Data), &(Register::portD), (unsigned char)2, &(Register::portD), (unsigned char)3, &(Register::portD), (unsigned char)4, &(Register::portB), (unsigned char)7, (unsigned char)1, Saut::Dat<Loki::Typelist<Loki::Int2Type<12u>, Loki::Typelist<Loki::Int2Type<13u>, Loki::Typelist<Loki::Int2Type<14u>, Loki::Typelist<Loki::Int2Type<15u>, Loki::Typelist<Loki::Int2Type<84u>, Loki::Typelist<Loki::Int2Type<85u>, Loki::Typelist<Loki::Int2Type<104u>, Loki::Typelist<Loki::Int2Type<107u>, Loki::NullType> > > > > > > >, Loki::Typelist<Loki::Int2Type<8u>, Loki::Typelist<Loki::Int2Type<9u>, Loki::Typelist<Loki::Int2Type<10u>, Loki::Typelist<Loki::Int2Type<11u>, Loki::Typelist<Loki::Int2Type<80u>, Loki::Typelist<Loki::Int2Type<81u>, Loki::Typelist<Loki::Int2Type<82u>, Loki::Typelist<Loki::Int2Type<83u>, Loki::NullType> > > > > > > >, Loki::Typelist<Loki::Int2Type<12u>, Loki::Typelist<Loki::Int2Type<84u>, Loki::Typelist<Loki::Int2Type<85u>, Loki::Typelist<Loki::Int2Type<107u>, Loki::NullType> > > > >, data>::txHandler())>(void*)
                0x00000410                void srutil::Delegate<void ()>::method_stub<Saut::Com<&(Register::usart1Control), &(Register::usart1BaudRate), &(Register::usart1Data), &(Register::portD), (unsigned char)2, &(Register::portD), (unsigned char)3, &(Register::portD), (unsigned char)4, &(Register::portB), (unsigned char)7, (unsigned char)1, Saut::Dat<Loki::Typelist<Loki::Int2Type<12u>, Loki::Typelist<Loki::Int2Type<13u>, Loki::Typelist<Loki::Int2Type<14u>, Loki::Typelist<Loki::Int2Type<15u>, Loki::Typelist<Loki::Int2Type<84u>, Loki::Typelist<Loki::Int2Type<85u>, Loki::Typelist<Loki::Int2Type<104u>, Loki::Typelist<Loki::Int2Type<107u>, Loki::NullType> > > > > > > >, Loki::Typelist<Loki::Int2Type<8u>, Loki::Typelist<Loki::Int2Type<9u>, Loki::Typelist<Loki::Int2Type<10u>, Loki::Typelist<Loki::Int2Type<11u>, Loki::Typelist<Loki::Int2Type<80u>, Loki::Typelist<Loki::Int2Type<81u>, Loki::Typelist<Loki::Int2Type<82u>, Loki::Typelist<Loki::Int2Type<83u>, Loki::NullType> > > > > > > >, Loki::Typelist<Loki::Int2Type<12u>, Loki::Typelist<Loki::Int2Type<84u>, Loki::Typelist<Loki::Int2Type<85u>, Loki::Typelist<Loki::Int2Type<107u>, Loki::NullType> > > > >, data>, &(Saut::Com<&(Register::usart1Control), &(Register::usart1BaudRate), &(Register::usart1Data), &(Register::portD), (unsigned char)2, &(Register::portD), (unsigned char)3, &(Register::portD), (unsigned char)4, &(Register::portB), (unsigned char)7, (unsigned char)1, Saut::Dat<Loki::Typelist<Loki::Int2Type<12u>, Loki::Typelist<Loki::Int2Type<13u>, Loki::Typelist<Loki::Int2Type<14u>, Loki::Typelist<Loki::Int2Type<15u>, Loki::Typelist<Loki::Int2Type<84u>, Loki::Typelist<Loki::Int2Type<85u>, Loki::Typelist<Loki::Int2Type<104u>, Loki::Typelist<Loki::Int2Type<107u>, Loki::NullType> > > > > > > >, Loki::Typelist<Loki::Int2Type<8u>, Loki::Typelist<Loki::Int2Type<9u>, Loki::Typelist<Loki::Int2Type<10u>, Loki::Typelist<Loki::Int2Type<11u>, Loki::Typelist<Loki::Int2Type<80u>, Loki::Typelist<Loki::Int2Type<81u>, Loki::Typelist<Loki::Int2Type<82u>, Loki::Typelist<Loki::Int2Type<83u>, Loki::NullType> > > > > > > >, Loki::Typelist<Loki::Int2Type<12u>, Loki::Typelist<Loki::Int2Type<84u>, Loki::Typelist<Loki::Int2Type<85u>, Loki::Typelist<Loki::Int2Type<107u>, Loki::NullType> > > > >, data>::txHandler())>(void*)
 .text._ZN9SchedulerI5ClockI5AlarmI13BitfieldDummyI14TimerControl16EXadL_ZN8Register13timer3ControlEEEXadL_ZNS5_13timer3CounterEEEXadL_ZNS5_14timer3CompareAEEEXadL_ZNS5_19timer3InterruptMaskEEEXadL_ZNS5_19timer3InterruptFlagEEEXadL_Z20TIMER3_COMPA_handlerEELm1000EEmELZ5clockELh8EjE5runInE7Commandj.constprop.148
                0x00000448       0xac ./main.o
 .text._ZN6srutil8DelegateIFvvEE11method_stubI6CanDatIN4Loki8TypelistINS6_INS5_8Int2TypeILj6280EEENS6_INS7_ILj6792EEENS5_8NullTypeEEEEENS6_INS6_INS7_ILj18024EEENS6_INS7_ILj18056EEESA_EEEENS6_INS7_ILj25575EEENS6_INS7_ILj25544EEENS6_INS6_INS7_ILj50789EEENS6_INS7_ILj50821EEENS6_INS7_ILj38917EEENS6_INS7_ILj39429EEENS6_INS7_ILj25189EEENS6_INS7_ILj39299EEENS6_INS7_ILj39331EEENS6_INS7_ILj39362EEENS6_INS7_ILj39394EEESA_EEEEEEEEEEEEEEEEEESA_EEEEEEEEEENS6_INS7_ILj2309EEENS6_INS6_INS7_ILj2568EEENS6_INS7_ILj2632EEESA_EEEENS6_INS6_INS7_ILj2824EEENS6_INS7_ILj2888EEESA_EEEENS6_INS6_INS7_ILj3585EEENS6_INS7_ILj3073EEESA_EEEENS6_INS6_INS7_ILj4096EEENS6_INS7_ILj4224EEENS6_INS7_ILj4097EEENS6_INS7_ILj4225EEESA_EEEEEEEENS6_INS6_INS7_ILj4128EEENS6_INS7_ILj4256EEENS6_INS7_ILj4129EEENS6_INS7_ILj4257EEESA_EEEEEEEENS6_INS7_ILj6375EEENS6_INS7_ILj16936EEENS6_INS6_INS7_ILj19013EEENS6_INS7_ILj25093EEESA_EEEENS6_INS7_ILj36103EEESA_EEEEEEEEEEEEEEEEEEEENS6_IS22_NS6_IS16_NS6_IS21_NS6_IS1F_NS6_IS20_NS6_IS25_NS6_IS17_NS6_IS1B_NS6_IS1Z_NS6_IS1J_NS6_IS1K_NS6_IS1R_NS6_IS1S_NS6_IS1L_NS6_IS1M_NS6_IS1T_NS6_IS1U_S1H_EEEEEEEEEEEEEEEEEEEEEEEEEEEEEEEEEELl100ELl75EEXadL_ZNS2X_18rxInterruptHandlerEvEEEEvPv
                0x000004f4      0x374 ./main.o
                0x000004f4                void srutil::Delegate<void ()>::method_stub<CanDat<Loki::Typelist<Loki::Typelist<Loki::Int2Type<6280u>, Loki::Typelist<Loki::Int2Type<6792u>, Loki::NullType> >, Loki::Typelist<Loki::Typelist<Loki::Int2Type<18024u>, Loki::Typelist<Loki::Int2Type<18056u>, Loki::NullType> >, Loki::Typelist<Loki::Int2Type<25575u>, Loki::Typelist<Loki::Int2Type<25544u>, Loki::Typelist<Loki::Typelist<Loki::Int2Type<50789u>, Loki::Typelist<Loki::Int2Type<50821u>, Loki::Typelist<Loki::Int2Type<38917u>, Loki::Typelist<Loki::Int2Type<39429u>, Loki::Typelist<Loki::Int2Type<25189u>, Loki::Typelist<Loki::Int2Type<39299u>, Loki::Typelist<Loki::Int2Type<39331u>, Loki::Typelist<Loki::Int2Type<39362u>, Loki::Typelist<Loki::Int2Type<39394u>, Loki::NullType> > > > > > > > >, Loki::NullType> > > > >, Loki::Typelist<Loki::Int2Type<2309u>, Loki::Typelist<Loki::Typelist<Loki::Int2Type<2568u>, Loki::Typelist<Loki::Int2Type<2632u>, Loki::NullType> >, Loki::Typelist<Loki::Typelist<Loki::Int2Type<2824u>, Loki::Typelist<Loki::Int2Type<2888u>, Loki::NullType> >, Loki::Typelist<Loki::Typelist<Loki::Int2Type<3585u>, Loki::Typelist<Loki::Int2Type<3073u>, Loki::NullType> >, Loki::Typelist<Loki::Typelist<Loki::Int2Type<4096u>, Loki::Typelist<Loki::Int2Type<4224u>, Loki::Typelist<Loki::Int2Type<4097u>, Loki::Typelist<Loki::Int2Type<4225u>, Loki::NullType> > > >, Loki::Typelist<Loki::Typelist<Loki::Int2Type<4128u>, Loki::Typelist<Loki::Int2Type<4256u>, Loki::Typelist<Loki::Int2Type<4129u>, Loki::Typelist<Loki::Int2Type<4257u>, Loki::NullType> > > >, Loki::Typelist<Loki::Int2Type<6375u>, Loki::Typelist<Loki::Int2Type<16936u>, Loki::Typelist<Loki::Typelist<Loki::Int2Type<19013u>, Loki::Typelist<Loki::Int2Type<25093u>, Loki::NullType> >, Loki::Typelist<Loki::Int2Type<36103u>, Loki::NullType> > > > > > > > > >, Loki::Typelist<Loki::Int2Type<25093u>, Loki::Typelist<Loki::Int2Type<2309u>, Loki::Typelist<Loki::Int2Type<19013u>, Loki::Typelist<Loki::Int2Type<3585u>, Loki::Typelist<Loki::Int2Type<16936u>, Loki::Typelist<Loki::Int2Type<36103u>, Loki::Typelist<Loki::Int2Type<2568u>, Loki::Typelist<Loki::Int2Type<2824u>, Loki::Typelist<Loki::Int2Type<6375u>, Loki::Typelist<Loki::Int2Type<4096u>, Loki::Typelist<Loki::Int2Type<4224u>, Loki::Typelist<Loki::Int2Type<4128u>, Loki::Typelist<Loki::Int2Type<4256u>, Loki::Typelist<Loki::Int2Type<4097u>, Loki::Typelist<Loki::Int2Type<4225u>, Loki::Typelist<Loki::Int2Type<4129u>, Loki::Typelist<Loki::Int2Type<4257u>, Loki::Typelist<Loki::Int2Type<3073u>, Loki::NullType> > > > > > > > > > > > > > > > > >, 100l, 75l>, &(CanDat<Loki::Typelist<Loki::Typelist<Loki::Int2Type<6280u>, Loki::Typelist<Loki::Int2Type<6792u>, Loki::NullType> >, Loki::Typelist<Loki::Typelist<Loki::Int2Type<18024u>, Loki::Typelist<Loki::Int2Type<18056u>, Loki::NullType> >, Loki::Typelist<Loki::Int2Type<25575u>, Loki::Typelist<Loki::Int2Type<25544u>, Loki::Typelist<Loki::Typelist<Loki::Int2Type<50789u>, Loki::Typelist<Loki::Int2Type<50821u>, Loki::Typelist<Loki::Int2Type<38917u>, Loki::Typelist<Loki::Int2Type<39429u>, Loki::Typelist<Loki::Int2Type<25189u>, Loki::Typelist<Loki::Int2Type<39299u>, Loki::Typelist<Loki::Int2Type<39331u>, Loki::Typelist<Loki::Int2Type<39362u>, Loki::Typelist<Loki::Int2Type<39394u>, Loki::NullType> > > > > > > > >, Loki::NullType> > > > >, Loki::Typelist<Loki::Int2Type<2309u>, Loki::Typelist<Loki::Typelist<Loki::Int2Type<2568u>, Loki::Typelist<Loki::Int2Type<2632u>, Loki::NullType> >, Loki::Typelist<Loki::Typelist<Loki::Int2Type<2824u>, Loki::Typelist<Loki::Int2Type<2888u>, Loki::NullType> >, Loki::Typelist<Loki::Typelist<Loki::Int2Type<3585u>, Loki::Typelist<Loki::Int2Type<3073u>, Loki::NullType> >, Loki::Typelist<Loki::Typelist<Loki::Int2Type<4096u>, Loki::Typelist<Loki::Int2Type<4224u>, Loki::Typelist<Loki::Int2Type<4097u>, Loki::Typelist<Loki::Int2Type<4225u>, Loki::NullType> > > >, Loki::Typelist<Loki::Typelist<Loki::Int2Type<4128u>, Loki::Typelist<Loki::Int2Type<4256u>, Loki::Typelist<Loki::Int2Type<4129u>, Loki::Typelist<Loki::Int2Type<4257u>, Loki::NullType> > > >, Loki::Typelist<Loki::Int2Type<6375u>, Loki::Typelist<Loki::Int2Type<16936u>, Loki::Typelist<Loki::Typelist<Loki::Int2Type<19013u>, Loki::Typelist<Loki::Int2Type<25093u>, Loki::NullType> >, Loki::Typelist<Loki::Int2Type<36103u>, Loki::NullType> > > > > > > > > >, Loki::Typelist<Loki::Int2Type<25093u>, Loki::Typelist<Loki::Int2Type<2309u>, Loki::Typelist<Loki::Int2Type<19013u>, Loki::Typelist<Loki::Int2Type<3585u>, Loki::Typelist<Loki::Int2Type<16936u>, Loki::Typelist<Loki::Int2Type<36103u>, Loki::Typelist<Loki::Int2Type<2568u>, Loki::Typelist<Loki::Int2Type<2824u>, Loki::Typelist<Loki::Int2Type<6375u>, Loki::Typelist<Loki::Int2Type<4096u>, Loki::Typelist<Loki::Int2Type<4224u>, Loki::Typelist<Loki::Int2Type<4128u>, Loki::Typelist<Loki::Int2Type<4256u>, Loki::Typelist<Loki::Int2Type<4097u>, Loki::Typelist<Loki::Int2Type<4225u>, Loki::Typelist<Loki::Int2Type<4129u>, Loki::Typelist<Loki::Int2Type<4257u>, Loki::Typelist<Loki::Int2Type<3073u>, Loki::NullType> > > > > > > > > > > > > > > > > >, 100l, 75l>::rxInterruptHandler())>(void*)
 .text._ZN6srutil8DelegateIFvjEE13function_stubIXadL_Z12kptFallTimeAjEEEEvPvj
                0x00000868       0x50 ./main.o
                0x00000868                void srutil::Delegate<void (unsigned int)>::function_stub<&(kptFallTimeA(unsigned int))>(void*, unsigned int)
 .text._ZN6srutil8DelegateIFvjEE13function_stubIXadL_Z12kptFallTimeBjEEEEvPvj
                0x000008b8       0x50 ./main.o
                0x000008b8                void srutil::Delegate<void (unsigned int)>::function_stub<&(kptFallTimeB(unsigned int))>(void*, unsigned int)
 .text._Z3powIhijET_T0_T1_.constprop.147
                0x00000908       0x9a ./main.o
 .text._ZN6srutil8DelegateIFvvEE13function_stubIXadL_Z15kptCommandParsevEEEEvPv
                0x000009a2       0x28 ./main.o
                0x000009a2                void srutil::Delegate<void ()>::function_stub<&(kptCommandParse())>(void*)
 .text._ZN6srutil8DelegateIFvjEE13function_stubIXadL_Z8kptFallAjEEEEvPvj
                0x000009ca       0x4a ./main.o
                0x000009ca                void srutil::Delegate<void (unsigned int)>::function_stub<&(kptFallA(unsigned int))>(void*, unsigned int)
 .text._ZN6srutil8DelegateIFvjEE13function_stubIXadL_Z8kptFallBjEEEEvPvj
                0x00000a14       0x4a ./main.o
                0x00000a14                void srutil::Delegate<void (unsigned int)>::function_stub<&(kptFallB(unsigned int))>(void*, unsigned int)
 .text._ZN6srutil8DelegateIFvvEE11method_stubI24CeleritasSpatiumDimetiorIXadL_ZN8Register5portCEEELh4ELh5EXadL_ZNS5_5portBEEELh7E6CanDatIN4Loki8TypelistINS8_INS7_8Int2TypeILj6280EEENS8_INS9_ILj6792EEENS7_8NullTypeEEEEENS8_INS8_INS9_ILj18024EEENS8_INS9_ILj18056EEESC_EEEENS8_INS9_ILj25575EEENS8_INS9_ILj25544EEENS8_INS8_INS9_ILj50789EEENS8_INS9_ILj50821EEENS8_INS9_ILj38917EEENS8_INS9_ILj39429EEENS8_INS9_ILj25189EEENS8_INS9_ILj39299EEENS8_INS9_ILj39331EEENS8_INS9_ILj39362EEENS8_INS9_ILj39394EEESC_EEEEEEEEEEEEEEEEEESC_EEEEEEEEEENS8_INS9_ILj2309EEENS8_INS8_INS9_ILj2568EEENS8_INS9_ILj2632EEESC_EEEENS8_INS8_INS9_ILj2824EEENS8_INS9_ILj2888EEESC_EEEENS8_INS8_INS9_ILj3585EEENS8_INS9_ILj3073EEESC_EEEENS8_INS8_INS9_ILj4096EEENS8_INS9_ILj4224EEENS8_INS9_ILj4097EEENS8_INS9_ILj4225EEESC_EEEEEEEENS8_INS8_INS9_ILj4128EEENS8_INS9_ILj4256EEENS8_INS9_ILj4129EEENS8_INS9_ILj4257EEESC_EEEEEEEENS8_INS9_ILj6375EEENS8_INS9_ILj16936EEENS8_INS8_INS9_ILj19013EEENS8_INS9_ILj25093EEESC_EEEENS8_INS9_ILj36103EEESC_EEEEEEEEEEEEEEEEEEEENS8_IS24_NS8_IS18_NS8_IS23_NS8_IS1H_NS8_IS22_NS8_IS27_NS8_IS19_NS8_IS1D_NS8_IS21_NS8_IS1L_NS8_IS1M_NS8_IS1T_NS8_IS1U_NS8_IS1N_NS8_IS1O_NS8_IS1V_NS8_IS1W_S1J_EEEEEEEEEEEEEEEEEEEEEEEEEEEEEEEEEELl100ELl75EELZ6canDatEEXadL_ZNS30_12animadversioEvEEEEvPv
                0x00000a5e       0x76 ./main.o
                0x00000a5e                void srutil::Delegate<void ()>::method_stub<CeleritasSpatiumDimetior<&(Register::portC), (unsigned char)4, (unsigned char)5, &(Register::portB), (unsigned char)7, CanDat<Loki::Typelist<Loki::Typelist<Loki::Int2Type<6280u>, Loki::Typelist<Loki::Int2Type<6792u>, Loki::NullType> >, Loki::Typelist<Loki::Typelist<Loki::Int2Type<18024u>, Loki::Typelist<Loki::Int2Type<18056u>, Loki::NullType> >, Loki::Typelist<Loki::Int2Type<25575u>, Loki::Typelist<Loki::Int2Type<25544u>, Loki::Typelist<Loki::Typelist<Loki::Int2Type<50789u>, Loki::Typelist<Loki::Int2Type<50821u>, Loki::Typelist<Loki::Int2Type<38917u>, Loki::Typelist<Loki::Int2Type<39429u>, Loki::Typelist<Loki::Int2Type<25189u>, Loki::Typelist<Loki::Int2Type<39299u>, Loki::Typelist<Loki::Int2Type<39331u>, Loki::Typelist<Loki::Int2Type<39362u>, Loki::Typelist<Loki::Int2Type<39394u>, Loki::NullType> > > > > > > > >, Loki::NullType> > > > >, Loki::Typelist<Loki::Int2Type<2309u>, Loki::Typelist<Loki::Typelist<Loki::Int2Type<2568u>, Loki::Typelist<Loki::Int2Type<2632u>, Loki::NullType> >, Loki::Typelist<Loki::Typelist<Loki::Int2Type<2824u>, Loki::Typelist<Loki::Int2Type<2888u>, Loki::NullType> >, Loki::Typelist<Loki::Typelist<Loki::Int2Type<3585u>, Loki::Typelist<Loki::Int2Type<3073u>, Loki::NullType> >, Loki::Typelist<Loki::Typelist<Loki::Int2Type<4096u>, Loki::Typelist<Loki::Int2Type<4224u>, Loki::Typelist<Loki::Int2Type<4097u>, Loki::Typelist<Loki::Int2Type<4225u>, Loki::NullType> > > >, Loki::Typelist<Loki::Typelist<Loki::Int2Type<4128u>, Loki::Typelist<Loki::Int2Type<4256u>, Loki::Typelist<Loki::Int2Type<4129u>, Loki::Typelist<Loki::Int2Type<4257u>, Loki::NullType> > > >, Loki::Typelist<Loki::Int2Type<6375u>, Loki::Typelist<Loki::Int2Type<16936u>, Loki::Typelist<Loki::Typelist<Loki::Int2Type<19013u>, Loki::Typelist<Loki::Int2Type<25093u>, Loki::NullType> >, Loki::Typelist<Loki::Int2Type<36103u>, Loki::NullType> > > > > > > > > >, Loki::Typelist<Loki::Int2Type<25093u>, Loki::Typelist<Loki::Int2Type<2309u>, Loki::Typelist<Loki::Int2Type<19013u>, Loki::Typelist<Loki::Int2Type<3585u>, Loki::Typelist<Loki::Int2Type<16936u>, Loki::Typelist<Loki::Int2Type<36103u>, Loki::Typelist<Loki::Int2Type<2568u>, Loki::Typelist<Loki::Int2Type<2824u>, Loki::Typelist<Loki::Int2Type<6375u>, Loki::Typelist<Loki::Int2Type<4096u>, Loki::Typelist<Loki::Int2Type<4224u>, Loki::Typelist<Loki::Int2Type<4128u>, Loki::Typelist<Loki::Int2Type<4256u>, Loki::Typelist<Loki::Int2Type<4097u>, Loki::Typelist<Loki::Int2Type<4225u>, Loki::Typelist<Loki::Int2Type<4129u>, Loki::Typelist<Loki::Int2Type<4257u>, Loki::Typelist<Loki::Int2Type<3073u>, Loki::NullType> > > > > > > > > > > > > > > > > >, 100l, 75l>, canDat>, &(CeleritasSpatiumDimetior<&(Register::portC), (unsigned char)4, (unsigned char)5, &(Register::portB), (unsigned char)7, CanDat<Loki::Typelist<Loki::Typelist<Loki::Int2Type<6280u>, Loki::Typelist<Loki::Int2Type<6792u>, Loki::NullType> >, Loki::Typelist<Loki::Typelist<Loki::Int2Type<18024u>, Loki::Typelist<Loki::Int2Type<18056u>, Loki::NullType> >, Loki::Typelist<Loki::Int2Type<25575u>, Loki::Typelist<Loki::Int2Type<25544u>, Loki::Typelist<Loki::Typelist<Loki::Int2Type<50789u>, Loki::Typelist<Loki::Int2Type<50821u>, Loki::Typelist<Loki::Int2Type<38917u>, Loki::Typelist<Loki::Int2Type<39429u>, Loki::Typelist<Loki::Int2Type<25189u>, Loki::Typelist<Loki::Int2Type<39299u>, Loki::Typelist<Loki::Int2Type<39331u>, Loki::Typelist<Loki::Int2Type<39362u>, Loki::Typelist<Loki::Int2Type<39394u>, Loki::NullType> > > > > > > > >, Loki::NullType> > > > >, Loki::Typelist<Loki::Int2Type<2309u>, Loki::Typelist<Loki::Typelist<Loki::Int2Type<2568u>, Loki::Typelist<Loki::Int2Type<2632u>, Loki::NullType> >, Loki::Typelist<Loki::Typelist<Loki::Int2Type<2824u>, Loki::Typelist<Loki::Int2Type<2888u>, Loki::NullType> >, Loki::Typelist<Loki::Typelist<Loki::Int2Type<3585u>, Loki::Typelist<Loki::Int2Type<3073u>, Loki::NullType> >, Loki::Typelist<Loki::Typelist<Loki::Int2Type<4096u>, Loki::Typelist<Loki::Int2Type<4224u>, Loki::Typelist<Loki::Int2Type<4097u>, Loki::Typelist<Loki::Int2Type<4225u>, Loki::NullType> > > >, Loki::Typelist<Loki::Typelist<Loki::Int2Type<4128u>, Loki::Typelist<Loki::Int2Type<4256u>, Loki::Typelist<Loki::Int2Type<4129u>, Loki::Typelist<Loki::Int2Type<4257u>, Loki::NullType> > > >, Loki::Typelist<Loki::Int2Type<6375u>, Loki::Typelist<Loki::Int2Type<16936u>, Loki::Typelist<Loki::Typelist<Loki::Int2Type<19013u>, Loki::Typelist<Loki::Int2Type<25093u>, Loki::NullType> >, Loki::Typelist<Loki::Int2Type<36103u>, Loki::NullType> > > > > > > > > >, Loki::Typelist<Loki::Int2Type<25093u>, Loki::Typelist<Loki::Int2Type<2309u>, Loki::Typelist<Loki::Int2Type<19013u>, Loki::Typelist<Loki::Int2Type<3585u>, Loki::Typelist<Loki::Int2Type<16936u>, Loki::Typelist<Loki::Int2Type<36103u>, Loki::Typelist<Loki::Int2Type<2568u>, Loki::Typelist<Loki::Int2Type<2824u>, Loki::Typelist<Loki::Int2Type<6375u>, Loki::Typelist<Loki::Int2Type<4096u>, Loki::Typelist<Loki::Int2Type<4224u>, Loki::Typelist<Loki::Int2Type<4128u>, Loki::Typelist<Loki::Int2Type<4256u>, Loki::Typelist<Loki::Int2Type<4097u>, Loki::Typelist<Loki::Int2Type<4225u>, Loki::Typelist<Loki::Int2Type<4129u>, Loki::Typelist<Loki::Int2Type<4257u>, Loki::Typelist<Loki::Int2Type<3073u>, Loki::NullType> > > > > > > > > > > > > > > > > >, 100l, 75l>, canDat>::animadversio())>(void*)
                0x00000a5e                void srutil::Delegate<void ()>::method_stub<CeleritasSpatiumDimetior<&(Register::portC), (unsigned char)4, (unsigned char)5, &(Register::portB), (unsigned char)7, CanDat<Loki::Typelist<Loki::Typelist<Loki::Int2Type<6280u>, Loki::Typelist<Loki::Int2Type<6792u>, Loki::NullType> >, Loki::Typelist<Loki::Typelist<Loki::Int2Type<18024u>, Loki::Typelist<Loki::Int2Type<18056u>, Loki::NullType> >, Loki::Typelist<Loki::Int2Type<25575u>, Loki::Typelist<Loki::Int2Type<25544u>, Loki::Typelist<Loki::Typelist<Loki::Int2Type<50789u>, Loki::Typelist<Loki::Int2Type<50821u>, Loki::Typelist<Loki::Int2Type<38917u>, Loki::Typelist<Loki::Int2Type<39429u>, Loki::Typelist<Loki::Int2Type<25189u>, Loki::Typelist<Loki::Int2Type<39299u>, Loki::Typelist<Loki::Int2Type<39331u>, Loki::Typelist<Loki::Int2Type<39362u>, Loki::Typelist<Loki::Int2Type<39394u>, Loki::NullType> > > > > > > > >, Loki::NullType> > > > >, Loki::Typelist<Loki::Int2Type<2309u>, Loki::Typelist<Loki::Typelist<Loki::Int2Type<2568u>, Loki::Typelist<Loki::Int2Type<2632u>, Loki::NullType> >, Loki::Typelist<Loki::Typelist<Loki::Int2Type<2824u>, Loki::Typelist<Loki::Int2Type<2888u>, Loki::NullType> >, Loki::Typelist<Loki::Typelist<Loki::Int2Type<3585u>, Loki::Typelist<Loki::Int2Type<3073u>, Loki::NullType> >, Loki::Typelist<Loki::Typelist<Loki::Int2Type<4096u>, Loki::Typelist<Loki::Int2Type<4224u>, Loki::Typelist<Loki::Int2Type<4097u>, Loki::Typelist<Loki::Int2Type<4225u>, Loki::NullType> > > >, Loki::Typelist<Loki::Typelist<Loki::Int2Type<4128u>, Loki::Typelist<Loki::Int2Type<4256u>, Loki::Typelist<Loki::Int2Type<4129u>, Loki::Typelist<Loki::Int2Type<4257u>, Loki::NullType> > > >, Loki::Typelist<Loki::Int2Type<6375u>, Loki::Typelist<Loki::Int2Type<16936u>, Loki::Typelist<Loki::Typelist<Loki::Int2Type<19013u>, Loki::Typelist<Loki::Int2Type<25093u>, Loki::NullType> >, Loki::Typelist<Loki::Int2Type<36103u>, Loki::NullType> > > > > > > > > >, Loki::Typelist<Loki::Int2Type<25093u>, Loki::Typelist<Loki::Int2Type<2309u>, Loki::Typelist<Loki::Int2Type<19013u>, Loki::Typelist<Loki::Int2Type<3585u>, Loki::Typelist<Loki::Int2Type<16936u>, Loki::Typelist<Loki::Int2Type<36103u>, Loki::Typelist<Loki::Int2Type<2568u>, Loki::Typelist<Loki::Int2Type<2824u>, Loki::Typelist<Loki::Int2Type<6375u>, Loki::Typelist<Loki::Int2Type<4096u>, Loki::Typelist<Loki::Int2Type<4224u>, Loki::Typelist<Loki::Int2Type<4128u>, Loki::Typelist<Loki::Int2Type<4256u>, Loki::Typelist<Loki::Int2Type<4097u>, Loki::Typelist<Loki::Int2Type<4225u>, Loki::Typelist<Loki::Int2Type<4129u>, Loki::Typelist<Loki::Int2Type<4257u>, Loki::Typelist<Loki::Int2Type<3073u>, Loki::NullType> > > > > > > > > > > > > > > > > >, 100l, 75l>, canDat>, &(CeleritasSpatiumDimetior<&(Register::portC), (unsigned char)4, (unsigned char)5, &(Register::portB), (unsigned char)7, CanDat<Loki::Typelist<Loki::Typelist<Loki::Int2Type<6280u>, Loki::Typelist<Loki::Int2Type<6792u>, Loki::NullType> >, Loki::Typelist<Loki::Typelist<Loki::Int2Type<18024u>, Loki::Typelist<Loki::Int2Type<18056u>, Loki::NullType> >, Loki::Typelist<Loki::Int2Type<25575u>, Loki::Typelist<Loki::Int2Type<25544u>, Loki::Typelist<Loki::Typelist<Loki::Int2Type<50789u>, Loki::Typelist<Loki::Int2Type<50821u>, Loki::Typelist<Loki::Int2Type<38917u>, Loki::Typelist<Loki::Int2Type<39429u>, Loki::Typelist<Loki::Int2Type<25189u>, Loki::Typelist<Loki::Int2Type<39299u>, Loki::Typelist<Loki::Int2Type<39331u>, Loki::Typelist<Loki::Int2Type<39362u>, Loki::Typelist<Loki::Int2Type<39394u>, Loki::NullType> > > > > > > > >, Loki::NullType> > > > >, Loki::Typelist<Loki::Int2Type<2309u>, Loki::Typelist<Loki::Typelist<Loki::Int2Type<2568u>, Loki::Typelist<Loki::Int2Type<2632u>, Loki::NullType> >, Loki::Typelist<Loki::Typelist<Loki::Int2Type<2824u>, Loki::Typelist<Loki::Int2Type<2888u>, Loki::NullType> >, Loki::Typelist<Loki::Typelist<Loki::Int2Type<3585u>, Loki::Typelist<Loki::Int2Type<3073u>, Loki::NullType> >, Loki::Typelist<Loki::Typelist<Loki::Int2Type<4096u>, Loki::Typelist<Loki::Int2Type<4224u>, Loki::Typelist<Loki::Int2Type<4097u>, Loki::Typelist<Loki::Int2Type<4225u>, Loki::NullType> > > >, Loki::Typelist<Loki::Typelist<Loki::Int2Type<4128u>, Loki::Typelist<Loki::Int2Type<4256u>, Loki::Typelist<Loki::Int2Type<4129u>, Loki::Typelist<Loki::Int2Type<4257u>, Loki::NullType> > > >, Loki::Typelist<Loki::Int2Type<6375u>, Loki::Typelist<Loki::Int2Type<16936u>, Loki::Typelist<Loki::Typelist<Loki::Int2Type<19013u>, Loki::Typelist<Loki::Int2Type<25093u>, Loki::NullType> >, Loki::Typelist<Loki::Int2Type<36103u>, Loki::NullType> > > > > > > > > >, Loki::Typelist<Loki::Int2Type<25093u>, Loki::Typelist<Loki::Int2Type<2309u>, Loki::Typelist<Loki::Int2Type<19013u>, Loki::Typelist<Loki::Int2Type<3585u>, Loki::Typelist<Loki::Int2Type<16936u>, Loki::Typelist<Loki::Int2Type<36103u>, Loki::Typelist<Loki::Int2Type<2568u>, Loki::Typelist<Loki::Int2Type<2824u>, Loki::Typelist<Loki::Int2Type<6375u>, Loki::Typelist<Loki::Int2Type<4096u>, Loki::Typelist<Loki::Int2Type<4224u>, Loki::Typelist<Loki::Int2Type<4128u>, Loki::Typelist<Loki::Int2Type<4256u>, Loki::Typelist<Loki::Int2Type<4097u>, Loki::Typelist<Loki::Int2Type<4225u>, Loki::Typelist<Loki::Int2Type<4129u>, Loki::Typelist<Loki::Int2Type<4257u>, Loki::Typelist<Loki::Int2Type<3073u>, Loki::NullType> > > > > > > > > > > > > > > > > >, 100l, 75l>, canDat>::animadversio())>(void*)
 .text._ZN6srutil8DelegateIFvvEE13function_stubIXadL_Z25clubSendNextPageInterruptvEEEEvPv
                0x00000ad4       0x6a ./main.o
                0x00000ad4                void srutil::Delegate<void ()>::function_stub<&(clubSendNextPageInterrupt())>(void*)
 .text._ZN6srutil8DelegateIFvvEE11method_stubI9EmulationXadL_ZNS4_9makeAStepEvEEEEvPv
                0x00000b3e       0x78 ./main.o
                0x00000b3e                void srutil::Delegate<void ()>::method_stub<Emulation, &(Emulation::makeAStep())>(void*)
 .text._ZN6srutil8DelegateIFvjEE13function_stubIXadL_Z16clubSendNextPagejEEEEvPvj
                0x00000bb6       0x5a ./main.o
                0x00000bb6                void srutil::Delegate<void (unsigned int)>::function_stub<&(clubSendNextPage(unsigned int))>(void*, unsigned int)
 .text._ZN6srutil8DelegateIFvjEE13function_stubIXadL_Z13eCardWatchDogjEEEEvPvj
                0x00000c10       0x78 ./main.o
                0x00000c10                void srutil::Delegate<void (unsigned int)>::function_stub<&(eCardWatchDog(unsigned int))>(void*, unsigned int)
 .text._ZN6srutil8DelegateIFvjEE11method_stubI9EmulationXadL_ZNS4_8watchDogEjEEEEvPvj
                0x00000c88       0x9a ./main.o
                0x00000c88                void srutil::Delegate<void (unsigned int)>::method_stub<Emulation, &(Emulation::watchDog(unsigned int))>(void*, unsigned int)
 .text._ZN6srutil8DelegateIFvjEE11method_stubI3KptI5ClockI5AlarmI13BitfieldDummyI14TimerControl16EXadL_ZN8Register13timer3ControlEEEXadL_ZNSA_13timer3CounterEEEXadL_ZNSA_14timer3CompareAEEEXadL_ZNSA_19timer3InterruptMaskEEEXadL_ZNSA_19timer3InterruptFlagEEEXadL_Z20TIMER3_COMPA_handlerEELm1000EEmELZ5clockE9SchedulerISC_LZ5clockELh8EjELZ9schedulerEEXadL_ZNSF_8watchDogEjEEEEvPvj
                0x00000d22       0xac ./main.o
                0x00000d22                void srutil::Delegate<void (unsigned int)>::method_stub<Kpt<Clock<Alarm<BitfieldDummy<TimerControl16>, &(Register::timer3Control), &(Register::timer3Counter), &(Register::timer3CompareA), &(Register::timer3InterruptMask), &(Register::timer3InterruptFlag), &TIMER3_COMPA_handler, 1000ul>, unsigned long>, clock, Scheduler<Clock<Alarm<BitfieldDummy<TimerControl16>, &(Register::timer3Control), &(Register::timer3Counter), &(Register::timer3CompareA), &(Register::timer3InterruptMask), &(Register::timer3InterruptFlag), &TIMER3_COMPA_handler, 1000ul>, unsigned long>, clock, (unsigned char)8, unsigned int>, scheduler>, &(Kpt<Clock<Alarm<BitfieldDummy<TimerControl16>, &(Register::timer3Control), &(Register::timer3Counter), &(Register::timer3CompareA), &(Register::timer3InterruptMask), &(Register::timer3InterruptFlag), &TIMER3_COMPA_handler, 1000ul>, unsigned long>, clock, Scheduler<Clock<Alarm<BitfieldDummy<TimerControl16>, &(Register::timer3Control), &(Register::timer3Counter), &(Register::timer3CompareA), &(Register::timer3InterruptMask), &(Register::timer3InterruptFlag), &TIMER3_COMPA_handler, 1000ul>, unsigned long>, clock, (unsigned char)8, unsigned int>, scheduler>::watchDog(unsigned int))>(void*, unsigned int)
                0x00000d22                void srutil::Delegate<void (unsigned int)>::method_stub<Kpt<Clock<Alarm<BitfieldDummy<TimerControl16>, &(Register::timer3Control), &(Register::timer3Counter), &(Register::timer3CompareA), &(Register::timer3InterruptMask), &(Register::timer3InterruptFlag), &TIMER3_COMPA_handler, 1000ul>, unsigned long>, clock, Scheduler<Clock<Alarm<BitfieldDummy<TimerControl16>, &(Register::timer3Control), &(Register::timer3Counter), &(Register::timer3CompareA), &(Register::timer3InterruptMask), &(Register::timer3InterruptFlag), &TIMER3_COMPA_handler, 1000ul>, unsigned long>, clock, (unsigned char)8, unsigned int>, scheduler>, &(Kpt<Clock<Alarm<BitfieldDummy<TimerControl16>, &(Register::timer3Control), &(Register::timer3Counter), &(Register::timer3CompareA), &(Register::timer3InterruptMask), &(Register::timer3InterruptFlag), &TIMER3_COMPA_handler, 1000ul>, unsigned long>, clock, Scheduler<Clock<Alarm<BitfieldDummy<TimerControl16>, &(Register::timer3Control), &(Register::timer3Counter), &(Register::timer3CompareA), &(Register::timer3InterruptMask), &(Register::timer3InterruptFlag), &TIMER3_COMPA_handler, 1000ul>, unsigned long>, clock, (unsigned char)8, unsigned int>, scheduler>::watchDog(unsigned int))>(void*, unsigned int)
 .text._ZN6srutil8DelegateIFvjEE13function_stubIXadL_Z19dispatcherSizeResetjEEEEvPvj
                0x00000dce       0x6a ./main.o
                0x00000dce                void srutil::Delegate<void (unsigned int)>::function_stub<&(dispatcherSizeReset(unsigned int))>(void*, unsigned int)
 .text._ZN6srutil8DelegateIFvjEE13function_stubIXadL_Z8kptRiseAjEEEEvPvj
                0x00000e38      0x132 ./main.o
                0x00000e38                void srutil::Delegate<void (unsigned int)>::function_stub<&(kptRiseA(unsigned int))>(void*, unsigned int)
 .text._ZN6srutil8DelegateIFvjEE13function_stubIXadL_Z8kptRiseBjEEEEvPvj
                0x00000f6a      0x132 ./main.o
                0x00000f6a                void srutil::Delegate<void (unsigned int)>::function_stub<&(kptRiseB(unsigned int))>(void*, unsigned int)
 .text._ZN6srutil8DelegateIFvjEE13function_stubIXadL_Z12kptRiseTimeAjEEEEvPvj
                0x0000109c      0x142 ./main.o
                0x0000109c                void srutil::Delegate<void (unsigned int)>::function_stub<&(kptRiseTimeA(unsigned int))>(void*, unsigned int)
 .text._ZN6srutil8DelegateIFvjEE13function_stubIXadL_Z12kptRiseTimeBjEEEEvPvj
                0x000011de      0x142 ./main.o
                0x000011de                void srutil::Delegate<void (unsigned int)>::function_stub<&(kptRiseTimeB(unsigned int))>(void*, unsigned int)
 .text.__vector_1
                0x00001320       0x5e ./main.o
                0x00001320                __vector_1
 .text.__vector_2
                0x0000137e       0x5e ./main.o
                0x0000137e                __vector_2
 .text.__vector_3
                0x000013dc       0x5e ./main.o
                0x000013dc                __vector_3
 .text.__vector_4
                0x0000143a       0x5e ./main.o
                0x0000143a                __vector_4
 .text.__vector_5
                0x00001498       0x5e ./main.o
                0x00001498                __vector_5
 .text.__vector_6
                0x000014f6       0x5e ./main.o
                0x000014f6                __vector_6
 .text.__vector_7
                0x00001554       0x5e ./main.o
                0x00001554                __vector_7
 .text.__vector_8
                0x000015b2       0x5e ./main.o
                0x000015b2                __vector_8
 .text.__vector_9
                0x00001610       0x5e ./main.o
                0x00001610                __vector_9
 .text.__vector_10
                0x0000166e       0x5e ./main.o
                0x0000166e                __vector_10
 .text.__vector_11
                0x000016cc       0x5e ./main.o
                0x000016cc                __vector_11
 .text.__vector_12
                0x0000172a       0x5e ./main.o
                0x0000172a                __vector_12
 .text.__vector_13
                0x00001788       0x5e ./main.o
                0x00001788                __vector_13
 .text.__vector_14
                0x000017e6       0x5e ./main.o
                0x000017e6                __vector_14
 .text.__vector_15
                0x00001844       0x5e ./main.o
                0x00001844                __vector_15
 .text.__vector_16
                0x000018a2       0x5e ./main.o
                0x000018a2                __vector_16
 .text.__vector_17
                0x00001900       0x5e ./main.o
                0x00001900                __vector_17
 .text.__vector_18
                0x0000195e       0x5e ./main.o
                0x0000195e                __vector_18
 .text.__vector_19
                0x000019bc       0x5e ./main.o
                0x000019bc                __vector_19
 .text.__vector_20
                0x00001a1a       0x5e ./main.o
                0x00001a1a                __vector_20
 .text.__vector_21
                0x00001a78       0x5e ./main.o
                0x00001a78                __vector_21
 .text.__vector_22
                0x00001ad6       0x5e ./main.o
                0x00001ad6                __vector_22
 .text.__vector_23
                0x00001b34       0x5e ./main.o
                0x00001b34                __vector_23
 .text.__vector_24
                0x00001b92       0x5e ./main.o
                0x00001b92                __vector_24
 .text.__vector_25
                0x00001bf0       0x5e ./main.o
                0x00001bf0                __vector_25
 .text.__vector_26
                0x00001c4e       0x5e ./main.o
                0x00001c4e                __vector_26
 .text.__vector_27
                0x00001cac       0x5e ./main.o
                0x00001cac                __vector_27
 .text.__vector_28
                0x00001d0a       0x5e ./main.o
                0x00001d0a                __vector_28
 .text.__vector_29
                0x00001d68       0x5e ./main.o
                0x00001d68                __vector_29
 .text.__vector_30
                0x00001dc6       0x5e ./main.o
                0x00001dc6                __vector_30
 .text.__vector_31
                0x00001e24       0x5e ./main.o
                0x00001e24                __vector_31
 .text.__vector_32
                0x00001e82       0x5e ./main.o
                0x00001e82                __vector_32
 .text.__vector_33
                0x00001ee0       0x5e ./main.o
                0x00001ee0                __vector_33
 .text.__vector_34
                0x00001f3e       0x5e ./main.o
                0x00001f3e                __vector_34
 .text.__vector_35
                0x00001f9c       0x5e ./main.o
                0x00001f9c                __vector_35
 .text.__vector_36
                0x00001ffa       0x5e ./main.o
                0x00001ffa                __vector_36
 .text._ZN11Programming10memAreaSetEv
                0x00002058       0x40 ./main.o
                0x00002058                Programming::memAreaSet()
 .text._Z10canDataGetj
                0x00002098      0x126 ./main.o
                0x00002098                canDataGet(unsigned int)
 .text._ZN6srutil8DelegateIFvjEE13function_stubIXadL_Z10canDataGetjEEEEvPvj
                0x000021be        0x8 ./main.o
                0x000021be                void srutil::Delegate<void (unsigned int)>::function_stub<&(canDataGet(unsigned int))>(void*, unsigned int)
 .text._Z11canDataSendj
                0x000021c6       0xc2 ./main.o
                0x000021c6                canDataSend(unsigned int)
 .text._ZN6srutil8DelegateIFvjEE13function_stubIXadL_Z11canDataSendjEEEEvPvj
                0x00002288        0x8 ./main.o
                0x00002288                void srutil::Delegate<void (unsigned int)>::function_stub<&(canDataSend(unsigned int))>(void*, unsigned int)
 .text._Z14sysDiagnosticsj
                0x00002290      0x23c ./main.o
                0x00002290                sysDiagnostics(unsigned int)
 .text._ZN6srutil8DelegateIFvjEE13function_stubIXadL_Z14sysDiagnosticsjEEEEvPvj
                0x000024cc        0x8 ./main.o
                0x000024cc                void srutil::Delegate<void (unsigned int)>::function_stub<&(sysDiagnostics(unsigned int))>(void*, unsigned int)
 .text._Z6sysKeyj
                0x000024d4      0x24c ./main.o
                0x000024d4                sysKey(unsigned int)
 .text._ZN6srutil8DelegateIFvjEE13function_stubIXadL_Z6sysKeyjEEEEvPvj
                0x00002720        0x8 ./main.o
                0x00002720                void srutil::Delegate<void (unsigned int)>::function_stub<&(sysKey(unsigned int))>(void*, unsigned int)
 .text._Z8bandDiamPKhS0_
                0x00002728       0x6c ./main.o
                0x00002728                bandDiam(unsigned char const*, unsigned char const*)
 .text._Z11eCardParserj
                0x00002794       0xfc ./main.o
                0x00002794                eCardParser(unsigned int)
 .text._ZN6srutil8DelegateIFvjEE13function_stubIXadL_Z11eCardParserjEEEEvPvj
                0x00002890        0x8 ./main.o
                0x00002890                void srutil::Delegate<void (unsigned int)>::function_stub<&(eCardParser(unsigned int))>(void*, unsigned int)
 .text._Z8mcoStatej
                0x00002898      0x10a ./main.o
                0x00002898                mcoState(unsigned int)
 .text._ZN6srutil8DelegateIFvjEE13function_stubIXadL_Z9mcoStateAjEEEEvPvj
                0x000029a2        0xc ./main.o
                0x000029a2                void srutil::Delegate<void (unsigned int)>::function_stub<&(mcoStateA(unsigned int))>(void*, unsigned int)
 .text._ZN6srutil8DelegateIFvjEE13function_stubIXadL_Z9mcoStateBjEEEEvPvj
                0x000029ae        0xc ./main.o
                0x000029ae                void srutil::Delegate<void (unsigned int)>::function_stub<&(mcoStateB(unsigned int))>(void*, unsigned int)
 .text._Z13commandParserv
                0x000029ba      0x366 ./main.o
                0x000029ba                commandParser()
 .text._ZN6srutil8DelegateIFvvEE13function_stubIXadL_Z13commandParservEEEEvPv
                0x00002d20        0x6 ./main.o
                0x00002d20                void srutil::Delegate<void ()>::function_stub<&(commandParser())>(void*)
 .text.startup.main
                0x00002d26      0x4f4 ./main.o
                0x00002d26                main
 .text._ZN7ProgSpi13ProgSpiSimpleIXadL_ZN8Register16spiStatusControlEEEXadL_ZNS1_7spiDataEEEXadL_ZNS1_5portBEEELh0ELh1ELh2ELh3EXadL_ZNS1_5portBEEELh4EE5writeILNS_7MemTypeE0EEEvj
                0x0000321a      0x14a ./main.o
                0x0000321a                void ProgSpi::ProgSpiSimple<&(Register::spiStatusControl), &(Register::spiData), &(Register::portB), (unsigned char)0, (unsigned char)1, (unsigned char)2, (unsigned char)3, &(Register::portB), (unsigned char)4>::write<(ProgSpi::MemType)0>(unsigned int)
 .text._ZN7ProgSpi13ProgSpiSimpleIXadL_ZN8Register16spiStatusControlEEEXadL_ZNS1_7spiDataEEEXadL_ZNS1_5portBEEELh0ELh1ELh2ELh3EXadL_ZNS1_5portBEEELh4EE5writeILNS_7MemTypeE1EEEvj
                0x00003364       0xe6 ./main.o
                0x00003364                void ProgSpi::ProgSpiSimple<&(Register::spiStatusControl), &(Register::spiData), &(Register::portB), (unsigned char)0, (unsigned char)1, (unsigned char)2, (unsigned char)3, &(Register::portB), (unsigned char)4>::write<(ProgSpi::MemType)1>(unsigned int)
 .text._ZN7ProgSpi13ProgSpiSimpleIXadL_ZN8Register16spiStatusControlEEEXadL_ZNS1_7spiDataEEEXadL_ZNS1_5portBEEELh0ELh1ELh2ELh3EXadL_ZNS1_5portBEEELh4EE8readWordILNS_7MemTypeE0EEE7ComplexIjEv
                0x0000344a       0xb6 ./main.o
                0x0000344a                Complex<unsigned int> ProgSpi::ProgSpiSimple<&(Register::spiStatusControl), &(Register::spiData), &(Register::portB), (unsigned char)0, (unsigned char)1, (unsigned char)2, (unsigned char)3, &(Register::portB), (unsigned char)4>::readWord<(ProgSpi::MemType)0>()
 .text._ZN7ProgSpi13ProgSpiSimpleIXadL_ZN8Register16spiStatusControlEEEXadL_ZNS1_7spiDataEEEXadL_ZNS1_5portBEEELh0ELh1ELh2ELh3EXadL_ZNS1_5portBEEELh4EE8readWordILNS_7MemTypeE1EEE7ComplexIjEv
                0x00003500       0x6a ./main.o
                0x00003500                Complex<unsigned int> ProgSpi::ProgSpiSimple<&(Register::spiStatusControl), &(Register::spiData), &(Register::portB), (unsigned char)0, (unsigned char)1, (unsigned char)2, (unsigned char)3, &(Register::portB), (unsigned char)4>::readWord<(ProgSpi::MemType)1>()
 .text._ZN11Programming9comParserEv
                0x0000356a      0x48a ./main.o
                0x0000356a                Programming::comParser()
 .text._ZN6srutil8DelegateIFvvEE11method_stubI11ProgrammingXadL_ZNS4_9comParserEvEEEEvPv
                0x000039f4        0x6 ./main.o
                0x000039f4                void srutil::Delegate<void ()>::method_stub<Programming, &(Programming::comParser())>(void*)
 .text._ZN6CanDatIN4Loki8TypelistINS1_INS0_8Int2TypeILj6280EEENS1_INS2_ILj6792EEENS0_8NullTypeEEEEENS1_INS1_INS2_ILj18024EEENS1_INS2_ILj18056EEES5_EEEENS1_INS2_ILj25575EEENS1_INS2_ILj25544EEENS1_INS1_INS2_ILj50789EEENS1_INS2_ILj50821EEENS1_INS2_ILj38917EEENS1_INS2_ILj39429EEENS1_INS2_ILj25189EEENS1_INS2_ILj39299EEENS1_INS2_ILj39331EEENS1_INS2_ILj39362EEENS1_INS2_ILj39394EEES5_EEEEEEEEEEEEEEEEEES5_EEEEEEEEEENS1_INS2_ILj2309EEENS1_INS1_INS2_ILj2568EEENS1_INS2_ILj2632EEES5_EEEENS1_INS1_INS2_ILj2824EEENS1_INS2_ILj2888EEES5_EEEENS1_INS1_INS2_ILj3585EEENS1_INS2_ILj3073EEES5_EEEENS1_INS1_INS2_ILj4096EEENS1_INS2_ILj4224EEENS1_INS2_ILj4097EEENS1_INS2_ILj4225EEES5_EEEEEEEENS1_INS1_INS2_ILj4128EEENS1_INS2_ILj4256EEENS1_INS2_ILj4129EEENS1_INS2_ILj4257EEES5_EEEEEEEENS1_INS2_ILj6375EEENS1_INS2_ILj16936EEENS1_INS1_INS2_ILj19013EEENS1_INS2_ILj25093EEES5_EEEENS1_INS2_ILj36103EEES5_EEEEEEEEEEEEEEEEEEEENS1_IS1X_NS1_IS11_NS1_IS1W_NS1_IS1A_NS1_IS1V_NS1_IS20_NS1_IS12_NS1_IS16_NS1_IS1U_NS1_IS1E_NS1_IS1F_NS1_IS1M_NS1_IS1N_NS1_IS1G_NS1_IS1H_NS1_IS1O_NS1_IS1P_S1C_EEEEEEEEEEEEEEEEEEEEEEEEEEEEEEEEEELl100ELl75EEC1Ev
                0x000039fa      0x3dc ./main.o
                0x000039fa                CanDat<Loki::Typelist<Loki::Typelist<Loki::Int2Type<6280u>, Loki::Typelist<Loki::Int2Type<6792u>, Loki::NullType> >, Loki::Typelist<Loki::Typelist<Loki::Int2Type<18024u>, Loki::Typelist<Loki::Int2Type<18056u>, Loki::NullType> >, Loki::Typelist<Loki::Int2Type<25575u>, Loki::Typelist<Loki::Int2Type<25544u>, Loki::Typelist<Loki::Typelist<Loki::Int2Type<50789u>, Loki::Typelist<Loki::Int2Type<50821u>, Loki::Typelist<Loki::Int2Type<38917u>, Loki::Typelist<Loki::Int2Type<39429u>, Loki::Typelist<Loki::Int2Type<25189u>, Loki::Typelist<Loki::Int2Type<39299u>, Loki::Typelist<Loki::Int2Type<39331u>, Loki::Typelist<Loki::Int2Type<39362u>, Loki::Typelist<Loki::Int2Type<39394u>, Loki::NullType> > > > > > > > >, Loki::NullType> > > > >, Loki::Typelist<Loki::Int2Type<2309u>, Loki::Typelist<Loki::Typelist<Loki::Int2Type<2568u>, Loki::Typelist<Loki::Int2Type<2632u>, Loki::NullType> >, Loki::Typelist<Loki::Typelist<Loki::Int2Type<2824u>, Loki::Typelist<Loki::Int2Type<2888u>, Loki::NullType> >, Loki::Typelist<Loki::Typelist<Loki::Int2Type<3585u>, Loki::Typelist<Loki::Int2Type<3073u>, Loki::NullType> >, Loki::Typelist<Loki::Typelist<Loki::Int2Type<4096u>, Loki::Typelist<Loki::Int2Type<4224u>, Loki::Typelist<Loki::Int2Type<4097u>, Loki::Typelist<Loki::Int2Type<4225u>, Loki::NullType> > > >, Loki::Typelist<Loki::Typelist<Loki::Int2Type<4128u>, Loki::Typelist<Loki::Int2Type<4256u>, Loki::Typelist<Loki::Int2Type<4129u>, Loki::Typelist<Loki::Int2Type<4257u>, Loki::NullType> > > >, Loki::Typelist<Loki::Int2Type<6375u>, Loki::Typelist<Loki::Int2Type<16936u>, Loki::Typelist<Loki::Typelist<Loki::Int2Type<19013u>, Loki::Typelist<Loki::Int2Type<25093u>, Loki::NullType> >, Loki::Typelist<Loki::Int2Type<36103u>, Loki::NullType> > > > > > > > > >, Loki::Typelist<Loki::Int2Type<25093u>, Loki::Typelist<Loki::Int2Type<2309u>, Loki::Typelist<Loki::Int2Type<19013u>, Loki::Typelist<Loki::Int2Type<3585u>, Loki::Typelist<Loki::Int2Type<16936u>, Loki::Typelist<Loki::Int2Type<36103u>, Loki::Typelist<Loki::Int2Type<2568u>, Loki::Typelist<Loki::Int2Type<2824u>, Loki::Typelist<Loki::Int2Type<6375u>, Loki::Typelist<Loki::Int2Type<4096u>, Loki::Typelist<Loki::Int2Type<4224u>, Loki::Typelist<Loki::Int2Type<4128u>, Loki::Typelist<Loki::Int2Type<4256u>, Loki::Typelist<Loki::Int2Type<4097u>, Loki::Typelist<Loki::Int2Type<4225u>, Loki::Typelist<Loki::Int2Type<4129u>, Loki::Typelist<Loki::Int2Type<4257u>, Loki::Typelist<Loki::Int2Type<3073u>, Loki::NullType> > > > > > > > > > > > > > > > > >, 100l, 75l>::CanDat()
 .text._ZN24CeleritasSpatiumDimetiorIXadL_ZN8Register5portCEEELh4ELh5EXadL_ZNS0_5portBEEELh7E6CanDatIN4Loki8TypelistINS3_INS2_8Int2TypeILj6280EEENS3_INS4_ILj6792EEENS2_8NullTypeEEEEENS3_INS3_INS4_ILj18024EEENS3_INS4_ILj18056EEES7_EEEENS3_INS4_ILj25575EEENS3_INS4_ILj25544EEENS3_INS3_INS4_ILj50789EEENS3_INS4_ILj50821EEENS3_INS4_ILj38917EEENS3_INS4_ILj39429EEENS3_INS4_ILj25189EEENS3_INS4_ILj39299EEENS3_INS4_ILj39331EEENS3_INS4_ILj39362EEENS3_INS4_ILj39394EEES7_EEEEEEEEEEEEEEEEEES7_EEEEEEEEEENS3_INS4_ILj2309EEENS3_INS3_INS4_ILj2568EEENS3_INS4_ILj2632EEES7_EEEENS3_INS3_INS4_ILj2824EEENS3_INS4_ILj2888EEES7_EEEENS3_INS3_INS4_ILj3585EEENS3_INS4_ILj3073EEES7_EEEENS3_INS3_INS4_ILj4096EEENS3_INS4_ILj4224EEENS3_INS4_ILj4097EEENS3_INS4_ILj4225EEES7_EEEEEEEENS3_INS3_INS4_ILj4128EEENS3_INS4_ILj4256EEENS3_INS4_ILj4129EEENS3_INS4_ILj4257EEES7_EEEEEEEENS3_INS4_ILj6375EEENS3_INS4_ILj16936EEENS3_INS3_INS4_ILj19013EEENS3_INS4_ILj25093EEES7_EEEENS3_INS4_ILj36103EEES7_EEEEEEEEEEEEEEEEEEEENS3_IS1Z_NS3_IS13_NS3_IS1Y_NS3_IS1C_NS3_IS1X_NS3_IS22_NS3_IS14_NS3_IS18_NS3_IS1W_NS3_IS1G_NS3_IS1H_NS3_IS1O_NS3_IS1P_NS3_IS1I_NS3_IS1J_NS3_IS1Q_NS3_IS1R_S1E_EEEEEEEEEEEEEEEEEEEEEEEEEEEEEEEEEELl100ELl75EELZ6canDatEEC1EMS0_4PortRhR4SafeIjES31_S2Y_S2Y_jj
                0x00003dd6      0x23e ./main.o
                0x00003dd6                CeleritasSpatiumDimetior<&(Register::portC), (unsigned char)4, (unsigned char)5, &(Register::portB), (unsigned char)7, CanDat<Loki::Typelist<Loki::Typelist<Loki::Int2Type<6280u>, Loki::Typelist<Loki::Int2Type<6792u>, Loki::NullType> >, Loki::Typelist<Loki::Typelist<Loki::Int2Type<18024u>, Loki::Typelist<Loki::Int2Type<18056u>, Loki::NullType> >, Loki::Typelist<Loki::Int2Type<25575u>, Loki::Typelist<Loki::Int2Type<25544u>, Loki::Typelist<Loki::Typelist<Loki::Int2Type<50789u>, Loki::Typelist<Loki::Int2Type<50821u>, Loki::Typelist<Loki::Int2Type<38917u>, Loki::Typelist<Loki::Int2Type<39429u>, Loki::Typelist<Loki::Int2Type<25189u>, Loki::Typelist<Loki::Int2Type<39299u>, Loki::Typelist<Loki::Int2Type<39331u>, Loki::Typelist<Loki::Int2Type<39362u>, Loki::Typelist<Loki::Int2Type<39394u>, Loki::NullType> > > > > > > > >, Loki::NullType> > > > >, Loki::Typelist<Loki::Int2Type<2309u>, Loki::Typelist<Loki::Typelist<Loki::Int2Type<2568u>, Loki::Typelist<Loki::Int2Type<2632u>, Loki::NullType> >, Loki::Typelist<Loki::Typelist<Loki::Int2Type<2824u>, Loki::Typelist<Loki::Int2Type<2888u>, Loki::NullType> >, Loki::Typelist<Loki::Typelist<Loki::Int2Type<3585u>, Loki::Typelist<Loki::Int2Type<3073u>, Loki::NullType> >, Loki::Typelist<Loki::Typelist<Loki::Int2Type<4096u>, Loki::Typelist<Loki::Int2Type<4224u>, Loki::Typelist<Loki::Int2Type<4097u>, Loki::Typelist<Loki::Int2Type<4225u>, Loki::NullType> > > >, Loki::Typelist<Loki::Typelist<Loki::Int2Type<4128u>, Loki::Typelist<Loki::Int2Type<4256u>, Loki::Typelist<Loki::Int2Type<4129u>, Loki::Typelist<Loki::Int2Type<4257u>, Loki::NullType> > > >, Loki::Typelist<Loki::Int2Type<6375u>, Loki::Typelist<Loki::Int2Type<16936u>, Loki::Typelist<Loki::Typelist<Loki::Int2Type<19013u>, Loki::Typelist<Loki::Int2Type<25093u>, Loki::NullType> >, Loki::Typelist<Loki::Int2Type<36103u>, Loki::NullType> > > > > > > > > >, Loki::Typelist<Loki::Int2Type<25093u>, Loki::Typelist<Loki::Int2Type<2309u>, Loki::Typelist<Loki::Int2Type<19013u>, Loki::Typelist<Loki::Int2Type<3585u>, Loki::Typelist<Loki::Int2Type<16936u>, Loki::Typelist<Loki::Int2Type<36103u>, Loki::Typelist<Loki::Int2Type<2568u>, Loki::Typelist<Loki::Int2Type<2824u>, Loki::Typelist<Loki::Int2Type<6375u>, Loki::Typelist<Loki::Int2Type<4096u>, Loki::Typelist<Loki::Int2Type<4224u>, Loki::Typelist<Loki::Int2Type<4128u>, Loki::Typelist<Loki::Int2Type<4256u>, Loki::Typelist<Loki::Int2Type<4097u>, Loki::Typelist<Loki::Int2Type<4225u>, Loki::Typelist<Loki::Int2Type<4129u>, Loki::Typelist<Loki::Int2Type<4257u>, Loki::Typelist<Loki::Int2Type<3073u>, Loki::NullType> > > > > > > > > > > > > > > > > >, 100l, 75l>, canDat>::CeleritasSpatiumDimetior(Port Register::*, unsigned char&, Safe<unsigned int>&, Safe<unsigned int>&, unsigned char&, unsigned char&, unsigned int, unsigned int)
                0x00003dd6                CeleritasSpatiumDimetior<&(Register::portC), (unsigned char)4, (unsigned char)5, &(Register::portB), (unsigned char)7, CanDat<Loki::Typelist<Loki::Typelist<Loki::Int2Type<6280u>, Loki::Typelist<Loki::Int2Type<6792u>, Loki::NullType> >, Loki::Typelist<Loki::Typelist<Loki::Int2Type<18024u>, Loki::Typelist<Loki::Int2Type<18056u>, Loki::NullType> >, Loki::Typelist<Loki::Int2Type<25575u>, Loki::Typelist<Loki::Int2Type<25544u>, Loki::Typelist<Loki::Typelist<Loki::Int2Type<50789u>, Loki::Typelist<Loki::Int2Type<50821u>, Loki::Typelist<Loki::Int2Type<38917u>, Loki::Typelist<Loki::Int2Type<39429u>, Loki::Typelist<Loki::Int2Type<25189u>, Loki::Typelist<Loki::Int2Type<39299u>, Loki::Typelist<Loki::Int2Type<39331u>, Loki::Typelist<Loki::Int2Type<39362u>, Loki::Typelist<Loki::Int2Type<39394u>, Loki::NullType> > > > > > > > >, Loki::NullType> > > > >, Loki::Typelist<Loki::Int2Type<2309u>, Loki::Typelist<Loki::Typelist<Loki::Int2Type<2568u>, Loki::Typelist<Loki::Int2Type<2632u>, Loki::NullType> >, Loki::Typelist<Loki::Typelist<Loki::Int2Type<2824u>, Loki::Typelist<Loki::Int2Type<2888u>, Loki::NullType> >, Loki::Typelist<Loki::Typelist<Loki::Int2Type<3585u>, Loki::Typelist<Loki::Int2Type<3073u>, Loki::NullType> >, Loki::Typelist<Loki::Typelist<Loki::Int2Type<4096u>, Loki::Typelist<Loki::Int2Type<4224u>, Loki::Typelist<Loki::Int2Type<4097u>, Loki::Typelist<Loki::Int2Type<4225u>, Loki::NullType> > > >, Loki::Typelist<Loki::Typelist<Loki::Int2Type<4128u>, Loki::Typelist<Loki::Int2Type<4256u>, Loki::Typelist<Loki::Int2Type<4129u>, Loki::Typelist<Loki::Int2Type<4257u>, Loki::NullType> > > >, Loki::Typelist<Loki::Int2Type<6375u>, Loki::Typelist<Loki::Int2Type<16936u>, Loki::Typelist<Loki::Typelist<Loki::Int2Type<19013u>, Loki::Typelist<Loki::Int2Type<25093u>, Loki::NullType> >, Loki::Typelist<Loki::Int2Type<36103u>, Loki::NullType> > > > > > > > > >, Loki::Typelist<Loki::Int2Type<25093u>, Loki::Typelist<Loki::Int2Type<2309u>, Loki::Typelist<Loki::Int2Type<19013u>, Loki::Typelist<Loki::Int2Type<3585u>, Loki::Typelist<Loki::Int2Type<16936u>, Loki::Typelist<Loki::Int2Type<36103u>, Loki::Typelist<Loki::Int2Type<2568u>, Loki::Typelist<Loki::Int2Type<2824u>, Loki::Typelist<Loki::Int2Type<6375u>, Loki::Typelist<Loki::Int2Type<4096u>, Loki::Typelist<Loki::Int2Type<4224u>, Loki::Typelist<Loki::Int2Type<4128u>, Loki::Typelist<Loki::Int2Type<4256u>, Loki::Typelist<Loki::Int2Type<4097u>, Loki::Typelist<Loki::Int2Type<4225u>, Loki::Typelist<Loki::Int2Type<4129u>, Loki::Typelist<Loki::Int2Type<4257u>, Loki::Typelist<Loki::Int2Type<3073u>, Loki::NullType> > > > > > > > > > > > > > > > > >, 100l, 75l>, canDat>::CeleritasSpatiumDimetior(Port Register::*, unsigned char&, Safe<unsigned int>&, Safe<unsigned int>&, unsigned char&, unsigned char&, unsigned int, unsigned int)
 .text._ZN11AlarmAdjustI8BitfieldI15TimerControl8_2EXadL_ZN8Register13timer2ControlEEEXadL_ZNS3_13timer2CounterEEEXadL_ZNS3_13timer2CompareEEEXadL_ZNS3_19timer2InterruptMaskEEEXadL_ZNS3_19timer2InterruptFlagEEEXadL_Z19TIMER2_COMP_handlerEEE9setPeriodERKm
                0x00004014      0x220 ./main.o
                0x00004014                AlarmAdjust<Bitfield<TimerControl8_2>, &(Register::timer2Control), &(Register::timer2Counter), &(Register::timer2Compare), &(Register::timer2InterruptMask), &(Register::timer2InterruptFlag), &TIMER2_COMP_handler>::setPeriod(unsigned long const&)
 .text._ZN6srutil8DelegateIFvvEE11method_stubI9EmulationXadL_ZNS4_11getVelocityEvEEEEvPv
                0x00004234       0xea ./main.o
                0x00004234                void srutil::Delegate<void ()>::method_stub<Emulation, &(Emulation::getVelocity())>(void*)
 .text._Z41__static_initialization_and_destruction_0ii.constprop.146
                0x0000431e      0x5e0 ./main.o
 .text._ZN4Saut3ComIXadL_ZN8Register13usart1ControlEEEXadL_ZNS1_14usart1BaudRateEEEXadL_ZNS1_10usart1DataEEEXadL_ZNS1_5portDEEELh2EXadL_ZNS1_5portDEEELh3EXadL_ZNS1_5portDEEELh4EXadL_ZNS1_5portBEEELh7ELh1ENS_3DatIN4Loki8TypelistINS3_8Int2TypeILj12EEENS4_INS5_ILj13EEENS4_INS5_ILj14EEENS4_INS5_ILj15EEENS4_INS5_ILj84EEENS4_INS5_ILj85EEENS4_INS5_ILj104EEENS4_INS5_ILj107EEENS3_8NullTypeEEEEEEEEEEEEEEEEENS4_INS5_ILj8EEENS4_INS5_ILj9EEENS4_INS5_ILj10EEENS4_INS5_ILj11EEENS4_INS5_ILj80EEENS4_INS5_ILj81EEENS4_INS5_ILj82EEENS4_INS5_ILj83EEESE_EEEEEEEEEEEEEEEENS4_IS6_NS4_ISA_NS4_ISB_SF_EEEEEEEELZ4dataEE9rxHandlerEv
                0x000048fe      0x38a ./main.o
                0x000048fe                Saut::Com<&(Register::usart1Control), &(Register::usart1BaudRate), &(Register::usart1Data), &(Register::portD), (unsigned char)2, &(Register::portD), (unsigned char)3, &(Register::portD), (unsigned char)4, &(Register::portB), (unsigned char)7, (unsigned char)1, Saut::Dat<Loki::Typelist<Loki::Int2Type<12u>, Loki::Typelist<Loki::Int2Type<13u>, Loki::Typelist<Loki::Int2Type<14u>, Loki::Typelist<Loki::Int2Type<15u>, Loki::Typelist<Loki::Int2Type<84u>, Loki::Typelist<Loki::Int2Type<85u>, Loki::Typelist<Loki::Int2Type<104u>, Loki::Typelist<Loki::Int2Type<107u>, Loki::NullType> > > > > > > >, Loki::Typelist<Loki::Int2Type<8u>, Loki::Typelist<Loki::Int2Type<9u>, Loki::Typelist<Loki::Int2Type<10u>, Loki::Typelist<Loki::Int2Type<11u>, Loki::Typelist<Loki::Int2Type<80u>, Loki::Typelist<Loki::Int2Type<81u>, Loki::Typelist<Loki::Int2Type<82u>, Loki::Typelist<Loki::Int2Type<83u>, Loki::NullType> > > > > > > >, Loki::Typelist<Loki::Int2Type<12u>, Loki::Typelist<Loki::Int2Type<84u>, Loki::Typelist<Loki::Int2Type<85u>, Loki::Typelist<Loki::Int2Type<107u>, Loki::NullType> > > > >, data>::rxHandler()
                0x000048fe                Saut::Com<&(Register::usart1Control), &(Register::usart1BaudRate), &(Register::usart1Data), &(Register::portD), (unsigned char)2, &(Register::portD), (unsigned char)3, &(Register::portD), (unsigned char)4, &(Register::portB), (unsigned char)7, (unsigned char)1, Saut::Dat<Loki::Typelist<Loki::Int2Type<12u>, Loki::Typelist<Loki::Int2Type<13u>, Loki::Typelist<Loki::Int2Type<14u>, Loki::Typelist<Loki::Int2Type<15u>, Loki::Typelist<Loki::Int2Type<84u>, Loki::Typelist<Loki::Int2Type<85u>, Loki::Typelist<Loki::Int2Type<104u>, Loki::Typelist<Loki::Int2Type<107u>, Loki::NullType> > > > > > > >, Loki::Typelist<Loki::Int2Type<8u>, Loki::Typelist<Loki::Int2Type<9u>, Loki::Typelist<Loki::Int2Type<10u>, Loki::Typelist<Loki::Int2Type<11u>, Loki::Typelist<Loki::Int2Type<80u>, Loki::Typelist<Loki::Int2Type<81u>, Loki::Typelist<Loki::Int2Type<82u>, Loki::Typelist<Loki::Int2Type<83u>, Loki::NullType> > > > > > > >, Loki::Typelist<Loki::Int2Type<12u>, Loki::Typelist<Loki::Int2Type<84u>, Loki::Typelist<Loki::Int2Type<85u>, Loki::Typelist<Loki::Int2Type<107u>, Loki::NullType> > > > >, data>::rxHandler()
 .text._ZN6srutil8DelegateIFvvEE11method_stubIN4Saut3ComIXadL_ZN8Register13usart1ControlEEEXadL_ZNS6_14usart1BaudRateEEEXadL_ZNS6_10usart1DataEEEXadL_ZNS6_5portDEEELh2EXadL_ZNS6_5portDEEELh3EXadL_ZNS6_5portDEEELh4EXadL_ZNS6_5portBEEELh7ELh1ENS4_3DatIN4Loki8TypelistINS8_8Int2TypeILj12EEENS9_INSA_ILj13EEENS9_INSA_ILj14EEENS9_INSA_ILj15EEENS9_INSA_ILj84EEENS9_INSA_ILj85EEENS9_INSA_ILj104EEENS9_INSA_ILj107EEENS8_8NullTypeEEEEEEEEEEEEEEEEENS9_INSA_ILj8EEENS9_INSA_ILj9EEENS9_INSA_ILj10EEENS9_INSA_ILj11EEENS9_INSA_ILj80EEENS9_INSA_ILj81EEENS9_INSA_ILj82EEENS9_INSA_ILj83EEESJ_EEEEEEEEEEEEEEEENS9_ISB_NS9_ISF_NS9_ISG_SK_EEEEEEEELZ4dataEEEXadL_ZNS1C_9rxHandlerEvEEEEvPv
                0x00004c88        0x6 ./main.o
                0x00004c88                void srutil::Delegate<void ()>::method_stub<Saut::Com<&(Register::usart1Control), &(Register::usart1BaudRate), &(Register::usart1Data), &(Register::portD), (unsigned char)2, &(Register::portD), (unsigned char)3, &(Register::portD), (unsigned char)4, &(Register::portB), (unsigned char)7, (unsigned char)1, Saut::Dat<Loki::Typelist<Loki::Int2Type<12u>, Loki::Typelist<Loki::Int2Type<13u>, Loki::Typelist<Loki::Int2Type<14u>, Loki::Typelist<Loki::Int2Type<15u>, Loki::Typelist<Loki::Int2Type<84u>, Loki::Typelist<Loki::Int2Type<85u>, Loki::Typelist<Loki::Int2Type<104u>, Loki::Typelist<Loki::Int2Type<107u>, Loki::NullType> > > > > > > >, Loki::Typelist<Loki::Int2Type<8u>, Loki::Typelist<Loki::Int2Type<9u>, Loki::Typelist<Loki::Int2Type<10u>, Loki::Typelist<Loki::Int2Type<11u>, Loki::Typelist<Loki::Int2Type<80u>, Loki::Typelist<Loki::Int2Type<81u>, Loki::Typelist<Loki::Int2Type<82u>, Loki::Typelist<Loki::Int2Type<83u>, Loki::NullType> > > > > > > >, Loki::Typelist<Loki::Int2Type<12u>, Loki::Typelist<Loki::Int2Type<84u>, Loki::Typelist<Loki::Int2Type<85u>, Loki::Typelist<Loki::Int2Type<107u>, Loki::NullType> > > > >, data>, &(Saut::Com<&(Register::usart1Control), &(Register::usart1BaudRate), &(Register::usart1Data), &(Register::portD), (unsigned char)2, &(Register::portD), (unsigned char)3, &(Register::portD), (unsigned char)4, &(Register::portB), (unsigned char)7, (unsigned char)1, Saut::Dat<Loki::Typelist<Loki::Int2Type<12u>, Loki::Typelist<Loki::Int2Type<13u>, Loki::Typelist<Loki::Int2Type<14u>, Loki::Typelist<Loki::Int2Type<15u>, Loki::Typelist<Loki::Int2Type<84u>, Loki::Typelist<Loki::Int2Type<85u>, Loki::Typelist<Loki::Int2Type<104u>, Loki::Typelist<Loki::Int2Type<107u>, Loki::NullType> > > > > > > >, Loki::Typelist<Loki::Int2Type<8u>, Loki::Typelist<Loki::Int2Type<9u>, Loki::Typelist<Loki::Int2Type<10u>, Loki::Typelist<Loki::Int2Type<11u>, Loki::Typelist<Loki::Int2Type<80u>, Loki::Typelist<Loki::Int2Type<81u>, Loki::Typelist<Loki::Int2Type<82u>, Loki::Typelist<Loki::Int2Type<83u>, Loki::NullType> > > > > > > >, Loki::Typelist<Loki::Int2Type<12u>, Loki::Typelist<Loki::Int2Type<84u>, Loki::Typelist<Loki::Int2Type<85u>, Loki::Typelist<Loki::Int2Type<107u>, Loki::NullType> > > > >, data>::rxHandler())>(void*)
                0x00004c88                void srutil::Delegate<void ()>::method_stub<Saut::Com<&(Register::usart1Control), &(Register::usart1BaudRate), &(Register::usart1Data), &(Register::portD), (unsigned char)2, &(Register::portD), (unsigned char)3, &(Register::portD), (unsigned char)4, &(Register::portB), (unsigned char)7, (unsigned char)1, Saut::Dat<Loki::Typelist<Loki::Int2Type<12u>, Loki::Typelist<Loki::Int2Type<13u>, Loki::Typelist<Loki::Int2Type<14u>, Loki::Typelist<Loki::Int2Type<15u>, Loki::Typelist<Loki::Int2Type<84u>, Loki::Typelist<Loki::Int2Type<85u>, Loki::Typelist<Loki::Int2Type<104u>, Loki::Typelist<Loki::Int2Type<107u>, Loki::NullType> > > > > > > >, Loki::Typelist<Loki::Int2Type<8u>, Loki::Typelist<Loki::Int2Type<9u>, Loki::Typelist<Loki::Int2Type<10u>, Loki::Typelist<Loki::Int2Type<11u>, Loki::Typelist<Loki::Int2Type<80u>, Loki::Typelist<Loki::Int2Type<81u>, Loki::Typelist<Loki::Int2Type<82u>, Loki::Typelist<Loki::Int2Type<83u>, Loki::NullType> > > > > > > >, Loki::Typelist<Loki::Int2Type<12u>, Loki::Typelist<Loki::Int2Type<84u>, Loki::Typelist<Loki::Int2Type<85u>, Loki::Typelist<Loki::Int2Type<107u>, Loki::NullType> > > > >, data>, &(Saut::Com<&(Register::usart1Control), &(Register::usart1BaudRate), &(Register::usart1Data), &(Register::portD), (unsigned char)2, &(Register::portD), (unsigned char)3, &(Register::portD), (unsigned char)4, &(Register::portB), (unsigned char)7, (unsigned char)1, Saut::Dat<Loki::Typelist<Loki::Int2Type<12u>, Loki::Typelist<Loki::Int2Type<13u>, Loki::Typelist<Loki::Int2Type<14u>, Loki::Typelist<Loki::Int2Type<15u>, Loki::Typelist<Loki::Int2Type<84u>, Loki::Typelist<Loki::Int2Type<85u>, Loki::Typelist<Loki::Int2Type<104u>, Loki::Typelist<Loki::Int2Type<107u>, Loki::NullType> > > > > > > >, Loki::Typelist<Loki::Int2Type<8u>, Loki::Typelist<Loki::Int2Type<9u>, Loki::Typelist<Loki::Int2Type<10u>, Loki::Typelist<Loki::Int2Type<11u>, Loki::Typelist<Loki::Int2Type<80u>, Loki::Typelist<Loki::Int2Type<81u>, Loki::Typelist<Loki::Int2Type<82u>, Loki::Typelist<Loki::Int2Type<83u>, Loki::NullType> > > > > > > >, Loki::Typelist<Loki::Int2Type<12u>, Loki::Typelist<Loki::Int2Type<84u>, Loki::Typelist<Loki::Int2Type<85u>, Loki::Typelist<Loki::Int2Type<107u>, Loki::NullType> > > > >, data>::rxHandler())>(void*)
 .text._ZN24CeleritasSpatiumDimetiorIXadL_ZN8Register5portCEEELh4ELh5EXadL_ZNS0_5portBEEELh7E6CanDatIN4Loki8TypelistINS3_INS2_8Int2TypeILj6280EEENS3_INS4_ILj6792EEENS2_8NullTypeEEEEENS3_INS3_INS4_ILj18024EEENS3_INS4_ILj18056EEES7_EEEENS3_INS4_ILj25575EEENS3_INS4_ILj25544EEENS3_INS3_INS4_ILj50789EEENS3_INS4_ILj50821EEENS3_INS4_ILj38917EEENS3_INS4_ILj39429EEENS3_INS4_ILj25189EEENS3_INS4_ILj39299EEENS3_INS4_ILj39331EEENS3_INS4_ILj39362EEENS3_INS4_ILj39394EEES7_EEEEEEEEEEEEEEEEEES7_EEEEEEEEEENS3_INS4_ILj2309EEENS3_INS3_INS4_ILj2568EEENS3_INS4_ILj2632EEES7_EEEENS3_INS3_INS4_ILj2824EEENS3_INS4_ILj2888EEES7_EEEENS3_INS3_INS4_ILj3585EEENS3_INS4_ILj3073EEES7_EEEENS3_INS3_INS4_ILj4096EEENS3_INS4_ILj4224EEENS3_INS4_ILj4097EEENS3_INS4_ILj4225EEES7_EEEEEEEENS3_INS3_INS4_ILj4128EEENS3_INS4_ILj4256EEENS3_INS4_ILj4129EEENS3_INS4_ILj4257EEES7_EEEEEEEENS3_INS4_ILj6375EEENS3_INS4_ILj16936EEENS3_INS3_INS4_ILj19013EEENS3_INS4_ILj25093EEES7_EEEENS3_INS4_ILj36103EEES7_EEEEEEEEEEEEEEEEEEEENS3_IS1Z_NS3_IS13_NS3_IS1Y_NS3_IS1C_NS3_IS1X_NS3_IS22_NS3_IS14_NS3_IS18_NS3_IS1W_NS3_IS1G_NS3_IS1H_NS3_IS1O_NS3_IS1P_NS3_IS1I_NS3_IS1J_NS3_IS1Q_NS3_IS1R_S1E_EEEEEEEEEEEEEEEEEEEEEEEEEEEEEEEEEELl100ELl75EELZ6canDatEE7producoEv
                0x00004c8e      0x820 ./main.o
                0x00004c8e                CeleritasSpatiumDimetior<&(Register::portC), (unsigned char)4, (unsigned char)5, &(Register::portB), (unsigned char)7, CanDat<Loki::Typelist<Loki::Typelist<Loki::Int2Type<6280u>, Loki::Typelist<Loki::Int2Type<6792u>, Loki::NullType> >, Loki::Typelist<Loki::Typelist<Loki::Int2Type<18024u>, Loki::Typelist<Loki::Int2Type<18056u>, Loki::NullType> >, Loki::Typelist<Loki::Int2Type<25575u>, Loki::Typelist<Loki::Int2Type<25544u>, Loki::Typelist<Loki::Typelist<Loki::Int2Type<50789u>, Loki::Typelist<Loki::Int2Type<50821u>, Loki::Typelist<Loki::Int2Type<38917u>, Loki::Typelist<Loki::Int2Type<39429u>, Loki::Typelist<Loki::Int2Type<25189u>, Loki::Typelist<Loki::Int2Type<39299u>, Loki::Typelist<Loki::Int2Type<39331u>, Loki::Typelist<Loki::Int2Type<39362u>, Loki::Typelist<Loki::Int2Type<39394u>, Loki::NullType> > > > > > > > >, Loki::NullType> > > > >, Loki::Typelist<Loki::Int2Type<2309u>, Loki::Typelist<Loki::Typelist<Loki::Int2Type<2568u>, Loki::Typelist<Loki::Int2Type<2632u>, Loki::NullType> >, Loki::Typelist<Loki::Typelist<Loki::Int2Type<2824u>, Loki::Typelist<Loki::Int2Type<2888u>, Loki::NullType> >, Loki::Typelist<Loki::Typelist<Loki::Int2Type<3585u>, Loki::Typelist<Loki::Int2Type<3073u>, Loki::NullType> >, Loki::Typelist<Loki::Typelist<Loki::Int2Type<4096u>, Loki::Typelist<Loki::Int2Type<4224u>, Loki::Typelist<Loki::Int2Type<4097u>, Loki::Typelist<Loki::Int2Type<4225u>, Loki::NullType> > > >, Loki::Typelist<Loki::Typelist<Loki::Int2Type<4128u>, Loki::Typelist<Loki::Int2Type<4256u>, Loki::Typelist<Loki::Int2Type<4129u>, Loki::Typelist<Loki::Int2Type<4257u>, Loki::NullType> > > >, Loki::Typelist<Loki::Int2Type<6375u>, Loki::Typelist<Loki::Int2Type<16936u>, Loki::Typelist<Loki::Typelist<Loki::Int2Type<19013u>, Loki::Typelist<Loki::Int2Type<25093u>, Loki::NullType> >, Loki::Typelist<Loki::Int2Type<36103u>, Loki::NullType> > > > > > > > > >, Loki::Typelist<Loki::Int2Type<25093u>, Loki::Typelist<Loki::Int2Type<2309u>, Loki::Typelist<Loki::Int2Type<19013u>, Loki::Typelist<Loki::Int2Type<3585u>, Loki::Typelist<Loki::Int2Type<16936u>, Loki::Typelist<Loki::Int2Type<36103u>, Loki::Typelist<Loki::Int2Type<2568u>, Loki::Typelist<Loki::Int2Type<2824u>, Loki::Typelist<Loki::Int2Type<6375u>, Loki::Typelist<Loki::Int2Type<4096u>, Loki::Typelist<Loki::Int2Type<4224u>, Loki::Typelist<Loki::Int2Type<4128u>, Loki::Typelist<Loki::Int2Type<4256u>, Loki::Typelist<Loki::Int2Type<4097u>, Loki::Typelist<Loki::Int2Type<4225u>, Loki::Typelist<Loki::Int2Type<4129u>, Loki::Typelist<Loki::Int2Type<4257u>, Loki::Typelist<Loki::Int2Type<3073u>, Loki::NullType> > > > > > > > > > > > > > > > > >, 100l, 75l>, canDat>::produco()
                0x00004c8e                CeleritasSpatiumDimetior<&(Register::portC), (unsigned char)4, (unsigned char)5, &(Register::portB), (unsigned char)7, CanDat<Loki::Typelist<Loki::Typelist<Loki::Int2Type<6280u>, Loki::Typelist<Loki::Int2Type<6792u>, Loki::NullType> >, Loki::Typelist<Loki::Typelist<Loki::Int2Type<18024u>, Loki::Typelist<Loki::Int2Type<18056u>, Loki::NullType> >, Loki::Typelist<Loki::Int2Type<25575u>, Loki::Typelist<Loki::Int2Type<25544u>, Loki::Typelist<Loki::Typelist<Loki::Int2Type<50789u>, Loki::Typelist<Loki::Int2Type<50821u>, Loki::Typelist<Loki::Int2Type<38917u>, Loki::Typelist<Loki::Int2Type<39429u>, Loki::Typelist<Loki::Int2Type<25189u>, Loki::Typelist<Loki::Int2Type<39299u>, Loki::Typelist<Loki::Int2Type<39331u>, Loki::Typelist<Loki::Int2Type<39362u>, Loki::Typelist<Loki::Int2Type<39394u>, Loki::NullType> > > > > > > > >, Loki::NullType> > > > >, Loki::Typelist<Loki::Int2Type<2309u>, Loki::Typelist<Loki::Typelist<Loki::Int2Type<2568u>, Loki::Typelist<Loki::Int2Type<2632u>, Loki::NullType> >, Loki::Typelist<Loki::Typelist<Loki::Int2Type<2824u>, Loki::Typelist<Loki::Int2Type<2888u>, Loki::NullType> >, Loki::Typelist<Loki::Typelist<Loki::Int2Type<3585u>, Loki::Typelist<Loki::Int2Type<3073u>, Loki::NullType> >, Loki::Typelist<Loki::Typelist<Loki::Int2Type<4096u>, Loki::Typelist<Loki::Int2Type<4224u>, Loki::Typelist<Loki::Int2Type<4097u>, Loki::Typelist<Loki::Int2Type<4225u>, Loki::NullType> > > >, Loki::Typelist<Loki::Typelist<Loki::Int2Type<4128u>, Loki::Typelist<Loki::Int2Type<4256u>, Loki::Typelist<Loki::Int2Type<4129u>, Loki::Typelist<Loki::Int2Type<4257u>, Loki::NullType> > > >, Loki::Typelist<Loki::Int2Type<6375u>, Loki::Typelist<Loki::Int2Type<16936u>, Loki::Typelist<Loki::Typelist<Loki::Int2Type<19013u>, Loki::Typelist<Loki::Int2Type<25093u>, Loki::NullType> >, Loki::Typelist<Loki::Int2Type<36103u>, Loki::NullType> > > > > > > > > >, Loki::Typelist<Loki::Int2Type<25093u>, Loki::Typelist<Loki::Int2Type<2309u>, Loki::Typelist<Loki::Int2Type<19013u>, Loki::Typelist<Loki::Int2Type<3585u>, Loki::Typelist<Loki::Int2Type<16936u>, Loki::Typelist<Loki::Int2Type<36103u>, Loki::Typelist<Loki::Int2Type<2568u>, Loki::Typelist<Loki::Int2Type<2824u>, Loki::Typelist<Loki::Int2Type<6375u>, Loki::Typelist<Loki::Int2Type<4096u>, Loki::Typelist<Loki::Int2Type<4224u>, Loki::Typelist<Loki::Int2Type<4128u>, Loki::Typelist<Loki::Int2Type<4256u>, Loki::Typelist<Loki::Int2Type<4097u>, Loki::Typelist<Loki::Int2Type<4225u>, Loki::Typelist<Loki::Int2Type<4129u>, Loki::Typelist<Loki::Int2Type<4257u>, Loki::Typelist<Loki::Int2Type<3073u>, Loki::NullType> > > > > > > > > > > > > > > > > >, 100l, 75l>, canDat>::produco()
 .text._ZN6srutil8DelegateIFvvEE11method_stubI24CeleritasSpatiumDimetiorIXadL_ZN8Register5portCEEELh4ELh5EXadL_ZNS5_5portBEEELh7E6CanDatIN4Loki8TypelistINS8_INS7_8Int2TypeILj6280EEENS8_INS9_ILj6792EEENS7_8NullTypeEEEEENS8_INS8_INS9_ILj18024EEENS8_INS9_ILj18056EEESC_EEEENS8_INS9_ILj25575EEENS8_INS9_ILj25544EEENS8_INS8_INS9_ILj50789EEENS8_INS9_ILj50821EEENS8_INS9_ILj38917EEENS8_INS9_ILj39429EEENS8_INS9_ILj25189EEENS8_INS9_ILj39299EEENS8_INS9_ILj39331EEENS8_INS9_ILj39362EEENS8_INS9_ILj39394EEESC_EEEEEEEEEEEEEEEEEESC_EEEEEEEEEENS8_INS9_ILj2309EEENS8_INS8_INS9_ILj2568EEENS8_INS9_ILj2632EEESC_EEEENS8_INS8_INS9_ILj2824EEENS8_INS9_ILj2888EEESC_EEEENS8_INS8_INS9_ILj3585EEENS8_INS9_ILj3073EEESC_EEEENS8_INS8_INS9_ILj4096EEENS8_INS9_ILj4224EEENS8_INS9_ILj4097EEENS8_INS9_ILj4225EEESC_EEEEEEEENS8_INS8_INS9_ILj4128EEENS8_INS9_ILj4256EEENS8_INS9_ILj4129EEENS8_INS9_ILj4257EEESC_EEEEEEEENS8_INS9_ILj6375EEENS8_INS9_ILj16936EEENS8_INS8_INS9_ILj19013EEENS8_INS9_ILj25093EEESC_EEEENS8_INS9_ILj36103EEESC_EEEEEEEEEEEEEEEEEEEENS8_IS24_NS8_IS18_NS8_IS23_NS8_IS1H_NS8_IS22_NS8_IS27_NS8_IS19_NS8_IS1D_NS8_IS21_NS8_IS1L_NS8_IS1M_NS8_IS1T_NS8_IS1U_NS8_IS1N_NS8_IS1O_NS8_IS1V_NS8_IS1W_S1J_EEEEEEEEEEEEEEEEEEEEEEEEEEEEEEEEEELl100ELl75EELZ6canDatEEXadL_ZNS30_7producoEvEEEEvPv
                0x000054ae        0x6 ./main.o
                0x000054ae                void srutil::Delegate<void ()>::method_stub<CeleritasSpatiumDimetior<&(Register::portC), (unsigned char)4, (unsigned char)5, &(Register::portB), (unsigned char)7, CanDat<Loki::Typelist<Loki::Typelist<Loki::Int2Type<6280u>, Loki::Typelist<Loki::Int2Type<6792u>, Loki::NullType> >, Loki::Typelist<Loki::Typelist<Loki::Int2Type<18024u>, Loki::Typelist<Loki::Int2Type<18056u>, Loki::NullType> >, Loki::Typelist<Loki::Int2Type<25575u>, Loki::Typelist<Loki::Int2Type<25544u>, Loki::Typelist<Loki::Typelist<Loki::Int2Type<50789u>, Loki::Typelist<Loki::Int2Type<50821u>, Loki::Typelist<Loki::Int2Type<38917u>, Loki::Typelist<Loki::Int2Type<39429u>, Loki::Typelist<Loki::Int2Type<25189u>, Loki::Typelist<Loki::Int2Type<39299u>, Loki::Typelist<Loki::Int2Type<39331u>, Loki::Typelist<Loki::Int2Type<39362u>, Loki::Typelist<Loki::Int2Type<39394u>, Loki::NullType> > > > > > > > >, Loki::NullType> > > > >, Loki::Typelist<Loki::Int2Type<2309u>, Loki::Typelist<Loki::Typelist<Loki::Int2Type<2568u>, Loki::Typelist<Loki::Int2Type<2632u>, Loki::NullType> >, Loki::Typelist<Loki::Typelist<Loki::Int2Type<2824u>, Loki::Typelist<Loki::Int2Type<2888u>, Loki::NullType> >, Loki::Typelist<Loki::Typelist<Loki::Int2Type<3585u>, Loki::Typelist<Loki::Int2Type<3073u>, Loki::NullType> >, Loki::Typelist<Loki::Typelist<Loki::Int2Type<4096u>, Loki::Typelist<Loki::Int2Type<4224u>, Loki::Typelist<Loki::Int2Type<4097u>, Loki::Typelist<Loki::Int2Type<4225u>, Loki::NullType> > > >, Loki::Typelist<Loki::Typelist<Loki::Int2Type<4128u>, Loki::Typelist<Loki::Int2Type<4256u>, Loki::Typelist<Loki::Int2Type<4129u>, Loki::Typelist<Loki::Int2Type<4257u>, Loki::NullType> > > >, Loki::Typelist<Loki::Int2Type<6375u>, Loki::Typelist<Loki::Int2Type<16936u>, Loki::Typelist<Loki::Typelist<Loki::Int2Type<19013u>, Loki::Typelist<Loki::Int2Type<25093u>, Loki::NullType> >, Loki::Typelist<Loki::Int2Type<36103u>, Loki::NullType> > > > > > > > > >, Loki::Typelist<Loki::Int2Type<25093u>, Loki::Typelist<Loki::Int2Type<2309u>, Loki::Typelist<Loki::Int2Type<19013u>, Loki::Typelist<Loki::Int2Type<3585u>, Loki::Typelist<Loki::Int2Type<16936u>, Loki::Typelist<Loki::Int2Type<36103u>, Loki::Typelist<Loki::Int2Type<2568u>, Loki::Typelist<Loki::Int2Type<2824u>, Loki::Typelist<Loki::Int2Type<6375u>, Loki::Typelist<Loki::Int2Type<4096u>, Loki::Typelist<Loki::Int2Type<4224u>, Loki::Typelist<Loki::Int2Type<4128u>, Loki::Typelist<Loki::Int2Type<4256u>, Loki::Typelist<Loki::Int2Type<4097u>, Loki::Typelist<Loki::Int2Type<4225u>, Loki::Typelist<Loki::Int2Type<4129u>, Loki::Typelist<Loki::Int2Type<4257u>, Loki::Typelist<Loki::Int2Type<3073u>, Loki::NullType> > > > > > > > > > > > > > > > > >, 100l, 75l>, canDat>, &(CeleritasSpatiumDimetior<&(Register::portC), (unsigned char)4, (unsigned char)5, &(Register::portB), (unsigned char)7, CanDat<Loki::Typelist<Loki::Typelist<Loki::Int2Type<6280u>, Loki::Typelist<Loki::Int2Type<6792u>, Loki::NullType> >, Loki::Typelist<Loki::Typelist<Loki::Int2Type<18024u>, Loki::Typelist<Loki::Int2Type<18056u>, Loki::NullType> >, Loki::Typelist<Loki::Int2Type<25575u>, Loki::Typelist<Loki::Int2Type<25544u>, Loki::Typelist<Loki::Typelist<Loki::Int2Type<50789u>, Loki::Typelist<Loki::Int2Type<50821u>, Loki::Typelist<Loki::Int2Type<38917u>, Loki::Typelist<Loki::Int2Type<39429u>, Loki::Typelist<Loki::Int2Type<25189u>, Loki::Typelist<Loki::Int2Type<39299u>, Loki::Typelist<Loki::Int2Type<39331u>, Loki::Typelist<Loki::Int2Type<39362u>, Loki::Typelist<Loki::Int2Type<39394u>, Loki::NullType> > > > > > > > >, Loki::NullType> > > > >, Loki::Typelist<Loki::Int2Type<2309u>, Loki::Typelist<Loki::Typelist<Loki::Int2Type<2568u>, Loki::Typelist<Loki::Int2Type<2632u>, Loki::NullType> >, Loki::Typelist<Loki::Typelist<Loki::Int2Type<2824u>, Loki::Typelist<Loki::Int2Type<2888u>, Loki::NullType> >, Loki::Typelist<Loki::Typelist<Loki::Int2Type<3585u>, Loki::Typelist<Loki::Int2Type<3073u>, Loki::NullType> >, Loki::Typelist<Loki::Typelist<Loki::Int2Type<4096u>, Loki::Typelist<Loki::Int2Type<4224u>, Loki::Typelist<Loki::Int2Type<4097u>, Loki::Typelist<Loki::Int2Type<4225u>, Loki::NullType> > > >, Loki::Typelist<Loki::Typelist<Loki::Int2Type<4128u>, Loki::Typelist<Loki::Int2Type<4256u>, Loki::Typelist<Loki::Int2Type<4129u>, Loki::Typelist<Loki::Int2Type<4257u>, Loki::NullType> > > >, Loki::Typelist<Loki::Int2Type<6375u>, Loki::Typelist<Loki::Int2Type<16936u>, Loki::Typelist<Loki::Typelist<Loki::Int2Type<19013u>, Loki::Typelist<Loki::Int2Type<25093u>, Loki::NullType> >, Loki::Typelist<Loki::Int2Type<36103u>, Loki::NullType> > > > > > > > > >, Loki::Typelist<Loki::Int2Type<25093u>, Loki::Typelist<Loki::Int2Type<2309u>, Loki::Typelist<Loki::Int2Type<19013u>, Loki::Typelist<Loki::Int2Type<3585u>, Loki::Typelist<Loki::Int2Type<16936u>, Loki::Typelist<Loki::Int2Type<36103u>, Loki::Typelist<Loki::Int2Type<2568u>, Loki::Typelist<Loki::Int2Type<2824u>, Loki::Typelist<Loki::Int2Type<6375u>, Loki::Typelist<Loki::Int2Type<4096u>, Loki::Typelist<Loki::Int2Type<4224u>, Loki::Typelist<Loki::Int2Type<4128u>, Loki::Typelist<Loki::Int2Type<4256u>, Loki::Typelist<Loki::Int2Type<4097u>, Loki::Typelist<Loki::Int2Type<4225u>, Loki::Typelist<Loki::Int2Type<4129u>, Loki::Typelist<Loki::Int2Type<4257u>, Loki::Typelist<Loki::Int2Type<3073u>, Loki::NullType> > > > > > > > > > > > > > > > > >, 100l, 75l>, canDat>::produco())>(void*)
                0x000054ae                void srutil::Delegate<void ()>::method_stub<CeleritasSpatiumDimetior<&(Register::portC), (unsigned char)4, (unsigned char)5, &(Register::portB), (unsigned char)7, CanDat<Loki::Typelist<Loki::Typelist<Loki::Int2Type<6280u>, Loki::Typelist<Loki::Int2Type<6792u>, Loki::NullType> >, Loki::Typelist<Loki::Typelist<Loki::Int2Type<18024u>, Loki::Typelist<Loki::Int2Type<18056u>, Loki::NullType> >, Loki::Typelist<Loki::Int2Type<25575u>, Loki::Typelist<Loki::Int2Type<25544u>, Loki::Typelist<Loki::Typelist<Loki::Int2Type<50789u>, Loki::Typelist<Loki::Int2Type<50821u>, Loki::Typelist<Loki::Int2Type<38917u>, Loki::Typelist<Loki::Int2Type<39429u>, Loki::Typelist<Loki::Int2Type<25189u>, Loki::Typelist<Loki::Int2Type<39299u>, Loki::Typelist<Loki::Int2Type<39331u>, Loki::Typelist<Loki::Int2Type<39362u>, Loki::Typelist<Loki::Int2Type<39394u>, Loki::NullType> > > > > > > > >, Loki::NullType> > > > >, Loki::Typelist<Loki::Int2Type<2309u>, Loki::Typelist<Loki::Typelist<Loki::Int2Type<2568u>, Loki::Typelist<Loki::Int2Type<2632u>, Loki::NullType> >, Loki::Typelist<Loki::Typelist<Loki::Int2Type<2824u>, Loki::Typelist<Loki::Int2Type<2888u>, Loki::NullType> >, Loki::Typelist<Loki::Typelist<Loki::Int2Type<3585u>, Loki::Typelist<Loki::Int2Type<3073u>, Loki::NullType> >, Loki::Typelist<Loki::Typelist<Loki::Int2Type<4096u>, Loki::Typelist<Loki::Int2Type<4224u>, Loki::Typelist<Loki::Int2Type<4097u>, Loki::Typelist<Loki::Int2Type<4225u>, Loki::NullType> > > >, Loki::Typelist<Loki::Typelist<Loki::Int2Type<4128u>, Loki::Typelist<Loki::Int2Type<4256u>, Loki::Typelist<Loki::Int2Type<4129u>, Loki::Typelist<Loki::Int2Type<4257u>, Loki::NullType> > > >, Loki::Typelist<Loki::Int2Type<6375u>, Loki::Typelist<Loki::Int2Type<16936u>, Loki::Typelist<Loki::Typelist<Loki::Int2Type<19013u>, Loki::Typelist<Loki::Int2Type<25093u>, Loki::NullType> >, Loki::Typelist<Loki::Int2Type<36103u>, Loki::NullType> > > > > > > > > >, Loki::Typelist<Loki::Int2Type<25093u>, Loki::Typelist<Loki::Int2Type<2309u>, Loki::Typelist<Loki::Int2Type<19013u>, Loki::Typelist<Loki::Int2Type<3585u>, Loki::Typelist<Loki::Int2Type<16936u>, Loki::Typelist<Loki::Int2Type<36103u>, Loki::Typelist<Loki::Int2Type<2568u>, Loki::Typelist<Loki::Int2Type<2824u>, Loki::Typelist<Loki::Int2Type<6375u>, Loki::Typelist<Loki::Int2Type<4096u>, Loki::Typelist<Loki::Int2Type<4224u>, Loki::Typelist<Loki::Int2Type<4128u>, Loki::Typelist<Loki::Int2Type<4256u>, Loki::Typelist<Loki::Int2Type<4097u>, Loki::Typelist<Loki::Int2Type<4225u>, Loki::Typelist<Loki::Int2Type<4129u>, Loki::Typelist<Loki::Int2Type<4257u>, Loki::Typelist<Loki::Int2Type<3073u>, Loki::NullType> > > > > > > > > > > > > > > > > >, 100l, 75l>, canDat>, &(CeleritasSpatiumDimetior<&(Register::portC), (unsigned char)4, (unsigned char)5, &(Register::portB), (unsigned char)7, CanDat<Loki::Typelist<Loki::Typelist<Loki::Int2Type<6280u>, Loki::Typelist<Loki::Int2Type<6792u>, Loki::NullType> >, Loki::Typelist<Loki::Typelist<Loki::Int2Type<18024u>, Loki::Typelist<Loki::Int2Type<18056u>, Loki::NullType> >, Loki::Typelist<Loki::Int2Type<25575u>, Loki::Typelist<Loki::Int2Type<25544u>, Loki::Typelist<Loki::Typelist<Loki::Int2Type<50789u>, Loki::Typelist<Loki::Int2Type<50821u>, Loki::Typelist<Loki::Int2Type<38917u>, Loki::Typelist<Loki::Int2Type<39429u>, Loki::Typelist<Loki::Int2Type<25189u>, Loki::Typelist<Loki::Int2Type<39299u>, Loki::Typelist<Loki::Int2Type<39331u>, Loki::Typelist<Loki::Int2Type<39362u>, Loki::Typelist<Loki::Int2Type<39394u>, Loki::NullType> > > > > > > > >, Loki::NullType> > > > >, Loki::Typelist<Loki::Int2Type<2309u>, Loki::Typelist<Loki::Typelist<Loki::Int2Type<2568u>, Loki::Typelist<Loki::Int2Type<2632u>, Loki::NullType> >, Loki::Typelist<Loki::Typelist<Loki::Int2Type<2824u>, Loki::Typelist<Loki::Int2Type<2888u>, Loki::NullType> >, Loki::Typelist<Loki::Typelist<Loki::Int2Type<3585u>, Loki::Typelist<Loki::Int2Type<3073u>, Loki::NullType> >, Loki::Typelist<Loki::Typelist<Loki::Int2Type<4096u>, Loki::Typelist<Loki::Int2Type<4224u>, Loki::Typelist<Loki::Int2Type<4097u>, Loki::Typelist<Loki::Int2Type<4225u>, Loki::NullType> > > >, Loki::Typelist<Loki::Typelist<Loki::Int2Type<4128u>, Loki::Typelist<Loki::Int2Type<4256u>, Loki::Typelist<Loki::Int2Type<4129u>, Loki::Typelist<Loki::Int2Type<4257u>, Loki::NullType> > > >, Loki::Typelist<Loki::Int2Type<6375u>, Loki::Typelist<Loki::Int2Type<16936u>, Loki::Typelist<Loki::Typelist<Loki::Int2Type<19013u>, Loki::Typelist<Loki::Int2Type<25093u>, Loki::NullType> >, Loki::Typelist<Loki::Int2Type<36103u>, Loki::NullType> > > > > > > > > >, Loki::Typelist<Loki::Int2Type<25093u>, Loki::Typelist<Loki::Int2Type<2309u>, Loki::Typelist<Loki::Int2Type<19013u>, Loki::Typelist<Loki::Int2Type<3585u>, Loki::Typelist<Loki::Int2Type<16936u>, Loki::Typelist<Loki::Int2Type<36103u>, Loki::Typelist<Loki::Int2Type<2568u>, Loki::Typelist<Loki::Int2Type<2824u>, Loki::Typelist<Loki::Int2Type<6375u>, Loki::Typelist<Loki::Int2Type<4096u>, Loki::Typelist<Loki::Int2Type<4224u>, Loki::Typelist<Loki::Int2Type<4128u>, Loki::Typelist<Loki::Int2Type<4256u>, Loki::Typelist<Loki::Int2Type<4097u>, Loki::Typelist<Loki::Int2Type<4225u>, Loki::Typelist<Loki::Int2Type<4129u>, Loki::Typelist<Loki::Int2Type<4257u>, Loki::Typelist<Loki::Int2Type<3073u>, Loki::NullType> > > > > > > > > > > > > > > > > >, 100l, 75l>, canDat>::produco())>(void*)
 .text._ZN8DimetiorIXadL_ZN8Register5portCEEELh4ELh5ELj4096ELj43085ELj65535ELm100EE7computoERKh
                0x000054b4      0x13e ./main.o
                0x000054b4                Dimetior<&(Register::portC), (unsigned char)4, (unsigned char)5, 4096u, 43085u, 65535u, 100ul>::computo(unsigned char const&)
 .text._ZN8DimetiorIXadL_ZN8Register5portCEEELh4ELh5ELj4096ELj43085ELj65535ELm100EE17commoratioCanalisERKh
                0x000055f2       0x60 ./main.o