Archive member included because of file (symbol)

c:/program files/avr-gcc-2.6.1/bin/../lib/gcc/avr/4.6.1/avr5\libgcc.a(_mulsi3.o)
                              ./main.o (__mulsi3)
c:/program files/avr-gcc-2.6.1/bin/../lib/gcc/avr/4.6.1/avr5\libgcc.a(_udivmodhi4.o)
                              ./main.o (__udivmodhi4)
c:/program files/avr-gcc-2.6.1/bin/../lib/gcc/avr/4.6.1/avr5\libgcc.a(_udivmodsi4.o)
                              ./main.o (__udivmodsi4)
c:/program files/avr-gcc-2.6.1/bin/../lib/gcc/avr/4.6.1/avr5\libgcc.a(_divmodsi4.o)
                              ./main.o (__divmodsi4)
c:/program files/avr-gcc-2.6.1/bin/../lib/gcc/avr/4.6.1/avr5\libgcc.a(_exit.o)
                              c:/program files/avr-gcc-2.6.1/bin/../lib/gcc/avr/4.6.1/../../../../avr/lib/avr5/crtcan64.o (exit)
c:/program files/avr-gcc-2.6.1/bin/../lib/gcc/avr/4.6.1/avr5\libgcc.a(_copy_data.o)
                              ./main.o (__do_copy_data)
c:/program files/avr-gcc-2.6.1/bin/../lib/gcc/avr/4.6.1/avr5\libgcc.a(_clear_bss.o)
                              ./main.o (__do_clear_bss)
c:/program files/avr-gcc-2.6.1/bin/../lib/gcc/avr/4.6.1/avr5\libgcc.a(_ctors.o)
                              ./main.o (__do_global_ctors)
c:/program files/avr-gcc-2.6.1/bin/../lib/gcc/avr/4.6.1/avr5\libgcc.a(_dtors.o)
                              ./main.o (__do_global_dtors)
c:/program files/avr-gcc-2.6.1/bin/../lib/gcc/avr/4.6.1/avr5\libgcc.a(_tablejump.o)
                              c:/program files/avr-gcc-2.6.1/bin/../lib/gcc/avr/4.6.1/avr5\libgcc.a(_ctors.o) (__tablejump__)
c:/program files/avr-gcc-2.6.1/bin/../lib/gcc/avr/4.6.1/../../../../avr/lib/avr5\libc.a(malloc.o)
                              ./main.o (malloc)
c:/program files/avr-gcc-2.6.1/bin/../lib/gcc/avr/4.6.1/../../../../avr/lib/avr5\libc.a(eerd_byte_at90can64.o)
                              ./main.o (__eerd_byte_can64)
c:/program files/avr-gcc-2.6.1/bin/../lib/gcc/avr/4.6.1/../../../../avr/lib/avr5\libc.a(eerd_word_at90can64.o)
                              ./main.o (__eerd_word_can64)
c:/program files/avr-gcc-2.6.1/bin/../lib/gcc/avr/4.6.1/../../../../avr/lib/avr5\libc.a(eeupd_byte_at90can64.o)
                              ./main.o (__eeupd_byte_can64)
c:/program files/avr-gcc-2.6.1/bin/../lib/gcc/avr/4.6.1/../../../../avr/lib/avr5\libc.a(eerd_block_at90can64.o)
                              c:/program files/avr-gcc-2.6.1/bin/../lib/gcc/avr/4.6.1/../../../../avr/lib/avr5\libc.a(eerd_word_at90can64.o) (__eerd_blraw_can64)

Allocating common symbols
Common symbol       size              file

__brkval            0x2               c:/program files/avr-gcc-2.6.1/bin/../lib/gcc/avr/4.6.1/../../../../avr/lib/avr5\libc.a(malloc.o)
__flp               0x2               c:/program files/avr-gcc-2.6.1/bin/../lib/gcc/avr/4.6.1/../../../../avr/lib/avr5\libc.a(malloc.o)

Discarded input sections

 .text          0x00000000        0x4 c:/program files/avr-gcc-2.6.1/bin/../lib/gcc/avr/4.6.1/../../../../avr/lib/avr5/crtcan64.o
 .data          0x00000000        0x0 c:/program files/avr-gcc-2.6.1/bin/../lib/gcc/avr/4.6.1/../../../../avr/lib/avr5/crtcan64.o
 .bss           0x00000000        0x0 c:/program files/avr-gcc-2.6.1/bin/../lib/gcc/avr/4.6.1/../../../../avr/lib/avr5/crtcan64.o
 .text.__cxa_guard_acquire
                0x00000000       0x14 ./main.o
 .text.__cxa_guard_release
                0x00000000        0x8 ./main.o
 .text.__cxa_guard_abort
                0x00000000        0x2 ./main.o
 .text.__cxa_pure_virtual
                0x00000000        0x2 ./main.o
 .text._Znwj    0x00000000        0x6 ./main.o
 .text._ZdlPv   0x00000000        0x6 ./main.o
 .text._Znaj    0x00000000        0x6 ./main.o
 .text._ZdaPv   0x00000000        0x6 ./main.o
 .text._Z4swapRKj
                0x00000000        0x8 ./main.o
 .text._Z16clubSendNextPagej
                0x00000000       0x5a ./main.o
 .text._Z25clubSendNextPageInterruptv
                0x00000000       0x56 ./main.o
 .text._Z10canDataGetj
                0x00000000       0xae ./main.o
 .text._Z13sysKeyReleasev
                0x00000000       0x5c ./main.o
 .text._Z7ipdDatej
                0x00000000       0x32 ./main.o
 .text._Z8kptRiseAj
                0x00000000      0x12a ./main.o
 .text._Z8kptRiseBj
                0x00000000      0x12a ./main.o
 .text._Z8kptFallAj
                0x00000000       0x3c ./main.o
 .text._Z8kptFallBj
                0x00000000       0x3c ./main.o
 .text._Z12kptRiseTimeAj
                0x00000000      0x118 ./main.o
 .text._Z12kptRiseTimeBj
                0x00000000      0x118 ./main.o
 .text._Z12kptFallTimeAj
                0x00000000       0x2c ./main.o
 .text._Z12kptFallTimeBj
                0x00000000       0x2c ./main.o
 .text._Z15kptCommandParsev
                0x00000000       0x28 ./main.o
 .text._Z9mcoStateAj
                0x00000000        0xa ./main.o
 .text._Z9mcoStateBj
[...]
Memory Configuration

Name             Origin             Length             Attributes
start            0x00000000         0x000000ff         xr
id               0x00000100         0x00000010         xr
text             0x00000110         0x00020000         xr
data             0x00800100         0x0000ff00         rw !x
eeprom           0x00810000         0x00010000         rw !x
*default*        0x00000000         0xffffffff

Linker script and memory map

Address of section .data set to 0x800100
LOAD c:/program files/avr-gcc-2.6.1/bin/../lib/gcc/avr/4.6.1/../../../../avr/lib/avr5/crtcan64.o
LOAD ./main.o
LOAD c:/program files/avr-gcc-2.6.1/bin/../lib/gcc/avr/4.6.1/avr5\libgcc.a
LOAD c:/program files/avr-gcc-2.6.1/bin/../lib/gcc/avr/4.6.1/../../../../avr/lib/avr5\libm.a
LOAD c:/program files/avr-gcc-2.6.1/bin/../lib/gcc/avr/4.6.1/avr5\libgcc.a
LOAD c:/program files/avr-gcc-2.6.1/bin/../lib/gcc/avr/4.6.1/../../../../avr/lib/avr5\libc.a
LOAD c:/program files/avr-gcc-2.6.1/bin/../lib/gcc/avr/4.6.1/avr5\libgcc.a

.hash
 *(.hash)

.dynsym
 *(.dynsym)

.dynstr
 *(.dynstr)

.gnu.version
 *(.gnu.version)

.gnu.version_d
 *(.gnu.version_d)

.gnu.version_r
 *(.gnu.version_r)

.rel.init
 *(.rel.init)

.rela.init
 *(.rela.init)

.rel.text
 *(.rel.text)
 *(.rel.text.*)
 *(.rel.gnu.linkonce.t*)

.rela.text
 *(.rela.text)
 *(.rela.text.*)
 *(.rela.gnu.linkonce.t*)

.rel.fini
 *(.rel.fini)

.rela.fini
 *(.rela.fini)

.rel.rodata
 *(.rel.rodata)
 *(.rel.rodata.*)
 *(.rel.gnu.linkonce.r*)

.rela.rodata
 *(.rela.rodata)
 *(.rela.rodata.*)
 *(.rela.gnu.linkonce.r*)

.rel.data
 *(.rel.data)
 *(.rel.data.*)
 *(.rel.gnu.linkonce.d*)

.rela.data
 *(.rela.data)
 *(.rela.data.*)
 *(.rela.gnu.linkonce.d*)

.rel.ctors
 *(.rel.ctors)

.rela.ctors
 *(.rela.ctors)

.rel.dtors
 *(.rel.dtors)

.rela.dtors
 *(.rela.dtors)

.rel.got
 *(.rel.got)

.rela.got
 *(.rela.got)

.rel.bss
 *(.rel.bss)

.rela.bss
 *(.rela.bss)

.rel.plt
 *(.rel.plt)

.rela.plt
 *(.rela.plt)

.start          0x00000000       0x98
 *(.vectors)
 .vectors       0x00000000       0x94 c:/program files/avr-gcc-2.6.1/bin/../lib/gcc/avr/4.6.1/../../../../avr/lib/avr5/crtcan64.o
                0x00000000                __vector_default
                0x00000000                __vectors
 *(.vectors)
 *(.progmem.gcc*)
 *(.progmem*)
                0x00000094                . = ALIGN (0x2)
                0x00000094                __trampolines_start = .
 *(.trampolines)
 .trampolines   0x00000094        0x0 linker stubs
 *(.trampolines*)
                0x00000094                __trampolines_end = .
 *(.jumptables)
 *(.jumptables*)
 *(.lowtext)
 *(.lowtext*)
                0x00000094                __ctors_start = .
 *(.ctors)
 .ctors         0x00000094        0x2 ./main.o
                0x00000096                __ctors_end = .
                0x00000096                __dtors_start = .
 *(.dtors)
 .dtors         0x00000096        0x2 ./main.o
                0x00000098                __dtors_end = .
 SORT(*)(.ctors)
 SORT(*)(.dtors)

.id             0x00000100       0x10
 *(.id)
 .id            0x00000100       0x10 ./main.o
                0x00000100                ID
 *(.id)

.text           0x00000110     0x4d1e
 *(.init0)
 .init0         0x00000110        0x0 c:/program files/avr-gcc-2.6.1/bin/../lib/gcc/avr/4.6.1/../../../../avr/lib/avr5/crtcan64.o
                0x00000110                __init
 *(.init0)
 *(.init1)
 *(.init1)
 *(.init2)
 .init2         0x00000110        0xc c:/program files/avr-gcc-2.6.1/bin/../lib/gcc/avr/4.6.1/../../../../avr/lib/avr5/crtcan64.o
 *(.init2)
 *(.init3)
 .init3         0x0000011c       0x12 ./main.o
                0x0000011c                wdt_init()
 *(.init3)
 *(.init4)
 .init4         0x0000012e       0x16 c:/program files/avr-gcc-2.6.1/bin/../lib/gcc/avr/4.6.1/avr5\libgcc.a(_copy_data.o)
                0x0000012e                __do_copy_data
 .init4         0x00000144       0x10 c:/program files/avr-gcc-2.6.1/bin/../lib/gcc/avr/4.6.1/avr5\libgcc.a(_clear_bss.o)
                0x00000144                __do_clear_bss
 *(.init4)
 *(.init5)
 .init5         0x00000154       0x18 ./main.o
                0x00000154                Init()
 *(.init5)
 *(.init6)
 .init6         0x0000016c       0x16 c:/program files/avr-gcc-2.6.1/bin/../lib/gcc/avr/4.6.1/avr5\libgcc.a(_ctors.o)
                0x0000016c                __do_global_ctors
 *(.init6)
 *(.init7)
 *(.init7)
 *(.init8)
 *(.init8)
 *(.init9)
 .init9         0x00000182        0x8 c:/program files/avr-gcc-2.6.1/bin/../lib/gcc/avr/4.6.1/../../../../avr/lib/avr5/crtcan64.o
 *(.init9)
 *(.text)
 .text          0x0000018a      0x110 ./main.o
                0x0000018a                ReIndex16<Loki::Typelist<Loki::Int2Type<6u>, Loki::Typelist<Loki::Int2Type<3u>, Loki::Typelist<Loki::Int2Type<2u>, Loki::Typelist<Loki::Int2Type<2u>, Loki::Typelist<Loki::Int2Type<1u>, Loki::Typelist<Loki::Int2Type<1u>, Loki::NullType> > > > > > >::array
                0x0000019a                ReIndex256<Loki::Typelist<Loki::Int2Type<12u>, Loki::Typelist<Loki::Int2Type<6u>, Loki::Typelist<Loki::Int2Type<13u>, Loki::Typelist<Loki::Int2Type<5u>, Loki::Typelist<Loki::Int2Type<14u>, Loki::Typelist<Loki::Int2Type<4u>, Loki::Typelist<Loki::Int2Type<15u>, Loki::Typelist<Loki::Int2Type<3u>, Loki::Typelist<Loki::Int2Type<84u>, Loki::Typelist<Loki::Int2Type<2u>, Loki::Typelist<Loki::Int2Type<85u>, Loki::Typelist<Loki::Int2Type<1u>, Loki::Typelist<Loki::Int2Type<8u>, Loki::Typelist<Loki::Int2Type<142u>, Loki::Typelist<Loki::Int2Type<9u>, Loki::Typelist<Loki::Int2Type<141u>, Loki::Typelist<Loki::Int2Type<10u>, Loki::Typelist<Loki::Int2Type<140u>, Loki::Typelist<Loki::Int2Type<11u>, Loki::Typelist<Loki::Int2Type<139u>, Loki::Typelist<Loki::Int2Type<80u>, Loki::Typelist<Loki::Int2Type<138u>, Loki::Typelist<Loki::Int2Type<81u>, Loki::Typelist<Loki::Int2Type<137u>, Loki::Typelist<Loki::Int2Type<82u>, Loki::Typelist<Loki::Int2Type<136u>, Loki::Typelist<Loki::Int2Type<83u>, Loki::Typelist<Loki::Int2Type<135u>, Loki::NullType> > > > > > > > > > > > > > > > > > > > > > > > > > > > >::array
                0x0000029a                . = ALIGN (0x2)
 *(.text.*)
 .text._ZN6srutil8DelegateIFvjEE14empty_functionEPvj
                0x0000029a        0x2 ./main.o
                0x0000029a                srutil::Delegate<void (unsigned int)>::empty_function(void*, unsigned int)
 .text._ZN6srutil8DelegateIFvvEE14empty_functionEPv
                0x0000029c        0x2 ./main.o
                0x0000029c                srutil::Delegate<void ()>::empty_function(void*)
 .text._ZN6srutil8DelegateIFvjEE13function_stubIXadL_Z7ipdDatejEEEEvPvj
                0x0000029e       0x32 ./main.o
                0x0000029e                void srutil::Delegate<void (unsigned int)>::function_stub<&(ipdDate(unsigned int))>(void*, unsigned int)
 .text._ZN6srutil8DelegateIFvvEE11method_stubIN4Saut3ComIXadL_ZN8Register13usart1ControlEEEXadL_ZNS6_14usart1BaudRateEEEXadL_ZNS6_10usart1DataEEEXadL_ZNS6_5portDEEELh2EXadL_ZNS6_5portDEEELh3EXadL_ZNS6_5portDEEELh4EXadL_ZNS6_5portBEEELh7ELh1ENS4_3DatIN4Loki8TypelistINS8_8Int2TypeILj12EEENS9_INSA_ILj13EEENS9_INSA_ILj14EEENS9_INSA_ILj15EEENS9_INSA_ILj84EEENS9_INSA_ILj85EEENS8_8NullTypeEEEEEEEEEEEEENS9_INSA_ILj8EEENS9_INSA_ILj9EEENS9_INSA_ILj10EEENS9_INSA_ILj11EEENS9_INSA_ILj80EEENS9_INSA_ILj81EEENS9_INSA_ILj82EEENS9_INSA_ILj83EEESH_EEEEEEEEEEEEEEEENS9_ISB_SJ_EEEELZ4dataEEEXadL_ZNS16_11udreHandlerEvEEEEvPv
                0x000002d0       0x8e ./main.o
                0x000002d0                void srutil::Delegate<void ()>::method_stub<Saut::Com<&(Register::usart1Control), &(Register::usart1BaudRate), &(Register::usart1Data), &(Register::portD), (unsigned char)2, &(Register::portD), (unsigned char)3, &(Register::portD), (unsigned char)4, &(Register::portB), (unsigned char)7, (unsigned char)1, Saut::Dat<Loki::Typelist<Loki::Int2Type<12u>, Loki::Typelist<Loki::Int2Type<13u>, Loki::Typelist<Loki::Int2Type<14u>, Loki::Typelist<Loki::Int2Type<15u>, Loki::Typelist<Loki::Int2Type<84u>, Loki::Typelist<Loki::Int2Type<85u>, Loki::NullType> > > > > >, Loki::Typelist<Loki::Int2Type<8u>, Loki::Typelist<Loki::Int2Type<9u>, Loki::Typelist<Loki::Int2Type<10u>, Loki::Typelist<Loki::Int2Type<11u>, Loki::Typelist<Loki::Int2Type<80u>, Loki::Typelist<Loki::Int2Type<81u>, Loki::Typelist<Loki::Int2Type<82u>, Loki::Typelist<Loki::Int2Type<83u>, Loki::NullType> > > > > > > >, Loki::Typelist<Loki::Int2Type<12u>, Loki::Typelist<Loki::Int2Type<84u>, Loki::Typelist<Loki::Int2Type<85u>, Loki::NullType> > > >, data>, &(Saut::Com<&(Register::usart1Control), &(Register::usart1BaudRate), &(Register::usart1Data), &(Register::portD), (unsigned char)2, &(Register::portD), (unsigned char)3, &(Register::portD), (unsigned char)4, &(Register::portB), (unsigned char)7, (unsigned char)1, Saut::Dat<Loki::Typelist<Loki::Int2Type<12u>, Loki::Typelist<Loki::Int2Type<13u>, Loki::Typelist<Loki::Int2Type<14u>, Loki::Typelist<Loki::Int2Type<15u>, Loki::Typelist<Loki::Int2Type<84u>, Loki::Typelist<Loki::Int2Type<85u>, Loki::NullType> > > > > >, Loki::Typelist<Loki::Int2Type<8u>, Loki::Typelist<Loki::Int2Type<9u>, Loki::Typelist<Loki::Int2Type<10u>, Loki::Typelist<Loki::Int2Type<11u>, Loki::Typelist<Loki::Int2Type<80u>, Loki::Typelist<Loki::Int2Type<81u>, Loki::Typelist<Loki::Int2Type<82u>, Loki::Typelist<Loki::Int2Type<83u>, Loki::NullType> > > > > > > >, Loki::Typelist<Loki::Int2Type<12u>, Loki::Typelist<Loki::Int2Type<84u>, Loki::Typelist<Loki::Int2Type<85u>, Loki::NullType> > > >, data>::udreHandler())>(void*)
                0x000002d0                void srutil::Delegate<void ()>::method_stub<Saut::Com<&(Register::usart1Control), &(Register::usart1BaudRate), &(Register::usart1Data), &(Register::portD), (unsigned char)2, &(Register::portD), (unsigned char)3, &(Register::portD), (unsigned char)4, &(Register::portB), (unsigned char)7, (unsigned char)1, Saut::Dat<Loki::Typelist<Loki::Int2Type<12u>, Loki::Typelist<Loki::Int2Type<13u>, Loki::Typelist<Loki::Int2Type<14u>, Loki::Typelist<Loki::Int2Type<15u>, Loki::Typelist<Loki::Int2Type<84u>, Loki::Typelist<Loki::Int2Type<85u>, Loki::NullType> > > > > >, Loki::Typelist<Loki::Int2Type<8u>, Loki::Typelist<Loki::Int2Type<9u>, Loki::Typelist<Loki::Int2Type<10u>, Loki::Typelist<Loki::Int2Type<11u>, Loki::Typelist<Loki::Int2Type<80u>, Loki::Typelist<Loki::Int2Type<81u>, Loki::Typelist<Loki::Int2Type<82u>, Loki::Typelist<Loki::Int2Type<83u>, Loki::NullType> > > > > > > >, Loki::Typelist<Loki::Int2Type<12u>, Loki::Typelist<Loki::Int2Type<84u>, Loki::Typelist<Loki::Int2Type<85u>, Loki::NullType> > > >, data>, &(Saut::Com<&(Register::usart1Control), &(Register::usart1BaudRate), &(Register::usart1Data), &(Register::portD), (unsigned char)2, &(Register::portD), (unsigned char)3, &(Register::portD), (unsigned char)4, &(Register::portB), (unsigned char)7, (unsigned char)1, Saut::Dat<Loki::Typelist<Loki::Int2Type<12u>, Loki::Typelist<Loki::Int2Type<13u>, Loki::Typelist<Loki::Int2Type<14u>, Loki::Typelist<Loki::Int2Type<15u>, Loki::Typelist<Loki::Int2Type<84u>, Loki::Typelist<Loki::Int2Type<85u>, Loki::NullType> > > > > >, Loki::Typelist<Loki::Int2Type<8u>, Loki::Typelist<Loki::Int2Type<9u>, Loki::Typelist<Loki::Int2Type<10u>, Loki::Typelist<Loki::Int2Type<11u>, Loki::Typelist<Loki::Int2Type<80u>, Loki::Typelist<Loki::Int2Type<81u>, Loki::Typelist<Loki::Int2Type<82u>, Loki::Typelist<Loki::Int2Type<83u>, Loki::NullType> > > > > > > >, Loki::Typelist<Loki::Int2Type<12u>, Loki::Typelist<Loki::Int2Type<84u>, Loki::Typelist<Loki::Int2Type<85u>, Loki::NullType> > > >, data>::udreHandler())>(void*)
 .text._ZN6srutil8DelegateIFvjEE11method_stubI3KptXadL_ZNS4_8watchDogEjEEEEvPvj
                0x0000035e       0x3c ./main.o
                0x0000035e                void srutil::Delegate<void (unsigned int)>::method_stub<Kpt, &(Kpt::watchDog(unsigned int))>(void*, unsigned int)
 .text._ZN7ProgSpi13ProgSpiSimpleIXadL_ZN8Register16spiStatusControlEEEXadL_ZNS1_7spiDataEEEXadL_ZNS1_5portBEEELh0ELh1ELh2ELh3EXadL_ZNS1_5portBEEELh4EE11instructionEhhhh.isra.36
                0x0000039a       0x24 ./main.o
 .text._ZN7ProgSpi13ProgSpiSimpleIXadL_ZN8Register16spiStatusControlEEEXadL_ZNS1_7spiDataEEEXadL_ZNS1_5portBEEELh0ELh1ELh2ELh3EXadL_ZNS1_5portBEEELh4EE5flushILNS_7MemTypeE1EEEvv.isra.42
                0x000003be       0x28 ./main.o
 .text._ZN6srutil8DelegateIFvvEE11method_stubIN4Saut3ComIXadL_ZN8Register13usart1ControlEEEXadL_ZNS6_14usart1BaudRateEEEXadL_ZNS6_10usart1DataEEEXadL_ZNS6_5portDEEELh2EXadL_ZNS6_5portDEEELh3EXadL_ZNS6_5portDEEELh4EXadL_ZNS6_5portBEEELh7ELh1ENS4_3DatIN4Loki8TypelistINS8_8Int2TypeILj12EEENS9_INSA_ILj13EEENS9_INSA_ILj14EEENS9_INSA_ILj15EEENS9_INSA_ILj84EEENS9_INSA_ILj85EEENS8_8NullTypeEEEEEEEEEEEEENS9_INSA_ILj8EEENS9_INSA_ILj9EEENS9_INSA_ILj10EEENS9_INSA_ILj11EEENS9_INSA_ILj80EEENS9_INSA_ILj81EEENS9_INSA_ILj82EEENS9_INSA_ILj83EEESH_EEEEEEEEEEEEEEEENS9_ISB_SJ_EEEELZ4dataEEEXadL_ZNS16_9txHandlerEvEEEEvPv
                0x000003e6       0x38 ./main.o
                0x000003e6                void srutil::Delegate<void ()>::method_stub<Saut::Com<&(Register::usart1Control), &(Register::usart1BaudRate), &(Register::usart1Data), &(Register::portD), (unsigned char)2, &(Register::portD), (unsigned char)3, &(Register::portD), (unsigned char)4, &(Register::portB), (unsigned char)7, (unsigned char)1, Saut::Dat<Loki::Typelist<Loki::Int2Type<12u>, Loki::Typelist<Loki::Int2Type<13u>, Loki::Typelist<Loki::Int2Type<14u>, Loki::Typelist<Loki::Int2Type<15u>, Loki::Typelist<Loki::Int2Type<84u>, Loki::Typelist<Loki::Int2Type<85u>, Loki::NullType> > > > > >, Loki::Typelist<Loki::Int2Type<8u>, Loki::Typelist<Loki::Int2Type<9u>, Loki::Typelist<Loki::Int2Type<10u>, Loki::Typelist<Loki::Int2Type<11u>, Loki::Typelist<Loki::Int2Type<80u>, Loki::Typelist<Loki::Int2Type<81u>, Loki::Typelist<Loki::Int2Type<82u>, Loki::Typelist<Loki::Int2Type<83u>, Loki::NullType> > > > > > > >, Loki::Typelist<Loki::Int2Type<12u>, Loki::Typelist<Loki::Int2Type<84u>, Loki::Typelist<Loki::Int2Type<85u>, Loki::NullType> > > >, data>, &(Saut::Com<&(Register::usart1Control), &(Register::usart1BaudRate), &(Register::usart1Data), &(Register::portD), (unsigned char)2, &(Register::portD), (unsigned char)3, &(Register::portD), (unsigned char)4, &(Register::portB), (unsigned char)7, (unsigned char)1, Saut::Dat<Loki::Typelist<Loki::Int2Type<12u>, Loki::Typelist<Loki::Int2Type<13u>, Loki::Typelist<Loki::Int2Type<14u>, Loki::Typelist<Loki::Int2Type<15u>, Loki::Typelist<Loki::Int2Type<84u>, Loki::Typelist<Loki::Int2Type<85u>, Loki::NullType> > > > > >, Loki::Typelist<Loki::Int2Type<8u>, Loki::Typelist<Loki::Int2Type<9u>, Loki::Typelist<Loki::Int2Type<10u>, Loki::Typelist<Loki::Int2Type<11u>, Loki::Typelist<Loki::Int2Type<80u>, Loki::Typelist<Loki::Int2Type<81u>, Loki::Typelist<Loki::Int2Type<82u>, Loki::Typelist<Loki::Int2Type<83u>, Loki::NullType> > > > > > > >, Loki::Typelist<Loki::Int2Type<12u>, Loki::Typelist<Loki::Int2Type<84u>, Loki::Typelist<Loki::Int2Type<85u>, Loki::NullType> > > >, data>::txHandler())>(void*)
                0x000003e6                void srutil::Delegate<void ()>::method_stub<Saut::Com<&(Register::usart1Control), &(Register::usart1BaudRate), &(Register::usart1Data), &(Register::portD), (unsigned char)2, &(Register::portD), (unsigned char)3, &(Register::portD), (unsigned char)4, &(Register::portB), (unsigned char)7, (unsigned char)1, Saut::Dat<Loki::Typelist<Loki::Int2Type<12u>, Loki::Typelist<Loki::Int2Type<13u>, Loki::Typelist<Loki::Int2Type<14u>, Loki::Typelist<Loki::Int2Type<15u>, Loki::Typelist<Loki::Int2Type<84u>, Loki::Typelist<Loki::Int2Type<85u>, Loki::NullType> > > > > >, Loki::Typelist<Loki::Int2Type<8u>, Loki::Typelist<Loki::Int2Type<9u>, Loki::Typelist<Loki::Int2Type<10u>, Loki::Typelist<Loki::Int2Type<11u>, Loki::Typelist<Loki::Int2Type<80u>, Loki::Typelist<Loki::Int2Type<81u>, Loki::Typelist<Loki::Int2Type<82u>, Loki::Typelist<Loki::Int2Type<83u>, Loki::NullType> > > > > > > >, Loki::Typelist<Loki::Int2Type<12u>, Loki::Typelist<Loki::Int2Type<84u>, Loki::Typelist<Loki::Int2Type<85u>, Loki::NullType> > > >, data>, &(Saut::Com<&(Register::usart1Control), &(Register::usart1BaudRate), &(Register::usart1Data), &(Register::portD), (unsigned char)2, &(Register::portD), (unsigned char)3, &(Register::portD), (unsigned char)4, &(Register::portB), (unsigned char)7, (unsigned char)1, Saut::Dat<Loki::Typelist<Loki::Int2Type<12u>, Loki::Typelist<Loki::Int2Type<13u>, Loki::Typelist<Loki::Int2Type<14u>, Loki::Typelist<Loki::Int2Type<15u>, Loki::Typelist<Loki::Int2Type<84u>, Loki::Typelist<Loki::Int2Type<85u>, Loki::NullType> > > > > >, Loki::Typelist<Loki::Int2Type<8u>, Loki::Typelist<Loki::Int2Type<9u>, Loki::Typelist<Loki::Int2Type<10u>, Loki::Typelist<Loki::Int2Type<11u>, Loki::Typelist<Loki::Int2Type<80u>, Loki::Typelist<Loki::Int2Type<81u>, Loki::Typelist<Loki::Int2Type<82u>, Loki::Typelist<Loki::Int2Type<83u>, Loki::NullType> > > > > > > >, Loki::Typelist<Loki::Int2Type<12u>, Loki::Typelist<Loki::Int2Type<84u>, Loki::Typelist<Loki::Int2Type<85u>, Loki::NullType> > > >, data>::txHandler())>(void*)
 .text._ZN6srutil8DelegateIFvvEE11method_stubI9Clock10msXadL_ZNS4_12timePlusPlusEvEEEEvPv
                0x0000041e       0x60 ./main.o
                0x0000041e                void srutil::Delegate<void ()>::method_stub<Clock10ms, &(Clock10ms::timePlusPlus())>(void*)
 .text._ZN6srutil8DelegateIFvvEE13function_stubIXadL_Z15kptCommandParsevEEEEvPv
                0x0000047e       0x28 ./main.o
                0x0000047e                void srutil::Delegate<void ()>::function_stub<&(kptCommandParse())>(void*)
 .text._ZN6srutil8DelegateIFvvEE11method_stubI24CeleritasSpatiumDimetiorIXadL_ZN8Register5portCEEEXadL_ZNS5_5portCEEELh4ELh5EXadL_ZNS5_5portBEEELh7E6CanDatIN4Loki8TypelistINS8_INS7_8Int2TypeILj6280EEENS8_INS9_ILj6792EEENS7_8NullTypeEEEEENS8_INS8_INS9_ILj18024EEENS8_INS9_ILj18056EEESC_EEEENS8_INS9_ILj25575EEENS8_INS9_ILj25544EEENS8_INS8_INS9_ILj50789EEENS8_INS9_ILj50821EEENS8_INS9_ILj38917EEENS8_INS9_ILj39429EEENS8_INS9_ILj25189EEESC_EEEEEEEEEESC_EEEEEEEEEENS8_INS9_ILj2309EEENS8_INS8_INS9_ILj2568EEENS8_INS9_ILj2632EEESC_EEEENS8_INS8_INS9_ILj2824EEENS8_INS9_ILj2888EEESC_EEEENS8_INS8_INS9_ILj3585EEENS8_INS9_ILj3073EEESC_EEEENS8_INS8_INS9_ILj4096EEENS8_INS9_ILj4224EEENS8_INS9_ILj4097EEENS8_INS9_ILj4225EEESC_EEEEEEEENS8_INS8_INS9_ILj4128EEENS8_INS9_ILj4256EEENS8_INS9_ILj4129EEENS8_INS9_ILj4257EEESC_EEEEEEEENS8_INS9_ILj6375EEENS8_INS9_ILj16936EEENS8_INS8_INS9_ILj19013EEENS8_INS9_ILj25093EEESC_EEEENS8_INS9_ILj36103EEESC_EEEEEEEEEEEEEEEEEEEENS8_IS1W_NS8_IS10_NS8_IS1V_NS8_IS19_NS8_IS1U_NS8_IS1Z_NS8_IS11_NS8_IS15_NS8_IS1T_NS8_IS1D_NS8_IS1E_NS8_IS1L_NS8_IS1M_NS8_IS1F_NS8_IS1G_NS8_IS1N_NS8_IS1O_S1B_EEEEEEEEEEEEEEEEEEEEEEEEEEEEEEEEEELl100ELl75EELZ6canDatEEXadL_ZNS2S_12animadversioEvEEEEvPv
                0x000004a6       0x5c ./main.o
                0x000004a6                void srutil::Delegate<void ()>::method_stub<CeleritasSpatiumDimetior<&(Register::portC), &(Register::portC), (unsigned char)4, (unsigned char)5, &(Register::portB), (unsigned char)7, CanDat<Loki::Typelist<Loki::Typelist<Loki::Int2Type<6280u>, Loki::Typelist<Loki::Int2Type<6792u>, Loki::NullType> >, Loki::Typelist<Loki::Typelist<Loki::Int2Type<18024u>, Loki::Typelist<Loki::Int2Type<18056u>, Loki::NullType> >, Loki::Typelist<Loki::Int2Type<25575u>, Loki::Typelist<Loki::Int2Type<25544u>, Loki::Typelist<Loki::Typelist<Loki::Int2Type<50789u>, Loki::Typelist<Loki::Int2Type<50821u>, Loki::Typelist<Loki::Int2Type<38917u>, Loki::Typelist<Loki::Int2Type<39429u>, Loki::Typelist<Loki::Int2Type<25189u>, Loki::NullType> > > > >, Loki::NullType> > > > >, Loki::Typelist<Loki::Int2Type<2309u>, Loki::Typelist<Loki::Typelist<Loki::Int2Type<2568u>, Loki::Typelist<Loki::Int2Type<2632u>, Loki::NullType> >, Loki::Typelist<Loki::Typelist<Loki::Int2Type<2824u>, Loki::Typelist<Loki::Int2Type<2888u>, Loki::NullType> >, Loki::Typelist<Loki::Typelist<Loki::Int2Type<3585u>, Loki::Typelist<Loki::Int2Type<3073u>, Loki::NullType> >, Loki::Typelist<Loki::Typelist<Loki::Int2Type<4096u>, Loki::Typelist<Loki::Int2Type<4224u>, Loki::Typelist<Loki::Int2Type<4097u>, Loki::Typelist<Loki::Int2Type<4225u>, Loki::NullType> > > >, Loki::Typelist<Loki::Typelist<Loki::Int2Type<4128u>, Loki::Typelist<Loki::Int2Type<4256u>, Loki::Typelist<Loki::Int2Type<4129u>, Loki::Typelist<Loki::Int2Type<4257u>, Loki::NullType> > > >, Loki::Typelist<Loki::Int2Type<6375u>, Loki::Typelist<Loki::Int2Type<16936u>, Loki::Typelist<Loki::Typelist<Loki::Int2Type<19013u>, Loki::Typelist<Loki::Int2Type<25093u>, Loki::NullType> >, Loki::Typelist<Loki::Int2Type<36103u>, Loki::NullType> > > > > > > > > >, Loki::Typelist<Loki::Int2Type<25093u>, Loki::Typelist<Loki::Int2Type<2309u>, Loki::Typelist<Loki::Int2Type<19013u>, Loki::Typelist<Loki::Int2Type<3585u>, Loki::Typelist<Loki::Int2Type<16936u>, Loki::Typelist<Loki::Int2Type<36103u>, Loki::Typelist<Loki::Int2Type<2568u>, Loki::Typelist<Loki::Int2Type<2824u>, Loki::Typelist<Loki::Int2Type<6375u>, Loki::Typelist<Loki::Int2Type<4096u>, Loki::Typelist<Loki::Int2Type<4224u>, Loki::Typelist<Loki::Int2Type<4128u>, Loki::Typelist<Loki::Int2Type<4256u>, Loki::Typelist<Loki::Int2Type<4097u>, Loki::Typelist<Loki::Int2Type<4225u>, Loki::Typelist<Loki::Int2Type<4129u>, Loki::Typelist<Loki::Int2Type<4257u>, Loki::Typelist<Loki::Int2Type<3073u>, Loki::NullType> > > > > > > > > > > > > > > > > >, 100l, 75l>, canDat>, &(CeleritasSpatiumDimetior<&(Register::portC), &(Register::portC), (unsigned char)4, (unsigned char)5, &(Register::portB), (unsigned char)7, CanDat<Loki::Typelist<Loki::Typelist<Loki::Int2Type<6280u>, Loki::Typelist<Loki::Int2Type<6792u>, Loki::NullType> >, Loki::Typelist<Loki::Typelist<Loki::Int2Type<18024u>, Loki::Typelist<Loki::Int2Type<18056u>, Loki::NullType> >, Loki::Typelist<Loki::Int2Type<25575u>, Loki::Typelist<Loki::Int2Type<25544u>, Loki::Typelist<Loki::Typelist<Loki::Int2Type<50789u>, Loki::Typelist<Loki::Int2Type<50821u>, Loki::Typelist<Loki::Int2Type<38917u>, Loki::Typelist<Loki::Int2Type<39429u>, Loki::Typelist<Loki::Int2Type<25189u>, Loki::NullType> > > > >, Loki::NullType> > > > >, Loki::Typelist<Loki::Int2Type<2309u>, Loki::Typelist<Loki::Typelist<Loki::Int2Type<2568u>, Loki::Typelist<Loki::Int2Type<2632u>, Loki::NullType> >, Loki::Typelist<Loki::Typelist<Loki::Int2Type<2824u>, Loki::Typelist<Loki::Int2Type<2888u>, Loki::NullType> >, Loki::Typelist<Loki::Typelist<Loki::Int2Type<3585u>, Loki::Typelist<Loki::Int2Type<3073u>, Loki::NullType> >, Loki::Typelist<Loki::Typelist<Loki::Int2Type<4096u>, Loki::Typelist<Loki::Int2Type<4224u>, Loki::Typelist<Loki::Int2Type<4097u>, Loki::Typelist<Loki::Int2Type<4225u>, Loki::NullType> > > >, Loki::Typelist<Loki::Typelist<Loki::Int2Type<4128u>, Loki::Typelist<Loki::Int2Type<4256u>, Loki::Typelist<Loki::Int2Type<4129u>, Loki::Typelist<Loki::Int2Type<4257u>, Loki::NullType> > > >, Loki::Typelist<Loki::Int2Type<6375u>, Loki::Typelist<Loki::Int2Type<16936u>, Loki::Typelist<Loki::Typelist<Loki::Int2Type<19013u>, Loki::Typelist<Loki::Int2Type<25093u>, Loki::NullType> >, Loki::Typelist<Loki::Int2Type<36103u>, Loki::NullType> > > > > > > > > >, Loki::Typelist<Loki::Int2Type<25093u>, Loki::Typelist<Loki::Int2Type<2309u>, Loki::Typelist<Loki::Int2Type<19013u>, Loki::Typelist<Loki::Int2Type<3585u>, Loki::Typelist<Loki::Int2Type<16936u>, Loki::Typelist<Loki::Int2Type<36103u>, Loki::Typelist<Loki::Int2Type<2568u>, Loki::Typelist<Loki::Int2Type<2824u>, Loki::Typelist<Loki::Int2Type<6375u>, Loki::Typelist<Loki::Int2Type<4096u>, Loki::Typelist<Loki::Int2Type<4224u>, Loki::Typelist<Loki::Int2Type<4128u>, Loki::Typelist<Loki::Int2Type<4256u>, Loki::Typelist<Loki::Int2Type<4097u>, Loki::Typelist<Loki::Int2Type<4225u>, Loki::Typelist<Loki::Int2Type<4129u>, Loki::Typelist<Loki::Int2Type<4257u>, Loki::Typelist<Loki::Int2Type<3073u>, Loki::NullType> > > > > > > > > > > > > > > > > >, 100l, 75l>, canDat>::animadversio())>(void*)
                0x000004a6                void srutil::Delegate<void ()>::method_stub<CeleritasSpatiumDimetior<&(Register::portC), &(Register::portC), (unsigned char)4, (unsigned char)5, &(Register::portB), (unsigned char)7, CanDat<Loki::Typelist<Loki::Typelist<Loki::Int2Type<6280u>, Loki::Typelist<Loki::Int2Type<6792u>, Loki::NullType> >, Loki::Typelist<Loki::Typelist<Loki::Int2Type<18024u>, Loki::Typelist<Loki::Int2Type<18056u>, Loki::NullType> >, Loki::Typelist<Loki::Int2Type<25575u>, Loki::Typelist<Loki::Int2Type<25544u>, Loki::Typelist<Loki::Typelist<Loki::Int2Type<50789u>, Loki::Typelist<Loki::Int2Type<50821u>, Loki::Typelist<Loki::Int2Type<38917u>, Loki::Typelist<Loki::Int2Type<39429u>, Loki::Typelist<Loki::Int2Type<25189u>, Loki::NullType> > > > >, Loki::NullType> > > > >, Loki::Typelist<Loki::Int2Type<2309u>, Loki::Typelist<Loki::Typelist<Loki::Int2Type<2568u>, Loki::Typelist<Loki::Int2Type<2632u>, Loki::NullType> >, Loki::Typelist<Loki::Typelist<Loki::Int2Type<2824u>, Loki::Typelist<Loki::Int2Type<2888u>, Loki::NullType> >, Loki::Typelist<Loki::Typelist<Loki::Int2Type<3585u>, Loki::Typelist<Loki::Int2Type<3073u>, Loki::NullType> >, Loki::Typelist<Loki::Typelist<Loki::Int2Type<4096u>, Loki::Typelist<Loki::Int2Type<4224u>, Loki::Typelist<Loki::Int2Type<4097u>, Loki::Typelist<Loki::Int2Type<4225u>, Loki::NullType> > > >, Loki::Typelist<Loki::Typelist<Loki::Int2Type<4128u>, Loki::Typelist<Loki::Int2Type<4256u>, Loki::Typelist<Loki::Int2Type<4129u>, Loki::Typelist<Loki::Int2Type<4257u>, Loki::NullType> > > >, Loki::Typelist<Loki::Int2Type<6375u>, Loki::Typelist<Loki::Int2Type<16936u>, Loki::Typelist<Loki::Typelist<Loki::Int2Type<19013u>, Loki::Typelist<Loki::Int2Type<25093u>, Loki::NullType> >, Loki::Typelist<Loki::Int2Type<36103u>, Loki::NullType> > > > > > > > > >, Loki::Typelist<Loki::Int2Type<25093u>, Loki::Typelist<Loki::Int2Type<2309u>, Loki::Typelist<Loki::Int2Type<19013u>, Loki::Typelist<Loki::Int2Type<3585u>, Loki::Typelist<Loki::Int2Type<16936u>, Loki::Typelist<Loki::Int2Type<36103u>, Loki::Typelist<Loki::Int2Type<2568u>, Loki::Typelist<Loki::Int2Type<2824u>, Loki::Typelist<Loki::Int2Type<6375u>, Loki::Typelist<Loki::Int2Type<4096u>, Loki::Typelist<Loki::Int2Type<4224u>, Loki::Typelist<Loki::Int2Type<4128u>, Loki::Typelist<Loki::Int2Type<4256u>, Loki::Typelist<Loki::Int2Type<4097u>, Loki::Typelist<Loki::Int2Type<4225u>, Loki::Typelist<Loki::Int2Type<4129u>, Loki::Typelist<Loki::Int2Type<4257u>, Loki::Typelist<Loki::Int2Type<3073u>, Loki::NullType> > > > > > > > > > > > > > > > > >, 100l, 75l>, canDat>, &(CeleritasSpatiumDimetior<&(Register::portC), &(Register::portC), (unsigned char)4, (unsigned char)5, &(Register::portB), (unsigned char)7, CanDat<Loki::Typelist<Loki::Typelist<Loki::Int2Type<6280u>, Loki::Typelist<Loki::Int2Type<6792u>, Loki::NullType> >, Loki::Typelist<Loki::Typelist<Loki::Int2Type<18024u>, Loki::Typelist<Loki::Int2Type<18056u>, Loki::NullType> >, Loki::Typelist<Loki::Int2Type<25575u>, Loki::Typelist<Loki::Int2Type<25544u>, Loki::Typelist<Loki::Typelist<Loki::Int2Type<50789u>, Loki::Typelist<Loki::Int2Type<50821u>, Loki::Typelist<Loki::Int2Type<38917u>, Loki::Typelist<Loki::Int2Type<39429u>, Loki::Typelist<Loki::Int2Type<25189u>, Loki::NullType> > > > >, Loki::NullType> > > > >, Loki::Typelist<Loki::Int2Type<2309u>, Loki::Typelist<Loki::Typelist<Loki::Int2Type<2568u>, Loki::Typelist<Loki::Int2Type<2632u>, Loki::NullType> >, Loki::Typelist<Loki::Typelist<Loki::Int2Type<2824u>, Loki::Typelist<Loki::Int2Type<2888u>, Loki::NullType> >, Loki::Typelist<Loki::Typelist<Loki::Int2Type<3585u>, Loki::Typelist<Loki::Int2Type<3073u>, Loki::NullType> >, Loki::Typelist<Loki::Typelist<Loki::Int2Type<4096u>, Loki::Typelist<Loki::Int2Type<4224u>, Loki::Typelist<Loki::Int2Type<4097u>, Loki::Typelist<Loki::Int2Type<4225u>, Loki::NullType> > > >, Loki::Typelist<Loki::Typelist<Loki::Int2Type<4128u>, Loki::Typelist<Loki::Int2Type<4256u>, Loki::Typelist<Loki::Int2Type<4129u>, Loki::Typelist<Loki::Int2Type<4257u>, Loki::NullType> > > >, Loki::Typelist<Loki::Int2Type<6375u>, Loki::Typelist<Loki::Int2Type<16936u>, Loki::Typelist<Loki::Typelist<Loki::Int2Type<19013u>, Loki::Typelist<Loki::Int2Type<25093u>, Loki::NullType> >, Loki::Typelist<Loki::Int2Type<36103u>, Loki::NullType> > > > > > > > > >, Loki::Typelist<Loki::Int2Type<25093u>, Loki::Typelist<Loki::Int2Type<2309u>, Loki::Typelist<Loki::Int2Type<19013u>, Loki::Typelist<Loki::Int2Type<3585u>, Loki::Typelist<Loki::Int2Type<16936u>, Loki::Typelist<Loki::Int2Type<36103u>, Loki::Typelist<Loki::Int2Type<2568u>, Loki::Typelist<Loki::Int2Type<2824u>, Loki::Typelist<Loki::Int2Type<6375u>, Loki::Typelist<Loki::Int2Type<4096u>, Loki::Typelist<Loki::Int2Type<4224u>, Loki::Typelist<Loki::Int2Type<4128u>, Loki::Typelist<Loki::Int2Type<4256u>, Loki::Typelist<Loki::Int2Type<4097u>, Loki::Typelist<Loki::Int2Type<4225u>, Loki::Typelist<Loki::Int2Type<4129u>, Loki::Typelist<Loki::Int2Type<4257u>, Loki::Typelist<Loki::Int2Type<3073u>, Loki::NullType> > > > > > > > > > > > > > > > > >, 100l, 75l>, canDat>::animadversio())>(void*)
 .text._ZN6srutil8DelegateIFvvEE13function_stubIXadL_Z25clubSendNextPageInterruptvEEEEvPv
                0x00000502       0x56 ./main.o
                0x00000502                void srutil::Delegate<void ()>::function_stub<&(clubSendNextPageInterrupt())>(void*)
 .text._ZN6srutil8DelegateIFvvEE11method_stubI6CanDatIN4Loki8TypelistINS6_INS5_8Int2TypeILj6280EEENS6_INS7_ILj6792EEENS5_8NullTypeEEEEENS6_INS6_INS7_ILj18024EEENS6_INS7_ILj18056EEESA_EEEENS6_INS7_ILj25575EEENS6_INS7_ILj25544EEENS6_INS6_INS7_ILj50789EEENS6_INS7_ILj50821EEENS6_INS7_ILj38917EEENS6_INS7_ILj39429EEENS6_INS7_ILj25189EEESA_EEEEEEEEEESA_EEEEEEEEEENS6_INS7_ILj2309EEENS6_INS6_INS7_ILj2568EEENS6_INS7_ILj2632EEESA_EEEENS6_INS6_INS7_ILj2824EEENS6_INS7_ILj2888EEESA_EEEENS6_INS6_INS7_ILj3585EEENS6_INS7_ILj3073EEESA_EEEENS6_INS6_INS7_ILj4096EEENS6_INS7_ILj4224EEENS6_INS7_ILj4097EEENS6_INS7_ILj4225EEESA_EEEEEEEENS6_INS6_INS7_ILj4128EEENS6_INS7_ILj4256EEENS6_INS7_ILj4129EEENS6_INS7_ILj4257EEESA_EEEEEEEENS6_INS7_ILj6375EEENS6_INS7_ILj16936EEENS6_INS6_INS7_ILj19013EEENS6_INS7_ILj25093EEESA_EEEENS6_INS7_ILj36103EEESA_EEEEEEEEEEEEEEEEEEEENS6_IS1U_NS6_ISY_NS6_IS1T_NS6_IS17_NS6_IS1S_NS6_IS1X_NS6_ISZ_NS6_IS13_NS6_IS1R_NS6_IS1B_NS6_IS1C_NS6_IS1J_NS6_IS1K_NS6_IS1D_NS6_IS1E_NS6_IS1L_NS6_IS1M_S19_EEEEEEEEEEEEEEEEEEEEEEEEEEEEEEEEEELl100ELl75EEXadL_ZNS2P_18rxInterruptHandlerEvEEEEvPv
                0x00000558      0x360 ./main.o
                0x00000558                void srutil::Delegate<void ()>::method_stub<CanDat<Loki::Typelist<Loki::Typelist<Loki::Int2Type<6280u>, Loki::Typelist<Loki::Int2Type<6792u>, Loki::NullType> >, Loki::Typelist<Loki::Typelist<Loki::Int2Type<18024u>, Loki::Typelist<Loki::Int2Type<18056u>, Loki::NullType> >, Loki::Typelist<Loki::Int2Type<25575u>, Loki::Typelist<Loki::Int2Type<25544u>, Loki::Typelist<Loki::Typelist<Loki::Int2Type<50789u>, Loki::Typelist<Loki::Int2Type<50821u>, Loki::Typelist<Loki::Int2Type<38917u>, Loki::Typelist<Loki::Int2Type<39429u>, Loki::Typelist<Loki::Int2Type<25189u>, Loki::NullType> > > > >, Loki::NullType> > > > >, Loki::Typelist<Loki::Int2Type<2309u>, Loki::Typelist<Loki::Typelist<Loki::Int2Type<2568u>, Loki::Typelist<Loki::Int2Type<2632u>, Loki::NullType> >, Loki::Typelist<Loki::Typelist<Loki::Int2Type<2824u>, Loki::Typelist<Loki::Int2Type<2888u>, Loki::NullType> >, Loki::Typelist<Loki::Typelist<Loki::Int2Type<3585u>, Loki::Typelist<Loki::Int2Type<3073u>, Loki::NullType> >, Loki::Typelist<Loki::Typelist<Loki::Int2Type<4096u>, Loki::Typelist<Loki::Int2Type<4224u>, Loki::Typelist<Loki::Int2Type<4097u>, Loki::Typelist<Loki::Int2Type<4225u>, Loki::NullType> > > >, Loki::Typelist<Loki::Typelist<Loki::Int2Type<4128u>, Loki::Typelist<Loki::Int2Type<4256u>, Loki::Typelist<Loki::Int2Type<4129u>, Loki::Typelist<Loki::Int2Type<4257u>, Loki::NullType> > > >, Loki::Typelist<Loki::Int2Type<6375u>, Loki::Typelist<Loki::Int2Type<16936u>, Loki::Typelist<Loki::Typelist<Loki::Int2Type<19013u>, Loki::Typelist<Loki::Int2Type<25093u>, Loki::NullType> >, Loki::Typelist<Loki::Int2Type<36103u>, Loki::NullType> > > > > > > > > >, Loki::Typelist<Loki::Int2Type<25093u>, Loki::Typelist<Loki::Int2Type<2309u>, Loki::Typelist<Loki::Int2Type<19013u>, Loki::Typelist<Loki::Int2Type<3585u>, Loki::Typelist<Loki::Int2Type<16936u>, Loki::Typelist<Loki::Int2Type<36103u>, Loki::Typelist<Loki::Int2Type<2568u>, Loki::Typelist<Loki::Int2Type<2824u>, Loki::Typelist<Loki::Int2Type<6375u>, Loki::Typelist<Loki::Int2Type<4096u>, Loki::Typelist<Loki::Int2Type<4224u>, Loki::Typelist<Loki::Int2Type<4128u>, Loki::Typelist<Loki::Int2Type<4256u>, Loki::Typelist<Loki::Int2Type<4097u>, Loki::Typelist<Loki::Int2Type<4225u>, Loki::Typelist<Loki::Int2Type<4129u>, Loki::Typelist<Loki::Int2Type<4257u>, Loki::Typelist<Loki::Int2Type<3073u>, Loki::NullType> > > > > > > > > > > > > > > > > >, 100l, 75l>, &(CanDat<Loki::Typelist<Loki::Typelist<Loki::Int2Type<6280u>, Loki::Typelist<Loki::Int2Type<6792u>, Loki::NullType> >, Loki::Typelist<Loki::Typelist<Loki::Int2Type<18024u>, Loki::Typelist<Loki::Int2Type<18056u>, Loki::NullType> >, Loki::Typelist<Loki::Int2Type<25575u>, Loki::Typelist<Loki::Int2Type<25544u>, Loki::Typelist<Loki::Typelist<Loki::Int2Type<50789u>, Loki::Typelist<Loki::Int2Type<50821u>, Loki::Typelist<Loki::Int2Type<38917u>, Loki::Typelist<Loki::Int2Type<39429u>, Loki::Typelist<Loki::Int2Type<25189u>, Loki::NullType> > > > >, Loki::NullType> > > > >, Loki::Typelist<Loki::Int2Type<2309u>, Loki::Typelist<Loki::Typelist<Loki::Int2Type<2568u>, Loki::Typelist<Loki::Int2Type<2632u>, Loki::NullType> >, Loki::Typelist<Loki::Typelist<Loki::Int2Type<2824u>, Loki::Typelist<Loki::Int2Type<2888u>, Loki::NullType> >, Loki::Typelist<Loki::Typelist<Loki::Int2Type<3585u>, Loki::Typelist<Loki::Int2Type<3073u>, Loki::NullType> >, Loki::Typelist<Loki::Typelist<Loki::Int2Type<4096u>, Loki::Typelist<Loki::Int2Type<4224u>, Loki::Typelist<Loki::Int2Type<4097u>, Loki::Typelist<Loki::Int2Type<4225u>, Loki::NullType> > > >, Loki::Typelist<Loki::Typelist<Loki::Int2Type<4128u>, Loki::Typelist<Loki::Int2Type<4256u>, Loki::Typelist<Loki::Int2Type<4129u>, Loki::Typelist<Loki::Int2Type<4257u>, Loki::NullType> > > >, Loki::Typelist<Loki::Int2Type<6375u>, Loki::Typelist<Loki::Int2Type<16936u>, Loki::Typelist<Loki::Typelist<Loki::Int2Type<19013u>, Loki::Typelist<Loki::Int2Type<25093u>, Loki::NullType> >, Loki::Typelist<Loki::Int2Type<36103u>, Loki::NullType> > > > > > > > > >, Loki::Typelist<Loki::Int2Type<25093u>, Loki::Typelist<Loki::Int2Type<2309u>, Loki::Typelist<Loki::Int2Type<19013u>, Loki::Typelist<Loki::Int2Type<3585u>, Loki::Typelist<Loki::Int2Type<16936u>, Loki::Typelist<Loki::Int2Type<36103u>, Loki::Typelist<Loki::Int2Type<2568u>, Loki::Typelist<Loki::Int2Type<2824u>, Loki::Typelist<Loki::Int2Type<6375u>, Loki::Typelist<Loki::Int2Type<4096u>, Loki::Typelist<Loki::Int2Type<4224u>, Loki::Typelist<Loki::Int2Type<4128u>, Loki::Typelist<Loki::Int2Type<4256u>, Loki::Typelist<Loki::Int2Type<4097u>, Loki::Typelist<Loki::Int2Type<4225u>, Loki::Typelist<Loki::Int2Type<4129u>, Loki::Typelist<Loki::Int2Type<4257u>, Loki::Typelist<Loki::Int2Type<3073u>, Loki::NullType> > > > > > > > > > > > > > > > > >, 100l, 75l>::rxInterruptHandler())>(void*)
 .text._ZN6srutil8DelegateIFvjEE13function_stubIXadL_Z8kptFallBjEEEEvPvj
                0x000008b8       0x3c ./main.o
                0x000008b8                void srutil::Delegate<void (unsigned int)>::function_stub<&(kptFallB(unsigned int))>(void*, unsigned int)
 .text._ZN6srutil8DelegateIFvjEE13function_stubIXadL_Z8kptFallAjEEEEvPvj
                0x000008f4       0x3c ./main.o
                0x000008f4                void srutil::Delegate<void (unsigned int)>::function_stub<&(kptFallA(unsigned int))>(void*, unsigned int)
 .text._ZN6srutil8DelegateIFvvEE13function_stubIXadL_Z13sysKeyReleasevEEEEvPv
                0x00000930       0x5c ./main.o
                0x00000930                void srutil::Delegate<void ()>::function_stub<&(sysKeyRelease())>(void*)
 .text._ZN6srutil8DelegateIFvjEE13function_stubIXadL_Z16clubSendNextPagejEEEEvPvj
                0x0000098c       0x5a ./main.o
                0x0000098c                void srutil::Delegate<void (unsigned int)>::function_stub<&(clubSendNextPage(unsigned int))>(void*, unsigned int)
 .text._ZN6srutil8DelegateIFvjEE13function_stubIXadL_Z10canDataGetjEEEEvPvj
                0x000009e6       0xae ./main.o
                0x000009e6                void srutil::Delegate<void (unsigned int)>::function_stub<&(canDataGet(unsigned int))>(void*, unsigned int)
 .text._ZN6srutil8DelegateIFvjEE13function_stubIXadL_Z8kptRiseAjEEEEvPvj
                0x00000a94      0x12a ./main.o
                0x00000a94                void srutil::Delegate<void (unsigned int)>::function_stub<&(kptRiseA(unsigned int))>(void*, unsigned int)
 .text._ZN6srutil8DelegateIFvjEE13function_stubIXadL_Z8kptRiseBjEEEEvPvj
                0x00000bbe      0x12a ./main.o
                0x00000bbe                void srutil::Delegate<void (unsigned int)>::function_stub<&(kptRiseB(unsigned int))>(void*, unsigned int)
 .text.__vector_1
                0x00000ce8       0x56 ./main.o
                0x00000ce8                __vector_1
 .text.__vector_2
                0x00000d3e       0x56 ./main.o
                0x00000d3e                __vector_2
 .text.__vector_3
                0x00000d94       0x56 ./main.o
                0x00000d94                __vector_3
 .text.__vector_4
                0x00000dea       0x56 ./main.o
                0x00000dea                __vector_4
 .text.__vector_5
                0x00000e40       0x56 ./main.o
                0x00000e40                __vector_5
 .text.__vector_6
                0x00000e96       0x56 ./main.o
                0x00000e96                __vector_6
 .text.__vector_7
                0x00000eec       0x56 ./main.o
                0x00000eec                __vector_7
 .text.__vector_8
                0x00000f42       0x56 ./main.o
                0x00000f42                __vector_8
 .text.__vector_9
                0x00000f98       0x56 ./main.o
                0x00000f98                __vector_9
 .text.__vector_10
                0x00000fee       0x56 ./main.o
                0x00000fee                __vector_10
 .text.__vector_11
                0x00001044       0x56 ./main.o
                0x00001044                __vector_11
 .text.__vector_12
                0x0000109a       0x56 ./main.o
                0x0000109a                __vector_12
 .text.__vector_13
                0x000010f0       0x56 ./main.o
                0x000010f0                __vector_13
 .text.__vector_14
                0x00001146       0x56 ./main.o
                0x00001146                __vector_14
 .text.__vector_15
                0x0000119c       0x56 ./main.o
                0x0000119c                __vector_15
 .text.__vector_16
                0x000011f2       0x56 ./main.o
                0x000011f2                __vector_16
 .text.__vector_17
                0x00001248       0x56 ./main.o
                0x00001248                __vector_17
 .text.__vector_18
                0x0000129e       0x56 ./main.o
                0x0000129e                __vector_18
 .text.__vector_19
                0x000012f4       0x56 ./main.o
                0x000012f4                __vector_19
 .text.__vector_20
                0x0000134a       0x56 ./main.o
                0x0000134a                __vector_20
 .text.__vector_21
                0x000013a0       0x56 ./main.o
                0x000013a0                __vector_21
 .text.__vector_22
                0x000013f6       0x56 ./main.o
                0x000013f6                __vector_22
 .text.__vector_23
                0x0000144c       0x56 ./main.o
                0x0000144c                __vector_23
 .text.__vector_24
                0x000014a2       0x56 ./main.o
                0x000014a2                __vector_24
 .text.__vector_25
                0x000014f8       0x56 ./main.o
                0x000014f8                __vector_25
 .text.__vector_26
                0x0000154e       0x56 ./main.o
                0x0000154e                __vector_26
 .text.__vector_27
                0x000015a4       0x56 ./main.o
                0x000015a4                __vector_27
 .text.__vector_28
                0x000015fa       0x56 ./main.o
                0x000015fa                __vector_28
 .text.__vector_29
                0x00001650       0x56 ./main.o
                0x00001650                __vector_29
 .text.__vector_30
                0x000016a6       0x56 ./main.o
                0x000016a6                __vector_30
 .text.__vector_31
                0x000016fc       0x56 ./main.o
                0x000016fc                __vector_31
 .text.__vector_32
                0x00001752       0x56 ./main.o
                0x00001752                __vector_32
 .text.__vector_33
                0x000017a8       0x56 ./main.o
                0x000017a8                __vector_33
 .text.__vector_34
                0x000017fe       0x56 ./main.o
                0x000017fe                __vector_34
 .text.__vector_35
                0x00001854       0x56 ./main.o
                0x00001854                __vector_35
 .text.__vector_36
                0x000018aa       0x56 ./main.o
                0x000018aa                __vector_36
 .text._ZN11Programming10memAreaSetEv
                0x00001900       0x40 ./main.o
                0x00001900                Programming::memAreaSet()
 .text._Z11canDataSendj
                0x00001940       0xc2 ./main.o
                0x00001940                canDataSend(unsigned int)
 .text._ZN6srutil8DelegateIFvjEE13function_stubIXadL_Z11canDataSendjEEEEvPvj
                0x00001a02        0x8 ./main.o
                0x00001a02                void srutil::Delegate<void (unsigned int)>::function_stub<&(canDataSend(unsigned int))>(void*, unsigned int)
 .text._Z14sysDiagnosticsj
                0x00001a0a      0x23c ./main.o
                0x00001a0a                sysDiagnostics(unsigned int)
 .text._ZN6srutil8DelegateIFvjEE13function_stubIXadL_Z14sysDiagnosticsjEEEEvPvj
                0x00001c46        0x8 ./main.o
                0x00001c46                void srutil::Delegate<void (unsigned int)>::function_stub<&(sysDiagnostics(unsigned int))>(void*, unsigned int)
 .text._Z6sysKeyj
                0x00001c4e       0xb0 ./main.o
                0x00001c4e                sysKey(unsigned int)
 .text._ZN6srutil8DelegateIFvjEE13function_stubIXadL_Z6sysKeyjEEEEvPvj
                0x00001cfe        0x8 ./main.o
                0x00001cfe                void srutil::Delegate<void (unsigned int)>::function_stub<&(sysKey(unsigned int))>(void*, unsigned int)
 .text._Z8bandDiamPKhS0_
                0x00001d06       0x6c ./main.o
                0x00001d06                bandDiam(unsigned char const*, unsigned char const*)
 .text._Z11eCardParserj
                0x00001d72      0x134 ./main.o
                0x00001d72                eCardParser(unsigned int)
 .text._ZN6srutil8DelegateIFvjEE13function_stubIXadL_Z11eCardParserjEEEEvPvj
                0x00001ea6        0x8 ./main.o
                0x00001ea6                void srutil::Delegate<void (unsigned int)>::function_stub<&(eCardParser(unsigned int))>(void*, unsigned int)
 .text._Z8mcoStatej
                0x00001eae       0x92 ./main.o
                0x00001eae                mcoState(unsigned int)
 .text._ZN6srutil8DelegateIFvjEE13function_stubIXadL_Z9mcoStateAjEEEEvPvj
                0x00001f40        0xc ./main.o
                0x00001f40                void srutil::Delegate<void (unsigned int)>::function_stub<&(mcoStateA(unsigned int))>(void*, unsigned int)
 .text._ZN6srutil8DelegateIFvjEE13function_stubIXadL_Z9mcoStateBjEEEEvPvj
                0x00001f4c        0xc ./main.o
                0x00001f4c                void srutil::Delegate<void (unsigned int)>::function_stub<&(mcoStateB(unsigned int))>(void*, unsigned int)
 .text._Z13commandParserv
                0x00001f58      0x366 ./main.o
                0x00001f58                commandParser()
 .text._ZN6srutil8DelegateIFvvEE13function_stubIXadL_Z13commandParservEEEEvPv
                0x000022be        0x6 ./main.o
                0x000022be                void srutil::Delegate<void ()>::function_stub<&(commandParser())>(void*)
 .text.startup.main
                0x000022c4      0x428 ./main.o
                0x000022c4                main
 .text._ZN7ProgSpi13ProgSpiSimpleIXadL_ZN8Register16spiStatusControlEEEXadL_ZNS1_7spiDataEEEXadL_ZNS1_5portBEEELh0ELh1ELh2ELh3EXadL_ZNS1_5portBEEELh4EE5writeILNS_7MemTypeE0EEEvj
                0x000026ec      0x14a ./main.o
                0x000026ec                void ProgSpi::ProgSpiSimple<&(Register::spiStatusControl), &(Register::spiData), &(Register::portB), (unsigned char)0, (unsigned char)1, (unsigned char)2, (unsigned char)3, &(Register::portB), (unsigned char)4>::write<(ProgSpi::MemType)0>(unsigned int)
 .text._ZN7ProgSpi13ProgSpiSimpleIXadL_ZN8Register16spiStatusControlEEEXadL_ZNS1_7spiDataEEEXadL_ZNS1_5portBEEELh0ELh1ELh2ELh3EXadL_ZNS1_5portBEEELh4EE5writeILNS_7MemTypeE1EEEvj
                0x00002836       0xe6 ./main.o
                0x00002836                void ProgSpi::ProgSpiSimple<&(Register::spiStatusControl), &(Register::spiData), &(Register::portB), (unsigned char)0, (unsigned char)1, (unsigned char)2, (unsigned char)3, &(Register::portB), (unsigned char)4>::write<(ProgSpi::MemType)1>(unsigned int)
 .text._ZN7ProgSpi13ProgSpiSimpleIXadL_ZN8Register16spiStatusControlEEEXadL_ZNS1_7spiDataEEEXadL_ZNS1_5portBEEELh0ELh1ELh2ELh3EXadL_ZNS1_5portBEEELh4EE8readWordILNS_7MemTypeE0EEE7ComplexIjEv
                0x0000291c       0xb6 ./main.o
                0x0000291c                Complex<unsigned int> ProgSpi::ProgSpiSimple<&(Register::spiStatusControl), &(Register::spiData), &(Register::portB), (unsigned char)0, (unsigned char)1, (unsigned char)2, (unsigned char)3, &(Register::portB), (unsigned char)4>::readWord<(ProgSpi::MemType)0>()
 .text._ZN7ProgSpi13ProgSpiSimpleIXadL_ZN8Register16spiStatusControlEEEXadL_ZNS1_7spiDataEEEXadL_ZNS1_5portBEEELh0ELh1ELh2ELh3EXadL_ZNS1_5portBEEELh4EE8readWordILNS_7MemTypeE1EEE7ComplexIjEv
                0x000029d2       0x6a ./main.o
                0x000029d2                Complex<unsigned int> ProgSpi::ProgSpiSimple<&(Register::spiStatusControl), &(Register::spiData), &(Register::portB), (unsigned char)0, (unsigned char)1, (unsigned char)2, (unsigned char)3, &(Register::portB), (unsigned char)4>::readWord<(ProgSpi::MemType)1>()
 .text._ZN11Programming9comParserEv
                0x00002a3c      0x48a ./main.o
                0x00002a3c                Programming::comParser()
 .text._ZN6srutil8DelegateIFvvEE11method_stubI11ProgrammingXadL_ZNS4_9comParserEvEEEEvPv
                0x00002ec6        0x6 ./main.o
                0x00002ec6                void srutil::Delegate<void ()>::method_stub<Programming, &(Programming::comParser())>(void*)
 .text._ZN6CanDatIN4Loki8TypelistINS1_INS0_8Int2TypeILj6280EEENS1_INS2_ILj6792EEENS0_8NullTypeEEEEENS1_INS1_INS2_ILj18024EEENS1_INS2_ILj18056EEES5_EEEENS1_INS2_ILj25575EEENS1_INS2_ILj25544EEENS1_INS1_INS2_ILj50789EEENS1_INS2_ILj50821EEENS1_INS2_ILj38917EEENS1_INS2_ILj39429EEENS1_INS2_ILj25189EEES5_EEEEEEEEEES5_EEEEEEEEEENS1_INS2_ILj2309EEENS1_INS1_INS2_ILj2568EEENS1_INS2_ILj2632EEES5_EEEENS1_INS1_INS2_ILj2824EEENS1_INS2_ILj2888EEES5_EEEENS1_INS1_INS2_ILj3585EEENS1_INS2_ILj3073EEES5_EEEENS1_INS1_INS2_ILj4096EEENS1_INS2_ILj4224EEENS1_INS2_ILj4097EEENS1_INS2_ILj4225EEES5_EEEEEEEENS1_INS1_INS2_ILj4128EEENS1_INS2_ILj4256EEENS1_INS2_ILj4129EEENS1_INS2_ILj4257EEES5_EEEEEEEENS1_INS2_ILj6375EEENS1_INS2_ILj16936EEENS1_INS1_INS2_ILj19013EEENS1_INS2_ILj25093EEES5_EEEENS1_INS2_ILj36103EEES5_EEEEEEEEEEEEEEEEEEEENS1_IS1P_NS1_IST_NS1_IS1O_NS1_IS12_NS1_IS1N_NS1_IS1S_NS1_ISU_NS1_ISY_NS1_IS1M_NS1_IS16_NS1_IS17_NS1_IS1E_NS1_IS1F_NS1_IS18_NS1_IS19_NS1_IS1G_NS1_IS1H_S14_EEEEEEEEEEEEEEEEEEEEEEEEEEEEEEEEEELl100ELl75EEC1Ev
                0x00002ecc      0x3dc ./main.o
                0x00002ecc                CanDat<Loki::Typelist<Loki::Typelist<Loki::Int2Type<6280u>, Loki::Typelist<Loki::Int2Type<6792u>, Loki::NullType> >, Loki::Typelist<Loki::Typelist<Loki::Int2Type<18024u>, Loki::Typelist<Loki::Int2Type<18056u>, Loki::NullType> >, Loki::Typelist<Loki::Int2Type<25575u>, Loki::Typelist<Loki::Int2Type<25544u>, Loki::Typelist<Loki::Typelist<Loki::Int2Type<50789u>, Loki::Typelist<Loki::Int2Type<50821u>, Loki::Typelist<Loki::Int2Type<38917u>, Loki::Typelist<Loki::Int2Type<39429u>, Loki::Typelist<Loki::Int2Type<25189u>, Loki::NullType> > > > >, Loki::NullType> > > > >, Loki::Typelist<Loki::Int2Type<2309u>, Loki::Typelist<Loki::Typelist<Loki::Int2Type<2568u>, Loki::Typelist<Loki::Int2Type<2632u>, Loki::NullType> >, Loki::Typelist<Loki::Typelist<Loki::Int2Type<2824u>, Loki::Typelist<Loki::Int2Type<2888u>, Loki::NullType> >, Loki::Typelist<Loki::Typelist<Loki::Int2Type<3585u>, Loki::Typelist<Loki::Int2Type<3073u>, Loki::NullType> >, Loki::Typelist<Loki::Typelist<Loki::Int2Type<4096u>, Loki::Typelist<Loki::Int2Type<4224u>, Loki::Typelist<Loki::Int2Type<4097u>, Loki::Typelist<Loki::Int2Type<4225u>, Loki::NullType> > > >, Loki::Typelist<Loki::Typelist<Loki::Int2Type<4128u>, Loki::Typelist<Loki::Int2Type<4256u>, Loki::Typelist<Loki::Int2Type<4129u>, Loki::Typelist<Loki::Int2Type<4257u>, Loki::NullType> > > >, Loki::Typelist<Loki::Int2Type<6375u>, Loki::Typelist<Loki::Int2Type<16936u>, Loki::Typelist<Loki::Typelist<Loki::Int2Type<19013u>, Loki::Typelist<Loki::Int2Type<25093u>, Loki::NullType> >, Loki::Typelist<Loki::Int2Type<36103u>, Loki::NullType> > > > > > > > > >, Loki::Typelist<Loki::Int2Type<25093u>, Loki::Typelist<Loki::Int2Type<2309u>, Loki::Typelist<Loki::Int2Type<19013u>, Loki::Typelist<Loki::Int2Type<3585u>, Loki::Typelist<Loki::Int2Type<16936u>, Loki::Typelist<Loki::Int2Type<36103u>, Loki::Typelist<Loki::Int2Type<2568u>, Loki::Typelist<Loki::Int2Type<2824u>, Loki::Typelist<Loki::Int2Type<6375u>, Loki::Typelist<Loki::Int2Type<4096u>, Loki::Typelist<Loki::Int2Type<4224u>, Loki::Typelist<Loki::Int2Type<4128u>, Loki::Typelist<Loki::Int2Type<4256u>, Loki::Typelist<Loki::Int2Type<4097u>, Loki::Typelist<Loki::Int2Type<4225u>, Loki::Typelist<Loki::Int2Type<4129u>, Loki::Typelist<Loki::Int2Type<4257u>, Loki::Typelist<Loki::Int2Type<3073u>, Loki::NullType> > > > > > > > > > > > > > > > > >, 100l, 75l>::CanDat()
 .text._Z41__static_initialization_and_destruction_0ii.constprop.128
                0x000032a8      0x6b0 ./main.o
 .text._ZN4Saut3ComIXadL_ZN8Register13usart1ControlEEEXadL_ZNS1_14usart1BaudRateEEEXadL_ZNS1_10usart1DataEEEXadL_ZNS1_5portDEEELh2EXadL_ZNS1_5portDEEELh3EXadL_ZNS1_5portDEEELh4EXadL_ZNS1_5portBEEELh7ELh1ENS_3DatIN4Loki8TypelistINS3_8Int2TypeILj12EEENS4_INS5_ILj13EEENS4_INS5_ILj14EEENS4_INS5_ILj15EEENS4_INS5_ILj84EEENS4_INS5_ILj85EEENS3_8NullTypeEEEEEEEEEEEEENS4_INS5_ILj8EEENS4_INS5_ILj9EEENS4_INS5_ILj10EEENS4_INS5_ILj11EEENS4_INS5_ILj80EEENS4_INS5_ILj81EEENS4_INS5_ILj82EEENS4_INS5_ILj83EEESC_EEEEEEEEEEEEEEEENS4_IS6_SE_EEEELZ4dataEE9rxHandlerEv
                0x00003958      0x38a ./main.o
                0x00003958                Saut::Com<&(Register::usart1Control), &(Register::usart1BaudRate), &(Register::usart1Data), &(Register::portD), (unsigned char)2, &(Register::portD), (unsigned char)3, &(Register::portD), (unsigned char)4, &(Register::portB), (unsigned char)7, (unsigned char)1, Saut::Dat<Loki::Typelist<Loki::Int2Type<12u>, Loki::Typelist<Loki::Int2Type<13u>, Loki::Typelist<Loki::Int2Type<14u>, Loki::Typelist<Loki::Int2Type<15u>, Loki::Typelist<Loki::Int2Type<84u>, Loki::Typelist<Loki::Int2Type<85u>, Loki::NullType> > > > > >, Loki::Typelist<Loki::Int2Type<8u>, Loki::Typelist<Loki::Int2Type<9u>, Loki::Typelist<Loki::Int2Type<10u>, Loki::Typelist<Loki::Int2Type<11u>, Loki::Typelist<Loki::Int2Type<80u>, Loki::Typelist<Loki::Int2Type<81u>, Loki::Typelist<Loki::Int2Type<82u>, Loki::Typelist<Loki::Int2Type<83u>, Loki::NullType> > > > > > > >, Loki::Typelist<Loki::Int2Type<12u>, Loki::Typelist<Loki::Int2Type<84u>, Loki::Typelist<Loki::Int2Type<85u>, Loki::NullType> > > >, data>::rxHandler()
                0x00003958                Saut::Com<&(Register::usart1Control), &(Register::usart1BaudRate), &(Register::usart1Data), &(Register::portD), (unsigned char)2, &(Register::portD), (unsigned char)3, &(Register::portD), (unsigned char)4, &(Register::portB), (unsigned char)7, (unsigned char)1, Saut::Dat<Loki::Typelist<Loki::Int2Type<12u>, Loki::Typelist<Loki::Int2Type<13u>, Loki::Typelist<Loki::Int2Type<14u>, Loki::Typelist<Loki::Int2Type<15u>, Loki::Typelist<Loki::Int2Type<84u>, Loki::Typelist<Loki::Int2Type<85u>, Loki::NullType> > > > > >, Loki::Typelist<Loki::Int2Type<8u>, Loki::Typelist<Loki::Int2Type<9u>, Loki::Typelist<Loki::Int2Type<10u>, Loki::Typelist<Loki::Int2Type<11u>, Loki::Typelist<Loki::Int2Type<80u>, Loki::Typelist<Loki::Int2Type<81u>, Loki::Typelist<Loki::Int2Type<82u>, Loki::Typelist<Loki::Int2Type<83u>, Loki::NullType> > > > > > > >, Loki::Typelist<Loki::Int2Type<12u>, Loki::Typelist<Loki::Int2Type<84u>, Loki::Typelist<Loki::Int2Type<85u>, Loki::NullType> > > >, data>::rxHandler()
 .text._ZN6srutil8DelegateIFvvEE11method_stubIN4Saut3ComIXadL_ZN8Register13usart1ControlEEEXadL_ZNS6_14usart1BaudRateEEEXadL_ZNS6_10usart1DataEEEXadL_ZNS6_5portDEEELh2EXadL_ZNS6_5portDEEELh3EXadL_ZNS6_5portDEEELh4EXadL_ZNS6_5portBEEELh7ELh1ENS4_3DatIN4Loki8TypelistINS8_8Int2TypeILj12EEENS9_INSA_ILj13EEENS9_INSA_ILj14EEENS9_INSA_ILj15EEENS9_INSA_ILj84EEENS9_INSA_ILj85EEENS8_8NullTypeEEEEEEEEEEEEENS9_INSA_ILj8EEENS9_INSA_ILj9EEENS9_INSA_ILj10EEENS9_INSA_ILj11EEENS9_INSA_ILj80EEENS9_INSA_ILj81EEENS9_INSA_ILj82EEENS9_INSA_ILj83EEESH_EEEEEEEEEEEEEEEENS9_ISB_SJ_EEEELZ4dataEEEXadL_ZNS16_9rxHandlerEvEEEEvPv
                0x00003ce2        0x6 ./main.o
                0x00003ce2                void srutil::Delegate<void ()>::method_stub<Saut::Com<&(Register::usart1Control), &(Register::usart1BaudRate), &(Register::usart1Data), &(Register::portD), (unsigned char)2, &(Register::portD), (unsigned char)3, &(Register::portD), (unsigned char)4, &(Register::portB), (unsigned char)7, (unsigned char)1, Saut::Dat<Loki::Typelist<Loki::Int2Type<12u>, Loki::Typelist<Loki::Int2Type<13u>, Loki::Typelist<Loki::Int2Type<14u>, Loki::Typelist<Loki::Int2Type<15u>, Loki::Typelist<Loki::Int2Type<84u>, Loki::Typelist<Loki::Int2Type<85u>, Loki::NullType> > > > > >, Loki::Typelist<Loki::Int2Type<8u>, Loki::Typelist<Loki::Int2Type<9u>, Loki::Typelist<Loki::Int2Type<10u>, Loki::Typelist<Loki::Int2Type<11u>, Loki::Typelist<Loki::Int2Type<80u>, Loki::Typelist<Loki::Int2Type<81u>, Loki::Typelist<Loki::Int2Type<82u>, Loki::Typelist<Loki::Int2Type<83u>, Loki::NullType> > > > > > > >, Loki::Typelist<Loki::Int2Type<12u>, Loki::Typelist<Loki::Int2Type<84u>, Loki::Typelist<Loki::Int2Type<85u>, Loki::NullType> > > >, data>, &(Saut::Com<&(Register::usart1Control), &(Register::usart1BaudRate), &(Register::usart1Data), &(Register::portD), (unsigned char)2, &(Register::portD), (unsigned char)3, &(Register::portD), (unsigned char)4, &(Register::portB), (unsigned char)7, (unsigned char)1, Saut::Dat<Loki::Typelist<Loki::Int2Type<12u>, Loki::Typelist<Loki::Int2Type<13u>, Loki::Typelist<Loki::Int2Type<14u>, Loki::Typelist<Loki::Int2Type<15u>, Loki::Typelist<Loki::Int2Type<84u>, Loki::Typelist<Loki::Int2Type<85u>, Loki::NullType> > > > > >, Loki::Typelist<Loki::Int2Type<8u>, Loki::Typelist<Loki::Int2Type<9u>, Loki::Typelist<Loki::Int2Type<10u>, Loki::Typelist<Loki::Int2Type<11u>, Loki::Typelist<Loki::Int2Type<80u>, Loki::Typelist<Loki::Int2Type<81u>, Loki::Typelist<Loki::Int2Type<82u>, Loki::Typelist<Loki::Int2Type<83u>, Loki::NullType> > > > > > > >, Loki::Typelist<Loki::Int2Type<12u>, Loki::Typelist<Loki::Int2Type<84u>, Loki::Typelist<Loki::Int2Type<85u>, Loki::NullType> > > >, data>::rxHandler())>(void*)
                0x00003ce2                void srutil::Delegate<void ()>::method_stub<Saut::Com<&(Register::usart1Control), &(Register::usart1BaudRate), &(Register::usart1Data), &(Register::portD), (unsigned char)2, &(Register::portD), (unsigned char)3, &(Register::portD), (unsigned char)4, &(Register::portB), (unsigned char)7, (unsigned char)1, Saut::Dat<Loki::Typelist<Loki::Int2Type<12u>, Loki::Typelist<Loki::Int2Type<13u>, Loki::Typelist<Loki::Int2Type<14u>, Loki::Typelist<Loki::Int2Type<15u>, Loki::Typelist<Loki::Int2Type<84u>, Loki::Typelist<Loki::Int2Type<85u>, Loki::NullType> > > > > >, Loki::Typelist<Loki::Int2Type<8u>, Loki::Typelist<Loki::Int2Type<9u>, Loki::Typelist<Loki::Int2Type<10u>, Loki::Typelist<Loki::Int2Type<11u>, Loki::Typelist<Loki::Int2Type<80u>, Loki::Typelist<Loki::Int2Type<81u>, Loki::Typelist<Loki::Int2Type<82u>, Loki::Typelist<Loki::Int2Type<83u>, Loki::NullType> > > > > > > >, Loki::Typelist<Loki::Int2Type<12u>, Loki::Typelist<Loki::Int2Type<84u>, Loki::Typelist<Loki::Int2Type<85u>, Loki::NullType> > > >, data>, &(Saut::Com<&(Register::usart1Control), &(Register::usart1BaudRate), &(Register::usart1Data), &(Register::portD), (unsigned char)2, &(Register::portD), (unsigned char)3, &(Register::portD), (unsigned char)4, &(Register::portB), (unsigned char)7, (unsigned char)1, Saut::Dat<Loki::Typelist<Loki::Int2Type<12u>, Loki::Typelist<Loki::Int2Type<13u>, Loki::Typelist<Loki::Int2Type<14u>, Loki::Typelist<Loki::Int2Type<15u>, Loki::Typelist<Loki::Int2Type<84u>, Loki::Typelist<Loki::Int2Type<85u>, Loki::NullType> > > > > >, Loki::Typelist<Loki::Int2Type<8u>, Loki::Typelist<Loki::Int2Type<9u>, Loki::Typelist<Loki::Int2Type<10u>, Loki::Typelist<Loki::Int2Type<11u>, Loki::Typelist<Loki::Int2Type<80u>, Loki::Typelist<Loki::Int2Type<81u>, Loki::Typelist<Loki::Int2Type<82u>, Loki::Typelist<Loki::Int2Type<83u>, Loki::NullType> > > > > > > >, Loki::Typelist<Loki::Int2Type<12u>, Loki::Typelist<Loki::Int2Type<84u>, Loki::Typelist<Loki::Int2Type<85u>, Loki::NullType> > > >, data>::rxHandler())>(void*)
 .text._ZN24CeleritasSpatiumDimetiorIXadL_ZN8Register5portCEEEXadL_ZNS0_5portCEEELh4ELh5EXadL_ZNS0_5portBEEELh7E6CanDatIN4Loki8TypelistINS3_INS2_8Int2TypeILj6280EEENS3_INS4_ILj6792EEENS2_8NullTypeEEEEENS3_INS3_INS4_ILj18024EEENS3_INS4_ILj18056EEES7_EEEENS3_INS4_ILj25575EEENS3_INS4_ILj25544EEENS3_INS3_INS4_ILj50789EEENS3_INS4_ILj50821EEENS3_INS4_ILj38917EEENS3_INS4_ILj39429EEENS3_INS4_ILj25189EEES7_EEEEEEEEEES7_EEEEEEEEEENS3_INS4_ILj2309EEENS3_INS3_INS4_ILj2568EEENS3_INS4_ILj2632EEES7_EEEENS3_INS3_INS4_ILj2824EEENS3_INS4_ILj2888EEES7_EEEENS3_INS3_INS4_ILj3585EEENS3_INS4_ILj3073EEES7_EEEENS3_INS3_INS4_ILj4096EEENS3_INS4_ILj4224EEENS3_INS4_ILj4097EEENS3_INS4_ILj4225EEES7_EEEEEEEENS3_INS3_INS4_ILj4128EEENS3_INS4_ILj4256EEENS3_INS4_ILj4129EEENS3_INS4_ILj4257EEES7_EEEEEEEENS3_INS4_ILj6375EEENS3_INS4_ILj16936EEENS3_INS3_INS4_ILj19013EEENS3_INS4_ILj25093EEES7_EEEENS3_INS4_ILj36103EEES7_EEEEEEEEEEEEEEEEEEEENS3_IS1R_NS3_ISV_NS3_IS1Q_NS3_IS14_NS3_IS1P_NS3_IS1U_NS3_ISW_NS3_IS10_NS3_IS1O_NS3_IS18_NS3_IS19_NS3_IS1G_NS3_IS1H_NS3_IS1A_NS3_IS1B_NS3_IS1I_NS3_IS1J_S16_EEEEEEEEEEEEEEEEEEEEEEEEEEEEEEEEEELl100ELl75EELZ6canDatEE7producoEv
                0x00003ce8      0x884 ./main.o
                0x00003ce8                CeleritasSpatiumDimetior<&(Register::portC), &(Register::portC), (unsigned char)4, (unsigned char)5, &(Register::portB), (unsigned char)7, CanDat<Loki::Typelist<Loki::Typelist<Loki::Int2Type<6280u>, Loki::Typelist<Loki::Int2Type<6792u>, Loki::NullType> >, Loki::Typelist<Loki::Typelist<Loki::Int2Type<18024u>, Loki::Typelist<Loki::Int2Type<18056u>, Loki::NullType> >, Loki::Typelist<Loki::Int2Type<25575u>, Loki::Typelist<Loki::Int2Type<25544u>, Loki::Typelist<Loki::Typelist<Loki::Int2Type<50789u>, Loki::Typelist<Loki::Int2Type<50821u>, Loki::Typelist<Loki::Int2Type<38917u>, Loki::Typelist<Loki::Int2Type<39429u>, Loki::Typelist<Loki::Int2Type<25189u>, Loki::NullType> > > > >, Loki::NullType> > > > >, Loki::Typelist<Loki::Int2Type<2309u>, Loki::Typelist<Loki::Typelist<Loki::Int2Type<2568u>, Loki::Typelist<Loki::Int2Type<2632u>, Loki::NullType> >, Loki::Typelist<Loki::Typelist<Loki::Int2Type<2824u>, Loki::Typelist<Loki::Int2Type<2888u>, Loki::NullType> >, Loki::Typelist<Loki::Typelist<Loki::Int2Type<3585u>, Loki::Typelist<Loki::Int2Type<3073u>, Loki::NullType> >, Loki::Typelist<Loki::Typelist<Loki::Int2Type<4096u>, Loki::Typelist<Loki::Int2Type<4224u>, Loki::Typelist<Loki::Int2Type<4097u>, Loki::Typelist<Loki::Int2Type<4225u>, Loki::NullType> > > >, Loki::Typelist<Loki::Typelist<Loki::Int2Type<4128u>, Loki::Typelist<Loki::Int2Type<4256u>, Loki::Typelist<Loki::Int2Type<4129u>, Loki::Typelist<Loki::Int2Type<4257u>, Loki::NullType> > > >, Loki::Typelist<Loki::Int2Type<6375u>, Loki::Typelist<Loki::Int2Type<16936u>, Loki::Typelist<Loki::Typelist<Loki::Int2Type<19013u>, Loki::Typelist<Loki::Int2Type<25093u>, Loki::NullType> >, Loki::Typelist<Loki::Int2Type<36103u>, Loki::NullType> > > > > > > > > >, Loki::Typelist<Loki::Int2Type<25093u>, Loki::Typelist<Loki::Int2Type<2309u>, Loki::Typelist<Loki::Int2Type<19013u>, Loki::Typelist<Loki::Int2Type<3585u>, Loki::Typelist<Loki::Int2Type<16936u>, Loki::Typelist<Loki::Int2Type<36103u>, Loki::Typelist<Loki::Int2Type<2568u>, Loki::Typelist<Loki::Int2Type<2824u>, Loki::Typelist<Loki::Int2Type<6375u>, Loki::Typelist<Loki::Int2Type<4096u>, Loki::Typelist<Loki::Int2Type<4224u>, Loki::Typelist<Loki::Int2Type<4128u>, Loki::Typelist<Loki::Int2Type<4256u>, Loki::Typelist<Loki::Int2Type<4097u>, Loki::Typelist<Loki::Int2Type<4225u>, Loki::Typelist<Loki::Int2Type<4129u>, Loki::Typelist<Loki::Int2Type<4257u>, Loki::Typelist<Loki::Int2Type<3073u>, Loki::NullType> > > > > > > > > > > > > > > > > >, 100l, 75l>, canDat>::produco()
                0x00003ce8                CeleritasSpatiumDimetior<&(Register::portC), &(Register::portC), (unsigned char)4, (unsigned char)5, &(Register::portB), (unsigned char)7, CanDat<Loki::Typelist<Loki::Typelist<Loki::Int2Type<6280u>, Loki::Typelist<Loki::Int2Type<6792u>, Loki::NullType> >, Loki::Typelist<Loki::Typelist<Loki::Int2Type<18024u>, Loki::Typelist<Loki::Int2Type<18056u>, Loki::NullType> >, Loki::Typelist<Loki::Int2Type<25575u>, Loki::Typelist<Loki::Int2Type<25544u>, Loki::Typelist<Loki::Typelist<Loki::Int2Type<50789u>, Loki::Typelist<Loki::Int2Type<50821u>, Loki::Typelist<Loki::Int2Type<38917u>, Loki::Typelist<Loki::Int2Type<39429u>, Loki::Typelist<Loki::Int2Type<25189u>, Loki::NullType> > > > >, Loki::NullType> > > > >, Loki::Typelist<Loki::Int2Type<2309u>, Loki::Typelist<Loki::Typelist<Loki::Int2Type<2568u>, Loki::Typelist<Loki::Int2Type<2632u>, Loki::NullType> >, Loki::Typelist<Loki::Typelist<Loki::Int2Type<2824u>, Loki::Typelist<Loki::Int2Type<2888u>, Loki::NullType> >, Loki::Typelist<Loki::Typelist<Loki::Int2Type<3585u>, Loki::Typelist<Loki::Int2Type<3073u>, Loki::NullType> >, Loki::Typelist<Loki::Typelist<Loki::Int2Type<4096u>, Loki::Typelist<Loki::Int2Type<4224u>, Loki::Typelist<Loki::Int2Type<4097u>, Loki::Typelist<Loki::Int2Type<4225u>, Loki::NullType> > > >, Loki::Typelist<Loki::Typelist<Loki::Int2Type<4128u>, Loki::Typelist<Loki::Int2Type<4256u>, Loki::Typelist<Loki::Int2Type<4129u>, Loki::Typelist<Loki::Int2Type<4257u>, Loki::NullType> > > >, Loki::Typelist<Loki::Int2Type<6375u>, Loki::Typelist<Loki::Int2Type<16936u>, Loki::Typelist<Loki::Typelist<Loki::Int2Type<19013u>, Loki::Typelist<Loki::Int2Type<25093u>, Loki::NullType> >, Loki::Typelist<Loki::Int2Type<36103u>, Loki::NullType> > > > > > > > > >, Loki::Typelist<Loki::Int2Type<25093u>, Loki::Typelist<Loki::Int2Type<2309u>, Loki::Typelist<Loki::Int2Type<19013u>, Loki::Typelist<Loki::Int2Type<3585u>, Loki::Typelist<Loki::Int2Type<16936u>, Loki::Typelist<Loki::Int2Type<36103u>, Loki::Typelist<Loki::Int2Type<2568u>, Loki::Typelist<Loki::Int2Type<2824u>, Loki::Typelist<Loki::Int2Type<6375u>, Loki::Typelist<Loki::Int2Type<4096u>, Loki::Typelist<Loki::Int2Type<4224u>, Loki::Typelist<Loki::Int2Type<4128u>, Loki::Typelist<Loki::Int2Type<4256u>, Loki::Typelist<Loki::Int2Type<4097u>, Loki::Typelist<Loki::Int2Type<4225u>, Loki::Typelist<Loki::Int2Type<4129u>, Loki::Typelist<Loki::Int2Type<4257u>, Loki::Typelist<Loki::Int2Type<3073u>, Loki::NullType> > > > > > > > > > > > > > > > > >, 100l, 75l>, canDat>::produco()
 .text._ZN6srutil8DelegateIFvvEE11method_stubI24CeleritasSpatiumDimetiorIXadL_ZN8Register5portCEEEXadL_ZNS5_5portCEEELh4ELh5EXadL_ZNS5_5portBEEELh7E6CanDatIN4Loki8TypelistINS8_INS7_8Int2TypeILj6280EEENS8_INS9_ILj6792EEENS7_8NullTypeEEEEENS8_INS8_INS9_ILj18024EEENS8_INS9_ILj18056EEESC_EEEENS8_INS9_ILj25575EEENS8_INS9_ILj25544EEENS8_INS8_INS9_ILj50789EEENS8_INS9_ILj50821EEENS8_INS9_ILj38917EEENS8_INS9_ILj39429EEENS8_INS9_ILj25189EEESC_EEEEEEEEEESC_EEEEEEEEEENS8_INS9_ILj2309EEENS8_INS8_INS9_ILj2568EEENS8_INS9_ILj2632EEESC_EEEENS8_INS8_INS9_ILj2824EEENS8_INS9_ILj2888EEESC_EEEENS8_INS8_INS9_ILj3585EEENS8_INS9_ILj3073EEESC_EEEENS8_INS8_INS9_ILj4096EEENS8_INS9_ILj4224EEENS8_INS9_ILj4097EEENS8_INS9_ILj4225EEESC_EEEEEEEENS8_INS8_INS9_ILj4128EEENS8_INS9_ILj4256EEENS8_INS9_ILj4129EEENS8_INS9_ILj4257EEESC_EEEEEEEENS8_INS9_ILj6375EEENS8_INS9_ILj16936EEENS8_INS8_INS9_ILj19013EEENS8_INS9_ILj25093EEESC_EEEENS8_INS9_ILj36103EEESC_EEEEEEEEEEEEEEEEEEEENS8_IS1W_NS8_IS10_NS8_IS1V_NS8_IS19_NS8_IS1U_NS8_IS1Z_NS8_IS11_NS8_IS15_NS8_IS1T_NS8_IS1D_NS8_IS1E_NS8_IS1L_NS8_IS1M_NS8_IS1F_NS8_IS1G_NS8_IS1N_NS8_IS1O_S1B_EEEEEEEEEEEEEEEEEEEEEEEEEEEEEEEEEELl100ELl75EELZ6canDatEEXadL_ZNS2S_7producoEvEEEEvPv
                0x0000456c        0x6 ./main.o
                0x0000456c                void srutil::Delegate<void ()>::method_stub<CeleritasSpatiumDimetior<&(Register::portC), &(Register::portC), (unsigned char)4, (unsigned char)5, &(Register::portB), (unsigned char)7, CanDat<Loki::Typelist<Loki::Typelist<Loki::Int2Type<6280u>, Loki::Typelist<Loki::Int2Type<6792u>, Loki::NullType> >, Loki::Typelist<Loki::Typelist<Loki::Int2Type<18024u>, Loki::Typelist<Loki::Int2Type<18056u>, Loki::NullType> >, Loki::Typelist<Loki::Int2Type<25575u>, Loki::Typelist<Loki::Int2Type<25544u>, Loki::Typelist<Loki::Typelist<Loki::Int2Type<50789u>, Loki::Typelist<Loki::Int2Type<50821u>, Loki::Typelist<Loki::Int2Type<38917u>, Loki::Typelist<Loki::Int2Type<39429u>, Loki::Typelist<Loki::Int2Type<25189u>, Loki::NullType> > > > >, Loki::NullType> > > > >, Loki::Typelist<Loki::Int2Type<2309u>, Loki::Typelist<Loki::Typelist<Loki::Int2Type<2568u>, Loki::Typelist<Loki::Int2Type<2632u>, Loki::NullType> >, Loki::Typelist<Loki::Typelist<Loki::Int2Type<2824u>, Loki::Typelist<Loki::Int2Type<2888u>, Loki::NullType> >, Loki::Typelist<Loki::Typelist<Loki::Int2Type<3585u>, Loki::Typelist<Loki::Int2Type<3073u>, Loki::NullType> >, Loki::Typelist<Loki::Typelist<Loki::Int2Type<4096u>, Loki::Typelist<Loki::Int2Type<4224u>, Loki::Typelist<Loki::Int2Type<4097u>, Loki::Typelist<Loki::Int2Type<4225u>, Loki::NullType> > > >, Loki::Typelist<Loki::Typelist<Loki::Int2Type<4128u>, Loki::Typelist<Loki::Int2Type<4256u>, Loki::Typelist<Loki::Int2Type<4129u>, Loki::Typelist<Loki::Int2Type<4257u>, Loki::NullType> > > >, Loki::Typelist<Loki::Int2Type<6375u>, Loki::Typelist<Loki::Int2Type<16936u>, Loki::Typelist<Loki::Typelist<Loki::Int2Type<19013u>, Loki::Typelist<Loki::Int2Type<25093u>, Loki::NullType> >, Loki::Typelist<Loki::Int2Type<36103u>, Loki::NullType> > > > > > > > > >, Loki::Typelist<Loki::Int2Type<25093u>, Loki::Typelist<Loki::Int2Type<2309u>, Loki::Typelist<Loki::Int2Type<19013u>, Loki::Typelist<Loki::Int2Type<3585u>, Loki::Typelist<Loki::Int2Type<16936u>, Loki::Typelist<Loki::Int2Type<36103u>, Loki::Typelist<Loki::Int2Type<2568u>, Loki::Typelist<Loki::Int2Type<2824u>, Loki::Typelist<Loki::Int2Type<6375u>, Loki::Typelist<Loki::Int2Type<4096u>, Loki::Typelist<Loki::Int2Type<4224u>, Loki::Typelist<Loki::Int2Type<4128u>, Loki::Typelist<Loki::Int2Type<4256u>, Loki::Typelist<Loki::Int2Type<4097u>, Loki::Typelist<Loki::Int2Type<4225u>, Loki::Typelist<Loki::Int2Type<4129u>, Loki::Typelist<Loki::Int2Type<4257u>, Loki::Typelist<Loki::Int2Type<3073u>, Loki::NullType> > > > > > > > > > > > > > > > > >, 100l, 75l>, canDat>, &(CeleritasSpatiumDimetior<&(Register::portC), &(Register::portC), (unsigned char)4, (unsigned char)5, &(Register::portB), (unsigned char)7, CanDat<Loki::Typelist<Loki::Typelist<Loki::Int2Type<6280u>, Loki::Typelist<Loki::Int2Type<6792u>, Loki::NullType> >, Loki::Typelist<Loki::Typelist<Loki::Int2Type<18024u>, Loki::Typelist<Loki::Int2Type<18056u>, Loki::NullType> >, Loki::Typelist<Loki::Int2Type<25575u>, Loki::Typelist<Loki::Int2Type<25544u>, Loki::Typelist<Loki::Typelist<Loki::Int2Type<50789u>, Loki::Typelist<Loki::Int2Type<50821u>, Loki::Typelist<Loki::Int2Type<38917u>, Loki::Typelist<Loki::Int2Type<39429u>, Loki::Typelist<Loki::Int2Type<25189u>, Loki::NullType> > > > >, Loki::NullType> > > > >, Loki::Typelist<Loki::Int2Type<2309u>, Loki::Typelist<Loki::Typelist<Loki::Int2Type<2568u>, Loki::Typelist<Loki::Int2Type<2632u>, Loki::NullType> >, Loki::Typelist<Loki::Typelist<Loki::Int2Type<2824u>, Loki::Typelist<Loki::Int2Type<2888u>, Loki::NullType> >, Loki::Typelist<Loki::Typelist<Loki::Int2Type<3585u>, Loki::Typelist<Loki::Int2Type<3073u>, Loki::NullType> >, Loki::Typelist<Loki::Typelist<Loki::Int2Type<4096u>, Loki::Typelist<Loki::Int2Type<4224u>, Loki::Typelist<Loki::Int2Type<4097u>, Loki::Typelist<Loki::Int2Type<4225u>, Loki::NullType> > > >, Loki::Typelist<Loki::Typelist<Loki::Int2Type<4128u>, Loki::Typelist<Loki::Int2Type<4256u>, Loki::Typelist<Loki::Int2Type<4129u>, Loki::Typelist<Loki::Int2Type<4257u>, Loki::NullType> > > >, Loki::Typelist<Loki::Int2Type<6375u>, Loki::Typelist<Loki::Int2Type<16936u>, Loki::Typelist<Loki::Typelist<Loki::Int2Type<19013u>, Loki::Typelist<Loki::Int2Type<25093u>, Loki::NullType> >, Loki::Typelist<Loki::Int2Type<36103u>, Loki::NullType> > > > > > > > > >, Loki::Typelist<Loki::Int2Type<25093u>, Loki::Typelist<Loki::Int2Type<2309u>, Loki::Typelist<Loki::Int2Type<19013u>, Loki::Typelist<Loki::Int2Type<3585u>, Loki::Typelist<Loki::Int2Type<16936u>, Loki::Typelist<Loki::Int2Type<36103u>, Loki::Typelist<Loki::Int2Type<2568u>, Loki::Typelist<Loki::Int2Type<2824u>, Loki::Typelist<Loki::Int2Type<6375u>, Loki::Typelist<Loki::Int2Type<4096u>, Loki::Typelist<Loki::Int2Type<4224u>, Loki::Typelist<Loki::Int2Type<4128u>, Loki::Typelist<Loki::Int2Type<4256u>, Loki::Typelist<Loki::Int2Type<4097u>, Loki::Typelist<Loki::Int2Type<4225u>, Loki::Typelist<Loki::Int2Type<4129u>, Loki::Typelist<Loki::Int2Type<4257u>, Loki::Typelist<Loki::Int2Type<3073u>, Loki::NullType> > > > > > > > > > > > > > > > > >, 100l, 75l>, canDat>::produco())>(void*)
                0x0000456c                void srutil::Delegate<void ()>::method_stub<CeleritasSpatiumDimetior<&(Register::portC), &(Register::portC), (unsigned char)4, (unsigned char)5, &(Register::portB), (unsigned char)7, CanDat<Loki::Typelist<Loki::Typelist<Loki::Int2Type<6280u>, Loki::Typelist<Loki::Int2Type<6792u>, Loki::NullType> >, Loki::Typelist<Loki::Typelist<Loki::Int2Type<18024u>, Loki::Typelist<Loki::Int2Type<18056u>, Loki::NullType> >, Loki::Typelist<Loki::Int2Type<25575u>, Loki::Typelist<Loki::Int2Type<25544u>, Loki::Typelist<Loki::Typelist<Loki::Int2Type<50789u>, Loki::Typelist<Loki::Int2Type<50821u>, Loki::Typelist<Loki::Int2Type<38917u>, Loki::Typelist<Loki::Int2Type<39429u>, Loki::Typelist<Loki::Int2Type<25189u>, Loki::NullType> > > > >, Loki::NullType> > > > >, Loki::Typelist<Loki::Int2Type<2309u>, Loki::Typelist<Loki::Typelist<Loki::Int2Type<2568u>, Loki::Typelist<Loki::Int2Type<2632u>, Loki::NullType> >, Loki::Typelist<Loki::Typelist<Loki::Int2Type<2824u>, Loki::Typelist<Loki::Int2Type<2888u>, Loki::NullType> >, Loki::Typelist<Loki::Typelist<Loki::Int2Type<3585u>, Loki::Typelist<Loki::Int2Type<3073u>, Loki::NullType> >, Loki::Typelist<Loki::Typelist<Loki::Int2Type<4096u>, Loki::Typelist<Loki::Int2Type<4224u>, Loki::Typelist<Loki::Int2Type<4097u>, Loki::Typelist<Loki::Int2Type<4225u>, Loki::NullType> > > >, Loki::Typelist<Loki::Typelist<Loki::Int2Type<4128u>, Loki::Typelist<Loki::Int2Type<4256u>, Loki::Typelist<Loki::Int2Type<4129u>, Loki::Typelist<Loki::Int2Type<4257u>, Loki::NullType> > > >, Loki::Typelist<Loki::Int2Type<6375u>, Loki::Typelist<Loki::Int2Type<16936u>, Loki::Typelist<Loki::Typelist<Loki::Int2Type<19013u>, Loki::Typelist<Loki::Int2Type<25093u>, Loki::NullType> >, Loki::Typelist<Loki::Int2Type<36103u>, Loki::NullType> > > > > > > > > >, Loki::Typelist<Loki::Int2Type<25093u>, Loki::Typelist<Loki::Int2Type<2309u>, Loki::Typelist<Loki::Int2Type<19013u>, Loki::Typelist<Loki::Int2Type<3585u>, Loki::Typelist<Loki::Int2Type<16936u>, Loki::Typelist<Loki::Int2Type<36103u>, Loki::Typelist<Loki::Int2Type<2568u>, Loki::Typelist<Loki::Int2Type<2824u>, Loki::Typelist<Loki::Int2Type<6375u>, Loki::Typelist<Loki::Int2Type<4096u>, Loki::Typelist<Loki::Int2Type<4224u>, Loki::Typelist<Loki::Int2Type<4128u>, Loki::Typelist<Loki::Int2Type<4256u>, Loki::Typelist<Loki::Int2Type<4097u>, Loki::Typelist<Loki::Int2Type<4225u>, Loki::Typelist<Loki::Int2Type<4129u>, Loki::Typelist<Loki::Int2Type<4257u>, Loki::Typelist<Loki::Int2Type<3073u>, Loki::NullType> > > > > > > > > > > > > > > > > >, 100l, 75l>, canDat>, &(CeleritasSpatiumDimetior<&(Register::portC), &(Register::portC), (unsigned char)4, (unsigned char)5, &(Register::portB), (unsigned char)7, CanDat<Loki::Typelist<Loki::Typelist<Loki::Int2Type<6280u>, Loki::Typelist<Loki::Int2Type<6792u>, Loki::NullType> >, Loki::Typelist<Loki::Typelist<Loki::Int2Type<18024u>, Loki::Typelist<Loki::Int2Type<18056u>, Loki::NullType> >, Loki::Typelist<Loki::Int2Type<25575u>, Loki::Typelist<Loki::Int2Type<25544u>, Loki::Typelist<Loki::Typelist<Loki::Int2Type<50789u>, Loki::Typelist<Loki::Int2Type<50821u>, Loki::Typelist<Loki::Int2Type<38917u>, Loki::Typelist<Loki::Int2Type<39429u>, Loki::Typelist<Loki::Int2Type<25189u>, Loki::NullType> > > > >, Loki::NullType> > > > >, Loki::Typelist<Loki::Int2Type<2309u>, Loki::Typelist<Loki::Typelist<Loki::Int2Type<2568u>, Loki::Typelist<Loki::Int2Type<2632u>, Loki::NullType> >, Loki::Typelist<Loki::Typelist<Loki::Int2Type<2824u>, Loki::Typelist<Loki::Int2Type<2888u>, Loki::NullType> >, Loki::Typelist<Loki::Typelist<Loki::Int2Type<3585u>, Loki::Typelist<Loki::Int2Type<3073u>, Loki::NullType> >, Loki::Typelist<Loki::Typelist<Loki::Int2Type<4096u>, Loki::Typelist<Loki::Int2Type<4224u>, Loki::Typelist<Loki::Int2Type<4097u>, Loki::Typelist<Loki::Int2Type<4225u>, Loki::NullType> > > >, Loki::Typelist<Loki::Typelist<Loki::Int2Type<4128u>, Loki::Typelist<Loki::Int2Type<4256u>, Loki::Typelist<Loki::Int2Type<4129u>, Loki::Typelist<Loki::Int2Type<4257u>, Loki::NullType> > > >, Loki::Typelist<Loki::Int2Type<6375u>, Loki::Typelist<Loki::Int2Type<16936u>, Loki::Typelist<Loki::Typelist<Loki::Int2Type<19013u>, Loki::Typelist<Loki::Int2Type<25093u>, Loki::NullType> >, Loki::Typelist<Loki::Int2Type<36103u>, Loki::NullType> > > > > > > > > >, Loki::Typelist<Loki::Int2Type<25093u>, Loki::Typelist<Loki::Int2Type<2309u>, Loki::Typelist<Loki::Int2Type<19013u>, Loki::Typelist<Loki::Int2Type<3585u>, Loki::Typelist<Loki::Int2Type<16936u>, Loki::Typelist<Loki::Int2Type<36103u>, Loki::Typelist<Loki::Int2Type<2568u>, Loki::Typelist<Loki::Int2Type<2824u>, Loki::Typelist<Loki::Int2Type<6375u>, Loki::Typelist<Loki::Int2Type<4096u>, Loki::Typelist<Loki::Int2Type<4224u>, Loki::Typelist<Loki::Int2Type<4128u>, Loki::Typelist<Loki::Int2Type<4256u>, Loki::Typelist<Loki::Int2Type<4097u>, Loki::Typelist<Loki::Int2Type<4225u>, Loki::Typelist<Loki::Int2Type<4129u>, Loki::Typelist<Loki::Int2Type<4257u>, Loki::Typelist<Loki::Int2Type<3073u>, Loki::NullType> > > > > > > > > > > > > > > > > >, 100l, 75l>, canDat>::produco())>(void*)
 .text._ZN8DimetiorIXadL_ZN8Register5portCEEELh4ELh5ELj4096ELj43085ELj65535ELm100EE7computoERKh
                0x00004572      0x1a2 ./main.o
                0x00004572                Dimetior<&(Register::portC), (unsigned char)4, (unsigned char)5, 4096u, 43085u, 65535u, 100ul>::computo(unsigned char const&)
 .text._ZN8DimetiorIXadL_ZN8Register5portCEEELh4ELh5ELj4096ELj43085ELj65535ELm100EE17commoratioCanalisERKh
                0x00004714       0xce ./main.o
                0x00004714                Dimetior<&(Register::portC), (unsigned char)4, (unsigned char)5, 4096u, 43085u, 65535u, 100ul>::commoratioCanalis(unsigned char const&)
 .text._ZN8DimetiorIXadL_ZN8Register5portCEEELh4ELh5ELj4096ELj43085ELj65535ELm100EE7punctumEh
                0x000047e2      0x168 ./main.o
                0x000047e2                Dimetior<&(Register::portC), (unsigned char)4, (unsigned char)5, 4096u, 43085u, 65535u, 100ul>::punctum(unsigned char)
 .text._ZN6srutil8DelegateIFvjEE11method_stubI24CeleritasSpatiumDimetiorIXadL_ZN8Register5portCEEEXadL_ZNS5_5portCEEELh4ELh5EXadL_ZNS5_5portBEEELh7E6CanDatIN4Loki8TypelistINS8_INS7_8Int2TypeILj6280EEENS8_INS9_ILj6792EEENS7_8NullTypeEEEEENS8_INS8_INS9_ILj18024EEENS8_INS9_ILj18056EEESC_EEEENS8_INS9_ILj25575EEENS8_INS9_ILj25544EEENS8_INS8_INS9_ILj50789EEENS8_INS9_ILj50821EEENS8_INS9_ILj38917EEENS8_INS9_ILj39429EEENS8_INS9_ILj25189EEESC_EEEEEEEEEESC_EEEEEEEEEENS8_INS9_ILj2309EEENS8_INS8_INS9_ILj2568EEENS8_INS9_ILj2632EEESC_EEEENS8_INS8_INS9_ILj2824EEENS8_INS9_ILj2888EEESC_EEEENS8_INS8_INS9_ILj3585EEENS8_INS9_ILj3073EEESC_EEEENS8_INS8_INS9_ILj4096EEENS8_INS9_ILj4224EEENS8_INS9_ILj4097EEENS8_INS9_ILj4225EEESC_EEEEEEEENS8_INS8_INS9_ILj4128EEENS8_INS9_ILj4256EEENS8_INS9_ILj4129EEENS8_INS9_ILj4257EEESC_EEEEEEEENS8_INS9_ILj6375EEENS8_INS9_ILj16936EEENS8_INS8_INS9_ILj19013EEENS8_INS9_ILj25093EEESC_EEEENS8_INS9_ILj36103EEESC_EEEEEEEEEEEEEEEEEEEENS8_IS1W_NS8_IS10_NS8_IS1V_NS8_IS19_NS8_IS1U_NS8_IS1Z_NS8_IS11_NS8_IS15_NS8_IS1T_NS8_IS1D_NS8_IS1E_NS8_IS1L_NS8_IS1M_NS8_IS1F_NS8_IS1G_NS8_IS1N_NS8_IS1O_S1B_EEEEEEEEEEEEEEEEEEEEEEEEEEEEEEEEEELl100ELl75EELZ6canDatEEXadL_ZNS2S_14corpusVicissimEjEEEEvPvj
                0x0000494a      0x10e ./main.o
                0x0000494a                void srutil::Delegate<void (unsigned int)>::method_stub<CeleritasSpatiumDimetior<&(Register::portC), &(Register::portC), (unsigned char)4, (unsigned char)5, &(Register::portB), (unsigned char)7, CanDat<Loki::Typelist<Loki::Typelist<Loki::Int2Type<6280u>, Loki::Typelist<Loki::Int2Type<6792u>, Loki::NullType> >, Loki::Typelist<Loki::Typelist<Loki::Int2Type<18024u>, Loki::Typelist<Loki::Int2Type<18056u>, Loki::NullType> >, Loki::Typelist<Loki::Int2Type<25575u>, Loki::Typelist<Loki::Int2Type<25544u>, Loki::Typelist<Loki::Typelist<Loki::Int2Type<50789u>, Loki::Typelist<Loki::Int2Type<50821u>, Loki::Typelist<Loki::Int2Type<38917u>, Loki::Typelist<Loki::Int2Type<39429u>, Loki::Typelist<Loki::Int2Type<25189u>, Loki::NullType> > > > >, Loki::NullType> > > > >, Loki::Typelist<Loki::Int2Type<2309u>, Loki::Typelist<Loki::Typelist<Loki::Int2Type<2568u>, Loki::Typelist<Loki::Int2Type<2632u>, Loki::NullType> >, Loki::Typelist<Loki::Typelist<Loki::Int2Type<2824u>, Loki::Typelist<Loki::Int2Type<2888u>, Loki::NullType> >, Loki::Typelist<Loki::Typelist<Loki::Int2Type<3585u>, Loki::Typelist<Loki::Int2Type<3073u>, Loki::NullType> >, Loki::Typelist<Loki::Typelist<Loki::Int2Type<4096u>, Loki::Typelist<Loki::Int2Type<4224u>, Loki::Typelist<Loki::Int2Type<4097u>, Loki::Typelist<Loki::Int2Type<4225u>, Loki::NullType> > > >, Loki::Typelist<Loki::Typelist<Loki::Int2Type<4128u>, Loki::Typelist<Loki::Int2Type<4256u>, Loki::Typelist<Loki::Int2Type<4129u>, Loki::Typelist<Loki::Int2Type<4257u>, Loki::NullType> > > >, Loki::Typelist<Loki::Int2Type<6375u>, Loki::Typelist<Loki::Int2Type<16936u>, Loki::Typelist<Loki::Typelist<Loki::Int2Type<19013u>, Loki::Typelist<Loki::Int2Type<25093u>, Loki::NullType> >, Loki::Typelist<Loki::Int2Type<36103u>, Loki::NullType> > > > > > > > > >, Loki::Typelist<Loki::Int2Type<25093u>, Loki::Typelist<Loki::Int2Type<2309u>, Loki::Typelist<Loki::Int2Type<19013u>, Loki::Typelist<Loki::Int2Type<3585u>, Loki::Typelist<Loki::Int2Type<16936u>, Loki::Typelist<Loki::Int2Type<36103u>, Loki::Typelist<Loki::Int2Type<2568u>, Loki::Typelist<Loki::Int2Type<2824u>, Loki::Typelist<Loki::Int2Type<6375u>, Loki::Typelist<Loki::Int2Type<4096u>, Loki::Typelist<Loki::Int2Type<4224u>, Loki::Typelist<Loki::Int2Type<4128u>, Loki::Typelist<Loki::Int2Type<4256u>, Loki::Typelist<Loki::Int2Type<4097u>, Loki::Typelist<Loki::Int2Type<4225u>, Loki::Typelist<Loki::Int2Type<4129u>, Loki::Typelist<Loki::Int2Type<4257u>, Loki::Typelist<Loki::Int2Type<3073u>, Loki::NullType> > > > > > > > > > > > > > > > > >, 100l, 75l>, canDat>, &(CeleritasSpatiumDimetior<&(Register::portC), &(Register::portC), (unsigned char)4, (unsigned char)5, &(Register::portB), (unsigned char)7, CanDat<Loki::Typelist<Loki::Typelist<Loki::Int2Type<6280u>, Loki::Typelist<Loki::Int2Type<6792u>, Loki::NullType> >, Loki::Typelist<Loki::Typelist<Loki::Int2Type<18024u>, Loki::Typelist<Loki::Int2Type<18056u>, Loki::NullType> >, Loki::Typelist<Loki::Int2Type<25575u>, Loki::Typelist<Loki::Int2Type<25544u>, Loki::Typelist<Loki::Typelist<Loki::Int2Type<50789u>, Loki::Typelist<Loki::Int2Type<50821u>, Loki::Typelist<Loki::Int2Type<38917u>, Loki::Typelist<Loki::Int2Type<39429u>, Loki::Typelist<Loki::Int2Type<25189u>, Loki::NullType> > > > >, Loki::NullType> > > > >, Loki::Typelist<Loki::Int2Type<2309u>, Loki::Typelist<Loki::Typelist<Loki::Int2Type<2568u>, Loki::Typelist<Loki::Int2Type<2632u>, Loki::NullType> >, Loki::Typelist<Loki::Typelist<Loki::Int2Type<2824u>, Loki::Typelist<Loki::Int2Type<2888u>, Loki::NullType> >, Loki::Typelist<Loki::Typelist<Loki::Int2Type<3585u>, Loki::Typelist<Loki::Int2Type<3073u>, Loki::NullType> >, Loki::Typelist<Loki::Typelist<Loki::Int2Type<4096u>, Loki::Typelist<Loki::Int2Type<4224u>, Loki::Typelist<Loki::Int2Type<4097u>, Loki::Typelist<Loki::Int2Type<4225u>, Loki::NullType> > > >, Loki::Typelist<Loki::Typelist<Loki::Int2Type<4128u>, Loki::Typelist<Loki::Int2Type<4256u>, Loki::Typelist<Loki::Int2Type<4129u>, Loki::Typelist<Loki::Int2Type<4257u>, Loki::NullType> > > >, Loki::Typelist<Loki::Int2Type<6375u>, Loki::Typelist<Loki::Int2Type<16936u>, Loki::Typelist<Loki::Typelist<Loki::Int2Type<19013u>, Loki::Typelist<Loki::Int2Type<25093u>, Loki::NullType> >, Loki::Typelist<Loki::Int2Type<36103u>, Loki::NullType> > > > > > > > > >, Loki::Typelist<Loki::Int2Type<25093u>, Loki::Typelist<Loki::Int2Type<2309u>, Loki::Typelist<Loki::Int2Type<19013u>, Loki::Typelist<Loki::Int2Type<3585u>, Loki::Typelist<Loki::Int2Type<16936u>, Loki::Typelist<Loki::Int2Type<36103u>, Loki::Typelist<Loki::Int2Type<2568u>, Loki::Typelist<Loki::Int2Type<2824u>, Loki::Typelist<Loki::Int2Type<6375u>, Loki::Typelist<Loki::Int2Type<4096u>, Loki::Typelist<Loki::Int2Type<4224u>, Loki::Typelist<Loki::Int2Type<4128u>, Loki::Typelist<Loki::Int2Type<4256u>, Loki::Typelist<Loki::Int2Type<4097u>, Loki::Typelist<Loki::Int2Type<4225u>, Loki::Typelist<Loki::Int2Type<4129u>, Loki::Typelist<Loki::Int2Type<4257u>, Loki::Typelist<Loki::Int2Type<3073u>, Loki::NullType> > > > > > > > > > > > > > > > > >, 100l, 75l>, canDat>::corpusVicissim(unsigned int))>(void*, unsigned int)
                0x0000494a                void srutil::Delegate<void (unsigned int)>::method_stub<CeleritasSpatiumDimetior<&(Register::portC), &(Register::portC), (unsigned char)4, (unsigned char)5, &(Register::portB), (unsigned char)7, CanDat<Loki::Typelist<Loki::Typelist<Loki::Int2Type<6280u>, Loki::Typelist<Loki::Int2Type<6792u>, Loki::NullType> >, Loki::Typelist<Loki::Typelist<Loki::Int2Type<18024u>, Loki::Typelist<Loki::Int2Type<18056u>, Loki::NullType> >, Loki::Typelist<Loki::Int2Type<25575u>, Loki::Typelist<Loki::Int2Type<25544u>, Loki::Typelist<Loki::Typelist<Loki::Int2Type<50789u>, Loki::Typelist<Loki::Int2Type<50821u>, Loki::Typelist<Loki::Int2Type<38917u>, Loki::Typelist<Loki::Int2Type<39429u>, Loki::Typelist<Loki::Int2Type<25189u>, Loki::NullType> > > > >, Loki::NullType> > > > >, Loki::Typelist<Loki::Int2Type<2309u>, Loki::Typelist<Loki::Typelist<Loki::Int2Type<2568u>, Loki::Typelist<Loki::Int2Type<2632u>, Loki::NullType> >, Loki::Typelist<Loki::Typelist<Loki::Int2Type<2824u>, Loki::Typelist<Loki::Int2Type<2888u>, Loki::NullType> >, Loki::Typelist<Loki::Typelist<Loki::Int2Type<3585u>, Loki::Typelist<Loki::Int2Type<3073u>, Loki::NullType> >, Loki::Typelist<Loki::Typelist<Loki::Int2Type<4096u>, Loki::Typelist<Loki::Int2Type<4224u>, Loki::Typelist<Loki::Int2Type<4097u>, Loki::Typelist<Loki::Int2Type<4225u>, Loki::NullType> > > >, Loki::Typelist<Loki::Typelist<Loki::Int2Type<4128u>, Loki::Typelist<Loki::Int2Type<4256u>, Loki::Typelist<Loki::Int2Type<4129u>, Loki::Typelist<Loki::Int2Type<4257u>, Loki::NullType> > > >, Loki::Typelist<Loki::Int2Type<6375u>, Loki::Typelist<Loki::Int2Type<16936u>, Loki::Typelist<Loki::Typelist<Loki::Int2Type<19013u>, Loki::Typelist<Loki::Int2Type<25093u>, Loki::NullType> >, Loki::Typelist<Loki::Int2Type<36103u>, Loki::NullType> > > > > > > > > >, Loki::Typelist<Loki::Int2Type<25093u>, Loki::Typelist<Loki::Int2Type<2309u>, Loki::Typelist<Loki::Int2Type<19013u>, Loki::Typelist<Loki::Int2Type<3585u>, Loki::Typelist<Loki::Int2Type<16936u>, Loki::Typelist<Loki::Int2Type<36103u>, Loki::Typelist<Loki::Int2Type<2568u>, Loki::Typelist<Loki::Int2Type<2824u>, Loki::Typelist<Loki::Int2Type<6375u>, Loki::Typelist<Loki::Int2Type<4096u>, Loki::Typelist<Loki::Int2Type<4224u>, Loki::Typelist<Loki::Int2Type<4128u>, Loki::Typelist<Loki::Int2Type<4256u>, Loki::Typelist<Loki::Int2Type<4097u>, Loki::Typelist<Loki::Int2Type<4225u>, Loki::Typelist<Loki::Int2Type<4129u>, Loki::Typelist<Loki::Int2Type<4257u>, Loki::Typelist<Loki::Int2Type<3073u>, Loki::NullType> > > > > > > > > > > > > > > > > >, 100l, 75l>, canDat>, &(CeleritasSpatiumDimetior<&(Register::portC), &(Register::portC), (unsigned char)4, (unsigned char)5, &(Register::portB), (unsigned char)7, CanDat<Loki::Typelist<Loki::Typelist<Loki::Int2Type<6280u>, Loki::Typelist<Loki::Int2Type<6792u>, Loki::NullType> >, Loki::Typelist<Loki::Typelist<Loki::Int2Type<18024u>, Loki::Typelist<Loki::Int2Type<18056u>, Loki::NullType> >, Loki::Typelist<Loki::Int2Type<25575u>, Loki::Typelist<Loki::Int2Type<25544u>, Loki::Typelist<Loki::Typelist<Loki::Int2Type<50789u>, Loki::Typelist<Loki::Int2Type<50821u>, Loki::Typelist<Loki::Int2Type<38917u>, Loki::Typelist<Loki::Int2Type<39429u>, Loki::Typelist<Loki::Int2Type<25189u>, Loki::NullType> > > > >, Loki::NullType> > > > >, Loki::Typelist<Loki::Int2Type<2309u>, Loki::Typelist<Loki::Typelist<Loki::Int2Type<2568u>, Loki::Typelist<Loki::Int2Type<2632u>, Loki::NullType> >, Loki::Typelist<Loki::Typelist<Loki::Int2Type<2824u>, Loki::Typelist<Loki::Int2Type<2888u>, Loki::NullType> >, Loki::Typelist<Loki::Typelist<Loki::Int2Type<3585u>, Loki::Typelist<Loki::Int2Type<3073u>, Loki::NullType> >, Loki::Typelist<Loki::Typelist<Loki::Int2Type<4096u>, Loki::Typelist<Loki::Int2Type<4224u>, Loki::Typelist<Loki::Int2Type<4097u>, Loki::Typelist<Loki::Int2Type<4225u>, Loki::NullType> > > >, Loki::Typelist<Loki::Typelist<Loki::Int2Type<4128u>, Loki::Typelist<Loki::Int2Type<4256u>, Loki::Typelist<Loki::Int2Type<4129u>, Loki::Typelist<Loki::Int2Type<4257u>, Loki::NullType> > > >, Loki::Typelist<Loki::Int2Type<6375u>, Loki::Typelist<Loki::Int2Type<16936u>, Loki::Typelist<Loki::Typelist<Loki::Int2Type<19013u>, Loki::Typelist<Loki::Int2Type<25093u>, Loki::NullType> >, Loki::Typelist<Loki::Int2Type<36103u>, Loki::NullType> > > > > > > > > >, Loki::Typelist<Loki::Int2Type<25093u>, Loki::Typelist<Loki::Int2Type<2309u>, Loki::Typelist<Loki::Int2Type<19013u>, Loki::Typelist<Loki::Int2Type<3585u>, Loki::Typelist<Loki::Int2Type<16936u>, Loki::Typelist<Loki::Int2Type<36103u>, Loki::Typelist<Loki::Int2Type<2568u>, Loki::Typelist<Loki::Int2Type<2824u>, Loki::Typelist<Loki::Int2Type<6375u>, Loki::Typelist<Loki::Int2Type<4096u>, Loki::Typelist<Loki::Int2Type<4224u>, Loki::Typelist<Loki::Int2Type<4128u>, Loki::Typelist<Loki::Int2Type<4256u>, Loki::Typelist<Loki::Int2Type<4097u>, Loki::Typelist<Loki::Int2Type<4225u>, Loki::Typelist<Loki::Int2Type<4129u>, Loki::Typelist<Loki::Int2Type<4257u>, Loki::Typelist<Loki::Int2Type<3073u>, Loki::NullType> > > > > > > > > > > > > > > > > >, 100l, 75l>, canDat>::corpusVicissim(unsigned int))>(void*, unsigned int)
 .text.startup._GLOBAL__sub_I___cxa_guard_acquire
                0x00004a58        0xa ./main.o
 .text.exit._GLOBAL__sub_D___cxa_guard_acquire
                0x00004a62        0xa ./main.o
 .text.libgcc   0x00004a6c       0x3e c:/program files/avr-gcc-2.6.1/bin/../lib/gcc/avr/4.6.1/avr5\libgcc.a(_mulsi3.o)
                0x00004a6c                __mulsi3
 .text.libgcc   0x00004aaa       0x28 c:/program files/avr-gcc-2.6.1/bin/../lib/gcc/avr/4.6.1/avr5\libgcc.a(_udivmodhi4.o)
                0x00004aaa                __udivmodhi4
 .text.libgcc   0x00004ad2       0x44 c:/program files/avr-gcc-2.6.1/bin/../lib/gcc/avr/4.6.1/avr5\libgcc.a(_udivmodsi4.o)
                0x00004ad2                __udivmodsi4
 .text.libgcc   0x00004b16       0x36 c:/program files/avr-gcc-2.6.1/bin/../lib/gcc/avr/4.6.1/avr5\libgcc.a(_divmodsi4.o)
                0x00004b16                __divmodsi4
 .text.libgcc   0x00004b4c        0xc c:/program files/avr-gcc-2.6.1/bin/../lib/gcc/avr/4.6.1/avr5\libgcc.a(_tablejump.o)
                0x00004b4c                __tablejump2__
                0x00004b50                __tablejump__
 .text.avr-libc
                0x00004b58      0x25e c:/program files/avr-gcc-2.6.1/bin/../lib/gcc/avr/4.6.1/../../../../avr/lib/avr5\libc.a(malloc.o)
                0x00004b58                malloc
                0x00004c84                free
 .text.avr-libc
                0x00004db6       0x10 c:/program files/avr-gcc-2.6.1/bin/../lib/gcc/avr/4.6.1/../../../../avr/lib/avr5\libc.a(eerd_byte_at90can64.o)
                0x00004db6                __eerd_byte_can64
 .text.avr-libc
                0x00004dc6        0xc c:/program files/avr-gcc-2.6.1/bin/../lib/gcc/avr/4.6.1/../../../../avr/lib/avr5\libc.a(eerd_word_at90can64.o)
                0x00004dc6                __eerd_word_can64
 .text.avr-libc
                0x00004dd2       0x22 c:/program files/avr-gcc-2.6.1/bin/../lib/gcc/avr/4.6.1/../../../../avr/lib/avr5\libc.a(eeupd_byte_at90can64.o)
                0x00004dd2                __eeupd_byte_can64
                0x00004dd4                __eeupd_r18_can64
 .text.avr-libc
                0x00004df4       0x20 c:/program files/avr-gcc-2.6.1/bin/../lib/gcc/avr/4.6.1/../../../../avr/lib/avr5\libc.a(eerd_block_at90can64.o)
                0x00004df4                __eerd_block_can64
                0x00004df8                __eerd_blraw_can64
                0x00004e14                . = ALIGN (0x2)
 *(.fini9)
 .fini9         0x00004e14        0x0 c:/program files/avr-gcc-2.6.1/bin/../lib/gcc/avr/4.6.1/avr5\libgcc.a(_exit.o)
                0x00004e14                _exit
                0x00004e14                exit
 *(.fini9)
 *(.fini8)
 *(.fini8)
 *(.fini7)
 *(.fini7)
 *(.fini6)
 .fini6         0x00004e14       0x16 c:/program files/avr-gcc-2.6.1/bin/../lib/gcc/avr/4.6.1/avr5\libgcc.a(_dtors.o)
                0x00004e14                __do_global_dtors
 *(.fini6)
 *(.fini5)
 *(.fini5)
 *(.fini4)
 *(.fini4)
 *(.fini3)
 *(.fini3)
 *(.fini2)
 *(.fini2)
 *(.fini1)
 *(.fini1)
 *(.fini0)
 .fini0         0x00004e2a        0x4 c:/program files/avr-gcc-2.6.1/bin/../lib/gcc/avr/4.6.1/avr5\libgcc.a(_exit.o)
 *(.fini0)
                0x00004e2e                _etext = .

.data           0x00800100       0x38 load address 0x00004e2e
                0x00800100                PROVIDE (__data_start, .)
 *(.data)
 .data          0x00800100       0x31 ./main.o
                0x00800111                Saut::Com<&(Register::usart1Control), &(Register::usart1BaudRate), &(Register::usart1Data), &(Register::portD), (unsigned char)2, &(Register::portD), (unsigned char)3, &(Register::portD), (unsigned char)4, &(Register::portB), (unsigned char)7, (unsigned char)1, Saut::Dat<Loki::Typelist<Loki::Int2Type<12u>, Loki::Typelist<Loki::Int2Type<13u>, Loki::Typelist<Loki::Int2Type<14u>, Loki::Typelist<Loki::Int2Type<15u>, Loki::Typelist<Loki::Int2Type<84u>, Loki::Typelist<Loki::Int2Type<85u>, Loki::NullType> > > > > >, Loki::Typelist<Loki::Int2Type<8u>, Loki::Typelist<Loki::Int2Type<9u>, Loki::Typelist<Loki::Int2Type<10u>, Loki::Typelist<Loki::Int2Type<11u>, Loki::Typelist<Loki::Int2Type<80u>, Loki::Typelist<Loki::Int2Type<81u>, Loki::Typelist<Loki::Int2Type<82u>, Loki::Typelist<Loki::Int2Type<83u>, Loki::NullType> > > > > > > >, Loki::Typelist<Loki::Int2Type<12u>, Loki::Typelist<Loki::Int2Type<84u>, Loki::Typelist<Loki::Int2Type<85u>, Loki::NullType> > > >, data>::ham
                0x00800111                Saut::Com<&(Register::usart1Control), &(Register::usart1BaudRate), &(Register::usart1Data), &(Register::portD), (unsigned char)2, &(Register::portD), (unsigned char)3, &(Register::portD), (unsigned char)4, &(Register::portB), (unsigned char)7, (unsigned char)1, Saut::Dat<Loki::Typelist<Loki::Int2Type<12u>, Loki::Typelist<Loki::Int2Type<13u>, Loki::Typelist<Loki::Int2Type<14u>, Loki::Typelist<Loki::Int2Type<15u>, Loki::Typelist<Loki::Int2Type<84u>, Loki::Typelist<Loki::Int2Type<85u>, Loki::NullType> > > > > >, Loki::Typelist<Loki::Int2Type<8u>, Loki::Typelist<Loki::Int2Type<9u>, Loki::Typelist<Loki::Int2Type<10u>, Loki::Typelist<Loki::Int2Type<11u>, Loki::Typelist<Loki::Int2Type<80u>, Loki::Typelist<Loki::Int2Type<81u>, Loki::Typelist<Loki::Int2Type<82u>, Loki::Typelist<Loki::Int2Type<83u>, Loki::NullType> > > > > > > >, Loki::Typelist<Loki::Int2Type<12u>, Loki::Typelist<Loki::Int2Type<84u>, Loki::Typelist<Loki::Int2Type<85u>, Loki::NullType> > > >, data>::ham
 .data          0x00800131        0x6 c:/program files/avr-gcc-2.6.1/bin/../lib/gcc/avr/4.6.1/../../../../avr/lib/avr5\libc.a(malloc.o)
                0x00800131                __malloc_heap_end
                0x00800133                __malloc_heap_start
                0x00800135                __malloc_margin
 *(.data*)
 *(.rodata)
 *(.rodata*)
 *(.gnu.linkonce.d*)
                0x00800138                . = ALIGN (0x2)
 *fill*         0x00800137        0x1 00
                0x00800138                _edata = .
                0x00800138                PROVIDE (__data_end, .)

.bss            0x00800138      0x809
                0x00800138                PROVIDE (__bss_start, .)
 *(.bss)
 .bss           0x00800138      0x805 ./main.o
                0x00800138                dps
                0x0080015f                kpt
                0x00800171                sysKeySelfControl
                0x00800172                sysKeyReleaseCounter
                0x00800173                canDat