Archive member included because of file (symbol)

c:/program files/avr-gcc-2.6.1/bin/../lib/gcc/avr/4.6.1/avr51\libgcc.a(_mulsi3.o)
                              ./main.o (__mulsi3)
c:/program files/avr-gcc-2.6.1/bin/../lib/gcc/avr/4.6.1/avr51\libgcc.a(_udivmodhi4.o)
                              ./main.o (__udivmodhi4)
c:/program files/avr-gcc-2.6.1/bin/../lib/gcc/avr/4.6.1/avr51\libgcc.a(_udivmodsi4.o)
                              ./main.o (__udivmodsi4)
c:/program files/avr-gcc-2.6.1/bin/../lib/gcc/avr/4.6.1/avr51\libgcc.a(_divmodsi4.o)
                              ./main.o (__divmodsi4)
c:/program files/avr-gcc-2.6.1/bin/../lib/gcc/avr/4.6.1/avr51\libgcc.a(_exit.o)
                              c:/program files/avr-gcc-2.6.1/bin/../lib/gcc/avr/4.6.1/../../../../avr/lib/avr51/crtcan128.o (exit)
c:/program files/avr-gcc-2.6.1/bin/../lib/gcc/avr/4.6.1/avr51\libgcc.a(_copy_data.o)
                              ./main.o (__do_copy_data)
c:/program files/avr-gcc-2.6.1/bin/../lib/gcc/avr/4.6.1/avr51\libgcc.a(_clear_bss.o)
                              ./main.o (__do_clear_bss)
c:/program files/avr-gcc-2.6.1/bin/../lib/gcc/avr/4.6.1/avr51\libgcc.a(_ctors.o)
                              ./main.o (__do_global_ctors)
c:/program files/avr-gcc-2.6.1/bin/../lib/gcc/avr/4.6.1/avr51\libgcc.a(_dtors.o)
                              ./main.o (__do_global_dtors)
c:/program files/avr-gcc-2.6.1/bin/../lib/gcc/avr/4.6.1/avr51\libgcc.a(_tablejump_elpm.o)
                              c:/program files/avr-gcc-2.6.1/bin/../lib/gcc/avr/4.6.1/avr51\libgcc.a(_ctors.o) (__tablejump_elpm__)
c:/program files/avr-gcc-2.6.1/bin/../lib/gcc/avr/4.6.1/../../../../avr/lib/avr51\libc.a(malloc.o)
                              ./main.o (malloc)
c:/program files/avr-gcc-2.6.1/bin/../lib/gcc/avr/4.6.1/../../../../avr/lib/avr51\libc.a(eerd_byte_at90can128.o)
                              ./main.o (__eerd_byte_can128)
c:/program files/avr-gcc-2.6.1/bin/../lib/gcc/avr/4.6.1/../../../../avr/lib/avr51\libc.a(eerd_word_at90can128.o)
                              ./main.o (__eerd_word_can128)
c:/program files/avr-gcc-2.6.1/bin/../lib/gcc/avr/4.6.1/../../../../avr/lib/avr51\libc.a(eeupd_byte_at90can128.o)
                              ./main.o (__eeupd_byte_can128)
c:/program files/avr-gcc-2.6.1/bin/../lib/gcc/avr/4.6.1/../../../../avr/lib/avr51\libc.a(eerd_block_at90can128.o)
                              c:/program files/avr-gcc-2.6.1/bin/../lib/gcc/avr/4.6.1/../../../../avr/lib/avr51\libc.a(eerd_word_at90can128.o) (__eerd_blraw_can128)

Allocating common symbols
Common symbol       size              file

__brkval            0x2               c:/program files/avr-gcc-2.6.1/bin/../lib/gcc/avr/4.6.1/../../../../avr/lib/avr51\libc.a(malloc.o)
__flp               0x2               c:/program files/avr-gcc-2.6.1/bin/../lib/gcc/avr/4.6.1/../../../../avr/lib/avr51\libc.a(malloc.o)

Discarded input sections

 .text          0x00000000        0x4 c:/program files/avr-gcc-2.6.1/bin/../lib/gcc/avr/4.6.1/../../../../avr/lib/avr51/crtcan128.o
 .data          0x00000000        0x0 c:/program files/avr-gcc-2.6.1/bin/../lib/gcc/avr/4.6.1/../../../../avr/lib/avr51/crtcan128.o
 .bss           0x00000000        0x0 c:/program files/avr-gcc-2.6.1/bin/../lib/gcc/avr/4.6.1/../../../../avr/lib/avr51/crtcan128.o
 .text.__cxa_guard_acquire
                0x00000000       0x14 ./main.o
 .text.__cxa_guard_release
                0x00000000        0x8 ./main.o
 .text.__cxa_guard_abort
                0x00000000        0x2 ./main.o
 .text.__cxa_pure_virtual
                0x00000000        0x2 ./main.o
 .text._Znwj    0x00000000        0x6 ./main.o
 .text._ZdlPv   0x00000000        0x6 ./main.o
 .text._Znaj    0x00000000        0x6 ./main.o
 .text._ZdaPv   0x00000000        0x6 ./main.o
 .text._Z4swapRKj
                0x00000000        0x8 ./main.o
 .text          0x00000000        0x0 c:/program files/avr-gcc-2.6.1/bin/../lib/gcc/avr/4.6.1/avr51\libgcc.a(_mulsi3.o)
 .data          0x00000000        0x0 c:/program files/avr-gcc-2.6.1/bin/../lib/gcc/avr/4.6.1/avr51\libgcc.a(_mulsi3.o)
 .bss           0x00000000        0x0 c:/program files/avr-gcc-2.6.1/bin/../lib/gcc/avr/4.6.1/avr51\libgcc.a(_mulsi3.o)
 .text          0x00000000        0x0 c:/program files/avr-gcc-2.6.1/bin/../lib/gcc/avr/4.6.1/avr51\libgcc.a(_udivmodhi4.o)
 .data          0x00000000        0x0 c:/program files/avr-gcc-2.6.1/bin/../lib/gcc/avr/4.6.1/avr51\libgcc.a(_udivmodhi4.o)
 .bss           0x00000000        0x0 c:/program files/avr-gcc-2.6.1/bin/../lib/gcc/avr/4.6.1/avr51\libgcc.a(_udivmodhi4.o)
 .text          0x00000000        0x0 c:/program files/avr-gcc-2.6.1/bin/../lib/gcc/avr/4.6.1/avr51\libgcc.a(_udivmodsi4.o)
 .data          0x00000000        0x0 c:/program files/avr-gcc-2.6.1/bin/../lib/gcc/avr/4.6.1/avr51\libgcc.a(_udivmodsi4.o)
[...]
Memory Configuration

Name             Origin             Length             Attributes
start            0x00000000         0x000000ff         xr
id               0x00000100         0x00000010         xr
text             0x00000110         0x00020000         xr
data             0x00800100         0x0000ff00         rw !x
eeprom           0x00810000         0x00010000         rw !x
*default*        0x00000000         0xffffffff

Linker script and memory map

Address of section .data set to 0x800100
LOAD c:/program files/avr-gcc-2.6.1/bin/../lib/gcc/avr/4.6.1/../../../../avr/lib/avr51/crtcan128.o
LOAD ./main.o
LOAD c:/program files/avr-gcc-2.6.1/bin/../lib/gcc/avr/4.6.1/avr51\libgcc.a
LOAD c:/program files/avr-gcc-2.6.1/bin/../lib/gcc/avr/4.6.1/../../../../avr/lib/avr51\libm.a
LOAD c:/program files/avr-gcc-2.6.1/bin/../lib/gcc/avr/4.6.1/avr51\libgcc.a
LOAD c:/program files/avr-gcc-2.6.1/bin/../lib/gcc/avr/4.6.1/../../../../avr/lib/avr51\libc.a
LOAD c:/program files/avr-gcc-2.6.1/bin/../lib/gcc/avr/4.6.1/avr51\libgcc.a

.hash
 *(.hash)

.dynsym
 *(.dynsym)

.dynstr
 *(.dynstr)

.gnu.version
 *(.gnu.version)

.gnu.version_d
 *(.gnu.version_d)

.gnu.version_r
 *(.gnu.version_r)

.rel.init
 *(.rel.init)

.rela.init
 *(.rela.init)

.rel.text
 *(.rel.text)
 *(.rel.text.*)
 *(.rel.gnu.linkonce.t*)

.rela.text
 *(.rela.text)
 *(.rela.text.*)
 *(.rela.gnu.linkonce.t*)

.rel.fini
 *(.rel.fini)

.rela.fini
 *(.rela.fini)

.rel.rodata
 *(.rel.rodata)
 *(.rel.rodata.*)
 *(.rel.gnu.linkonce.r*)

.rela.rodata
 *(.rela.rodata)
 *(.rela.rodata.*)
 *(.rela.gnu.linkonce.r*)

.rel.data
 *(.rel.data)
 *(.rel.data.*)
 *(.rel.gnu.linkonce.d*)

.rela.data
 *(.rela.data)
 *(.rela.data.*)
 *(.rela.gnu.linkonce.d*)

.rel.ctors
 *(.rel.ctors)

.rela.ctors
 *(.rela.ctors)

.rel.dtors
 *(.rel.dtors)

.rela.dtors
 *(.rela.dtors)

.rel.got
 *(.rel.got)

.rela.got
 *(.rela.got)

.rel.bss
 *(.rel.bss)

.rela.bss
 *(.rela.bss)

.rel.plt
 *(.rel.plt)

.rela.plt
 *(.rela.plt)

.start          0x00000000       0x98
 *(.vectors)
 .vectors       0x00000000       0x94 c:/program files/avr-gcc-2.6.1/bin/../lib/gcc/avr/4.6.1/../../../../avr/lib/avr51/crtcan128.o
                0x00000000                __vector_default
                0x00000000                __vectors
 *(.vectors)
 *(.progmem.gcc*)
 *(.progmem*)
                0x00000094                . = ALIGN (0x2)
                0x00000094                __trampolines_start = .
 *(.trampolines)
 .trampolines   0x00000094        0x0 linker stubs
 *(.trampolines*)
                0x00000094                __trampolines_end = .
 *(.jumptables)
 *(.jumptables*)
 *(.lowtext)
 *(.lowtext*)
                0x00000094                __ctors_start = .
 *(.ctors)
 .ctors         0x00000094        0x2 ./main.o
                0x00000096                __ctors_end = .
                0x00000096                __dtors_start = .
 *(.dtors)
 .dtors         0x00000096        0x2 ./main.o
                0x00000098                __dtors_end = .
 SORT(*)(.ctors)
 SORT(*)(.dtors)

.id             0x00000100       0x10
 *(.id)
 .id            0x00000100       0x10 ./main.o
                0x00000100                ID
 *(.id)

.text           0x00000110     0x72c6
 *(.init0)
 .init0         0x00000110        0x0 c:/program files/avr-gcc-2.6.1/bin/../lib/gcc/avr/4.6.1/../../../../avr/lib/avr51/crtcan128.o
                0x00000110                __init
 *(.init0)
 *(.init1)
 *(.init1)
 *(.init2)
 .init2         0x00000110        0xc c:/program files/avr-gcc-2.6.1/bin/../lib/gcc/avr/4.6.1/../../../../avr/lib/avr51/crtcan128.o
 *(.init2)
 *(.init3)
 .init3         0x0000011c       0x12 ./main.o
                0x0000011c                wdt_init()
 *(.init3)
 *(.init4)
 .init4         0x0000012e       0x1a c:/program files/avr-gcc-2.6.1/bin/../lib/gcc/avr/4.6.1/avr51\libgcc.a(_copy_data.o)
                0x0000012e                __do_copy_data
 .init4         0x00000148       0x10 c:/program files/avr-gcc-2.6.1/bin/../lib/gcc/avr/4.6.1/avr51\libgcc.a(_clear_bss.o)
                0x00000148                __do_clear_bss
 *(.init4)
 *(.init5)
 .init5         0x00000158       0x20 ./main.o
                0x00000158                Init()
 *(.init5)
 *(.init6)
 .init6         0x00000178       0x20 c:/program files/avr-gcc-2.6.1/bin/../lib/gcc/avr/4.6.1/avr51\libgcc.a(_ctors.o)
                0x00000178                __do_global_ctors
 *(.init6)
 *(.init7)
 *(.init7)
 *(.init8)
 *(.init8)
 *(.init9)
 .init9         0x00000198        0x8 c:/program files/avr-gcc-2.6.1/bin/../lib/gcc/avr/4.6.1/../../../../avr/lib/avr51/crtcan128.o
 *(.init9)
 *(.text)
 .text          0x000001a0      0x110 ./main.o
                0x000001a0                ReIndex16<Loki::Typelist<Loki::Int2Type<8u>, Loki::Typelist<Loki::Int2Type<4u>, Loki::Typelist<Loki::Int2Type<4u>, Loki::Typelist<Loki::Int2Type<3u>, Loki::Typelist<Loki::Int2Type<3u>, Loki::Typelist<Loki::Int2Type<2u>, Loki::Typelist<Loki::Int2Type<1u>, Loki::Typelist<Loki::Int2Type<1u>, Loki::NullType> > > > > > > > >::array
                0x000001b0                ReIndex256<Loki::Typelist<Loki::Int2Type<12u>, Loki::Typelist<Loki::Int2Type<8u>, Loki::Typelist<Loki::Int2Type<13u>, Loki::Typelist<Loki::Int2Type<7u>, Loki::Typelist<Loki::Int2Type<14u>, Loki::Typelist<Loki::Int2Type<6u>, Loki::Typelist<Loki::Int2Type<15u>, Loki::Typelist<Loki::Int2Type<5u>, Loki::Typelist<Loki::Int2Type<84u>, Loki::Typelist<Loki::Int2Type<4u>, Loki::Typelist<Loki::Int2Type<85u>, Loki::Typelist<Loki::Int2Type<3u>, Loki::Typelist<Loki::Int2Type<104u>, Loki::Typelist<Loki::Int2Type<2u>, Loki::Typelist<Loki::Int2Type<107u>, Loki::Typelist<Loki::Int2Type<1u>, Loki::Typelist<Loki::Int2Type<8u>, Loki::Typelist<Loki::Int2Type<144u>, Loki::Typelist<Loki::Int2Type<9u>, Loki::Typelist<Loki::Int2Type<143u>, Loki::Typelist<Loki::Int2Type<10u>, Loki::Typelist<Loki::Int2Type<142u>, Loki::Typelist<Loki::Int2Type<11u>, Loki::Typelist<Loki::Int2Type<141u>, Loki::Typelist<Loki::Int2Type<80u>, Loki::Typelist<Loki::Int2Type<140u>, Loki::Typelist<Loki::Int2Type<81u>, Loki::Typelist<Loki::Int2Type<139u>, Loki::Typelist<Loki::Int2Type<82u>, Loki::Typelist<Loki::Int2Type<138u>, Loki::Typelist<Loki::Int2Type<83u>, Loki::Typelist<Loki::Int2Type<137u>, Loki::NullType> > > > > > > > > > > > > > > > > > > > > > > > > > > > > > > > >::array
                0x000002b0                . = ALIGN (0x2)
 *(.text.*)
 .text._ZN12fastdelegate6detail12GenericClass13emptyFunctionEv
                0x000002b0        0x2 ./main.o
                0x000002b0                fastdelegate::detail::GenericClass::emptyFunction()
 .text._Z16clubSendNextPagej
                0x000002b2       0x5a ./main.o
                0x000002b2                clubSendNextPage(unsigned int)
 .text._ZZ6sysKeyjENUljE_4_FUNEj
                0x0000030c       0x20 ./main.o
 .text._ZZ6sysKeyjENUljE0_4_FUNEj
                0x0000032c       0x20 ./main.o
 .text._ZZ6sysKeyjENUljE1_4_FUNEj
                0x0000034c       0x20 ./main.o
 .text._ZZ6sysKeyjENUljE2_4_FUNEj
                0x0000036c       0x20 ./main.o
 .text._Z7ipdDatej
                0x0000038c       0x32 ./main.o
                0x0000038c                ipdDate(unsigned int)
 .text._Z15kptCommandParsev
                0x000003be       0x28 ./main.o
                0x000003be                kptCommandParse()
 .text._Z11eCardParserj
                0x000003e6      0x1dc ./main.o
                0x000003e6                eCardParser(unsigned int)
 .text._ZZ8mcoStatejENUljE_4_FUNEj
                0x000005c2       0x20 ./main.o
 .text._ZN5ClockI5AlarmI13BitfieldDummyI14TimerControl16EXadL_ZN8Register13timer3ControlEEEXadL_ZNS4_13timer3CounterEEEXadL_ZNS4_14timer3CompareAEEEXadL_ZNS4_19timer3InterruptMaskEEEXadL_ZNS4_19timer3InterruptFlagEEEXadL_Z20TIMER3_COMPA_handlerEELm1000EEmE7incTimeEv
                0x000005e2       0x1c ./main.o
                0x000005e2                Clock<Alarm<BitfieldDummy<TimerControl16>, &(Register::timer3Control), &(Register::timer3Counter), &(Register::timer3CompareA), &(Register::timer3InterruptMask), &(Register::timer3InterruptFlag), &TIMER3_COMPA_handler, 1000ul>, unsigned long>::incTime()
 .text._ZN4Saut3ComIXadL_ZN8Register13usart1ControlEEEXadL_ZNS1_14usart1BaudRateEEEXadL_ZNS1_10usart1DataEEEXadL_ZNS1_5portDEEELh2EXadL_ZNS1_5portDEEELh3EXadL_ZNS1_5portDEEELh4EXadL_ZNS1_5portBEEELh7ELh1ENS_3DatIN4Loki8TypelistINS3_8Int2TypeILj12EEENS4_INS5_ILj13EEENS4_INS5_ILj14EEENS4_INS5_ILj15EEENS4_INS5_ILj84EEENS4_INS5_ILj85EEENS4_INS5_ILj104EEENS4_INS5_ILj107EEENS3_8NullTypeEEEEEEEEEEEEEEEEENS4_INS5_ILj8EEENS4_INS5_ILj9EEENS4_INS5_ILj10EEENS4_INS5_ILj11EEENS4_INS5_ILj80EEENS4_INS5_ILj81EEENS4_INS5_ILj82EEENS4_INS5_ILj83EEESE_EEEEEEEEEEEEEEEENS4_IS6_NS4_ISA_NS4_ISB_SF_EEEEEEEELZ4dataEE9rxHandlerEv
                0x000005fe      0x3bc ./main.o
                0x000005fe                Saut::Com<&(Register::usart1Control), &(Register::usart1BaudRate), &(Register::usart1Data), &(Register::portD), (unsigned char)2, &(Register::portD), (unsigned char)3, &(Register::portD), (unsigned char)4, &(Register::portB), (unsigned char)7, (unsigned char)1, Saut::Dat<Loki::Typelist<Loki::Int2Type<12u>, Loki::Typelist<Loki::Int2Type<13u>, Loki::Typelist<Loki::Int2Type<14u>, Loki::Typelist<Loki::Int2Type<15u>, Loki::Typelist<Loki::Int2Type<84u>, Loki::Typelist<Loki::Int2Type<85u>, Loki::Typelist<Loki::Int2Type<104u>, Loki::Typelist<Loki::Int2Type<107u>, Loki::NullType> > > > > > > >, Loki::Typelist<Loki::Int2Type<8u>, Loki::Typelist<Loki::Int2Type<9u>, Loki::Typelist<Loki::Int2Type<10u>, Loki::Typelist<Loki::Int2Type<11u>, Loki::Typelist<Loki::Int2Type<80u>, Loki::Typelist<Loki::Int2Type<81u>, Loki::Typelist<Loki::Int2Type<82u>, Loki::Typelist<Loki::Int2Type<83u>, Loki::NullType> > > > > > > >, Loki::Typelist<Loki::Int2Type<12u>, Loki::Typelist<Loki::Int2Type<84u>, Loki::Typelist<Loki::Int2Type<85u>, Loki::Typelist<Loki::Int2Type<107u>, Loki::NullType> > > > >, data>::rxHandler()
                0x000005fe                Saut::Com<&(Register::usart1Control), &(Register::usart1BaudRate), &(Register::usart1Data), &(Register::portD), (unsigned char)2, &(Register::portD), (unsigned char)3, &(Register::portD), (unsigned char)4, &(Register::portB), (unsigned char)7, (unsigned char)1, Saut::Dat<Loki::Typelist<Loki::Int2Type<12u>, Loki::Typelist<Loki::Int2Type<13u>, Loki::Typelist<Loki::Int2Type<14u>, Loki::Typelist<Loki::Int2Type<15u>, Loki::Typelist<Loki::Int2Type<84u>, Loki::Typelist<Loki::Int2Type<85u>, Loki::Typelist<Loki::Int2Type<104u>, Loki::Typelist<Loki::Int2Type<107u>, Loki::NullType> > > > > > > >, Loki::Typelist<Loki::Int2Type<8u>, Loki::Typelist<Loki::Int2Type<9u>, Loki::Typelist<Loki::Int2Type<10u>, Loki::Typelist<Loki::Int2Type<11u>, Loki::Typelist<Loki::Int2Type<80u>, Loki::Typelist<Loki::Int2Type<81u>, Loki::Typelist<Loki::Int2Type<82u>, Loki::Typelist<Loki::Int2Type<83u>, Loki::NullType> > > > > > > >, Loki::Typelist<Loki::Int2Type<12u>, Loki::Typelist<Loki::Int2Type<84u>, Loki::Typelist<Loki::Int2Type<85u>, Loki::Typelist<Loki::Int2Type<107u>, Loki::NullType> > > > >, data>::rxHandler()
 .text._ZN4Saut3ComIXadL_ZN8Register13usart1ControlEEEXadL_ZNS1_14usart1BaudRateEEEXadL_ZNS1_10usart1DataEEEXadL_ZNS1_5portDEEELh2EXadL_ZNS1_5portDEEELh3EXadL_ZNS1_5portDEEELh4EXadL_ZNS1_5portBEEELh7ELh1ENS_3DatIN4Loki8TypelistINS3_8Int2TypeILj12EEENS4_INS5_ILj13EEENS4_INS5_ILj14EEENS4_INS5_ILj15EEENS4_INS5_ILj84EEENS4_INS5_ILj85EEENS4_INS5_ILj104EEENS4_INS5_ILj107EEENS3_8NullTypeEEEEEEEEEEEEEEEEENS4_INS5_ILj8EEENS4_INS5_ILj9EEENS4_INS5_ILj10EEENS4_INS5_ILj11EEENS4_INS5_ILj80EEENS4_INS5_ILj81EEENS4_INS5_ILj82EEENS4_INS5_ILj83EEESE_EEEEEEEEEEEEEEEENS4_IS6_NS4_ISA_NS4_ISB_SF_EEEEEEEELZ4dataEE11udreHandlerEv
                0x000009ba       0x8e ./main.o
                0x000009ba                Saut::Com<&(Register::usart1Control), &(Register::usart1BaudRate), &(Register::usart1Data), &(Register::portD), (unsigned char)2, &(Register::portD), (unsigned char)3, &(Register::portD), (unsigned char)4, &(Register::portB), (unsigned char)7, (unsigned char)1, Saut::Dat<Loki::Typelist<Loki::Int2Type<12u>, Loki::Typelist<Loki::Int2Type<13u>, Loki::Typelist<Loki::Int2Type<14u>, Loki::Typelist<Loki::Int2Type<15u>, Loki::Typelist<Loki::Int2Type<84u>, Loki::Typelist<Loki::Int2Type<85u>, Loki::Typelist<Loki::Int2Type<104u>, Loki::Typelist<Loki::Int2Type<107u>, Loki::NullType> > > > > > > >, Loki::Typelist<Loki::Int2Type<8u>, Loki::Typelist<Loki::Int2Type<9u>, Loki::Typelist<Loki::Int2Type<10u>, Loki::Typelist<Loki::Int2Type<11u>, Loki::Typelist<Loki::Int2Type<80u>, Loki::Typelist<Loki::Int2Type<81u>, Loki::Typelist<Loki::Int2Type<82u>, Loki::Typelist<Loki::Int2Type<83u>, Loki::NullType> > > > > > > >, Loki::Typelist<Loki::Int2Type<12u>, Loki::Typelist<Loki::Int2Type<84u>, Loki::Typelist<Loki::Int2Type<85u>, Loki::Typelist<Loki::Int2Type<107u>, Loki::NullType> > > > >, data>::udreHandler()
                0x000009ba                Saut::Com<&(Register::usart1Control), &(Register::usart1BaudRate), &(Register::usart1Data), &(Register::portD), (unsigned char)2, &(Register::portD), (unsigned char)3, &(Register::portD), (unsigned char)4, &(Register::portB), (unsigned char)7, (unsigned char)1, Saut::Dat<Loki::Typelist<Loki::Int2Type<12u>, Loki::Typelist<Loki::Int2Type<13u>, Loki::Typelist<Loki::Int2Type<14u>, Loki::Typelist<Loki::Int2Type<15u>, Loki::Typelist<Loki::Int2Type<84u>, Loki::Typelist<Loki::Int2Type<85u>, Loki::Typelist<Loki::Int2Type<104u>, Loki::Typelist<Loki::Int2Type<107u>, Loki::NullType> > > > > > > >, Loki::Typelist<Loki::Int2Type<8u>, Loki::Typelist<Loki::Int2Type<9u>, Loki::Typelist<Loki::Int2Type<10u>, Loki::Typelist<Loki::Int2Type<11u>, Loki::Typelist<Loki::Int2Type<80u>, Loki::Typelist<Loki::Int2Type<81u>, Loki::Typelist<Loki::Int2Type<82u>, Loki::Typelist<Loki::Int2Type<83u>, Loki::NullType> > > > > > > >, Loki::Typelist<Loki::Int2Type<12u>, Loki::Typelist<Loki::Int2Type<84u>, Loki::Typelist<Loki::Int2Type<85u>, Loki::Typelist<Loki::Int2Type<107u>, Loki::NullType> > > > >, data>::udreHandler()
 .text._ZNK12fastdelegate13FastDelegate1IjvE20InvokeStaticFunctionEj
                0x00000a48        0x8 ./main.o
                0x00000a48                fastdelegate::FastDelegate1<unsigned int, void>::InvokeStaticFunction(unsigned int) const
 .text._ZNK12fastdelegate13FastDelegate0IvE20InvokeStaticFunctionEv
                0x00000a50        0x6 ./main.o
                0x00000a50                fastdelegate::FastDelegate0<void>::InvokeStaticFunction() const
 .text._ZN24CeleritasSpatiumDimetiorIXadL_ZN8Register5portCEEELh4ELh5EXadL_ZNS0_5portBEEELh7E6CanDatIN4Loki8TypelistINS3_INS2_8Int2TypeILj6280EEENS3_INS4_ILj6792EEENS2_8NullTypeEEEEENS3_INS3_INS4_ILj18024EEENS3_INS4_ILj18056EEES7_EEEENS3_INS4_ILj25575EEENS3_INS4_ILj25544EEENS3_INS3_INS4_ILj50789EEENS3_INS4_ILj50821EEENS3_INS4_ILj38917EEENS3_INS4_ILj39429EEENS3_INS4_ILj25189EEENS3_INS4_ILj39298EEENS3_INS4_ILj39330EEENS3_INS4_ILj39368EEENS3_INS4_ILj39400EEES7_EEEEEEEEEEEEEEEEEES7_EEEEEEEEEENS3_INS4_ILj2309EEENS3_INS3_INS4_ILj2568EEENS3_INS4_ILj2632EEES7_EEEENS3_INS3_INS4_ILj2824EEENS3_INS4_ILj2888EEES7_EEEENS3_INS3_INS4_ILj3585EEENS3_INS4_ILj3073EEES7_EEEENS3_INS3_INS4_ILj4096EEENS3_INS4_ILj4224EEENS3_INS4_ILj4097EEENS3_INS4_ILj4225EEES7_EEEEEEEENS3_INS3_INS4_ILj4128EEENS3_INS4_ILj4256EEENS3_INS4_ILj4129EEENS3_INS4_ILj4257EEES7_EEEEEEEENS3_INS4_ILj6375EEENS3_INS4_ILj16936EEENS3_INS3_INS4_ILj19013EEENS3_INS4_ILj25093EEES7_EEEENS3_INS4_ILj36103EEES7_EEEEEEEEEEEEEEEEEEEENS3_IS1Z_NS3_IS13_NS3_IS1Y_NS3_IS1C_NS3_IS1X_NS3_IS22_NS3_IS14_NS3_IS18_NS3_IS1W_NS3_IS1G_NS3_IS1H_NS3_IS1O_NS3_IS1P_NS3_IS1I_NS3_IS1J_NS3_IS1Q_NS3_IS1R_S1E_EEEEEEEEEEEEEEEEEEEEEEEEEEEEEEEEEELl100ELl75EELZ6canDatEE7producoEv
                0x00000a56      0x7c4 ./main.o
                0x00000a56                CeleritasSpatiumDimetior<&(Register::portC), (unsigned char)4, (unsigned char)5, &(Register::portB), (unsigned char)7, CanDat<Loki::Typelist<Loki::Typelist<Loki::Int2Type<6280u>, Loki::Typelist<Loki::Int2Type<6792u>, Loki::NullType> >, Loki::Typelist<Loki::Typelist<Loki::Int2Type<18024u>, Loki::Typelist<Loki::Int2Type<18056u>, Loki::NullType> >, Loki::Typelist<Loki::Int2Type<25575u>, Loki::Typelist<Loki::Int2Type<25544u>, Loki::Typelist<Loki::Typelist<Loki::Int2Type<50789u>, Loki::Typelist<Loki::Int2Type<50821u>, Loki::Typelist<Loki::Int2Type<38917u>, Loki::Typelist<Loki::Int2Type<39429u>, Loki::Typelist<Loki::Int2Type<25189u>, Loki::Typelist<Loki::Int2Type<39298u>, Loki::Typelist<Loki::Int2Type<39330u>, Loki::Typelist<Loki::Int2Type<39368u>, Loki::Typelist<Loki::Int2Type<39400u>, Loki::NullType> > > > > > > > >, Loki::NullType> > > > >, Loki::Typelist<Loki::Int2Type<2309u>, Loki::Typelist<Loki::Typelist<Loki::Int2Type<2568u>, Loki::Typelist<Loki::Int2Type<2632u>, Loki::NullType> >, Loki::Typelist<Loki::Typelist<Loki::Int2Type<2824u>, Loki::Typelist<Loki::Int2Type<2888u>, Loki::NullType> >, Loki::Typelist<Loki::Typelist<Loki::Int2Type<3585u>, Loki::Typelist<Loki::Int2Type<3073u>, Loki::NullType> >, Loki::Typelist<Loki::Typelist<Loki::Int2Type<4096u>, Loki::Typelist<Loki::Int2Type<4224u>, Loki::Typelist<Loki::Int2Type<4097u>, Loki::Typelist<Loki::Int2Type<4225u>, Loki::NullType> > > >, Loki::Typelist<Loki::Typelist<Loki::Int2Type<4128u>, Loki::Typelist<Loki::Int2Type<4256u>, Loki::Typelist<Loki::Int2Type<4129u>, Loki::Typelist<Loki::Int2Type<4257u>, Loki::NullType> > > >, Loki::Typelist<Loki::Int2Type<6375u>, Loki::Typelist<Loki::Int2Type<16936u>, Loki::Typelist<Loki::Typelist<Loki::Int2Type<19013u>, Loki::Typelist<Loki::Int2Type<25093u>, Loki::NullType> >, Loki::Typelist<Loki::Int2Type<36103u>, Loki::NullType> > > > > > > > > >, Loki::Typelist<Loki::Int2Type<25093u>, Loki::Typelist<Loki::Int2Type<2309u>, Loki::Typelist<Loki::Int2Type<19013u>, Loki::Typelist<Loki::Int2Type<3585u>, Loki::Typelist<Loki::Int2Type<16936u>, Loki::Typelist<Loki::Int2Type<36103u>, Loki::Typelist<Loki::Int2Type<2568u>, Loki::Typelist<Loki::Int2Type<2824u>, Loki::Typelist<Loki::Int2Type<6375u>, Loki::Typelist<Loki::Int2Type<4096u>, Loki::Typelist<Loki::Int2Type<4224u>, Loki::Typelist<Loki::Int2Type<4128u>, Loki::Typelist<Loki::Int2Type<4256u>, Loki::Typelist<Loki::Int2Type<4097u>, Loki::Typelist<Loki::Int2Type<4225u>, Loki::Typelist<Loki::Int2Type<4129u>, Loki::Typelist<Loki::Int2Type<4257u>, Loki::Typelist<Loki::Int2Type<3073u>, Loki::NullType> > > > > > > > > > > > > > > > > >, 100l, 75l>, canDat>::produco()
                0x00000a56                CeleritasSpatiumDimetior<&(Register::portC), (unsigned char)4, (unsigned char)5, &(Register::portB), (unsigned char)7, CanDat<Loki::Typelist<Loki::Typelist<Loki::Int2Type<6280u>, Loki::Typelist<Loki::Int2Type<6792u>, Loki::NullType> >, Loki::Typelist<Loki::Typelist<Loki::Int2Type<18024u>, Loki::Typelist<Loki::Int2Type<18056u>, Loki::NullType> >, Loki::Typelist<Loki::Int2Type<25575u>, Loki::Typelist<Loki::Int2Type<25544u>, Loki::Typelist<Loki::Typelist<Loki::Int2Type<50789u>, Loki::Typelist<Loki::Int2Type<50821u>, Loki::Typelist<Loki::Int2Type<38917u>, Loki::Typelist<Loki::Int2Type<39429u>, Loki::Typelist<Loki::Int2Type<25189u>, Loki::Typelist<Loki::Int2Type<39298u>, Loki::Typelist<Loki::Int2Type<39330u>, Loki::Typelist<Loki::Int2Type<39368u>, Loki::Typelist<Loki::Int2Type<39400u>, Loki::NullType> > > > > > > > >, Loki::NullType> > > > >, Loki::Typelist<Loki::Int2Type<2309u>, Loki::Typelist<Loki::Typelist<Loki::Int2Type<2568u>, Loki::Typelist<Loki::Int2Type<2632u>, Loki::NullType> >, Loki::Typelist<Loki::Typelist<Loki::Int2Type<2824u>, Loki::Typelist<Loki::Int2Type<2888u>, Loki::NullType> >, Loki::Typelist<Loki::Typelist<Loki::Int2Type<3585u>, Loki::Typelist<Loki::Int2Type<3073u>, Loki::NullType> >, Loki::Typelist<Loki::Typelist<Loki::Int2Type<4096u>, Loki::Typelist<Loki::Int2Type<4224u>, Loki::Typelist<Loki::Int2Type<4097u>, Loki::Typelist<Loki::Int2Type<4225u>, Loki::NullType> > > >, Loki::Typelist<Loki::Typelist<Loki::Int2Type<4128u>, Loki::Typelist<Loki::Int2Type<4256u>, Loki::Typelist<Loki::Int2Type<4129u>, Loki::Typelist<Loki::Int2Type<4257u>, Loki::NullType> > > >, Loki::Typelist<Loki::Int2Type<6375u>, Loki::Typelist<Loki::Int2Type<16936u>, Loki::Typelist<Loki::Typelist<Loki::Int2Type<19013u>, Loki::Typelist<Loki::Int2Type<25093u>, Loki::NullType> >, Loki::Typelist<Loki::Int2Type<36103u>, Loki::NullType> > > > > > > > > >, Loki::Typelist<Loki::Int2Type<25093u>, Loki::Typelist<Loki::Int2Type<2309u>, Loki::Typelist<Loki::Int2Type<19013u>, Loki::Typelist<Loki::Int2Type<3585u>, Loki::Typelist<Loki::Int2Type<16936u>, Loki::Typelist<Loki::Int2Type<36103u>, Loki::Typelist<Loki::Int2Type<2568u>, Loki::Typelist<Loki::Int2Type<2824u>, Loki::Typelist<Loki::Int2Type<6375u>, Loki::Typelist<Loki::Int2Type<4096u>, Loki::Typelist<Loki::Int2Type<4224u>, Loki::Typelist<Loki::Int2Type<4128u>, Loki::Typelist<Loki::Int2Type<4256u>, Loki::Typelist<Loki::Int2Type<4097u>, Loki::Typelist<Loki::Int2Type<4225u>, Loki::Typelist<Loki::Int2Type<4129u>, Loki::Typelist<Loki::Int2Type<4257u>, Loki::Typelist<Loki::Int2Type<3073u>, Loki::NullType> > > > > > > > > > > > > > > > > >, 100l, 75l>, canDat>::produco()
 .text._Z8kptFallBj
                0x0000121a       0x54 ./main.o
                0x0000121a                kptFallB(unsigned int)
 .text._Z8kptFallAj
                0x0000126e       0x54 ./main.o
                0x0000126e                kptFallA(unsigned int)
 .text._ZN7ProgSpi13ProgSpiSimpleIXadL_ZN8Register16spiStatusControlEEEXadL_ZNS1_7spiDataEEEXadL_ZNS1_5portBEEELh0ELh1ELh2ELh3EXadL_ZNS1_5portBEEELh4EE11instructionEhhhh.isra.55
                0x000012c2       0x24 ./main.o
 .text._ZN7ProgSpi13ProgSpiSimpleIXadL_ZN8Register16spiStatusControlEEEXadL_ZNS1_7spiDataEEEXadL_ZNS1_5portBEEELh0ELh1ELh2ELh3EXadL_ZNS1_5portBEEELh4EE5flushILNS_7MemTypeE1EEEvv.isra.61
                0x000012e6       0x28 ./main.o
 .text._ZN4Saut3ComIXadL_ZN8Register13usart1ControlEEEXadL_ZNS1_14usart1BaudRateEEEXadL_ZNS1_10usart1DataEEEXadL_ZNS1_5portDEEELh2EXadL_ZNS1_5portDEEELh3EXadL_ZNS1_5portDEEELh4EXadL_ZNS1_5portBEEELh7ELh1ENS_3DatIN4Loki8TypelistINS3_8Int2TypeILj12EEENS4_INS5_ILj13EEENS4_INS5_ILj14EEENS4_INS5_ILj15EEENS4_INS5_ILj84EEENS4_INS5_ILj85EEENS4_INS5_ILj104EEENS4_INS5_ILj107EEENS3_8NullTypeEEEEEEEEEEEEEEEEENS4_INS5_ILj8EEENS4_INS5_ILj9EEENS4_INS5_ILj10EEENS4_INS5_ILj11EEENS4_INS5_ILj80EEENS4_INS5_ILj81EEENS4_INS5_ILj82EEENS4_INS5_ILj83EEESE_EEEEEEEEEEEEEEEENS4_IS6_NS4_ISA_NS4_ISB_SF_EEEEEEEELZ4dataEE9txHandlerEv
                0x0000130e       0x38 ./main.o
                0x0000130e                Saut::Com<&(Register::usart1Control), &(Register::usart1BaudRate), &(Register::usart1Data), &(Register::portD), (unsigned char)2, &(Register::portD), (unsigned char)3, &(Register::portD), (unsigned char)4, &(Register::portB), (unsigned char)7, (unsigned char)1, Saut::Dat<Loki::Typelist<Loki::Int2Type<12u>, Loki::Typelist<Loki::Int2Type<13u>, Loki::Typelist<Loki::Int2Type<14u>, Loki::Typelist<Loki::Int2Type<15u>, Loki::Typelist<Loki::Int2Type<84u>, Loki::Typelist<Loki::Int2Type<85u>, Loki::Typelist<Loki::Int2Type<104u>, Loki::Typelist<Loki::Int2Type<107u>, Loki::NullType> > > > > > > >, Loki::Typelist<Loki::Int2Type<8u>, Loki::Typelist<Loki::Int2Type<9u>, Loki::Typelist<Loki::Int2Type<10u>, Loki::Typelist<Loki::Int2Type<11u>, Loki::Typelist<Loki::Int2Type<80u>, Loki::Typelist<Loki::Int2Type<81u>, Loki::Typelist<Loki::Int2Type<82u>, Loki::Typelist<Loki::Int2Type<83u>, Loki::NullType> > > > > > > >, Loki::Typelist<Loki::Int2Type<12u>, Loki::Typelist<Loki::Int2Type<84u>, Loki::Typelist<Loki::Int2Type<85u>, Loki::Typelist<Loki::Int2Type<107u>, Loki::NullType> > > > >, data>::txHandler()
                0x0000130e                Saut::Com<&(Register::usart1Control), &(Register::usart1BaudRate), &(Register::usart1Data), &(Register::portD), (unsigned char)2, &(Register::portD), (unsigned char)3, &(Register::portD), (unsigned char)4, &(Register::portB), (unsigned char)7, (unsigned char)1, Saut::Dat<Loki::Typelist<Loki::Int2Type<12u>, Loki::Typelist<Loki::Int2Type<13u>, Loki::Typelist<Loki::Int2Type<14u>, Loki::Typelist<Loki::Int2Type<15u>, Loki::Typelist<Loki::Int2Type<84u>, Loki::Typelist<Loki::Int2Type<85u>, Loki::Typelist<Loki::Int2Type<104u>, Loki::Typelist<Loki::Int2Type<107u>, Loki::NullType> > > > > > > >, Loki::Typelist<Loki::Int2Type<8u>, Loki::Typelist<Loki::Int2Type<9u>, Loki::Typelist<Loki::Int2Type<10u>, Loki::Typelist<Loki::Int2Type<11u>, Loki::Typelist<Loki::Int2Type<80u>, Loki::Typelist<Loki::Int2Type<81u>, Loki::Typelist<Loki::Int2Type<82u>, Loki::Typelist<Loki::Int2Type<83u>, Loki::NullType> > > > > > > >, Loki::Typelist<Loki::Int2Type<12u>, Loki::Typelist<Loki::Int2Type<84u>, Loki::Typelist<Loki::Int2Type<85u>, Loki::Typelist<Loki::Int2Type<107u>, Loki::NullType> > > > >, data>::txHandler()
 .text._Z12kptFallTimeBj
                0x00001346       0xb8 ./main.o
                0x00001346                kptFallTimeB(unsigned int)
 .text._Z12kptFallTimeAj
                0x000013fe       0xb8 ./main.o
                0x000013fe                kptFallTimeA(unsigned int)
 .text._Z10canDataGetj
                0x000014b6      0x126 ./main.o
                0x000014b6                canDataGet(unsigned int)
 .text._ZN8DimetiorIXadL_ZN8Register5portCEEELh4ELh5ELj4096ELj43085ELj65535ELm100EE7computoERKh.isra.128
                0x000015dc      0x122 ./main.o
 .text._ZN9SchedulerI5ClockI5AlarmI13BitfieldDummyI14TimerControl16EXadL_ZN8Register13timer3ControlEEEXadL_ZNS5_13timer3CounterEEEXadL_ZNS5_14timer3CompareAEEEXadL_ZNS5_19timer3InterruptMaskEEEXadL_ZNS5_19timer3InterruptFlagEEEXadL_Z20TIMER3_COMPA_handlerEELm1000EEmELZ5clockELh6EjE5runInE7Commandj.constprop.174
                0x000016fe       0x92 ./main.o
 .text._ZN12fastdelegate6detail10ClosurePtrIMNS0_12GenericClassEFvvEPFvvES6_E11bindmemfuncI6CanDatIN4Loki8TypelistINSB_INSA_8Int2TypeILj6280EEENSB_INSC_ILj6792EEENSA_8NullTypeEEEEENSB_INSB_INSC_ILj18024EEENSB_INSC_ILj18056EEESF_EEEENSB_INSC_ILj25575EEENSB_INSC_ILj25544EEENSB_INSB_INSC_ILj50789EEENSB_INSC_ILj50821EEENSB_INSC_ILj38917EEENSB_INSC_ILj39429EEENSB_INSC_ILj25189EEENSB_INSC_ILj39298EEENSB_INSC_ILj39330EEENSB_INSC_ILj39368EEENSB_INSC_ILj39400EEESF_EEEEEEEEEEEEEEEEEESF_EEEEEEEEEENSB_INSC_ILj2309EEENSB_INSB_INSC_ILj2568EEENSB_INSC_ILj2632EEESF_EEEENSB_INSB_INSC_ILj2824EEENSB_INSC_ILj2888EEESF_EEEENSB_INSB_INSC_ILj3585EEENSB_INSC_ILj3073EEESF_EEEENSB_INSB_INSC_ILj4096EEENSB_INSC_ILj4224EEENSB_INSC_ILj4097EEENSB_INSC_ILj4225EEESF_EEEEEEEENSB_INSB_INSC_ILj4128EEENSB_INSC_ILj4256EEENSB_INSC_ILj4129EEENSB_INSC_ILj4257EEESF_EEEEEEEENSB_INSC_ILj6375EEENSB_INSC_ILj16936EEENSB_INSB_INSC_ILj19013EEENSB_INSC_ILj25093EEESF_EEEENSB_INSC_ILj36103EEESF_EEEEEEEEEEEEEEEEEEEENSB_IS27_NSB_IS1B_NSB_IS26_NSB_IS1K_NSB_IS25_NSB_IS2A_NSB_IS1C_NSB_IS1G_NSB_IS24_NSB_IS1O_NSB_IS1P_NSB_IS1W_NSB_IS1X_NSB_IS1Q_NSB_IS1R_NSB_IS1Y_NSB_IS1Z_S1M_EEEEEEEEEEEEEEEEEEEEEEEEEEEEEEEEEELl100ELl75EEMS32_FvvEEEvPT_T0_.constprop.176
                0x00001790       0x10 ./main.o
 .text._ZN12fastdelegate13FastDelegate0IvEC2I6CanDatIN4Loki8TypelistINS5_INS4_8Int2TypeILj6280EEENS5_INS6_ILj6792EEENS4_8NullTypeEEEEENS5_INS5_INS6_ILj18024EEENS5_INS6_ILj18056EEES9_EEEENS5_INS6_ILj25575EEENS5_INS6_ILj25544EEENS5_INS5_INS6_ILj50789EEENS5_INS6_ILj50821EEENS5_INS6_ILj38917EEENS5_INS6_ILj39429EEENS5_INS6_ILj25189EEENS5_INS6_ILj39298EEENS5_INS6_ILj39330EEENS5_INS6_ILj39368EEENS5_INS6_ILj39400EEES9_EEEEEEEEEEEEEEEEEES9_EEEEEEEEEENS5_INS6_ILj2309EEENS5_INS5_INS6_ILj2568EEENS5_INS6_ILj2632EEES9_EEEENS5_INS5_INS6_ILj2824EEENS5_INS6_ILj2888EEES9_EEEENS5_INS5_INS6_ILj3585EEENS5_INS6_ILj3073EEES9_EEEENS5_INS5_INS6_ILj4096EEENS5_INS6_ILj4224EEENS5_INS6_ILj4097EEENS5_INS6_ILj4225EEES9_EEEEEEEENS5_INS5_INS6_ILj4128EEENS5_INS6_ILj4256EEENS5_INS6_ILj4129EEENS5_INS6_ILj4257EEES9_EEEEEEEENS5_INS6_ILj6375EEENS5_INS6_ILj16936EEENS5_INS5_INS6_ILj19013EEENS5_INS6_ILj25093EEES9_EEEENS5_INS6_ILj36103EEES9_EEEEEEEEEEEEEEEEEEEENS5_IS21_NS5_IS15_NS5_IS20_NS5_IS1E_NS5_IS1Z_NS5_IS24_NS5_IS16_NS5_IS1A_NS5_IS1Y_NS5_IS1I_NS5_IS1J_NS5_IS1Q_NS5_IS1R_NS5_IS1K_NS5_IS1L_NS5_IS1S_NS5_IS1T_S1G_EEEEEEEEEEEEEEEEEEEEEEEEEEEEEEEEEELl100ELl75EES2W_EEPT0_MT_FvvE.constprop.175
                0x000017a0       0x22 ./main.o
 .text._ZN12fastdelegate6detail10ClosurePtrIMNS0_12GenericClassEFvjEPFvjES6_E11bindmemfuncI24CeleritasSpatiumDimetiorIXadL_ZN8Register5portCEEELh4ELh5EXadL_ZNSA_5portBEEELh7E6CanDatIN4Loki8TypelistINSD_INSC_8Int2TypeILj6280EEENSD_INSE_ILj6792EEENSC_8NullTypeEEEEENSD_INSD_INSE_ILj18024EEENSD_INSE_ILj18056EEESH_EEEENSD_INSE_ILj25575EEENSD_INSE_ILj25544EEENSD_INSD_INSE_ILj50789EEENSD_INSE_ILj50821EEENSD_INSE_ILj38917EEENSD_INSE_ILj39429EEENSD_INSE_ILj25189EEENSD_INSE_ILj39298EEENSD_INSE_ILj39330EEENSD_INSE_ILj39368EEENSD_INSE_ILj39400EEESH_EEEEEEEEEEEEEEEEEESH_EEEEEEEEEENSD_INSE_ILj2309EEENSD_INSD_INSE_ILj2568EEENSD_INSE_ILj2632EEESH_EEEENSD_INSD_INSE_ILj2824EEENSD_INSE_ILj2888EEESH_EEEENSD_INSD_INSE_ILj3585EEENSD_INSE_ILj3073EEESH_EEEENSD_INSD_INSE_ILj4096EEENSD_INSE_ILj4224EEENSD_INSE_ILj4097EEENSD_INSE_ILj4225EEESH_EEEEEEEENSD_INSD_INSE_ILj4128EEENSD_INSE_ILj4256EEENSD_INSE_ILj4129EEENSD_INSE_ILj4257EEESH_EEEEEEEENSD_INSE_ILj6375EEENSD_INSE_ILj16936EEENSD_INSD_INSE_ILj19013EEENSD_INSE_ILj25093EEESH_EEEENSD_INSE_ILj36103EEESH_EEEEEEEEEEEEEEEEEEEENSD_IS29_NSD_IS1D_NSD_IS28_NSD_IS1M_NSD_IS27_NSD_IS2C_NSD_IS1E_NSD_IS1I_NSD_IS26_NSD_IS1Q_NSD_IS1R_NSD_IS1Y_NSD_IS1Z_NSD_IS1S_NSD_IS1T_NSD_IS20_NSD_IS21_S1O_EEEEEEEEEEEEEEEEEEEEEEEEEEEEEEEEEELl100ELl75EELZ6canDatEEMS35_FvjEEEvPT_T0_.constprop.178
                0x000017c2       0x10 ./main.o
 .text._ZN12fastdelegate13FastDelegate1IjvEC2I24CeleritasSpatiumDimetiorIXadL_ZN8Register5portCEEELh4ELh5EXadL_ZNS4_5portBEEELh7E6CanDatIN4Loki8TypelistINS7_INS6_8Int2TypeILj6280EEENS7_INS8_ILj6792EEENS6_8NullTypeEEEEENS7_INS7_INS8_ILj18024EEENS7_INS8_ILj18056EEESB_EEEENS7_INS8_ILj25575EEENS7_INS8_ILj25544EEENS7_INS7_INS8_ILj50789EEENS7_INS8_ILj50821EEENS7_INS8_ILj38917EEENS7_INS8_ILj39429EEENS7_INS8_ILj25189EEENS7_INS8_ILj39298EEENS7_INS8_ILj39330EEENS7_INS8_ILj39368EEENS7_INS8_ILj39400EEESB_EEEEEEEEEEEEEEEEEESB_EEEEEEEEEENS7_INS8_ILj2309EEENS7_INS7_INS8_ILj2568EEENS7_INS8_ILj2632EEESB_EEEENS7_INS7_INS8_ILj2824EEENS7_INS8_ILj2888EEESB_EEEENS7_INS7_INS8_ILj3585EEENS7_INS8_ILj3073EEESB_EEEENS7_INS7_INS8_ILj4096EEENS7_INS8_ILj4224EEENS7_INS8_ILj4097EEENS7_INS8_ILj4225EEESB_EEEEEEEENS7_INS7_INS8_ILj4128EEENS7_INS8_ILj4256EEENS7_INS8_ILj4129EEENS7_INS8_ILj4257EEESB_EEEEEEEENS7_INS8_ILj6375EEENS7_INS8_ILj16936EEENS7_INS7_INS8_ILj19013EEENS7_INS8_ILj25093EEESB_EEEENS7_INS8_ILj36103EEESB_EEEEEEEEEEEEEEEEEEEENS7_IS23_NS7_IS17_NS7_IS22_NS7_IS1G_NS7_IS21_NS7_IS26_NS7_IS18_NS7_IS1C_NS7_IS20_NS7_IS1K_NS7_IS1L_NS7_IS1S_NS7_IS1T_NS7_IS1M_NS7_IS1N_NS7_IS1U_NS7_IS1V_S1I_EEEEEEEEEEEEEEEEEEEEEEEEEEEEEEEEEELl100ELl75EELZ6canDatEES2Z_EEPT0_MT_FvjE.constprop.177
                0x000017d2       0x22 ./main.o
 .text._ZN6CanDatIN4Loki8TypelistINS1_INS0_8Int2TypeILj6280EEENS1_INS2_ILj6792EEENS0_8NullTypeEEEEENS1_INS1_INS2_ILj18024EEENS1_INS2_ILj18056EEES5_EEEENS1_INS2_ILj25575EEENS1_INS2_ILj25544EEENS1_INS1_INS2_ILj50789EEENS1_INS2_ILj50821EEENS1_INS2_ILj38917EEENS1_INS2_ILj39429EEENS1_INS2_ILj25189EEENS1_INS2_ILj39298EEENS1_INS2_ILj39330EEENS1_INS2_ILj39368EEENS1_INS2_ILj39400EEES5_EEEEEEEEEEEEEEEEEES5_EEEEEEEEEENS1_INS2_ILj2309EEENS1_INS1_INS2_ILj2568EEENS1_INS2_ILj2632EEES5_EEEENS1_INS1_INS2_ILj2824EEENS1_INS2_ILj2888EEES5_EEEENS1_INS1_INS2_ILj3585EEENS1_INS2_ILj3073EEES5_EEEENS1_INS1_INS2_ILj4096EEENS1_INS2_ILj4224EEENS1_INS2_ILj4097EEENS1_INS2_ILj4225EEES5_EEEEEEEENS1_INS1_INS2_ILj4128EEENS1_INS2_ILj4256EEENS1_INS2_ILj4129EEENS1_INS2_ILj4257EEES5_EEEEEEEENS1_INS2_ILj6375EEENS1_INS2_ILj16936EEENS1_INS1_INS2_ILj19013EEENS1_INS2_ILj25093EEES5_EEEENS1_INS2_ILj36103EEES5_EEEEEEEEEEEEEEEEEEEENS1_IS1X_NS1_IS11_NS1_IS1W_NS1_IS1A_NS1_IS1V_NS1_IS20_NS1_IS12_NS1_IS16_NS1_IS1U_NS1_IS1E_NS1_IS1F_NS1_IS1M_NS1_IS1N_NS1_IS1G_NS1_IS1H_NS1_IS1O_NS1_IS1P_S1C_EEEEEEEEEEEEEEEEEEEEEEEEEEEEEEEEEELl100ELl75EE18rxInterruptHandlerEv
                0x000017f4      0x38a ./main.o
                0x000017f4                CanDat<Loki::Typelist<Loki::Typelist<Loki::Int2Type<6280u>, Loki::Typelist<Loki::Int2Type<6792u>, Loki::NullType> >, Loki::Typelist<Loki::Typelist<Loki::Int2Type<18024u>, Loki::Typelist<Loki::Int2Type<18056u>, Loki::NullType> >, Loki::Typelist<Loki::Int2Type<25575u>, Loki::Typelist<Loki::Int2Type<25544u>, Loki::Typelist<Loki::Typelist<Loki::Int2Type<50789u>, Loki::Typelist<Loki::Int2Type<50821u>, Loki::Typelist<Loki::Int2Type<38917u>, Loki::Typelist<Loki::Int2Type<39429u>, Loki::Typelist<Loki::Int2Type<25189u>, Loki::Typelist<Loki::Int2Type<39298u>, Loki::Typelist<Loki::Int2Type<39330u>, Loki::Typelist<Loki::Int2Type<39368u>, Loki::Typelist<Loki::Int2Type<39400u>, Loki::NullType> > > > > > > > >, Loki::NullType> > > > >, Loki::Typelist<Loki::Int2Type<2309u>, Loki::Typelist<Loki::Typelist<Loki::Int2Type<2568u>, Loki::Typelist<Loki::Int2Type<2632u>, Loki::NullType> >, Loki::Typelist<Loki::Typelist<Loki::Int2Type<2824u>, Loki::Typelist<Loki::Int2Type<2888u>, Loki::NullType> >, Loki::Typelist<Loki::Typelist<Loki::Int2Type<3585u>, Loki::Typelist<Loki::Int2Type<3073u>, Loki::NullType> >, Loki::Typelist<Loki::Typelist<Loki::Int2Type<4096u>, Loki::Typelist<Loki::Int2Type<4224u>, Loki::Typelist<Loki::Int2Type<4097u>, Loki::Typelist<Loki::Int2Type<4225u>, Loki::NullType> > > >, Loki::Typelist<Loki::Typelist<Loki::Int2Type<4128u>, Loki::Typelist<Loki::Int2Type<4256u>, Loki::Typelist<Loki::Int2Type<4129u>, Loki::Typelist<Loki::Int2Type<4257u>, Loki::NullType> > > >, Loki::Typelist<Loki::Int2Type<6375u>, Loki::Typelist<Loki::Int2Type<16936u>, Loki::Typelist<Loki::Typelist<Loki::Int2Type<19013u>, Loki::Typelist<Loki::Int2Type<25093u>, Loki::NullType> >, Loki::Typelist<Loki::Int2Type<36103u>, Loki::NullType> > > > > > > > > >, Loki::Typelist<Loki::Int2Type<25093u>, Loki::Typelist<Loki::Int2Type<2309u>, Loki::Typelist<Loki::Int2Type<19013u>, Loki::Typelist<Loki::Int2Type<3585u>, Loki::Typelist<Loki::Int2Type<16936u>, Loki::Typelist<Loki::Int2Type<36103u>, Loki::Typelist<Loki::Int2Type<2568u>, Loki::Typelist<Loki::Int2Type<2824u>, Loki::Typelist<Loki::Int2Type<6375u>, Loki::Typelist<Loki::Int2Type<4096u>, Loki::Typelist<Loki::Int2Type<4224u>, Loki::Typelist<Loki::Int2Type<4128u>, Loki::Typelist<Loki::Int2Type<4256u>, Loki::Typelist<Loki::Int2Type<4097u>, Loki::Typelist<Loki::Int2Type<4225u>, Loki::Typelist<Loki::Int2Type<4129u>, Loki::Typelist<Loki::Int2Type<4257u>, Loki::Typelist<Loki::Int2Type<3073u>, Loki::NullType> > > > > > > > > > > > > > > > > >, 100l, 75l>::rxInterruptHandler()
 .text._Z8kptRiseAj
                0x00001b7e      0x140 ./main.o
                0x00001b7e                kptRiseA(unsigned int)
 .text._Z3powIhijET_T0_T1_.constprop.171
                0x00001cbe       0x9a ./main.o
 .text._ZN24CeleritasSpatiumDimetiorIXadL_ZN8Register5portCEEELh4ELh5EXadL_ZNS0_5portBEEELh7E6CanDatIN4Loki8TypelistINS3_INS2_8Int2TypeILj6280EEENS3_INS4_ILj6792EEENS2_8NullTypeEEEEENS3_INS3_INS4_ILj18024EEENS3_INS4_ILj18056EEES7_EEEENS3_INS4_ILj25575EEENS3_INS4_ILj25544EEENS3_INS3_INS4_ILj50789EEENS3_INS4_ILj50821EEENS3_INS4_ILj38917EEENS3_INS4_ILj39429EEENS3_INS4_ILj25189EEENS3_INS4_ILj39298EEENS3_INS4_ILj39330EEENS3_INS4_ILj39368EEENS3_INS4_ILj39400EEES7_EEEEEEEEEEEEEEEEEES7_EEEEEEEEEENS3_INS4_ILj2309EEENS3_INS3_INS4_ILj2568EEENS3_INS4_ILj2632EEES7_EEEENS3_INS3_INS4_ILj2824EEENS3_INS4_ILj2888EEES7_EEEENS3_INS3_INS4_ILj3585EEENS3_INS4_ILj3073EEES7_EEEENS3_INS3_INS4_ILj4096EEENS3_INS4_ILj4224EEENS3_INS4_ILj4097EEENS3_INS4_ILj4225EEES7_EEEEEEEENS3_INS3_INS4_ILj4128EEENS3_INS4_ILj4256EEENS3_INS4_ILj4129EEENS3_INS4_ILj4257EEES7_EEEEEEEENS3_INS4_ILj6375EEENS3_INS4_ILj16936EEENS3_INS3_INS4_ILj19013EEENS3_INS4_ILj25093EEES7_EEEENS3_INS4_ILj36103EEES7_EEEEEEEEEEEEEEEEEEEENS3_IS1Z_NS3_IS13_NS3_IS1Y_NS3_IS1C_NS3_IS1X_NS3_IS22_NS3_IS14_NS3_IS18_NS3_IS1W_NS3_IS1G_NS3_IS1H_NS3_IS1O_NS3_IS1P_NS3_IS1I_NS3_IS1J_NS3_IS1Q_NS3_IS1R_S1E_EEEEEEEEEEEEEEEEEEEEEEEEEEEEEEEEEELl100ELl75EELZ6canDatEE12animadversioEv
                0x00001d58       0xb2 ./main.o
                0x00001d58                CeleritasSpatiumDimetior<&(Register::portC), (unsigned char)4, (unsigned char)5, &(Register::portB), (unsigned char)7, CanDat<Loki::Typelist<Loki::Typelist<Loki::Int2Type<6280u>, Loki::Typelist<Loki::Int2Type<6792u>, Loki::NullType> >, Loki::Typelist<Loki::Typelist<Loki::Int2Type<18024u>, Loki::Typelist<Loki::Int2Type<18056u>, Loki::NullType> >, Loki::Typelist<Loki::Int2Type<25575u>, Loki::Typelist<Loki::Int2Type<25544u>, Loki::Typelist<Loki::Typelist<Loki::Int2Type<50789u>, Loki::Typelist<Loki::Int2Type<50821u>, Loki::Typelist<Loki::Int2Type<38917u>, Loki::Typelist<Loki::Int2Type<39429u>, Loki::Typelist<Loki::Int2Type<25189u>, Loki::Typelist<Loki::Int2Type<39298u>, Loki::Typelist<Loki::Int2Type<39330u>, Loki::Typelist<Loki::Int2Type<39368u>, Loki::Typelist<Loki::Int2Type<39400u>, Loki::NullType> > > > > > > > >, Loki::NullType> > > > >, Loki::Typelist<Loki::Int2Type<2309u>, Loki::Typelist<Loki::Typelist<Loki::Int2Type<2568u>, Loki::Typelist<Loki::Int2Type<2632u>, Loki::NullType> >, Loki::Typelist<Loki::Typelist<Loki::Int2Type<2824u>, Loki::Typelist<Loki::Int2Type<2888u>, Loki::NullType> >, Loki::Typelist<Loki::Typelist<Loki::Int2Type<3585u>, Loki::Typelist<Loki::Int2Type<3073u>, Loki::NullType> >, Loki::Typelist<Loki::Typelist<Loki::Int2Type<4096u>, Loki::Typelist<Loki::Int2Type<4224u>, Loki::Typelist<Loki::Int2Type<4097u>, Loki::Typelist<Loki::Int2Type<4225u>, Loki::NullType> > > >, Loki::Typelist<Loki::Typelist<Loki::Int2Type<4128u>, Loki::Typelist<Loki::Int2Type<4256u>, Loki::Typelist<Loki::Int2Type<4129u>, Loki::Typelist<Loki::Int2Type<4257u>, Loki::NullType> > > >, Loki::Typelist<Loki::Int2Type<6375u>, Loki::Typelist<Loki::Int2Type<16936u>, Loki::Typelist<Loki::Typelist<Loki::Int2Type<19013u>, Loki::Typelist<Loki::Int2Type<25093u>, Loki::NullType> >, Loki::Typelist<Loki::Int2Type<36103u>, Loki::NullType> > > > > > > > > >, Loki::Typelist<Loki::Int2Type<25093u>, Loki::Typelist<Loki::Int2Type<2309u>, Loki::Typelist<Loki::Int2Type<19013u>, Loki::Typelist<Loki::Int2Type<3585u>, Loki::Typelist<Loki::Int2Type<16936u>, Loki::Typelist<Loki::Int2Type<36103u>, Loki::Typelist<Loki::Int2Type<2568u>, Loki::Typelist<Loki::Int2Type<2824u>, Loki::Typelist<Loki::Int2Type<6375u>, Loki::Typelist<Loki::Int2Type<4096u>, Loki::Typelist<Loki::Int2Type<4224u>, Loki::Typelist<Loki::Int2Type<4128u>, Loki::Typelist<Loki::Int2Type<4256u>, Loki::Typelist<Loki::Int2Type<4097u>, Loki::Typelist<Loki::Int2Type<4225u>, Loki::Typelist<Loki::Int2Type<4129u>, Loki::Typelist<Loki::Int2Type<4257u>, Loki::Typelist<Loki::Int2Type<3073u>, Loki::NullType> > > > > > > > > > > > > > > > > >, 100l, 75l>, canDat>::animadversio()
                0x00001d58                CeleritasSpatiumDimetior<&(Register::portC), (unsigned char)4, (unsigned char)5, &(Register::portB), (unsigned char)7, CanDat<Loki::Typelist<Loki::Typelist<Loki::Int2Type<6280u>, Loki::Typelist<Loki::Int2Type<6792u>, Loki::NullType> >, Loki::Typelist<Loki::Typelist<Loki::Int2Type<18024u>, Loki::Typelist<Loki::Int2Type<18056u>, Loki::NullType> >, Loki::Typelist<Loki::Int2Type<25575u>, Loki::Typelist<Loki::Int2Type<25544u>, Loki::Typelist<Loki::Typelist<Loki::Int2Type<50789u>, Loki::Typelist<Loki::Int2Type<50821u>, Loki::Typelist<Loki::Int2Type<38917u>, Loki::Typelist<Loki::Int2Type<39429u>, Loki::Typelist<Loki::Int2Type<25189u>, Loki::Typelist<Loki::Int2Type<39298u>, Loki::Typelist<Loki::Int2Type<39330u>, Loki::Typelist<Loki::Int2Type<39368u>, Loki::Typelist<Loki::Int2Type<39400u>, Loki::NullType> > > > > > > > >, Loki::NullType> > > > >, Loki::Typelist<Loki::Int2Type<2309u>, Loki::Typelist<Loki::Typelist<Loki::Int2Type<2568u>, Loki::Typelist<Loki::Int2Type<2632u>, Loki::NullType> >, Loki::Typelist<Loki::Typelist<Loki::Int2Type<2824u>, Loki::Typelist<Loki::Int2Type<2888u>, Loki::NullType> >, Loki::Typelist<Loki::Typelist<Loki::Int2Type<3585u>, Loki::Typelist<Loki::Int2Type<3073u>, Loki::NullType> >, Loki::Typelist<Loki::Typelist<Loki::Int2Type<4096u>, Loki::Typelist<Loki::Int2Type<4224u>, Loki::Typelist<Loki::Int2Type<4097u>, Loki::Typelist<Loki::Int2Type<4225u>, Loki::NullType> > > >, Loki::Typelist<Loki::Typelist<Loki::Int2Type<4128u>, Loki::Typelist<Loki::Int2Type<4256u>, Loki::Typelist<Loki::Int2Type<4129u>, Loki::Typelist<Loki::Int2Type<4257u>, Loki::NullType> > > >, Loki::Typelist<Loki::Int2Type<6375u>, Loki::Typelist<Loki::Int2Type<16936u>, Loki::Typelist<Loki::Typelist<Loki::Int2Type<19013u>, Loki::Typelist<Loki::Int2Type<25093u>, Loki::NullType> >, Loki::Typelist<Loki::Int2Type<36103u>, Loki::NullType> > > > > > > > > >, Loki::Typelist<Loki::Int2Type<25093u>, Loki::Typelist<Loki::Int2Type<2309u>, Loki::Typelist<Loki::Int2Type<19013u>, Loki::Typelist<Loki::Int2Type<3585u>, Loki::Typelist<Loki::Int2Type<16936u>, Loki::Typelist<Loki::Int2Type<36103u>, Loki::Typelist<Loki::Int2Type<2568u>, Loki::Typelist<Loki::Int2Type<2824u>, Loki::Typelist<Loki::Int2Type<6375u>, Loki::Typelist<Loki::Int2Type<4096u>, Loki::Typelist<Loki::Int2Type<4224u>, Loki::Typelist<Loki::Int2Type<4128u>, Loki::Typelist<Loki::Int2Type<4256u>, Loki::Typelist<Loki::Int2Type<4097u>, Loki::Typelist<Loki::Int2Type<4225u>, Loki::Typelist<Loki::Int2Type<4129u>, Loki::Typelist<Loki::Int2Type<4257u>, Loki::Typelist<Loki::Int2Type<3073u>, Loki::NullType> > > > > > > > > > > > > > > > > >, 100l, 75l>, canDat>::animadversio()
 .text._Z25clubSendNextPageInterruptv
                0x00001e0a       0xa2 ./main.o
                0x00001e0a                clubSendNextPageInterrupt()
 .text._ZN9Emulation9makeAStepEv
                0x00001eac       0x78 ./main.o
                0x00001eac                Emulation::makeAStep()
 .text._Z12kptRiseTimeBj
                0x00001f24      0x1a4 ./main.o
                0x00001f24                kptRiseTimeB(unsigned int)
 .text._Z12kptRiseTimeAj
                0x000020c8      0x1a4 ./main.o
                0x000020c8                kptRiseTimeA(unsigned int)
 .text._Z8kptRiseBj
                0x0000226c      0x140 ./main.o
                0x0000226c                kptRiseB(unsigned int)
 .text._Z11canDataSendj
                0x000023ac       0xc2 ./main.o
                0x000023ac                canDataSend(unsigned int)
 .text._Z6sysKeyj
                0x0000246e      0x30e ./main.o
                0x0000246e                sysKey(unsigned int)
 .text._Z14sysDiagnosticsj
                0x0000277c      0x23c ./main.o
                0x0000277c                sysDiagnostics(unsigned int)
 .text.__vector_1
                0x000029b8       0x98 ./main.o
                0x000029b8                __vector_1
 .text.__vector_2
                0x00002a50       0x98 ./main.o
                0x00002a50                __vector_2
 .text.__vector_3
                0x00002ae8       0x98 ./main.o
                0x00002ae8                __vector_3
 .text.__vector_4
                0x00002b80       0x98 ./main.o
                0x00002b80                __vector_4
 .text.__vector_5
                0x00002c18       0x98 ./main.o
                0x00002c18                __vector_5
 .text.__vector_6
                0x00002cb0       0x98 ./main.o
                0x00002cb0                __vector_6
 .text.__vector_7
                0x00002d48       0x98 ./main.o
                0x00002d48                __vector_7
 .text.__vector_8
                0x00002de0       0x98 ./main.o
                0x00002de0                __vector_8
 .text.__vector_9
                0x00002e78       0x98 ./main.o
                0x00002e78                __vector_9
 .text.__vector_10
                0x00002f10       0x98 ./main.o
                0x00002f10                __vector_10
 .text.__vector_11
                0x00002fa8       0x98 ./main.o
                0x00002fa8                __vector_11
 .text.__vector_12
                0x00003040       0x98 ./main.o
                0x00003040                __vector_12
 .text.__vector_13
                0x000030d8       0x98 ./main.o
                0x000030d8                __vector_13
 .text.__vector_14
                0x00003170       0x98 ./main.o
                0x00003170                __vector_14
 .text.__vector_15
                0x00003208       0x98 ./main.o
                0x00003208                __vector_15
 .text.__vector_16
                0x000032a0       0x98 ./main.o
                0x000032a0                __vector_16
 .text.__vector_17
                0x00003338       0x98 ./main.o
                0x00003338                __vector_17
 .text.__vector_18
                0x000033d0       0x98 ./main.o
                0x000033d0                __vector_18
 .text.__vector_19
                0x00003468       0x98 ./main.o
                0x00003468                __vector_19
 .text.__vector_20
                0x00003500       0x98 ./main.o
                0x00003500                __vector_20
 .text.__vector_21
                0x00003598       0x98 ./main.o
                0x00003598                __vector_21
 .text.__vector_22
                0x00003630       0x98 ./main.o
                0x00003630                __vector_22
 .text.__vector_23
                0x000036c8       0x98 ./main.o
                0x000036c8                __vector_23
 .text.__vector_24
                0x00003760       0x98 ./main.o
                0x00003760                __vector_24
 .text.__vector_25
                0x000037f8       0x98 ./main.o
                0x000037f8                __vector_25
 .text.__vector_26
                0x00003890       0x98 ./main.o
                0x00003890                __vector_26
 .text.__vector_27
                0x00003928       0x98 ./main.o
                0x00003928                __vector_27
 .text.__vector_28
                0x000039c0       0x98 ./main.o
                0x000039c0                __vector_28
 .text.__vector_29
                0x00003a58       0x98 ./main.o
                0x00003a58                __vector_29
 .text.__vector_30
                0x00003af0       0x98 ./main.o
                0x00003af0                __vector_30
 .text.__vector_31
                0x00003b88       0x98 ./main.o
                0x00003b88                __vector_31
 .text.__vector_32
                0x00003c20       0x98 ./main.o
                0x00003c20                __vector_32
 .text.__vector_33
                0x00003cb8       0x98 ./main.o
                0x00003cb8                __vector_33
 .text.__vector_34
                0x00003d50       0x98 ./main.o
                0x00003d50                __vector_34
 .text.__vector_35
                0x00003de8       0x98 ./main.o
                0x00003de8                __vector_35
 .text.__vector_36
                0x00003e80       0x98 ./main.o
                0x00003e80                __vector_36
 .text._ZN11Programming10memAreaSetEv
                0x00003f18       0x40 ./main.o
                0x00003f18                Programming::memAreaSet()
 .text._Z8bandDiamPKhS0_
                0x00003f58       0x6c ./main.o
                0x00003f58                bandDiam(unsigned char const*, unsigned char const*)
 .text._Z8mcoStatej
                0x00003fc4      0x158 ./main.o
                0x00003fc4                mcoState(unsigned int)
 .text._Z9mcoStateBj
                0x0000411c        0xa ./main.o
                0x0000411c                mcoStateB(unsigned int)
 .text._Z9mcoStateAj
                0x00004126        0xa ./main.o
                0x00004126                mcoStateA(unsigned int)
 .text._ZN7ProgSpi13ProgSpiSimpleIXadL_ZN8Register16spiStatusControlEEEXadL_ZNS1_7spiDataEEEXadL_ZNS1_5portBEEELh0ELh1ELh2ELh3EXadL_ZNS1_5portBEEELh4EE5writeILNS_7MemTypeE0EEEvj
                0x00004130      0x14a ./main.o
                0x00004130                void ProgSpi::ProgSpiSimple<&(Register::spiStatusControl), &(Register::spiData), &(Register::portB), (unsigned char)0, (unsigned char)1, (unsigned char)2, (unsigned char)3, &(Register::portB), (unsigned char)4>::write<(ProgSpi::MemType)0>(unsigned int)
 .text._ZN7ProgSpi13ProgSpiSimpleIXadL_ZN8Register16spiStatusControlEEEXadL_ZNS1_7spiDataEEEXadL_ZNS1_5portBEEELh0ELh1ELh2ELh3EXadL_ZNS1_5portBEEELh4EE5writeILNS_7MemTypeE1EEEvj
                0x0000427a       0xe6 ./main.o
                0x0000427a                void ProgSpi::ProgSpiSimple<&(Register::spiStatusControl), &(Register::spiData), &(Register::portB), (unsigned char)0, (unsigned char)1, (unsigned char)2, (unsigned char)3, &(Register::portB), (unsigned char)4>::write<(ProgSpi::MemType)1>(unsigned int)
 .text._ZN7ProgSpi13ProgSpiSimpleIXadL_ZN8Register16spiStatusControlEEEXadL_ZNS1_7spiDataEEEXadL_ZNS1_5portBEEELh0ELh1ELh2ELh3EXadL_ZNS1_5portBEEELh4EE8readWordILNS_7MemTypeE0EEE7ComplexIjEv
                0x00004360       0xb6 ./main.o
                0x00004360                Complex<unsigned int> ProgSpi::ProgSpiSimple<&(Register::spiStatusControl), &(Register::spiData), &(Register::portB), (unsigned char)0, (unsigned char)1, (unsigned char)2, (unsigned char)3, &(Register::portB), (unsigned char)4>::readWord<(ProgSpi::MemType)0>()
 .text._ZN7ProgSpi13ProgSpiSimpleIXadL_ZN8Register16spiStatusControlEEEXadL_ZNS1_7spiDataEEEXadL_ZNS1_5portBEEELh0ELh1ELh2ELh3EXadL_ZNS1_5portBEEELh4EE8readWordILNS_7MemTypeE1EEE7ComplexIjEv
                0x00004416       0x6a ./main.o
                0x00004416                Complex<unsigned int> ProgSpi::ProgSpiSimple<&(Register::spiStatusControl), &(Register::spiData), &(Register::portB), (unsigned char)0, (unsigned char)1, (unsigned char)2, (unsigned char)3, &(Register::portB), (unsigned char)4>::readWord<(ProgSpi::MemType)1>()
 .text._ZN11Programming9comParserEv
                0x00004480      0x48a ./main.o
                0x00004480                Programming::comParser()
 .text._ZN6CanDatIN4Loki8TypelistINS1_INS0_8Int2TypeILj6280EEENS1_INS2_ILj6792EEENS0_8NullTypeEEEEENS1_INS1_INS2_ILj18024EEENS1_INS2_ILj18056EEES5_EEEENS1_INS2_ILj25575EEENS1_INS2_ILj25544EEENS1_INS1_INS2_ILj50789EEENS1_INS2_ILj50821EEENS1_INS2_ILj38917EEENS1_INS2_ILj39429EEENS1_INS2_ILj25189EEENS1_INS2_ILj39298EEENS1_INS2_ILj39330EEENS1_INS2_ILj39368EEENS1_INS2_ILj39400EEES5_EEEEEEEEEEEEEEEEEES5_EEEEEEEEEENS1_INS2_ILj2309EEENS1_INS1_INS2_ILj2568EEENS1_INS2_ILj2632EEES5_EEEENS1_INS1_INS2_ILj2824EEENS1_INS2_ILj2888EEES5_EEEENS1_INS1_INS2_ILj3585EEENS1_INS2_ILj3073EEES5_EEEENS1_INS1_INS2_ILj4096EEENS1_INS2_ILj4224EEENS1_INS2_ILj4097EEENS1_INS2_ILj4225EEES5_EEEEEEEENS1_INS1_INS2_ILj4128EEENS1_INS2_ILj4256EEENS1_INS2_ILj4129EEENS1_INS2_ILj4257EEES5_EEEEEEEENS1_INS2_ILj6375EEENS1_INS2_ILj16936EEENS1_INS1_INS2_ILj19013EEENS1_INS2_ILj25093EEES5_EEEENS1_INS2_ILj36103EEES5_EEEEEEEEEEEEEEEEEEEENS1_IS1X_NS1_IS11_NS1_IS1W_NS1_IS1A_NS1_IS1V_NS1_IS20_NS1_IS12_NS1_IS16_NS1_IS1U_NS1_IS1E_NS1_IS1F_NS1_IS1M_NS1_IS1N_NS1_IS1G_NS1_IS1H_NS1_IS1O_NS1_IS1P_S1C_EEEEEEEEEEEEEEEEEEEEEEEEEEEEEEEEEELl100ELl75EEC1Ev
                0x0000490a      0x42c ./main.o
                0x0000490a                CanDat<Loki::Typelist<Loki::Typelist<Loki::Int2Type<6280u>, Loki::Typelist<Loki::Int2Type<6792u>, Loki::NullType> >, Loki::Typelist<Loki::Typelist<Loki::Int2Type<18024u>, Loki::Typelist<Loki::Int2Type<18056u>, Loki::NullType> >, Loki::Typelist<Loki::Int2Type<25575u>, Loki::Typelist<Loki::Int2Type<25544u>, Loki::Typelist<Loki::Typelist<Loki::Int2Type<50789u>, Loki::Typelist<Loki::Int2Type<50821u>, Loki::Typelist<Loki::Int2Type<38917u>, Loki::Typelist<Loki::Int2Type<39429u>, Loki::Typelist<Loki::Int2Type<25189u>, Loki::Typelist<Loki::Int2Type<39298u>, Loki::Typelist<Loki::Int2Type<39330u>, Loki::Typelist<Loki::Int2Type<39368u>, Loki::Typelist<Loki::Int2Type<39400u>, Loki::NullType> > > > > > > > >, Loki::NullType> > > > >, Loki::Typelist<Loki::Int2Type<2309u>, Loki::Typelist<Loki::Typelist<Loki::Int2Type<2568u>, Loki::Typelist<Loki::Int2Type<2632u>, Loki::NullType> >, Loki::Typelist<Loki::Typelist<Loki::Int2Type<2824u>, Loki::Typelist<Loki::Int2Type<2888u>, Loki::NullType> >, Loki::Typelist<Loki::Typelist<Loki::Int2Type<3585u>, Loki::Typelist<Loki::Int2Type<3073u>, Loki::NullType> >, Loki::Typelist<Loki::Typelist<Loki::Int2Type<4096u>, Loki::Typelist<Loki::Int2Type<4224u>, Loki::Typelist<Loki::Int2Type<4097u>, Loki::Typelist<Loki::Int2Type<4225u>, Loki::NullType> > > >, Loki::Typelist<Loki::Typelist<Loki::Int2Type<4128u>, Loki::Typelist<Loki::Int2Type<4256u>, Loki::Typelist<Loki::Int2Type<4129u>, Loki::Typelist<Loki::Int2Type<4257u>, Loki::NullType> > > >, Loki::Typelist<Loki::Int2Type<6375u>, Loki::Typelist<Loki::Int2Type<16936u>, Loki::Typelist<Loki::Typelist<Loki::Int2Type<19013u>, Loki::Typelist<Loki::Int2Type<25093u>, Loki::NullType> >, Loki::Typelist<Loki::Int2Type<36103u>, Loki::NullType> > > > > > > > > >, Loki::Typelist<Loki::Int2Type<25093u>, Loki::Typelist<Loki::Int2Type<2309u>, Loki::Typelist<Loki::Int2Type<19013u>, Loki::Typelist<Loki::Int2Type<3585u>, Loki::Typelist<Loki::Int2Type<16936u>, Loki::Typelist<Loki::Int2Type<36103u>, Loki::Typelist<Loki::Int2Type<2568u>, Loki::Typelist<Loki::Int2Type<2824u>, Loki::Typelist<Loki::Int2Type<6375u>, Loki::Typelist<Loki::Int2Type<4096u>, Loki::Typelist<Loki::Int2Type<4224u>, Loki::Typelist<Loki::Int2Type<4128u>, Loki::Typelist<Loki::Int2Type<4256u>, Loki::Typelist<Loki::Int2Type<4097u>, Loki::Typelist<Loki::Int2Type<4225u>, Loki::Typelist<Loki::Int2Type<4129u>, Loki::Typelist<Loki::Int2Type<4257u>, Loki::Typelist<Loki::Int2Type<3073u>, Loki::NullType> > > > > > > > > > > > > > > > > >, 100l, 75l>::CanDat()
 .text._ZN11AlarmAdjustI8BitfieldI15TimerControl8_2EXadL_ZN8Register13timer2ControlEEEXadL_ZNS3_13timer2CounterEEEXadL_ZNS3_13timer2CompareEEEXadL_ZNS3_19timer2InterruptMaskEEEXadL_ZNS3_19timer2InterruptFlagEEEXadL_Z19TIMER2_COMP_handlerEEE9setPeriodERKm
                0x00004d36      0x220 ./main.o
                0x00004d36                AlarmAdjust<Bitfield<TimerControl8_2>, &(Register::timer2Control), &(Register::timer2Counter), &(Register::timer2Compare), &(Register::timer2InterruptMask), &(Register::timer2InterruptFlag), &TIMER2_COMP_handler>::setPeriod(unsigned long const&)
 .text._ZN9Emulation11getVelocityEv
                0x00004f56       0xea ./main.o
                0x00004f56                Emulation::getVelocity()
 .text._ZN12fastdelegate6detail10ClosurePtrIMNS0_12GenericClassEFvvEPFvvES6_E11bindmemfuncI9EmulationMS9_FvvEEEvPT_T0_
                0x00005040       0x10 ./main.o
                0x00005040                void fastdelegate::detail::ClosurePtr<void (fastdelegate::detail::GenericClass::*)(), void (*)(), void (*)()>::bindmemfunc<Emulation, void (Emulation::*)()>(Emulation*, void (Emulation::*)())
 .text._ZN12fastdelegate13FastDelegate0IvEC2I9EmulationS3_EEPT0_MT_FvvE
                0x00005050       0x22 ./main.o
                0x00005050                fastdelegate::FastDelegate0<void>::FastDelegate0<Emulation, Emulation>(Emulation*, void (Emulation::*)())
 .text.startup.main
                0x00005072      0xaac ./main.o
                0x00005072                main
 .text._ZN12fastdelegate6detail10ClosurePtrIMNS0_12GenericClassEFvjEPFvjES6_E11bindmemfuncI9EmulationMS9_FvjEEEvPT_T0_
                0x00005b1e       0x10 ./main.o
                0x00005b1e                void fastdelegate::detail::ClosurePtr<void (fastdelegate::detail::GenericClass::*)(unsigned int), void (*)(unsigned int), void (*)(unsigned int)>::bindmemfunc<Emulation, void (Emulation::*)(unsigned int)>(Emulation*, void (Emulation::*)(unsigned int))
 .text._ZN12fastdelegate13FastDelegate1IjvEC2I9EmulationS3_EEPT0_MT_FvjE
                0x00005b2e       0x22 ./main.o
                0x00005b2e                fastdelegate::FastDelegate1<unsigned int, void>::FastDelegate1<Emulation, Emulation>(Emulation*, void (Emulation::*)(unsigned int))
 .text._ZN12fastdelegate12FastDelegateIFvjEEC1I9EmulationS4_EEPT0_MT_FvjE
                0x00005b50        0x6 ./main.o
                0x00005b50                fastdelegate::FastDelegate<void (unsigned int)>::FastDelegate<Emulation, Emulation>(Emulation*, void (Emulation::*)(unsigned int))
 .text._ZN9Emulation8watchDogEj
                0x00005b56       0xe0 ./main.o
                0x00005b56                Emulation::watchDog(unsigned int)
 .text._ZN12fastdelegate6detail10ClosurePtrIMNS0_12GenericClassEFvvEPFvvES6_E11bindmemfuncI11ProgrammingMS9_FvvEEEvPT_T0_
                0x00005c36       0x10 ./main.o
                0x00005c36                void fastdelegate::detail::ClosurePtr<void (fastdelegate::detail::GenericClass::*)(), void (*)(), void (*)()>::bindmemfunc<Programming, void (Programming::*)()>(Programming*, void (Programming::*)())
 .text._ZN12fastdelegate13FastDelegate0IvEC2I11ProgrammingS3_EEPT0_MT_FvvE
                0x00005c46       0x22 ./main.o
                0x00005c46                fastdelegate::FastDelegate0<void>::FastDelegate0<Programming, Programming>(Programming*, void (Programming::*)())
 .text._Z13commandParserv
                0x00005c68      0x3b2 ./main.o
                0x00005c68                commandParser()
 .text._ZN12fastdelegate6detail10ClosurePtrIMNS0_12GenericClassEFvvEPFvvES6_E11bindmemfuncI5ClockI5AlarmI13BitfieldDummyI14TimerControl16EXadL_ZN8Register13timer3ControlEEEXadL_ZNSE_13timer3CounterEEEXadL_ZNSE_14timer3CompareAEEEXadL_ZNSE_19timer3InterruptMaskEEEXadL_ZNSE_19timer3InterruptFlagEEEXadL_Z20TIMER3_COMPA_handlerEELm1000EEmEMSG_FvvEEEvPT_T0_
                0x0000601a       0x10 ./main.o
                0x0000601a                void fastdelegate::detail::ClosurePtr<void (fastdelegate::detail::GenericClass::*)(), void (*)(), void (*)()>::bindmemfunc<Clock<Alarm<BitfieldDummy<TimerControl16>, &(Register::timer3Control), &(Register::timer3Counter), &(Register::timer3CompareA), &(Register::timer3InterruptMask), &(Register::timer3InterruptFlag), &TIMER3_COMPA_handler, 1000ul>, unsigned long>, void (Clock<Alarm<BitfieldDummy<TimerControl16>, &(Register::timer3Control), &(Register::timer3Counter), &(Register::timer3CompareA), &(Register::timer3InterruptMask), &(Register::timer3InterruptFlag), &TIMER3_COMPA_handler, 1000ul>, unsigned long>::*)()>(Clock<Alarm<BitfieldDummy<TimerControl16>, &(Register::timer3Control), &(Register::timer3Counter), &(Register::timer3CompareA), &(Register::timer3InterruptMask), &(Register::timer3InterruptFlag), &TIMER3_COMPA_handler, 1000ul>, unsigned long>*, void (Clock<Alarm<BitfieldDummy<TimerControl16>, &(Register::timer3Control), &(Register::timer3Counter), &(Register::timer3CompareA), &(Register::timer3InterruptMask), &(Register::timer3InterruptFlag), &TIMER3_COMPA_handler, 1000ul>, unsigned long>::*)())
 .text._ZN12fastdelegate13FastDelegate0IvEC2I5ClockI5AlarmI13BitfieldDummyI14TimerControl16EXadL_ZN8Register13timer3ControlEEEXadL_ZNS8_13timer3CounterEEEXadL_ZNS8_14timer3CompareAEEEXadL_ZNS8_19timer3InterruptMaskEEEXadL_ZNS8_19timer3InterruptFlagEEEXadL_Z20TIMER3_COMPA_handlerEELm1000EEmESA_EEPT0_MT_FvvE
                0x0000602a       0x22 ./main.o
                0x0000602a                fastdelegate::FastDelegate0<void>::FastDelegate0<Clock<Alarm<BitfieldDummy<TimerControl16>, &(Register::timer3Control), &(Register::timer3Counter), &(Register::timer3CompareA), &(Register::timer3InterruptMask), &(Register::timer3InterruptFlag), &TIMER3_COMPA_handler, 1000ul>, unsigned long>, Clock<Alarm<BitfieldDummy<TimerControl16>, &(Register::timer3Control), &(Register::timer3Counter), &(Register::timer3CompareA), &(Register::timer3InterruptMask), &(Register::timer3InterruptFlag), &TIMER3_COMPA_handler, 1000ul>, unsigned long> >(Clock<Alarm<BitfieldDummy<TimerControl16>, &(Register::timer3Control), &(Register::timer3Counter), &(Register::timer3CompareA), &(Register::timer3InterruptMask), &(Register::timer3InterruptFlag), &TIMER3_COMPA_handler, 1000ul>, unsigned long>*, void (Clock<Alarm<BitfieldDummy<TimerControl16>, &(Register::timer3Control), &(Register::timer3Counter), &(Register::timer3CompareA), &(Register::timer3InterruptMask), &(Register::timer3InterruptFlag), &TIMER3_COMPA_handler, 1000ul>, unsigned long>::*)())
 .text._ZN12fastdelegate6detail10ClosurePtrIMNS0_12GenericClassEFvvEPFvvES6_E11bindmemfuncIN4Saut3ComIXadL_ZN8Register13usart1ControlEEEXadL_ZNSB_14usart1BaudRateEEEXadL_ZNSB_10usart1DataEEEXadL_ZNSB_5portDEEELh2EXadL_ZNSB_5portDEEELh3EXadL_ZNSB_5portDEEELh4EXadL_ZNSB_5portBEEELh7ELh1ENS9_3DatIN4Loki8TypelistINSD_8Int2TypeILj12EEENSE_INSF_ILj13EEENSE_INSF_ILj14EEENSE_INSF_ILj15EEENSE_INSF_ILj84EEENSE_INSF_ILj85EEENSE_INSF_ILj104EEENSE_INSF_ILj107EEENSD_8NullTypeEEEEEEEEEEEEEEEEENSE_INSF_ILj8EEENSE_INSF_ILj9EEENSE_INSF_ILj10EEENSE_INSF_ILj11EEENSE_INSF_ILj80EEENSE_INSF_ILj81EEENSE_INSF_ILj82EEENSE_INSF_ILj83EEESO_EEEEEEEEEEEEEEEENSE_ISG_NSE_ISK_NSE_ISL_SP_EEEEEEEELZ4dataEEEMS1H_FvvEEEvPT_T0_
                0x0000604c       0x10 ./main.o
                0x0000604c                void fastdelegate::detail::ClosurePtr<void (fastdelegate::detail::GenericClass::*)(), void (*)(), void (*)()>::bindmemfunc<Saut::Com<&(Register::usart1Control), &(Register::usart1BaudRate), &(Register::usart1Data), &(Register::portD), (unsigned char)2, &(Register::portD), (unsigned char)3, &(Register::portD), (unsigned char)4, &(Register::portB), (unsigned char)7, (unsigned char)1, Saut::Dat<Loki::Typelist<Loki::Int2Type<12u>, Loki::Typelist<Loki::Int2Type<13u>, Loki::Typelist<Loki::Int2Type<14u>, Loki::Typelist<Loki::Int2Type<15u>, Loki::Typelist<Loki::Int2Type<84u>, Loki::Typelist<Loki::Int2Type<85u>, Loki::Typelist<Loki::Int2Type<104u>, Loki::Typelist<Loki::Int2Type<107u>, Loki::NullType> > > > > > > >, Loki::Typelist<Loki::Int2Type<8u>, Loki::Typelist<Loki::Int2Type<9u>, Loki::Typelist<Loki::Int2Type<10u>, Loki::Typelist<Loki::Int2Type<11u>, Loki::Typelist<Loki::Int2Type<80u>, Loki::Typelist<Loki::Int2Type<81u>, Loki::Typelist<Loki::Int2Type<82u>, Loki::Typelist<Loki::Int2Type<83u>, Loki::NullType> > > > > > > >, Loki::Typelist<Loki::Int2Type<12u>, Loki::Typelist<Loki::Int2Type<84u>, Loki::Typelist<Loki::Int2Type<85u>, Loki::Typelist<Loki::Int2Type<107u>, Loki::NullType> > > > >, data>, void (Saut::Com<&(Register::usart1Control), &(Register::usart1BaudRate), &(Register::usart1Data), &(Register::portD), (unsigned char)2, &(Register::portD), (unsigned char)3, &(Register::portD), (unsigned char)4, &(Register::portB), (unsigned char)7, (unsigned char)1, Saut::Dat<Loki::Typelist<Loki::Int2Type<12u>, Loki::Typelist<Loki::Int2Type<13u>, Loki::Typelist<Loki::Int2Type<14u>, Loki::Typelist<Loki::Int2Type<15u>, Loki::Typelist<Loki::Int2Type<84u>, Loki::Typelist<Loki::Int2Type<85u>, Loki::Typelist<Loki::Int2Type<104u>, Loki::Typelist<Loki::Int2Type<107u>, Loki::NullType> > > > > > > >, Loki::Typelist<Loki::Int2Type<8u>, Loki::Typelist<Loki::Int2Type<9u>, Loki::Typelist<Loki::Int2Type<10u>, Loki::Typelist<Loki::Int2Type<11u>, Loki::Typelist<Loki::Int2Type<80u>, Loki::Typelist<Loki::Int2Type<81u>, Loki::Typelist<Loki::Int2Type<82u>, Loki::Typelist<Loki::Int2Type<83u>, Loki::NullType> > > > > > > >, Loki::Typelist<Loki::Int2Type<12u>, Loki::Typelist<Loki::Int2Type<84u>, Loki::Typelist<Loki::Int2Type<85u>, Loki::Typelist<Loki::Int2Type<107u>, Loki::NullType> > > > >, data>::*)()>(Saut::Com<&(Register::usart1Control), &(Register::usart1BaudRate), &(Register::usart1Data), &(Register::portD), (unsigned char)2, &(Register::portD), (unsigned char)3, &(Register::portD), (unsigned char)4, &(Register::portB), (unsigned char)7, (unsigned char)1, Saut::Dat<Loki::Typelist<Loki::Int2Type<12u>, Loki::Typelist<Loki::Int2Type<13u>, Loki::Typelist<Loki::Int2Type<14u>, Loki::Typelist<Loki::Int2Type<15u>, Loki::Typelist<Loki::Int2Type<84u>, Loki::Typelist<Loki::Int2Type<85u>, Loki::Typelist<Loki::Int2Type<104u>, Loki::Typelist<Loki::Int2Type<107u>, Loki::NullType> > > > > > > >, Loki::Typelist<Loki::Int2Type<8u>, Loki::Typelist<Loki::Int2Type<9u>, Loki::Typelist<Loki::Int2Type<10u>, Loki::Typelist<Loki::Int2Type<11u>, Loki::Typelist<Loki::Int2Type<80u>, Loki::Typelist<Loki::Int2Type<81u>, Loki::Typelist<Loki::Int2Type<82u>, Loki::Typelist<Loki::Int2Type<83u>, Loki::NullType> > > > > > > >, Loki::Typelist<Loki::Int2Type<12u>, Loki::Typelist<Loki::Int2Type<84u>, Loki::Typelist<Loki::Int2Type<85u>, Loki::Typelist<Loki::Int2Type<107u>, Loki::NullType> > > > >, data>*, void (Saut::Com<&(Register::usart1Control), &(Register::usart1BaudRate), &(Register::usart1Data), &(Register::portD), (unsigned char)2, &(Register::portD), (unsigned char)3, &(Register::portD), (unsigned char)4, &(Register::portB), (unsigned char)7, (unsigned char)1, Saut::Dat<Loki::Typelist<Loki::Int2Type<12u>, Loki::Typelist<Loki::Int2Type<13u>, Loki::Typelist<Loki::Int2Type<14u>, Loki::Typelist<Loki::Int2Type<15u>, Loki::Typelist<Loki::Int2Type<84u>, Loki::Typelist<Loki::Int2Type<85u>, Loki::Typelist<Loki::Int2Type<104u>, Loki::Typelist<Loki::Int2Type<107u>, Loki::NullType> > > > > > > >, Loki::Typelist<Loki::Int2Type<8u>, Loki::Typelist<Loki::Int2Type<9u>, Loki::Typelist<Loki::Int2Type<10u>, Loki::Typelist<Loki::Int2Type<11u>, Loki::Typelist<Loki::Int2Type<80u>, Loki::Typelist<Loki::Int2Type<81u>, Loki::Typelist<Loki::Int2Type<82u>, Loki::Typelist<Loki::Int2Type<83u>, Loki::NullType> > > > > > > >, Loki::Typelist<Loki::Int2Type<12u>, Loki::Typelist<Loki::Int2Type<84u>, Loki::Typelist<Loki::Int2Type<85u>, Loki::Typelist<Loki::Int2Type<107u>, Loki::NullType> > > > >, data>::*)())
                0x0000604c                void fastdelegate::detail::ClosurePtr<void (fastdelegate::detail::GenericClass::*)(), void (*)(), void (*)()>::bindmemfunc<Saut::Com<&(Register::usart1Control), &(Register::usart1BaudRate), &(Register::usart1Data), &(Register::portD), (unsigned char)2, &(Register::portD), (unsigned char)3, &(Register::portD), (unsigned char)4, &(Register::portB), (unsigned char)7, (unsigned char)1, Saut::Dat<Loki::Typelist<Loki::Int2Type<12u>, Loki::Typelist<Loki::Int2Type<13u>, Loki::Typelist<Loki::Int2Type<14u>, Loki::Typelist<Loki::Int2Type<15u>, Loki::Typelist<Loki::Int2Type<84u>, Loki::Typelist<Loki::Int2Type<85u>, Loki::Typelist<Loki::Int2Type<104u>, Loki::Typelist<Loki::Int2Type<107u>, Loki::NullType> > > > > > > >, Loki::Typelist<Loki::Int2Type<8u>, Loki::Typelist<Loki::Int2Type<9u>, Loki::Typelist<Loki::Int2Type<10u>, Loki::Typelist<Loki::Int2Type<11u>, Loki::Typelist<Loki::Int2Type<80u>, Loki::Typelist<Loki::Int2Type<81u>, Loki::Typelist<Loki::Int2Type<82u>, Loki::Typelist<Loki::Int2Type<83u>, Loki::NullType> > > > > > > >, Loki::Typelist<Loki::Int2Type<12u>, Loki::Typelist<Loki::Int2Type<84u>, Loki::Typelist<Loki::Int2Type<85u>, Loki::Typelist<Loki::Int2Type<107u>, Loki::NullType> > > > >, data>, void (Saut::Com<&(Register::usart1Control), &(Register::usart1BaudRate), &(Register::usart1Data), &(Register::portD), (unsigned char)2, &(Register::portD), (unsigned char)3, &(Register::portD), (unsigned char)4, &(Register::portB), (unsigned char)7, (unsigned char)1, Saut::Dat<Loki::Typelist<Loki::Int2Type<12u>, Loki::Typelist<Loki::Int2Type<13u>, Loki::Typelist<Loki::Int2Type<14u>, Loki::Typelist<Loki::Int2Type<15u>, Loki::Typelist<Loki::Int2Type<84u>, Loki::Typelist<Loki::Int2Type<85u>, Loki::Typelist<Loki::Int2Type<104u>, Loki::Typelist<Loki::Int2Type<107u>, Loki::NullType> > > > > > > >, Loki::Typelist<Loki::Int2Type<8u>, Loki::Typelist<Loki::Int2Type<9u>, Loki::Typelist<Loki::Int2Type<10u>, Loki::Typelist<Loki::Int2Type<11u>, Loki::Typelist<Loki::Int2Type<80u>, Loki::Typelist<Loki::Int2Type<81u>, Loki::Typelist<Loki::Int2Type<82u>, Loki::Typelist<Loki::Int2Type<83u>, Loki::NullType> > > > > > > >, Loki::Typelist<Loki::Int2Type<12u>, Loki::Typelist<Loki::Int2Type<84u>, Loki::Typelist<Loki::Int2Type<85u>, Loki::Typelist<Loki::Int2Type<107u>, Loki::NullType> > > > >, data>::*)()>(Saut::Com<&(Register::usart1Control), &(Register::usart1BaudRate), &(Register::usart1Data), &(Register::portD), (unsigned char)2, &(Register::portD), (unsigned char)3, &(Register::portD), (unsigned char)4, &(Register::portB), (unsigned char)7, (unsigned char)1, Saut::Dat<Loki::Typelist<Loki::Int2Type<12u>, Loki::Typelist<Loki::Int2Type<13u>, Loki::Typelist<Loki::Int2Type<14u>, Loki::Typelist<Loki::Int2Type<15u>, Loki::Typelist<Loki::Int2Type<84u>, Loki::Typelist<Loki::Int2Type<85u>, Loki::Typelist<Loki::Int2Type<104u>, Loki::Typelist<Loki::Int2Type<107u>, Loki::NullType> > > > > > > >, Loki::Typelist<Loki::Int2Type<8u>, Loki::Typelist<Loki::Int2Type<9u>, Loki::Typelist<Loki::Int2Type<10u>, Loki::Typelist<Loki::Int2Type<11u>, Loki::Typelist<Loki::Int2Type<80u>, Loki::Typelist<Loki::Int2Type<81u>, Loki::Typelist<Loki::Int2Type<82u>, Loki::Typelist<Loki::Int2Type<83u>, Loki::NullType> > > > > > > >, Loki::Typelist<Loki::Int2Type<12u>, Loki::Typelist<Loki::Int2Type<84u>, Loki::Typelist<Loki::Int2Type<85u>, Loki::Typelist<Loki::Int2Type<107u>, Loki::NullType> > > > >, data>*, void (Saut::Com<&(Register::usart1Control), &(Register::usart1BaudRate), &(Register::usart1Data), &(Register::portD), (unsigned char)2, &(Register::portD), (unsigned char)3, &(Register::portD), (unsigned char)4, &(Register::portB), (unsigned char)7, (unsigned char)1, Saut::Dat<Loki::Typelist<Loki::Int2Type<12u>, Loki::Typelist<Loki::Int2Type<13u>, Loki::Typelist<Loki::Int2Type<14u>, Loki::Typelist<Loki::Int2Type<15u>, Loki::Typelist<Loki::Int2Type<84u>, Loki::Typelist<Loki::Int2Type<85u>, Loki::Typelist<Loki::Int2Type<104u>, Loki::Typelist<Loki::Int2Type<107u>, Loki::NullType> > > > > > > >, Loki::Typelist<Loki::Int2Type<8u>, Loki::Typelist<Loki::Int2Type<9u>, Loki::Typelist<Loki::Int2Type<10u>, Loki::Typelist<Loki::Int2Type<11u>, Loki::Typelist<Loki::Int2Type<80u>, Loki::Typelist<Loki::Int2Type<81u>, Loki::Typelist<Loki::Int2Type<82u>, Loki::Typelist<Loki::Int2Type<83u>, Loki::NullType> > > > > > > >, Loki::Typelist<Loki::Int2Type<12u>, Loki::Typelist<Loki::Int2Type<84u>, Loki::Typelist<Loki::Int2Type<85u>, Loki::Typelist<Loki::Int2Type<107u>, Loki::NullType> > > > >, data>::*)())
 .text._ZN12fastdelegate13FastDelegate0IvEC2IN4Saut3ComIXadL_ZN8Register13usart1ControlEEEXadL_ZNS5_14usart1BaudRateEEEXadL_ZNS5_10usart1DataEEEXadL_ZNS5_5portDEEELh2EXadL_ZNS5_5portDEEELh3EXadL_ZNS5_5portDEEELh4EXadL_ZNS5_5portBEEELh7ELh1ENS3_3DatIN4Loki8TypelistINS7_8Int2TypeILj12EEENS8_INS9_ILj13EEENS8_INS9_ILj14EEENS8_INS9_ILj15EEENS8_INS9_ILj84EEENS8_INS9_ILj85EEENS8_INS9_ILj104EEENS8_INS9_ILj107EEENS7_8NullTypeEEEEEEEEEEEEEEEEENS8_INS9_ILj8EEENS8_INS9_ILj9EEENS8_INS9_ILj10EEENS8_INS9_ILj11EEENS8_INS9_ILj80EEENS8_INS9_ILj81EEENS8_INS9_ILj82EEENS8_INS9_ILj83EEESI_EEEEEEEEEEEEEEEENS8_ISA_NS8_ISE_NS8_ISF_SJ_EEEEEEEELZ4dataEEES1B_EEPT0_MT_FvvE
                0x0000605c       0x22 ./main.o
                0x0000605c                fastdelegate::FastDelegate0<void>::FastDelegate0<Saut::Com<&(Register::usart1Control), &(Register::usart1BaudRate), &(Register::usart1Data), &(Register::portD), (unsigned char)2, &(Register::portD), (unsigned char)3, &(Register::portD), (unsigned char)4, &(Register::portB), (unsigned char)7, (unsigned char)1, Saut::Dat<Loki::Typelist<Loki::Int2Type<12u>, Loki::Typelist<Loki::Int2Type<13u>, Loki::Typelist<Loki::Int2Type<14u>, Loki::Typelist<Loki::Int2Type<15u>, Loki::Typelist<Loki::Int2Type<84u>, Loki::Typelist<Loki::Int2Type<85u>, Loki::Typelist<Loki::Int2Type<104u>, Loki::Typelist<Loki::Int2Type<107u>, Loki::NullType> > > > > > > >, Loki::Typelist<Loki::Int2Type<8u>, Loki::Typelist<Loki::Int2Type<9u>, Loki::Typelist<Loki::Int2Type<10u>, Loki::Typelist<Loki::Int2Type<11u>, Loki::Typelist<Loki::Int2Type<80u>, Loki::Typelist<Loki::Int2Type<81u>, Loki::Typelist<Loki::Int2Type<82u>, Loki::Typelist<Loki::Int2Type<83u>, Loki::NullType> > > > > > > >, Loki::Typelist<Loki::Int2Type<12u>, Loki::Typelist<Loki::Int2Type<84u>, Loki::Typelist<Loki::Int2Type<85u>, Loki::Typelist<Loki::Int2Type<107u>, Loki::NullType> > > > >, data>, Saut::Com<&(Register::usart1Control), &(Register::usart1BaudRate), &(Register::usart1Data), &(Register::portD), (unsigned char)2, &(Register::portD), (unsigned char)3, &(Register::portD), (unsigned char)4, &(Register::portB), (unsigned char)7, (unsigned char)1, Saut::Dat<Loki::Typelist<Loki::Int2Type<12u>, Loki::Typelist<Loki::Int2Type<13u>, Loki::Typelist<Loki::Int2Type<14u>, Loki::Typelist<Loki::Int2Type<15u>, Loki::Typelist<Loki::Int2Type<84u>, Loki::Typelist<Loki::Int2Type<85u>, Loki::Typelist<Loki::Int2Type<104u>, Loki::Typelist<Loki::Int2Type<107u>, Loki::NullType> > > > > > > >, Loki::Typelist<Loki::Int2Type<8u>, Loki::Typelist<Loki::Int2Type<9u>, Loki::Typelist<Loki::Int2Type<10u>, Loki::Typelist<Loki::Int2Type<11u>, Loki::Typelist<Loki::Int2Type<80u>, Loki::Typelist<Loki::Int2Type<81u>, Loki::Typelist<Loki::Int2Type<82u>, Loki::Typelist<Loki::Int2Type<83u>, Loki::NullType> > > > > > > >, Loki::Typelist<Loki::Int2Type<12u>, Loki::Typelist<Loki::Int2Type<84u>, Loki::Typelist<Loki::Int2Type<85u>, Loki::Typelist<Loki::Int2Type<107u>, Loki::NullType> > > > >, data> >(Saut::Com<&(Register::usart1Control), &(Register::usart1BaudRate), &(Register::usart1Data), &(Register::portD), (unsigned char)2, &(Register::portD), (unsigned char)3, &(Register::portD), (unsigned char)4, &(Register::portB), (unsigned char)7, (unsigned char)1, Saut::Dat<Loki::Typelist<Loki::Int2Type<12u>, Loki::Typelist<Loki::Int2Type<13u>, Loki::Typelist<Loki::Int2Type<14u>, Loki::Typelist<Loki::Int2Type<15u>, Loki::Typelist<Loki::Int2Type<84u>, Loki::Typelist<Loki::Int2Type<85u>, Loki::Typelist<Loki::Int2Type<104u>, Loki::Typelist<Loki::Int2Type<107u>, Loki::NullType> > > > > > > >, Loki::Typelist<Loki::Int2Type<8u>, Loki::Typelist<Loki::Int2Type<9u>, Loki::Typelist<Loki::Int2Type<10u>, Loki::Typelist<Loki::Int2Type<11u>, Loki::Typelist<Loki::Int2Type<80u>, Loki::Typelist<Loki::Int2Type<81u>, Loki::Typelist<Loki::Int2Type<82u>, Loki::Typelist<Loki::Int2Type<83u>, Loki::NullType> > > > > > > >, Loki::Typelist<Loki::Int2Type<12u>, Loki::Typelist<Loki::Int2Type<84u>, Loki::Typelist<Loki::Int2Type<85u>, Loki::Typelist<Loki::Int2Type<107u>, Loki::NullType> > > > >, data>*, void (Saut::Com<&(Register::usart1Control), &(Register::usart1BaudRate), &(Register::usart1Data), &(Register::portD), (unsigned char)2, &(Register::portD), (unsigned char)3, &(Register::portD), (unsigned char)4, &(Register::portB), (unsigned char)7, (unsigned char)1, Saut::Dat<Loki::Typelist<Loki::Int2Type<12u>, Loki::Typelist<Loki::Int2Type<13u>, Loki::Typelist<Loki::Int2Type<14u>, Loki::Typelist<Loki::Int2Type<15u>, Loki::Typelist<Loki::Int2Type<84u>, Loki::Typelist<Loki::Int2Type<85u>, Loki::Typelist<Loki::Int2Type<104u>, Loki::Typelist<Loki::Int2Type<107u>, Loki::NullType> > > > > > > >, Loki::Typelist<Loki::Int2Type<8u>, Loki::Typelist<Loki::Int2Type<9u>, Loki::Typelist<Loki::Int2Type<10u>, Loki::Typelist<Loki::Int2Type<11u>, Loki::Typelist<Loki::Int2Type<80u>, Loki::Typelist<Loki::Int2Type<81u>, Loki::Typelist<Loki::Int2Type<82u>, Loki::Typelist<Loki::Int2Type<83u>, Loki::NullType> > > > > > > >, Loki::Typelist<Loki::Int2Type<12u>, Loki::Typelist<Loki::Int2Type<84u>, Loki::Typelist<Loki::Int2Type<85u>, Loki::Typelist<Loki::Int2Type<107u>, Loki::NullType> > > > >, data>::*)())
                0x0000605c                fastdelegate::FastDelegate0<void>::FastDelegate0<Saut::Com<&(Register::usart1Control), &(Register::usart1BaudRate), &(Register::usart1Data), &(Register::portD), (unsigned char)2, &(Register::portD), (unsigned char)3, &(Register::portD), (unsigned char)4, &(Register::portB), (unsigned char)7, (unsigned char)1, Saut::Dat<Loki::Typelist<Loki::Int2Type<12u>, Loki::Typelist<Loki::Int2Type<13u>, Loki::Typelist<Loki::Int2Type<14u>, Loki::Typelist<Loki::Int2Type<15u>, Loki::Typelist<Loki::Int2Type<84u>, Loki::Typelist<Loki::Int2Type<85u>, Loki::Typelist<Loki::Int2Type<104u>, Loki::Typelist<Loki::Int2Type<107u>, Loki::NullType> > > > > > > >, Loki::Typelist<Loki::Int2Type<8u>, Loki::Typelist<Loki::Int2Type<9u>, Loki::Typelist<Loki::Int2Type<10u>, Loki::Typelist<Loki::Int2Type<11u>, Loki::Typelist<Loki::Int2Type<80u>, Loki::Typelist<Loki::Int2Type<81u>, Loki::Typelist<Loki::Int2Type<82u>, Loki::Typelist<Loki::Int2Type<83u>, Loki::NullType> > > > > > > >, Loki::Typelist<Loki::Int2Type<12u>, Loki::Typelist<Loki::Int2Type<84u>, Loki::Typelist<Loki::Int2Type<85u>, Loki::Typelist<Loki::Int2Type<107u>, Loki::NullType> > > > >, data>, Saut::Com<&(Register::usart1Control), &(Register::usart1BaudRate), &(Register::usart1Data), &(Register::portD), (unsigned char)2, &(Register::portD), (unsigned char)3, &(Register::portD), (unsigned char)4, &(Register::portB), (unsigned char)7, (unsigned char)1, Saut::Dat<Loki::Typelist<Loki::Int2Type<12u>, Loki::Typelist<Loki::Int2Type<13u>, Loki::Typelist<Loki::Int2Type<14u>, Loki::Typelist<Loki::Int2Type<15u>, Loki::Typelist<Loki::Int2Type<84u>, Loki::Typelist<Loki::Int2Type<85u>, Loki::Typelist<Loki::Int2Type<104u>, Loki::Typelist<Loki::Int2Type<107u>, Loki::NullType> > > > > > > >, Loki::Typelist<Loki::Int2Type<8u>, Loki::Typelist<Loki::Int2Type<9u>, Loki::Typelist<Loki::Int2Type<10u>, Loki::Typelist<Loki::Int2Type<11u>, Loki::Typelist<Loki::Int2Type<80u>, Loki::Typelist<Loki::Int2Type<81u>, Loki::Typelist<Loki::Int2Type<82u>, Loki::Typelist<Loki::Int2Type<83u>, Loki::NullType> > > > > > > >, Loki::Typelist<Loki::Int2Type<12u>, Loki::Typelist<Loki::Int2Type<84u>, Loki::Typelist<Loki::Int2Type<85u>, Loki::Typelist<Loki::Int2Type<107u>, Loki::NullType> > > > >, data> >(Saut::Com<&(Register::usart1Control), &(Register::usart1BaudRate), &(Register::usart1Data), &(Register::portD), (unsigned char)2, &(Register::portD), (unsigned char)3, &(Register::portD), (unsigned char)4, &(Register::portB), (unsigned char)7, (unsigned char)1, Saut::Dat<Loki::Typelist<Loki::Int2Type<12u>, Loki::Typelist<Loki::Int2Type<13u>, Loki::Typelist<Loki::Int2Type<14u>, Loki::Typelist<Loki::Int2Type<15u>, Loki::Typelist<Loki::Int2Type<84u>, Loki::Typelist<Loki::Int2Type<85u>, Loki::Typelist<Loki::Int2Type<104u>, Loki::Typelist<Loki::Int2Type<107u>, Loki::NullType> > > > > > > >, Loki::Typelist<Loki::Int2Type<8u>, Loki::Typelist<Loki::Int2Type<9u>, Loki::Typelist<Loki::Int2Type<10u>, Loki::Typelist<Loki::Int2Type<11u>, Loki::Typelist<Loki::Int2Type<80u>, Loki::Typelist<Loki::Int2Type<81u>, Loki::Typelist<Loki::Int2Type<82u>, Loki::Typelist<Loki::Int2Type<83u>, Loki::NullType> > > > > > > >, Loki::Typelist<Loki::Int2Type<12u>, Loki::Typelist<Loki::Int2Type<84u>, Loki::Typelist<Loki::Int2Type<85u>, Loki::Typelist<Loki::Int2Type<107u>, Loki::NullType> > > > >, data>*, void (Saut::Com<&(Register::usart1Control), &(Register::usart1BaudRate), &(Register::usart1Data), &(Register::portD), (unsigned char)2, &(Register::portD), (unsigned char)3, &(Register::portD), (unsigned char)4, &(Register::portB), (unsigned char)7, (unsigned char)1, Saut::Dat<Loki::Typelist<Loki::Int2Type<12u>, Loki::Typelist<Loki::Int2Type<13u>, Loki::Typelist<Loki::Int2Type<14u>, Loki::Typelist<Loki::Int2Type<15u>, Loki::Typelist<Loki::Int2Type<84u>, Loki::Typelist<Loki::Int2Type<85u>, Loki::Typelist<Loki::Int2Type<104u>, Loki::Typelist<Loki::Int2Type<107u>, Loki::NullType> > > > > > > >, Loki::Typelist<Loki::Int2Type<8u>, Loki::Typelist<Loki::Int2Type<9u>, Loki::Typelist<Loki::Int2Type<10u>, Loki::Typelist<Loki::Int2Type<11u>, Loki::Typelist<Loki::Int2Type<80u>, Loki::Typelist<Loki::Int2Type<81u>, Loki::Typelist<Loki::Int2Type<82u>, Loki::Typelist<Loki::Int2Type<83u>, Loki::NullType> > > > > > > >, Loki::Typelist<Loki::Int2Type<12u>, Loki::Typelist<Loki::Int2Type<84u>, Loki::Typelist<Loki::Int2Type<85u>, Loki::Typelist<Loki::Int2Type<107u>, Loki::NullType> > > > >, data>::*)())
 .text._ZN12fastdelegate6detail10ClosurePtrIMNS0_12GenericClassEFvjEPFvjES6_E11bindmemfuncI3KptI5ClockI5AlarmI13BitfieldDummyI14TimerControl16EXadL_ZN8Register13timer3ControlEEEXadL_ZNSF_13timer3CounterEEEXadL_ZNSF_14timer3CompareAEEEXadL_ZNSF_19timer3InterruptMaskEEEXadL_ZNSF_19timer3InterruptFlagEEEXadL_Z20TIMER3_COMPA_handlerEELm1000EEmELZ5clockE9SchedulerISH_LZ5clockELh6EjELZ9schedulerEEMSK_FvjEEEvPT_T0_
                0x0000607e       0x10 ./main.o
                0x0000607e                void fastdelegate::detail::ClosurePtr<void (fastdelegate::detail::GenericClass::*)(unsigned int), void (*)(unsigned int), void (*)(unsigned int)>::bindmemfunc<Kpt<Clock<Alarm<BitfieldDummy<TimerControl16>, &(Register::timer3Control), &(Register::timer3Counter), &(Register::timer3CompareA), &(Register::timer3InterruptMask), &(Register::timer3InterruptFlag), &TIMER3_COMPA_handler, 1000ul>, unsigned long>, clock, Scheduler<Clock<Alarm<BitfieldDummy<TimerControl16>, &(Register::timer3Control), &(Register::timer3Counter), &(Register::timer3CompareA), &(Register::timer3InterruptMask), &(Register::timer3InterruptFlag), &TIMER3_COMPA_handler, 1000ul>, unsigned long>, clock, (unsigned char)6, unsigned int>, scheduler>, void (Kpt<Clock<Alarm<BitfieldDummy<TimerControl16>, &(Register::timer3Control), &(Register::timer3Counter), &(Register::timer3CompareA), &(Register::timer3InterruptMask), &(Register::timer3InterruptFlag), &TIMER3_COMPA_handler, 1000ul>, unsigned long>, clock, Scheduler<Clock<Alarm<BitfieldDummy<TimerControl16>, &(Register::timer3Control), &(Register::timer3Counter), &(Register::timer3CompareA), &(Register::timer3InterruptMask), &(Register::timer3InterruptFlag), &TIMER3_COMPA_handler, 1000ul>, unsigned long>, clock, (unsigned char)6, unsigned int>, scheduler>::*)(unsigned int)>(Kpt<Clock<Alarm<BitfieldDummy<TimerControl16>, &(Register::timer3Control), &(Register::timer3Counter), &(Register::timer3CompareA), &(Register::timer3InterruptMask), &(Register::timer3InterruptFlag), &TIMER3_COMPA_handler, 1000ul>, unsigned long>, clock, Scheduler<Clock<Alarm<BitfieldDummy<TimerControl16>, &(Register::timer3Control), &(Register::timer3Counter), &(Register::timer3CompareA), &(Register::timer3InterruptMask), &(Register::timer3InterruptFlag), &TIMER3_COMPA_handler, 1000ul>, unsigned long>, clock, (unsigned char)6, unsigned int>, scheduler>*, void (Kpt<Clock<Alarm<BitfieldDummy<TimerControl16>, &(Register::timer3Control), &(Register::timer3Counter), &(Register::timer3CompareA), &(Register::timer3InterruptMask), &(Register::timer3InterruptFlag), &TIMER3_COMPA_handler, 1000ul>, unsigned long>, clock, Scheduler<Clock<Alarm<BitfieldDummy<TimerControl16>, &(Register::timer3Control), &(Register::timer3Counter), &(Register::timer3CompareA), &(Register::timer3InterruptMask), &(Register::timer3InterruptFlag), &TIMER3_COMPA_handler, 1000ul>, unsigned long>, clock, (unsigned char)6, unsigned int>, scheduler>::*)(unsigned int))
                0x0000607e                void fastdelegate::detail::ClosurePtr<void (fastdelegate::detail::GenericClass::*)(unsigned int), void (*)(unsigned int), void (*)(unsigned int)>::bindmemfunc<Kpt<Clock<Alarm<BitfieldDummy<TimerControl16>, &(Register::timer3Control), &(Register::timer3Counter), &(Register::timer3CompareA), &(Register::timer3InterruptMask), &(Register::timer3InterruptFlag), &TIMER3_COMPA_handler, 1000ul>, unsigned long>, clock, Scheduler<Clock<Alarm<BitfieldDummy<TimerControl16>, &(Register::timer3Control), &(Register::timer3Counter), &(Register::timer3CompareA), &(Register::timer3InterruptMask), &(Register::timer3InterruptFlag), &TIMER3_COMPA_handler, 1000ul>, unsigned long>, clock, (unsigned char)6, unsigned int>, scheduler>, void (Kpt<Clock<Alarm<BitfieldDummy<TimerControl16>, &(Register::timer3Control), &(Register::timer3Counter), &(Register::timer3CompareA), &(Register::timer3InterruptMask), &(Register::timer3InterruptFlag), &TIMER3_COMPA_handler, 1000ul>, unsigned long>, clock, Scheduler<Clock<Alarm<BitfieldDummy<TimerControl16>, &(Register::timer3Control), &(Register::timer3Counter), &(Register::timer3CompareA), &(Register::timer3InterruptMask), &(Register::timer3InterruptFlag), &TIMER3_COMPA_handler, 1000ul>, unsigned long>, clock, (unsigned char)6, unsigned int>, scheduler>::*)(unsigned int)>(Kpt<Clock<Alarm<BitfieldDummy<TimerControl16>, &(Register::timer3Control), &(Register::timer3Counter), &(Register::timer3CompareA), &(Register::timer3InterruptMask), &(Register::timer3InterruptFlag), &TIMER3_COMPA_handler, 1000ul>, unsigned long>, clock, Scheduler<Clock<Alarm<BitfieldDummy<TimerControl16>, &(Register::timer3Control), &(Register::timer3Counter), &(Register::timer3CompareA), &(Register::timer3InterruptMask), &(Register::timer3InterruptFlag), &TIMER3_COMPA_handler, 1000ul>, unsigned long>, clock, (unsigned char)6, unsigned int>, scheduler>*, void (Kpt<Clock<Alarm<BitfieldDummy<TimerControl16>, &(Register::timer3Control), &(Register::timer3Counter), &(Register::timer3CompareA), &(Register::timer3InterruptMask), &(Register::timer3InterruptFlag), &TIMER3_COMPA_handler, 1000ul>, unsigned long>, clock, Scheduler<Clock<Alarm<BitfieldDummy<TimerControl16>, &(Register::timer3Control), &(Register::timer3Counter), &(Register::timer3CompareA), &(Register::timer3InterruptMask), &(Register::timer3InterruptFlag), &TIMER3_COMPA_handler, 1000ul>, unsigned long>, clock, (unsigned char)6, unsigned int>, scheduler>::*)(unsigned int))
 .text._ZN12fastdelegate13FastDelegate1IjvEC2I3KptI5ClockI5AlarmI13BitfieldDummyI14TimerControl16EXadL_ZN8Register13timer3ControlEEEXadL_ZNS9_13timer3CounterEEEXadL_ZNS9_14timer3CompareAEEEXadL_ZNS9_19timer3InterruptMaskEEEXadL_ZNS9_19timer3InterruptFlagEEEXadL_Z20TIMER3_COMPA_handlerEELm1000EEmELZ5clockE9SchedulerISB_LZ5clockELh6EjELZ9schedulerEESE_EEPT0_MT_FvjE
                0x0000608e       0x22 ./main.o
                0x0000608e                fastdelegate::FastDelegate1<unsigned int, void>::FastDelegate1<Kpt<Clock<Alarm<BitfieldDummy<TimerControl16>, &(Register::timer3Control), &(Register::timer3Counter), &(Register::timer3CompareA), &(Register::timer3InterruptMask), &(Register::timer3InterruptFlag), &TIMER3_COMPA_handler, 1000ul>, unsigned long>, clock, Scheduler<Clock<Alarm<BitfieldDummy<TimerControl16>, &(Register::timer3Control), &(Register::timer3Counter), &(Register::timer3CompareA), &(Register::timer3InterruptMask), &(Register::timer3InterruptFlag), &TIMER3_COMPA_handler, 1000ul>, unsigned long>, clock, (unsigned char)6, unsigned int>, scheduler>, Kpt<Clock<Alarm<BitfieldDummy<TimerControl16>, &(Register::timer3Control), &(Register::timer3Counter), &(Register::timer3CompareA), &(Register::timer3InterruptMask), &(Register::timer3InterruptFlag), &TIMER3_COMPA_handler, 1000ul>, unsigned long>, clock, Scheduler<Clock<Alarm<BitfieldDummy<TimerControl16>, &(Register::timer3Control), &(Register::timer3Counter), &(Register::timer3CompareA), &(Register::timer3InterruptMask), &(Register::timer3InterruptFlag), &TIMER3_COMPA_handler, 1000ul>, unsigned long>, clock, (unsigned char)6, unsigned int>, scheduler> >(Kpt<Clock<Alarm<BitfieldDummy<TimerControl16>, &(Register::timer3Control), &(Register::timer3Counter), &(Register::timer3CompareA), &(Register::timer3InterruptMask), &(Register::timer3InterruptFlag), &TIMER3_COMPA_handler, 1000ul>, unsigned long>, clock, Scheduler<Clock<Alarm<BitfieldDummy<TimerControl16>, &(Register::timer3Control), &(Register::timer3Counter), &(Register::timer3CompareA), &(Register::timer3InterruptMask), &(Register::timer3InterruptFlag), &TIMER3_COMPA_handler, 1000ul>, unsigned long>, clock, (unsigned char)6, unsigned int>, scheduler>*, void (Kpt<Clock<Alarm<BitfieldDummy<TimerControl16>, &(Register::timer3Control), &(Register::timer3Counter), &(Register::timer3CompareA), &(Register::timer3InterruptMask), &(Register::timer3InterruptFlag), &TIMER3_COMPA_handler, 1000ul>, unsigned long>, clock, Scheduler<Clock<Alarm<BitfieldDummy<TimerControl16>, &(Register::timer3Control), &(Register::timer3Counter), &(Register::timer3CompareA), &(Register::timer3InterruptMask), &(Register::timer3InterruptFlag), &TIMER3_COMPA_handler, 1000ul>, unsigned long>, clock, (unsigned char)6, unsigned int>, scheduler>::*)(unsigned int))
                0x0000608e                fastdelegate::FastDelegate1<unsigned int, void>::FastDelegate1<Kpt<Clock<Alarm<BitfieldDummy<TimerControl16>, &(Register::timer3Control), &(Register::timer3Counter), &(Register::timer3CompareA), &(Register::timer3InterruptMask), &(Register::timer3InterruptFlag), &TIMER3_COMPA_handler, 1000ul>, unsigned long>, clock, Scheduler<Clock<Alarm<BitfieldDummy<TimerControl16>, &(Register::timer3Control), &(Register::timer3Counter), &(Register::timer3CompareA), &(Register::timer3InterruptMask), &(Register::timer3InterruptFlag), &TIMER3_COMPA_handler, 1000ul>, unsigned long>, clock, (unsigned char)6, unsigned int>, scheduler>, Kpt<Clock<Alarm<BitfieldDummy<TimerControl16>, &(Register::timer3Control), &(Register::timer3Counter), &(Register::timer3CompareA), &(Register::timer3InterruptMask), &(Register::timer3InterruptFlag), &TIMER3_COMPA_handler, 1000ul>, unsigned long>, clock, Scheduler<Clock<Alarm<BitfieldDummy<TimerControl16>, &(Register::timer3Control), &(Register::timer3Counter), &(Register::timer3CompareA), &(Register::timer3InterruptMask), &(Register::timer3InterruptFlag), &TIMER3_COMPA_handler, 1000ul>, unsigned long>, clock, (unsigned char)6, unsigned int>, scheduler> >(Kpt<Clock<Alarm<BitfieldDummy<TimerControl16>, &(Register::timer3Control), &(Register::timer3Counter), &(Register::timer3CompareA), &(Register::timer3InterruptMask), &(Register::timer3InterruptFlag), &TIMER3_COMPA_handler, 1000ul>, unsigned long>, clock, Scheduler<Clock<Alarm<BitfieldDummy<TimerControl16>, &(Register::timer3Control), &(Register::timer3Counter), &(Register::timer3CompareA), &(Register::timer3InterruptMask), &(Register::timer3InterruptFlag), &TIMER3_COMPA_handler, 1000ul>, unsigned long>, clock, (unsigned char)6, unsigned int>, scheduler>*, void (Kpt<Clock<Alarm<BitfieldDummy<TimerControl16>, &(Register::timer3Control), &(Register::timer3Counter), &(Register::timer3CompareA), &(Register::timer3InterruptMask), &(Register::timer3InterruptFlag), &TIMER3_COMPA_handler, 1000ul>, unsigned long>, clock, Scheduler<Clock<Alarm<BitfieldDummy<TimerControl16>, &(Register::timer3Control), &(Register::timer3Counter), &(Register::timer3CompareA), &(Register::timer3InterruptMask), &(Register::timer3InterruptFlag), &TIMER3_COMPA_handler, 1000ul>, unsigned long>, clock, (unsigned char)6, unsigned int>, scheduler>::*)(unsigned int))
 .text._ZN3KptI5ClockI5AlarmI13BitfieldDummyI14TimerControl16EXadL_ZN8Register13timer3ControlEEEXadL_ZNS5_13timer3CounterEEEXadL_ZNS5_14timer3CompareAEEEXadL_ZNS5_19timer3InterruptMaskEEEXadL_ZNS5_19timer3InterruptFlagEEEXadL_Z20TIMER3_COMPA_handlerEELm1000EEmELZ5clockE9SchedulerIS7_LZ5clockELh6EjELZ9schedulerEE8watchDogEj
                0x000060b0       0xf4 ./main.o
                0x000060b0                Kpt<Clock<Alarm<BitfieldDummy<TimerControl16>, &(Register::timer3Control), &(Register::timer3Counter), &(Register::timer3CompareA), &(Register::timer3InterruptMask), &(Register::timer3InterruptFlag), &TIMER3_COMPA_handler, 1000ul>, unsigned long>, clock, Scheduler<Clock<Alarm<BitfieldDummy<TimerControl16>, &(Register::timer3Control), &(Register::timer3Counter), &(Register::timer3CompareA), &(Register::timer3InterruptMask), &(Register::timer3InterruptFlag), &TIMER3_COMPA_handler, 1000ul>, unsigned long>, clock, (unsigned char)6, unsigned int>, scheduler>::watchDog(unsigned int)
                0x000060b0                Kpt<Clock<Alarm<BitfieldDummy<TimerControl16>, &(Register::timer3Control), &(Register::timer3Counter), &(Register::timer3CompareA), &(Register::timer3InterruptMask), &(Register::timer3InterruptFlag), &TIMER3_COMPA_handler, 1000ul>, unsigned long>, clock, Scheduler<Clock<Alarm<BitfieldDummy<TimerControl16>, &(Register::timer3Control), &(Register::timer3Counter), &(Register::timer3CompareA), &(Register::timer3InterruptMask), &(Register::timer3InterruptFlag), &TIMER3_COMPA_handler, 1000ul>, unsigned long>, clock, (unsigned char)6, unsigned int>, scheduler>::watchDog(unsigned int)
 .text._ZN12fastdelegate6detail10ClosurePtrIMNS0_12GenericClassEFvvEPFvvES6_E11bindmemfuncI24CeleritasSpatiumDimetiorIXadL_ZN8Register5portCEEELh4ELh5EXadL_ZNSA_5portBEEELh7E6CanDatIN4Loki8TypelistINSD_INSC_8Int2TypeILj6280EEENSD_INSE_ILj6792EEENSC_8NullTypeEEEEENSD_INSD_INSE_ILj18024EEENSD_INSE_ILj18056EEESH_EEEENSD_INSE_ILj25575EEENSD_INSE_ILj25544EEENSD_INSD_INSE_ILj50789EEENSD_INSE_ILj50821EEENSD_INSE_ILj38917EEENSD_INSE_ILj39429EEENSD_INSE_ILj25189EEENSD_INSE_ILj39298EEENSD_INSE_ILj39330EEENSD_INSE_ILj39368EEENSD_INSE_ILj39400EEESH_EEEEEEEEEEEEEEEEEESH_EEEEEEEEEENSD_INSE_ILj2309EEENSD_INSD_INSE_ILj2568EEENSD_INSE_ILj2632EEESH_EEEENSD_INSD_INSE_ILj2824EEENSD_INSE_ILj2888EEESH_EEEENSD_INSD_INSE_ILj3585EEENSD_INSE_ILj3073EEESH_EEEENSD_INSD_INSE_ILj4096EEENSD_INSE_ILj4224EEENSD_INSE_ILj4097EEENSD_INSE_ILj4225EEESH_EEEEEEEENSD_INSD_INSE_ILj4128EEENSD_INSE_ILj4256EEENSD_INSE_ILj4129EEENSD_INSE_ILj4257EEESH_EEEEEEEENSD_INSE_ILj6375EEENSD_INSE_ILj16936EEENSD_INSD_INSE_ILj19013EEENSD_INSE_ILj25093EEESH_EEEENSD_INSE_ILj36103EEESH_EEEEEEEEEEEEEEEEEEEENSD_IS29_NSD_IS1D_NSD_IS28_NSD_IS1M_NSD_IS27_NSD_IS2C_NSD_IS1E_NSD_IS1I_NSD_IS26_NSD_IS1Q_NSD_IS1R_NSD_IS1Y_NSD_IS1Z_NSD_IS1S_NSD_IS1T_NSD_IS20_NSD_IS21_S1O_EEEEEEEEEEEEEEEEEEEEEEEEEEEEEEEEEELl100ELl75EELZ6canDatEEMS35_FvvEEEvPT_T0_
                0x000061a4       0x10 ./main.o