Archive member included because of file (symbol)

c:/program files/avr-gcc-2.6.1/bin/../lib/gcc/avr/4.6.1/avr5\libgcc.a(_mulsi3.o)
                              ./main.o (__mulsi3)
c:/program files/avr-gcc-2.6.1/bin/../lib/gcc/avr/4.6.1/avr5\libgcc.a(_divmodhi4.o)
                              ./main.o (__divmodhi4)
c:/program files/avr-gcc-2.6.1/bin/../lib/gcc/avr/4.6.1/avr5\libgcc.a(_udivmodsi4.o)
                              ./main.o (__udivmodsi4)
c:/program files/avr-gcc-2.6.1/bin/../lib/gcc/avr/4.6.1/avr5\libgcc.a(_divmodsi4.o)
                              ./main.o (__divmodsi4)
c:/program files/avr-gcc-2.6.1/bin/../lib/gcc/avr/4.6.1/avr5\libgcc.a(_exit.o)
                              c:/program files/avr-gcc-2.6.1/bin/../lib/gcc/avr/4.6.1/../../../../avr/lib/avr5/crtcan64.o (exit)
c:/program files/avr-gcc-2.6.1/bin/../lib/gcc/avr/4.6.1/avr5\libgcc.a(_copy_data.o)
                              ./main.o (__do_copy_data)
c:/program files/avr-gcc-2.6.1/bin/../lib/gcc/avr/4.6.1/avr5\libgcc.a(_clear_bss.o)
                              ./main.o (__do_clear_bss)
c:/program files/avr-gcc-2.6.1/bin/../lib/gcc/avr/4.6.1/avr5\libgcc.a(_ctors.o)
                              ./main.o (__do_global_ctors)
c:/program files/avr-gcc-2.6.1/bin/../lib/gcc/avr/4.6.1/avr5\libgcc.a(_dtors.o)
                              ./main.o (__do_global_dtors)
c:/program files/avr-gcc-2.6.1/bin/../lib/gcc/avr/4.6.1/avr5\libgcc.a(_udivmodhi4.o)
                              c:/program files/avr-gcc-2.6.1/bin/../lib/gcc/avr/4.6.1/avr5\libgcc.a(_divmodhi4.o) (__udivmodhi4)
c:/program files/avr-gcc-2.6.1/bin/../lib/gcc/avr/4.6.1/avr5\libgcc.a(_tablejump.o)
                              c:/program files/avr-gcc-2.6.1/bin/../lib/gcc/avr/4.6.1/avr5\libgcc.a(_ctors.o) (__tablejump__)
c:/program files/avr-gcc-2.6.1/bin/../lib/gcc/avr/4.6.1/../../../../avr/lib/avr5\libc.a(malloc.o)
                              ./main.o (malloc)
c:/program files/avr-gcc-2.6.1/bin/../lib/gcc/avr/4.6.1/../../../../avr/lib/avr5\libc.a(eerd_byte_at90can64.o)
                              ./main.o (__eerd_byte_can64)
c:/program files/avr-gcc-2.6.1/bin/../lib/gcc/avr/4.6.1/../../../../avr/lib/avr5\libc.a(eerd_word_at90can64.o)
                              ./main.o (__eerd_word_can64)
c:/program files/avr-gcc-2.6.1/bin/../lib/gcc/avr/4.6.1/../../../../avr/lib/avr5\libc.a(eeupd_byte_at90can64.o)
                              ./main.o (__eeupd_byte_can64)
c:/program files/avr-gcc-2.6.1/bin/../lib/gcc/avr/4.6.1/../../../../avr/lib/avr5\libc.a(eerd_block_at90can64.o)
                              c:/program files/avr-gcc-2.6.1/bin/../lib/gcc/avr/4.6.1/../../../../avr/lib/avr5\libc.a(eerd_word_at90can64.o) (__eerd_blraw_can64)

Allocating common symbols
Common symbol       size              file

__brkval            0x2               c:/program files/avr-gcc-2.6.1/bin/../lib/gcc/avr/4.6.1/../../../../avr/lib/avr5\libc.a(malloc.o)
__flp               0x2               c:/program files/avr-gcc-2.6.1/bin/../lib/gcc/avr/4.6.1/../../../../avr/lib/avr5\libc.a(malloc.o)

Discarded input sections

 .text          0x00000000        0x4 c:/program files/avr-gcc-2.6.1/bin/../lib/gcc/avr/4.6.1/../../../../avr/lib/avr5/crtcan64.o
 .data          0x00000000        0x0 c:/program files/avr-gcc-2.6.1/bin/../lib/gcc/avr/4.6.1/../../../../avr/lib/avr5/crtcan64.o
 .bss           0x00000000        0x0 c:/program files/avr-gcc-2.6.1/bin/../lib/gcc/avr/4.6.1/../../../../avr/lib/avr5/crtcan64.o
 .text.__cxa_guard_acquire
                0x00000000       0x14 ./main.o
 .text.__cxa_guard_release
                0x00000000        0x8 ./main.o
 .text.__cxa_guard_abort
                0x00000000        0x2 ./main.o
 .text.__cxa_pure_virtual
                0x00000000        0x2 ./main.o
 .text._Znwj    0x00000000        0x6 ./main.o
 .text._ZdlPv   0x00000000        0x6 ./main.o
 .text._Znaj    0x00000000        0x6 ./main.o
 .text._ZdaPv   0x00000000        0x6 ./main.o
 .text._Z4swapRKj
                0x00000000        0x8 ./main.o
 .text._Z8kptRiseAj
                0x00000000      0x144 ./main.o
 .text._Z8kptRiseBj
                0x00000000      0x144 ./main.o
 .text._Z8kptFallAj
                0x00000000       0x56 ./main.o
 .text._Z8kptFallBj
                0x00000000       0x56 ./main.o
 .text._Z12kptRiseTimeAj
                0x00000000      0x120 ./main.o
 .text._Z12kptRiseTimeBj
                0x00000000      0x120 ./main.o
 .text._Z12kptFallTimeAj
                0x00000000       0x2e ./main.o
 .text._Z12kptFallTimeBj
                0x00000000       0x2e ./main.o
 .text._Z15kptCommandParsev
                0x00000000       0x1e ./main.o
 .text._Z15sysKeyRbReleasej
                0x00000000       0x20 ./main.o
 .text._Z9mcoStateAj
                0x00000000        0xa ./main.o
 .text._Z9mcoStateBj
                0x00000000        0xa ./main.o
 .text._Z14unsetResetFlagj
[...]
Memory Configuration

Name             Origin             Length             Attributes
start            0x00000000         0x000000ff         xr
id               0x00000100         0x00000010         xr
text             0x00000110         0x00020000         xr
data             0x00800100         0x0000ff00         rw !x
eeprom           0x00810000         0x00010000         rw !x
*default*        0x00000000         0xffffffff

Linker script and memory map

Address of section .data set to 0x800100
LOAD c:/program files/avr-gcc-2.6.1/bin/../lib/gcc/avr/4.6.1/../../../../avr/lib/avr5/crtcan64.o
LOAD ./main.o
LOAD c:/program files/avr-gcc-2.6.1/bin/../lib/gcc/avr/4.6.1/avr5\libgcc.a
LOAD c:/program files/avr-gcc-2.6.1/bin/../lib/gcc/avr/4.6.1/../../../../avr/lib/avr5\libm.a
LOAD c:/program files/avr-gcc-2.6.1/bin/../lib/gcc/avr/4.6.1/avr5\libgcc.a
LOAD c:/program files/avr-gcc-2.6.1/bin/../lib/gcc/avr/4.6.1/../../../../avr/lib/avr5\libc.a
LOAD c:/program files/avr-gcc-2.6.1/bin/../lib/gcc/avr/4.6.1/avr5\libgcc.a

.hash
 *(.hash)

.dynsym
 *(.dynsym)

.dynstr
 *(.dynstr)

.gnu.version
 *(.gnu.version)

.gnu.version_d
 *(.gnu.version_d)

.gnu.version_r
 *(.gnu.version_r)

.rel.init
 *(.rel.init)

.rela.init
 *(.rela.init)

.rel.text
 *(.rel.text)
 *(.rel.text.*)
 *(.rel.gnu.linkonce.t*)

.rela.text
 *(.rela.text)
 *(.rela.text.*)
 *(.rela.gnu.linkonce.t*)

.rel.fini
 *(.rel.fini)

.rela.fini
 *(.rela.fini)

.rel.rodata
 *(.rel.rodata)
 *(.rel.rodata.*)
 *(.rel.gnu.linkonce.r*)

.rela.rodata
 *(.rela.rodata)
 *(.rela.rodata.*)
 *(.rela.gnu.linkonce.r*)

.rel.data
 *(.rel.data)
 *(.rel.data.*)
 *(.rel.gnu.linkonce.d*)

.rela.data
 *(.rela.data)
 *(.rela.data.*)
 *(.rela.gnu.linkonce.d*)

.rel.ctors
 *(.rel.ctors)

.rela.ctors
 *(.rela.ctors)

.rel.dtors
 *(.rel.dtors)

.rela.dtors
 *(.rela.dtors)

.rel.got
 *(.rel.got)

.rela.got
 *(.rela.got)

.rel.bss
 *(.rel.bss)

.rela.bss
 *(.rela.bss)

.rel.plt
 *(.rel.plt)

.rela.plt
 *(.rela.plt)

.start          0x00000000       0x98
 *(.vectors)
 .vectors       0x00000000       0x94 c:/program files/avr-gcc-2.6.1/bin/../lib/gcc/avr/4.6.1/../../../../avr/lib/avr5/crtcan64.o
                0x00000000                __vector_default
                0x00000000                __vectors
 *(.vectors)
 *(.progmem.gcc*)
 *(.progmem*)
                0x00000094                . = ALIGN (0x2)
                0x00000094                __trampolines_start = .
 *(.trampolines)
 .trampolines   0x00000094        0x0 linker stubs
 *(.trampolines*)
                0x00000094                __trampolines_end = .
 *(.jumptables)
 *(.jumptables*)
 *(.lowtext)
 *(.lowtext*)
                0x00000094                __ctors_start = .
 *(.ctors)
 .ctors         0x00000094        0x2 ./main.o
                0x00000096                __ctors_end = .
                0x00000096                __dtors_start = .
 *(.dtors)
 .dtors         0x00000096        0x2 ./main.o
                0x00000098                __dtors_end = .
 SORT(*)(.ctors)
 SORT(*)(.dtors)

.id             0x00000100       0x10
 *(.id)
 .id            0x00000100       0x10 ./main.o
                0x00000100                id
 *(.id)

.text           0x00000110     0x5602
 *(.init0)
 .init0         0x00000110        0x0 c:/program files/avr-gcc-2.6.1/bin/../lib/gcc/avr/4.6.1/../../../../avr/lib/avr5/crtcan64.o
                0x00000110                __init
 *(.init0)
 *(.init1)
 *(.init1)
 *(.init2)
 .init2         0x00000110        0xc c:/program files/avr-gcc-2.6.1/bin/../lib/gcc/avr/4.6.1/../../../../avr/lib/avr5/crtcan64.o
 *(.init2)
 *(.init3)
 *(.init3)
 *(.init4)
 .init4         0x0000011c       0x16 c:/program files/avr-gcc-2.6.1/bin/../lib/gcc/avr/4.6.1/avr5\libgcc.a(_copy_data.o)
                0x0000011c                __do_copy_data
 .init4         0x00000132       0x10 c:/program files/avr-gcc-2.6.1/bin/../lib/gcc/avr/4.6.1/avr5\libgcc.a(_clear_bss.o)
                0x00000132                __do_clear_bss
 *(.init4)
 *(.init5)
 .init5         0x00000142       0x20 ./main.o
                0x00000142                Init()
 *(.init5)
 *(.init6)
 .init6         0x00000162       0x16 c:/program files/avr-gcc-2.6.1/bin/../lib/gcc/avr/4.6.1/avr5\libgcc.a(_ctors.o)
                0x00000162                __do_global_ctors
 *(.init6)
 *(.init7)
 *(.init7)
 *(.init8)
 *(.init8)
 *(.init9)
 .init9         0x00000178        0x8 c:/program files/avr-gcc-2.6.1/bin/../lib/gcc/avr/4.6.1/../../../../avr/lib/avr5/crtcan64.o
 *(.init9)
 *(.text)
 .text          0x00000180      0x110 ./main.o
                0x00000180                ReIndex16<Loki::Typelist<Loki::Int2Type<7u>, Loki::Typelist<Loki::Int2Type<3u>, Loki::Typelist<Loki::Int2Type<3u>, Loki::Typelist<Loki::Int2Type<2u>, Loki::Typelist<Loki::Int2Type<1u>, Loki::Typelist<Loki::Int2Type<1u>, Loki::NullType> > > > > > >::array
                0x00000190                ReIndex256<Loki::Typelist<Loki::Int2Type<12u>, Loki::Typelist<Loki::Int2Type<7u>, Loki::Typelist<Loki::Int2Type<13u>, Loki::Typelist<Loki::Int2Type<6u>, Loki::Typelist<Loki::Int2Type<14u>, Loki::Typelist<Loki::Int2Type<5u>, Loki::Typelist<Loki::Int2Type<15u>, Loki::Typelist<Loki::Int2Type<4u>, Loki::Typelist<Loki::Int2Type<84u>, Loki::Typelist<Loki::Int2Type<3u>, Loki::Typelist<Loki::Int2Type<104u>, Loki::Typelist<Loki::Int2Type<2u>, Loki::Typelist<Loki::Int2Type<107u>, Loki::Typelist<Loki::Int2Type<1u>, Loki::Typelist<Loki::Int2Type<8u>, Loki::Typelist<Loki::Int2Type<143u>, Loki::Typelist<Loki::Int2Type<9u>, Loki::Typelist<Loki::Int2Type<142u>, Loki::Typelist<Loki::Int2Type<10u>, Loki::Typelist<Loki::Int2Type<141u>, Loki::Typelist<Loki::Int2Type<11u>, Loki::Typelist<Loki::Int2Type<140u>, Loki::Typelist<Loki::Int2Type<80u>, Loki::Typelist<Loki::Int2Type<139u>, Loki::Typelist<Loki::Int2Type<81u>, Loki::Typelist<Loki::Int2Type<138u>, Loki::Typelist<Loki::Int2Type<82u>, Loki::Typelist<Loki::Int2Type<137u>, Loki::Typelist<Loki::Int2Type<83u>, Loki::Typelist<Loki::Int2Type<136u>, Loki::NullType> > > > > > > > > > > > > > > > > > > > > > > > > > > > > > >::array
                0x00000290                . = ALIGN (0x2)
 *(.text.*)
 .text._ZN6srutil8DelegateIFvjEE14empty_functionEPvj
                0x00000290        0x2 ./main.o
                0x00000290                srutil::Delegate<void (unsigned int)>::empty_function(void*, unsigned int)
 .text._ZN6srutil8DelegateIFvvEE14empty_functionEPv
                0x00000292        0x2 ./main.o
                0x00000292                srutil::Delegate<void ()>::empty_function(void*)
 .text._ZN6srutil8DelegateIFvvEE11method_stubI3KptI5ClockI5AlarmI13BitfieldDummyI14TimerControl16EXadL_ZN8Register13timer3ControlEEEXadL_ZNSA_13timer3CounterEEEXadL_ZNSA_14timer3CompareAEEEXadL_ZNSA_19timer3InterruptMaskEEEXadL_ZNSA_19timer3InterruptFlagEEEXadL_Z20TIMER3_COMPA_handlerEELm1000EEmELZ5clockE9SchedulerISC_LZ5clockELh16EjELZ9schedulerE6CanDatIN4Loki8NullTypeENSG_8TypelistINSG_8Int2TypeILj4096EEENSI_INSJ_ILj4128EEENSI_INSJ_ILj4224EEENSI_INSJ_ILj4256EEENSI_INSJ_ILj4097EEENSI_INSJ_ILj4129EEENSI_INSJ_ILj4225EEENSI_INSJ_ILj4257EEENSI_INSJ_ILj2568EEENSI_INSJ_ILj2824EEENSI_INSJ_ILj2632EEENSI_INSJ_ILj2888EEESH_EEEEEEEEEEEEEEEEEEEEEEEENSI_ISK_NSI_ISL_NSI_ISM_NSI_ISN_NSI_ISO_NSI_ISP_NSI_ISQ_NSI_ISR_NSI_ISS_NSI_IST_SH_EEEEEEEEEEEEEEEEEEEELl100ELl75EELZ6canDatEEXadL_ZNS1J_26correctKptDistancePlusPlusEvEEEEvPv
                0x00000294        0xe ./main.o
                0x00000294                void srutil::Delegate<void ()>::method_stub<Kpt<Clock<Alarm<BitfieldDummy<TimerControl16>, &(Register::timer3Control), &(Register::timer3Counter), &(Register::timer3CompareA), &(Register::timer3InterruptMask), &(Register::timer3InterruptFlag), &TIMER3_COMPA_handler, 1000ul>, unsigned long>, clock, Scheduler<Clock<Alarm<BitfieldDummy<TimerControl16>, &(Register::timer3Control), &(Register::timer3Counter), &(Register::timer3CompareA), &(Register::timer3InterruptMask), &(Register::timer3InterruptFlag), &TIMER3_COMPA_handler, 1000ul>, unsigned long>, clock, (unsigned char)16, unsigned int>, scheduler, CanDat<Loki::NullType, Loki::Typelist<Loki::Int2Type<4096u>, Loki::Typelist<Loki::Int2Type<4128u>, Loki::Typelist<Loki::Int2Type<4224u>, Loki::Typelist<Loki::Int2Type<4256u>, Loki::Typelist<Loki::Int2Type<4097u>, Loki::Typelist<Loki::Int2Type<4129u>, Loki::Typelist<Loki::Int2Type<4225u>, Loki::Typelist<Loki::Int2Type<4257u>, Loki::Typelist<Loki::Int2Type<2568u>, Loki::Typelist<Loki::Int2Type<2824u>, Loki::Typelist<Loki::Int2Type<2632u>, Loki::Typelist<Loki::Int2Type<2888u>, Loki::NullType> > > > > > > > > > > >, Loki::Typelist<Loki::Int2Type<4096u>, Loki::Typelist<Loki::Int2Type<4128u>, Loki::Typelist<Loki::Int2Type<4224u>, Loki::Typelist<Loki::Int2Type<4256u>, Loki::Typelist<Loki::Int2Type<4097u>, Loki::Typelist<Loki::Int2Type<4129u>, Loki::Typelist<Loki::Int2Type<4225u>, Loki::Typelist<Loki::Int2Type<4257u>, Loki::Typelist<Loki::Int2Type<2568u>, Loki::Typelist<Loki::Int2Type<2824u>, Loki::NullType> > > > > > > > > >, 100l, 75l>, canDat>, &(Kpt<Clock<Alarm<BitfieldDummy<TimerControl16>, &(Register::timer3Control), &(Register::timer3Counter), &(Register::timer3CompareA), &(Register::timer3InterruptMask), &(Register::timer3InterruptFlag), &TIMER3_COMPA_handler, 1000ul>, unsigned long>, clock, Scheduler<Clock<Alarm<BitfieldDummy<TimerControl16>, &(Register::timer3Control), &(Register::timer3Counter), &(Register::timer3CompareA), &(Register::timer3InterruptMask), &(Register::timer3InterruptFlag), &TIMER3_COMPA_handler, 1000ul>, unsigned long>, clock, (unsigned char)16, unsigned int>, scheduler, CanDat<Loki::NullType, Loki::Typelist<Loki::Int2Type<4096u>, Loki::Typelist<Loki::Int2Type<4128u>, Loki::Typelist<Loki::Int2Type<4224u>, Loki::Typelist<Loki::Int2Type<4256u>, Loki::Typelist<Loki::Int2Type<4097u>, Loki::Typelist<Loki::Int2Type<4129u>, Loki::Typelist<Loki::Int2Type<4225u>, Loki::Typelist<Loki::Int2Type<4257u>, Loki::Typelist<Loki::Int2Type<2568u>, Loki::Typelist<Loki::Int2Type<2824u>, Loki::Typelist<Loki::Int2Type<2632u>, Loki::Typelist<Loki::Int2Type<2888u>, Loki::NullType> > > > > > > > > > > >, Loki::Typelist<Loki::Int2Type<4096u>, Loki::Typelist<Loki::Int2Type<4128u>, Loki::Typelist<Loki::Int2Type<4224u>, Loki::Typelist<Loki::Int2Type<4256u>, Loki::Typelist<Loki::Int2Type<4097u>, Loki::Typelist<Loki::Int2Type<4129u>, Loki::Typelist<Loki::Int2Type<4225u>, Loki::Typelist<Loki::Int2Type<4257u>, Loki::Typelist<Loki::Int2Type<2568u>, Loki::Typelist<Loki::Int2Type<2824u>, Loki::NullType> > > > > > > > > >, 100l, 75l>, canDat>::correctKptDistancePlusPlus())>(void*)
                0x00000294                void srutil::Delegate<void ()>::method_stub<Kpt<Clock<Alarm<BitfieldDummy<TimerControl16>, &(Register::timer3Control), &(Register::timer3Counter), &(Register::timer3CompareA), &(Register::timer3InterruptMask), &(Register::timer3InterruptFlag), &TIMER3_COMPA_handler, 1000ul>, unsigned long>, clock, Scheduler<Clock<Alarm<BitfieldDummy<TimerControl16>, &(Register::timer3Control), &(Register::timer3Counter), &(Register::timer3CompareA), &(Register::timer3InterruptMask), &(Register::timer3InterruptFlag), &TIMER3_COMPA_handler, 1000ul>, unsigned long>, clock, (unsigned char)16, unsigned int>, scheduler, CanDat<Loki::NullType, Loki::Typelist<Loki::Int2Type<4096u>, Loki::Typelist<Loki::Int2Type<4128u>, Loki::Typelist<Loki::Int2Type<4224u>, Loki::Typelist<Loki::Int2Type<4256u>, Loki::Typelist<Loki::Int2Type<4097u>, Loki::Typelist<Loki::Int2Type<4129u>, Loki::Typelist<Loki::Int2Type<4225u>, Loki::Typelist<Loki::Int2Type<4257u>, Loki::Typelist<Loki::Int2Type<2568u>, Loki::Typelist<Loki::Int2Type<2824u>, Loki::Typelist<Loki::Int2Type<2632u>, Loki::Typelist<Loki::Int2Type<2888u>, Loki::NullType> > > > > > > > > > > >, Loki::Typelist<Loki::Int2Type<4096u>, Loki::Typelist<Loki::Int2Type<4128u>, Loki::Typelist<Loki::Int2Type<4224u>, Loki::Typelist<Loki::Int2Type<4256u>, Loki::Typelist<Loki::Int2Type<4097u>, Loki::Typelist<Loki::Int2Type<4129u>, Loki::Typelist<Loki::Int2Type<4225u>, Loki::Typelist<Loki::Int2Type<4257u>, Loki::Typelist<Loki::Int2Type<2568u>, Loki::Typelist<Loki::Int2Type<2824u>, Loki::NullType> > > > > > > > > >, 100l, 75l>, canDat>, &(Kpt<Clock<Alarm<BitfieldDummy<TimerControl16>, &(Register::timer3Control), &(Register::timer3Counter), &(Register::timer3CompareA), &(Register::timer3InterruptMask), &(Register::timer3InterruptFlag), &TIMER3_COMPA_handler, 1000ul>, unsigned long>, clock, Scheduler<Clock<Alarm<BitfieldDummy<TimerControl16>, &(Register::timer3Control), &(Register::timer3Counter), &(Register::timer3CompareA), &(Register::timer3InterruptMask), &(Register::timer3InterruptFlag), &TIMER3_COMPA_handler, 1000ul>, unsigned long>, clock, (unsigned char)16, unsigned int>, scheduler, CanDat<Loki::NullType, Loki::Typelist<Loki::Int2Type<4096u>, Loki::Typelist<Loki::Int2Type<4128u>, Loki::Typelist<Loki::Int2Type<4224u>, Loki::Typelist<Loki::Int2Type<4256u>, Loki::Typelist<Loki::Int2Type<4097u>, Loki::Typelist<Loki::Int2Type<4129u>, Loki::Typelist<Loki::Int2Type<4225u>, Loki::Typelist<Loki::Int2Type<4257u>, Loki::Typelist<Loki::Int2Type<2568u>, Loki::Typelist<Loki::Int2Type<2824u>, Loki::Typelist<Loki::Int2Type<2632u>, Loki::Typelist<Loki::Int2Type<2888u>, Loki::NullType> > > > > > > > > > > >, Loki::Typelist<Loki::Int2Type<4096u>, Loki::Typelist<Loki::Int2Type<4128u>, Loki::Typelist<Loki::Int2Type<4224u>, Loki::Typelist<Loki::Int2Type<4256u>, Loki::Typelist<Loki::Int2Type<4097u>, Loki::Typelist<Loki::Int2Type<4129u>, Loki::Typelist<Loki::Int2Type<4225u>, Loki::Typelist<Loki::Int2Type<4257u>, Loki::Typelist<Loki::Int2Type<2568u>, Loki::Typelist<Loki::Int2Type<2824u>, Loki::NullType> > > > > > > > > >, 100l, 75l>, canDat>::correctKptDistancePlusPlus())>(void*)
 .text._ZN6srutil8DelegateIFvjEE13function_stubIXadL_Z15sysKeyRbReleasejEEEEvPvj
                0x000002a2       0x20 ./main.o
                0x000002a2                void srutil::Delegate<void (unsigned int)>::function_stub<&(sysKeyRbRelease(unsigned int))>(void*, unsigned int)
 .text._ZN6srutil8DelegateIFvvEE13function_stubIXadL_Z15kptCommandParsevEEEEvPv
                0x000002c2       0x1e ./main.o
                0x000002c2                void srutil::Delegate<void ()>::function_stub<&(kptCommandParse())>(void*)
 .text._ZN6srutil8DelegateIFvjEE13function_stubIXadL_Z14unsetResetFlagjEEEEvPvj
                0x000002e0        0x6 ./main.o
                0x000002e0                void srutil::Delegate<void (unsigned int)>::function_stub<&(unsetResetFlag(unsigned int))>(void*, unsigned int)
 .text._ZN6srutil8DelegateIFvvEE11method_stubI5ClockI5AlarmI13BitfieldDummyI14TimerControl16EXadL_ZN8Register13timer3ControlEEEXadL_ZNS9_13timer3CounterEEEXadL_ZNS9_14timer3CompareAEEEXadL_ZNS9_19timer3InterruptMaskEEEXadL_ZNS9_19timer3InterruptFlagEEEXadL_Z20TIMER3_COMPA_handlerEELm1000EEmEXadL_ZNSB_7incTimeEvEEEEvPv
                0x000002e6       0x1e ./main.o
                0x000002e6                void srutil::Delegate<void ()>::method_stub<Clock<Alarm<BitfieldDummy<TimerControl16>, &(Register::timer3Control), &(Register::timer3Counter), &(Register::timer3CompareA), &(Register::timer3InterruptMask), &(Register::timer3InterruptFlag), &TIMER3_COMPA_handler, 1000ul>, unsigned long>, &(Clock<Alarm<BitfieldDummy<TimerControl16>, &(Register::timer3Control), &(Register::timer3Counter), &(Register::timer3CompareA), &(Register::timer3InterruptMask), &(Register::timer3InterruptFlag), &TIMER3_COMPA_handler, 1000ul>, unsigned long>::incTime())>(void*)
 .text._ZN6srutil8DelegateIFvvEE11method_stubI6CanDatIN4Loki8NullTypeENS5_8TypelistINS5_8Int2TypeILj4096EEENS7_INS8_ILj4128EEENS7_INS8_ILj4224EEENS7_INS8_ILj4256EEENS7_INS8_ILj4097EEENS7_INS8_ILj4129EEENS7_INS8_ILj4225EEENS7_INS8_ILj4257EEENS7_INS8_ILj2568EEENS7_INS8_ILj2824EEENS7_INS8_ILj2632EEENS7_INS8_ILj2888EEES6_EEEEEEEEEEEEEEEEEEEEEEEENS7_IS9_NS7_ISA_NS7_ISB_NS7_ISC_NS7_ISD_NS7_ISE_NS7_ISF_NS7_ISG_NS7_ISH_NS7_ISI_S6_EEEEEEEEEEEEEEEEEEEELl100ELl75EEXadL_ZNS17_18rxInterruptHandlerEvEEEEvPv
                0x00000304      0x25e ./main.o
                0x00000304                void srutil::Delegate<void ()>::method_stub<CanDat<Loki::NullType, Loki::Typelist<Loki::Int2Type<4096u>, Loki::Typelist<Loki::Int2Type<4128u>, Loki::Typelist<Loki::Int2Type<4224u>, Loki::Typelist<Loki::Int2Type<4256u>, Loki::Typelist<Loki::Int2Type<4097u>, Loki::Typelist<Loki::Int2Type<4129u>, Loki::Typelist<Loki::Int2Type<4225u>, Loki::Typelist<Loki::Int2Type<4257u>, Loki::Typelist<Loki::Int2Type<2568u>, Loki::Typelist<Loki::Int2Type<2824u>, Loki::Typelist<Loki::Int2Type<2632u>, Loki::Typelist<Loki::Int2Type<2888u>, Loki::NullType> > > > > > > > > > > >, Loki::Typelist<Loki::Int2Type<4096u>, Loki::Typelist<Loki::Int2Type<4128u>, Loki::Typelist<Loki::Int2Type<4224u>, Loki::Typelist<Loki::Int2Type<4256u>, Loki::Typelist<Loki::Int2Type<4097u>, Loki::Typelist<Loki::Int2Type<4129u>, Loki::Typelist<Loki::Int2Type<4225u>, Loki::Typelist<Loki::Int2Type<4257u>, Loki::Typelist<Loki::Int2Type<2568u>, Loki::Typelist<Loki::Int2Type<2824u>, Loki::NullType> > > > > > > > > >, 100l, 75l>, &(CanDat<Loki::NullType, Loki::Typelist<Loki::Int2Type<4096u>, Loki::Typelist<Loki::Int2Type<4128u>, Loki::Typelist<Loki::Int2Type<4224u>, Loki::Typelist<Loki::Int2Type<4256u>, Loki::Typelist<Loki::Int2Type<4097u>, Loki::Typelist<Loki::Int2Type<4129u>, Loki::Typelist<Loki::Int2Type<4225u>, Loki::Typelist<Loki::Int2Type<4257u>, Loki::Typelist<Loki::Int2Type<2568u>, Loki::Typelist<Loki::Int2Type<2824u>, Loki::Typelist<Loki::Int2Type<2632u>, Loki::Typelist<Loki::Int2Type<2888u>, Loki::NullType> > > > > > > > > > > >, Loki::Typelist<Loki::Int2Type<4096u>, Loki::Typelist<Loki::Int2Type<4128u>, Loki::Typelist<Loki::Int2Type<4224u>, Loki::Typelist<Loki::Int2Type<4256u>, Loki::Typelist<Loki::Int2Type<4097u>, Loki::Typelist<Loki::Int2Type<4129u>, Loki::Typelist<Loki::Int2Type<4225u>, Loki::Typelist<Loki::Int2Type<4257u>, Loki::Typelist<Loki::Int2Type<2568u>, Loki::Typelist<Loki::Int2Type<2824u>, Loki::NullType> > > > > > > > > >, 100l, 75l>::rxInterruptHandler())>(void*)
 .text._ZN6srutil8DelegateIFvvEE11method_stubIN4Saut3ComIXadL_ZN8Register13usart1ControlEEEXadL_ZNS6_14usart1BaudRateEEEXadL_ZNS6_10usart1DataEEEXadL_ZNS6_5portDEEELh2EXadL_ZNS6_5portDEEELh3EXadL_ZNS6_5portDEEELh4EXadL_ZNS6_5portBEEELh7ELh1ENS4_3DatIN4Loki8TypelistINS8_8Int2TypeILj12EEENS9_INSA_ILj13EEENS9_INSA_ILj14EEENS9_INSA_ILj15EEENS9_INSA_ILj84EEENS9_INSA_ILj104EEENS9_INSA_ILj107EEENS8_8NullTypeEEEEEEEEEEEEEEENS9_INSA_ILj8EEENS9_INSA_ILj9EEENS9_INSA_ILj10EEENS9_INSA_ILj11EEENS9_INSA_ILj80EEENS9_INSA_ILj81EEENS9_INSA_ILj82EEENS9_INSA_ILj83EEESI_EEEEEEEEEEEEEEEENS9_ISB_NS9_ISF_SJ_EEEEEELZ4dataEEEXadL_ZNS19_11udreHandlerEvEEEEvPv
                0x00000562       0x8e ./main.o
                0x00000562                void srutil::Delegate<void ()>::method_stub<Saut::Com<&(Register::usart1Control), &(Register::usart1BaudRate), &(Register::usart1Data), &(Register::portD), (unsigned char)2, &(Register::portD), (unsigned char)3, &(Register::portD), (unsigned char)4, &(Register::portB), (unsigned char)7, (unsigned char)1, Saut::Dat<Loki::Typelist<Loki::Int2Type<12u>, Loki::Typelist<Loki::Int2Type<13u>, Loki::Typelist<Loki::Int2Type<14u>, Loki::Typelist<Loki::Int2Type<15u>, Loki::Typelist<Loki::Int2Type<84u>, Loki::Typelist<Loki::Int2Type<104u>, Loki::Typelist<Loki::Int2Type<107u>, Loki::NullType> > > > > > >, Loki::Typelist<Loki::Int2Type<8u>, Loki::Typelist<Loki::Int2Type<9u>, Loki::Typelist<Loki::Int2Type<10u>, Loki::Typelist<Loki::Int2Type<11u>, Loki::Typelist<Loki::Int2Type<80u>, Loki::Typelist<Loki::Int2Type<81u>, Loki::Typelist<Loki::Int2Type<82u>, Loki::Typelist<Loki::Int2Type<83u>, Loki::NullType> > > > > > > >, Loki::Typelist<Loki::Int2Type<12u>, Loki::Typelist<Loki::Int2Type<84u>, Loki::Typelist<Loki::Int2Type<107u>, Loki::NullType> > > >, data>, &(Saut::Com<&(Register::usart1Control), &(Register::usart1BaudRate), &(Register::usart1Data), &(Register::portD), (unsigned char)2, &(Register::portD), (unsigned char)3, &(Register::portD), (unsigned char)4, &(Register::portB), (unsigned char)7, (unsigned char)1, Saut::Dat<Loki::Typelist<Loki::Int2Type<12u>, Loki::Typelist<Loki::Int2Type<13u>, Loki::Typelist<Loki::Int2Type<14u>, Loki::Typelist<Loki::Int2Type<15u>, Loki::Typelist<Loki::Int2Type<84u>, Loki::Typelist<Loki::Int2Type<104u>, Loki::Typelist<Loki::Int2Type<107u>, Loki::NullType> > > > > > >, Loki::Typelist<Loki::Int2Type<8u>, Loki::Typelist<Loki::Int2Type<9u>, Loki::Typelist<Loki::Int2Type<10u>, Loki::Typelist<Loki::Int2Type<11u>, Loki::Typelist<Loki::Int2Type<80u>, Loki::Typelist<Loki::Int2Type<81u>, Loki::Typelist<Loki::Int2Type<82u>, Loki::Typelist<Loki::Int2Type<83u>, Loki::NullType> > > > > > > >, Loki::Typelist<Loki::Int2Type<12u>, Loki::Typelist<Loki::Int2Type<84u>, Loki::Typelist<Loki::Int2Type<107u>, Loki::NullType> > > >, data>::udreHandler())>(void*)
                0x00000562                void srutil::Delegate<void ()>::method_stub<Saut::Com<&(Register::usart1Control), &(Register::usart1BaudRate), &(Register::usart1Data), &(Register::portD), (unsigned char)2, &(Register::portD), (unsigned char)3, &(Register::portD), (unsigned char)4, &(Register::portB), (unsigned char)7, (unsigned char)1, Saut::Dat<Loki::Typelist<Loki::Int2Type<12u>, Loki::Typelist<Loki::Int2Type<13u>, Loki::Typelist<Loki::Int2Type<14u>, Loki::Typelist<Loki::Int2Type<15u>, Loki::Typelist<Loki::Int2Type<84u>, Loki::Typelist<Loki::Int2Type<104u>, Loki::Typelist<Loki::Int2Type<107u>, Loki::NullType> > > > > > >, Loki::Typelist<Loki::Int2Type<8u>, Loki::Typelist<Loki::Int2Type<9u>, Loki::Typelist<Loki::Int2Type<10u>, Loki::Typelist<Loki::Int2Type<11u>, Loki::Typelist<Loki::Int2Type<80u>, Loki::Typelist<Loki::Int2Type<81u>, Loki::Typelist<Loki::Int2Type<82u>, Loki::Typelist<Loki::Int2Type<83u>, Loki::NullType> > > > > > > >, Loki::Typelist<Loki::Int2Type<12u>, Loki::Typelist<Loki::Int2Type<84u>, Loki::Typelist<Loki::Int2Type<107u>, Loki::NullType> > > >, data>, &(Saut::Com<&(Register::usart1Control), &(Register::usart1BaudRate), &(Register::usart1Data), &(Register::portD), (unsigned char)2, &(Register::portD), (unsigned char)3, &(Register::portD), (unsigned char)4, &(Register::portB), (unsigned char)7, (unsigned char)1, Saut::Dat<Loki::Typelist<Loki::Int2Type<12u>, Loki::Typelist<Loki::Int2Type<13u>, Loki::Typelist<Loki::Int2Type<14u>, Loki::Typelist<Loki::Int2Type<15u>, Loki::Typelist<Loki::Int2Type<84u>, Loki::Typelist<Loki::Int2Type<104u>, Loki::Typelist<Loki::Int2Type<107u>, Loki::NullType> > > > > > >, Loki::Typelist<Loki::Int2Type<8u>, Loki::Typelist<Loki::Int2Type<9u>, Loki::Typelist<Loki::Int2Type<10u>, Loki::Typelist<Loki::Int2Type<11u>, Loki::Typelist<Loki::Int2Type<80u>, Loki::Typelist<Loki::Int2Type<81u>, Loki::Typelist<Loki::Int2Type<82u>, Loki::Typelist<Loki::Int2Type<83u>, Loki::NullType> > > > > > > >, Loki::Typelist<Loki::Int2Type<12u>, Loki::Typelist<Loki::Int2Type<84u>, Loki::Typelist<Loki::Int2Type<107u>, Loki::NullType> > > >, data>::udreHandler())>(void*)
 .text._ZN6srutil8DelegateIFvvEE11method_stubI24CeleritasSpatiumDimetiorIXadL_ZN8Register5portCEEELh4ELh5EXadL_ZNS5_5portBEEELh7E6CanDatIN4Loki8NullTypeENS7_8TypelistINS7_8Int2TypeILj4096EEENS9_INSA_ILj4128EEENS9_INSA_ILj4224EEENS9_INSA_ILj4256EEENS9_INSA_ILj4097EEENS9_INSA_ILj4129EEENS9_INSA_ILj4225EEENS9_INSA_ILj4257EEENS9_INSA_ILj2568EEENS9_INSA_ILj2824EEENS9_INSA_ILj2632EEENS9_INSA_ILj2888EEES8_EEEEEEEEEEEEEEEEEEEEEEEENS9_ISB_NS9_ISC_NS9_ISD_NS9_ISE_NS9_ISF_NS9_ISG_NS9_ISH_NS9_ISI_NS9_ISJ_NS9_ISK_S8_EEEEEEEEEEEEEEEEEEEELl100ELl75EELZ6canDatE5ClockI5AlarmI13BitfieldDummyI14TimerControl16EXadL_ZNS5_13timer3ControlEEEXadL_ZNS5_13timer3CounterEEEXadL_ZNS5_14timer3CompareAEEEXadL_ZNS5_19timer3InterruptMaskEEEXadL_ZNS5_19timer3InterruptFlagEEEXadL_Z20TIMER3_COMPA_handlerEELm1000EEmELZ5clockE9SchedulerIS1G_LZ5clockELh16EjELZ9schedulerEEXadL_ZNS1J_12animadversioEvEEEEvPv
                0x000005f0       0x5a ./main.o
                0x000005f0                void srutil::Delegate<void ()>::method_stub<CeleritasSpatiumDimetior<&(Register::portC), (unsigned char)4, (unsigned char)5, &(Register::portB), (unsigned char)7, CanDat<Loki::NullType, Loki::Typelist<Loki::Int2Type<4096u>, Loki::Typelist<Loki::Int2Type<4128u>, Loki::Typelist<Loki::Int2Type<4224u>, Loki::Typelist<Loki::Int2Type<4256u>, Loki::Typelist<Loki::Int2Type<4097u>, Loki::Typelist<Loki::Int2Type<4129u>, Loki::Typelist<Loki::Int2Type<4225u>, Loki::Typelist<Loki::Int2Type<4257u>, Loki::Typelist<Loki::Int2Type<2568u>, Loki::Typelist<Loki::Int2Type<2824u>, Loki::Typelist<Loki::Int2Type<2632u>, Loki::Typelist<Loki::Int2Type<2888u>, Loki::NullType> > > > > > > > > > > >, Loki::Typelist<Loki::Int2Type<4096u>, Loki::Typelist<Loki::Int2Type<4128u>, Loki::Typelist<Loki::Int2Type<4224u>, Loki::Typelist<Loki::Int2Type<4256u>, Loki::Typelist<Loki::Int2Type<4097u>, Loki::Typelist<Loki::Int2Type<4129u>, Loki::Typelist<Loki::Int2Type<4225u>, Loki::Typelist<Loki::Int2Type<4257u>, Loki::Typelist<Loki::Int2Type<2568u>, Loki::Typelist<Loki::Int2Type<2824u>, Loki::NullType> > > > > > > > > >, 100l, 75l>, canDat, Clock<Alarm<BitfieldDummy<TimerControl16>, &(Register::timer3Control), &(Register::timer3Counter), &(Register::timer3CompareA), &(Register::timer3InterruptMask), &(Register::timer3InterruptFlag), &TIMER3_COMPA_handler, 1000ul>, unsigned long>, clock, Scheduler<Clock<Alarm<BitfieldDummy<TimerControl16>, &(Register::timer3Control), &(Register::timer3Counter), &(Register::timer3CompareA), &(Register::timer3InterruptMask), &(Register::timer3InterruptFlag), &TIMER3_COMPA_handler, 1000ul>, unsigned long>, clock, (unsigned char)16, unsigned int>, scheduler>, &(CeleritasSpatiumDimetior<&(Register::portC), (unsigned char)4, (unsigned char)5, &(Register::portB), (unsigned char)7, CanDat<Loki::NullType, Loki::Typelist<Loki::Int2Type<4096u>, Loki::Typelist<Loki::Int2Type<4128u>, Loki::Typelist<Loki::Int2Type<4224u>, Loki::Typelist<Loki::Int2Type<4256u>, Loki::Typelist<Loki::Int2Type<4097u>, Loki::Typelist<Loki::Int2Type<4129u>, Loki::Typelist<Loki::Int2Type<4225u>, Loki::Typelist<Loki::Int2Type<4257u>, Loki::Typelist<Loki::Int2Type<2568u>, Loki::Typelist<Loki::Int2Type<2824u>, Loki::Typelist<Loki::Int2Type<2632u>, Loki::Typelist<Loki::Int2Type<2888u>, Loki::NullType> > > > > > > > > > > >, Loki::Typelist<Loki::Int2Type<4096u>, Loki::Typelist<Loki::Int2Type<4128u>, Loki::Typelist<Loki::Int2Type<4224u>, Loki::Typelist<Loki::Int2Type<4256u>, Loki::Typelist<Loki::Int2Type<4097u>, Loki::Typelist<Loki::Int2Type<4129u>, Loki::Typelist<Loki::Int2Type<4225u>, Loki::Typelist<Loki::Int2Type<4257u>, Loki::Typelist<Loki::Int2Type<2568u>, Loki::Typelist<Loki::Int2Type<2824u>, Loki::NullType> > > > > > > > > >, 100l, 75l>, canDat, Clock<Alarm<BitfieldDummy<TimerControl16>, &(Register::timer3Control), &(Register::timer3Counter), &(Register::timer3CompareA), &(Register::timer3InterruptMask), &(Register::timer3InterruptFlag), &TIMER3_COMPA_handler, 1000ul>, unsigned long>, clock, Scheduler<Clock<Alarm<BitfieldDummy<TimerControl16>, &(Register::timer3Control), &(Register::timer3Counter), &(Register::timer3CompareA), &(Register::timer3InterruptMask), &(Register::timer3InterruptFlag), &TIMER3_COMPA_handler, 1000ul>, unsigned long>, clock, (unsigned char)16, unsigned int>, scheduler>::animadversio())>(void*)
                0x000005f0                void srutil::Delegate<void ()>::method_stub<CeleritasSpatiumDimetior<&(Register::portC), (unsigned char)4, (unsigned char)5, &(Register::portB), (unsigned char)7, CanDat<Loki::NullType, Loki::Typelist<Loki::Int2Type<4096u>, Loki::Typelist<Loki::Int2Type<4128u>, Loki::Typelist<Loki::Int2Type<4224u>, Loki::Typelist<Loki::Int2Type<4256u>, Loki::Typelist<Loki::Int2Type<4097u>, Loki::Typelist<Loki::Int2Type<4129u>, Loki::Typelist<Loki::Int2Type<4225u>, Loki::Typelist<Loki::Int2Type<4257u>, Loki::Typelist<Loki::Int2Type<2568u>, Loki::Typelist<Loki::Int2Type<2824u>, Loki::Typelist<Loki::Int2Type<2632u>, Loki::Typelist<Loki::Int2Type<2888u>, Loki::NullType> > > > > > > > > > > >, Loki::Typelist<Loki::Int2Type<4096u>, Loki::Typelist<Loki::Int2Type<4128u>, Loki::Typelist<Loki::Int2Type<4224u>, Loki::Typelist<Loki::Int2Type<4256u>, Loki::Typelist<Loki::Int2Type<4097u>, Loki::Typelist<Loki::Int2Type<4129u>, Loki::Typelist<Loki::Int2Type<4225u>, Loki::Typelist<Loki::Int2Type<4257u>, Loki::Typelist<Loki::Int2Type<2568u>, Loki::Typelist<Loki::Int2Type<2824u>, Loki::NullType> > > > > > > > > >, 100l, 75l>, canDat, Clock<Alarm<BitfieldDummy<TimerControl16>, &(Register::timer3Control), &(Register::timer3Counter), &(Register::timer3CompareA), &(Register::timer3InterruptMask), &(Register::timer3InterruptFlag), &TIMER3_COMPA_handler, 1000ul>, unsigned long>, clock, Scheduler<Clock<Alarm<BitfieldDummy<TimerControl16>, &(Register::timer3Control), &(Register::timer3Counter), &(Register::timer3CompareA), &(Register::timer3InterruptMask), &(Register::timer3InterruptFlag), &TIMER3_COMPA_handler, 1000ul>, unsigned long>, clock, (unsigned char)16, unsigned int>, scheduler>, &(CeleritasSpatiumDimetior<&(Register::portC), (unsigned char)4, (unsigned char)5, &(Register::portB), (unsigned char)7, CanDat<Loki::NullType, Loki::Typelist<Loki::Int2Type<4096u>, Loki::Typelist<Loki::Int2Type<4128u>, Loki::Typelist<Loki::Int2Type<4224u>, Loki::Typelist<Loki::Int2Type<4256u>, Loki::Typelist<Loki::Int2Type<4097u>, Loki::Typelist<Loki::Int2Type<4129u>, Loki::Typelist<Loki::Int2Type<4225u>, Loki::Typelist<Loki::Int2Type<4257u>, Loki::Typelist<Loki::Int2Type<2568u>, Loki::Typelist<Loki::Int2Type<2824u>, Loki::Typelist<Loki::Int2Type<2632u>, Loki::Typelist<Loki::Int2Type<2888u>, Loki::NullType> > > > > > > > > > > >, Loki::Typelist<Loki::Int2Type<4096u>, Loki::Typelist<Loki::Int2Type<4128u>, Loki::Typelist<Loki::Int2Type<4224u>, Loki::Typelist<Loki::Int2Type<4256u>, Loki::Typelist<Loki::Int2Type<4097u>, Loki::Typelist<Loki::Int2Type<4129u>, Loki::Typelist<Loki::Int2Type<4225u>, Loki::Typelist<Loki::Int2Type<4257u>, Loki::Typelist<Loki::Int2Type<2568u>, Loki::Typelist<Loki::Int2Type<2824u>, Loki::NullType> > > > > > > > > >, 100l, 75l>, canDat, Clock<Alarm<BitfieldDummy<TimerControl16>, &(Register::timer3Control), &(Register::timer3Counter), &(Register::timer3CompareA), &(Register::timer3InterruptMask), &(Register::timer3InterruptFlag), &TIMER3_COMPA_handler, 1000ul>, unsigned long>, clock, Scheduler<Clock<Alarm<BitfieldDummy<TimerControl16>, &(Register::timer3Control), &(Register::timer3Counter), &(Register::timer3CompareA), &(Register::timer3InterruptMask), &(Register::timer3InterruptFlag), &TIMER3_COMPA_handler, 1000ul>, unsigned long>, clock, (unsigned char)16, unsigned int>, scheduler>::animadversio())>(void*)
 .text._ZN6srutil8DelegateIFvvEE11method_stubI3KptI5ClockI5AlarmI13BitfieldDummyI14TimerControl16EXadL_ZN8Register13timer3ControlEEEXadL_ZNSA_13timer3CounterEEEXadL_ZNSA_14timer3CompareAEEEXadL_ZNSA_19timer3InterruptMaskEEEXadL_ZNSA_19timer3InterruptFlagEEEXadL_Z20TIMER3_COMPA_handlerEELm1000EEmELZ5clockE9SchedulerISC_LZ5clockELh16EjELZ9schedulerE6CanDatIN4Loki8NullTypeENSG_8TypelistINSG_8Int2TypeILj4096EEENSI_INSJ_ILj4128EEENSI_INSJ_ILj4224EEENSI_INSJ_ILj4256EEENSI_INSJ_ILj4097EEENSI_INSJ_ILj4129EEENSI_INSJ_ILj4225EEENSI_INSJ_ILj4257EEENSI_INSJ_ILj2568EEENSI_INSJ_ILj2824EEENSI_INSJ_ILj2632EEENSI_INSJ_ILj2888EEESH_EEEEEEEEEEEEEEEEEEEEEEEENSI_ISK_NSI_ISL_NSI_ISM_NSI_ISN_NSI_ISO_NSI_ISP_NSI_ISQ_NSI_ISR_NSI_ISS_NSI_IST_SH_EEEEEEEEEEEEEEEEEEEELl100ELl75EELZ6canDatEEXadL_ZNS1J_11lisPlusPlusEvEEEEvPv
                0x0000064a       0x1a ./main.o
                0x0000064a                void srutil::Delegate<void ()>::method_stub<Kpt<Clock<Alarm<BitfieldDummy<TimerControl16>, &(Register::timer3Control), &(Register::timer3Counter), &(Register::timer3CompareA), &(Register::timer3InterruptMask), &(Register::timer3InterruptFlag), &TIMER3_COMPA_handler, 1000ul>, unsigned long>, clock, Scheduler<Clock<Alarm<BitfieldDummy<TimerControl16>, &(Register::timer3Control), &(Register::timer3Counter), &(Register::timer3CompareA), &(Register::timer3InterruptMask), &(Register::timer3InterruptFlag), &TIMER3_COMPA_handler, 1000ul>, unsigned long>, clock, (unsigned char)16, unsigned int>, scheduler, CanDat<Loki::NullType, Loki::Typelist<Loki::Int2Type<4096u>, Loki::Typelist<Loki::Int2Type<4128u>, Loki::Typelist<Loki::Int2Type<4224u>, Loki::Typelist<Loki::Int2Type<4256u>, Loki::Typelist<Loki::Int2Type<4097u>, Loki::Typelist<Loki::Int2Type<4129u>, Loki::Typelist<Loki::Int2Type<4225u>, Loki::Typelist<Loki::Int2Type<4257u>, Loki::Typelist<Loki::Int2Type<2568u>, Loki::Typelist<Loki::Int2Type<2824u>, Loki::Typelist<Loki::Int2Type<2632u>, Loki::Typelist<Loki::Int2Type<2888u>, Loki::NullType> > > > > > > > > > > >, Loki::Typelist<Loki::Int2Type<4096u>, Loki::Typelist<Loki::Int2Type<4128u>, Loki::Typelist<Loki::Int2Type<4224u>, Loki::Typelist<Loki::Int2Type<4256u>, Loki::Typelist<Loki::Int2Type<4097u>, Loki::Typelist<Loki::Int2Type<4129u>, Loki::Typelist<Loki::Int2Type<4225u>, Loki::Typelist<Loki::Int2Type<4257u>, Loki::Typelist<Loki::Int2Type<2568u>, Loki::Typelist<Loki::Int2Type<2824u>, Loki::NullType> > > > > > > > > >, 100l, 75l>, canDat>, &(Kpt<Clock<Alarm<BitfieldDummy<TimerControl16>, &(Register::timer3Control), &(Register::timer3Counter), &(Register::timer3CompareA), &(Register::timer3InterruptMask), &(Register::timer3InterruptFlag), &TIMER3_COMPA_handler, 1000ul>, unsigned long>, clock, Scheduler<Clock<Alarm<BitfieldDummy<TimerControl16>, &(Register::timer3Control), &(Register::timer3Counter), &(Register::timer3CompareA), &(Register::timer3InterruptMask), &(Register::timer3InterruptFlag), &TIMER3_COMPA_handler, 1000ul>, unsigned long>, clock, (unsigned char)16, unsigned int>, scheduler, CanDat<Loki::NullType, Loki::Typelist<Loki::Int2Type<4096u>, Loki::Typelist<Loki::Int2Type<4128u>, Loki::Typelist<Loki::Int2Type<4224u>, Loki::Typelist<Loki::Int2Type<4256u>, Loki::Typelist<Loki::Int2Type<4097u>, Loki::Typelist<Loki::Int2Type<4129u>, Loki::Typelist<Loki::Int2Type<4225u>, Loki::Typelist<Loki::Int2Type<4257u>, Loki::Typelist<Loki::Int2Type<2568u>, Loki::Typelist<Loki::Int2Type<2824u>, Loki::Typelist<Loki::Int2Type<2632u>, Loki::Typelist<Loki::Int2Type<2888u>, Loki::NullType> > > > > > > > > > > >, Loki::Typelist<Loki::Int2Type<4096u>, Loki::Typelist<Loki::Int2Type<4128u>, Loki::Typelist<Loki::Int2Type<4224u>, Loki::Typelist<Loki::Int2Type<4256u>, Loki::Typelist<Loki::Int2Type<4097u>, Loki::Typelist<Loki::Int2Type<4129u>, Loki::Typelist<Loki::Int2Type<4225u>, Loki::Typelist<Loki::Int2Type<4257u>, Loki::Typelist<Loki::Int2Type<2568u>, Loki::Typelist<Loki::Int2Type<2824u>, Loki::NullType> > > > > > > > > >, 100l, 75l>, canDat>::lisPlusPlus())>(void*)
                0x0000064a                void srutil::Delegate<void ()>::method_stub<Kpt<Clock<Alarm<BitfieldDummy<TimerControl16>, &(Register::timer3Control), &(Register::timer3Counter), &(Register::timer3CompareA), &(Register::timer3InterruptMask), &(Register::timer3InterruptFlag), &TIMER3_COMPA_handler, 1000ul>, unsigned long>, clock, Scheduler<Clock<Alarm<BitfieldDummy<TimerControl16>, &(Register::timer3Control), &(Register::timer3Counter), &(Register::timer3CompareA), &(Register::timer3InterruptMask), &(Register::timer3InterruptFlag), &TIMER3_COMPA_handler, 1000ul>, unsigned long>, clock, (unsigned char)16, unsigned int>, scheduler, CanDat<Loki::NullType, Loki::Typelist<Loki::Int2Type<4096u>, Loki::Typelist<Loki::Int2Type<4128u>, Loki::Typelist<Loki::Int2Type<4224u>, Loki::Typelist<Loki::Int2Type<4256u>, Loki::Typelist<Loki::Int2Type<4097u>, Loki::Typelist<Loki::Int2Type<4129u>, Loki::Typelist<Loki::Int2Type<4225u>, Loki::Typelist<Loki::Int2Type<4257u>, Loki::Typelist<Loki::Int2Type<2568u>, Loki::Typelist<Loki::Int2Type<2824u>, Loki::Typelist<Loki::Int2Type<2632u>, Loki::Typelist<Loki::Int2Type<2888u>, Loki::NullType> > > > > > > > > > > >, Loki::Typelist<Loki::Int2Type<4096u>, Loki::Typelist<Loki::Int2Type<4128u>, Loki::Typelist<Loki::Int2Type<4224u>, Loki::Typelist<Loki::Int2Type<4256u>, Loki::Typelist<Loki::Int2Type<4097u>, Loki::Typelist<Loki::Int2Type<4129u>, Loki::Typelist<Loki::Int2Type<4225u>, Loki::Typelist<Loki::Int2Type<4257u>, Loki::Typelist<Loki::Int2Type<2568u>, Loki::Typelist<Loki::Int2Type<2824u>, Loki::NullType> > > > > > > > > >, 100l, 75l>, canDat>, &(Kpt<Clock<Alarm<BitfieldDummy<TimerControl16>, &(Register::timer3Control), &(Register::timer3Counter), &(Register::timer3CompareA), &(Register::timer3InterruptMask), &(Register::timer3InterruptFlag), &TIMER3_COMPA_handler, 1000ul>, unsigned long>, clock, Scheduler<Clock<Alarm<BitfieldDummy<TimerControl16>, &(Register::timer3Control), &(Register::timer3Counter), &(Register::timer3CompareA), &(Register::timer3InterruptMask), &(Register::timer3InterruptFlag), &TIMER3_COMPA_handler, 1000ul>, unsigned long>, clock, (unsigned char)16, unsigned int>, scheduler, CanDat<Loki::NullType, Loki::Typelist<Loki::Int2Type<4096u>, Loki::Typelist<Loki::Int2Type<4128u>, Loki::Typelist<Loki::Int2Type<4224u>, Loki::Typelist<Loki::Int2Type<4256u>, Loki::Typelist<Loki::Int2Type<4097u>, Loki::Typelist<Loki::Int2Type<4129u>, Loki::Typelist<Loki::Int2Type<4225u>, Loki::Typelist<Loki::Int2Type<4257u>, Loki::Typelist<Loki::Int2Type<2568u>, Loki::Typelist<Loki::Int2Type<2824u>, Loki::Typelist<Loki::Int2Type<2632u>, Loki::Typelist<Loki::Int2Type<2888u>, Loki::NullType> > > > > > > > > > > >, Loki::Typelist<Loki::Int2Type<4096u>, Loki::Typelist<Loki::Int2Type<4128u>, Loki::Typelist<Loki::Int2Type<4224u>, Loki::Typelist<Loki::Int2Type<4256u>, Loki::Typelist<Loki::Int2Type<4097u>, Loki::Typelist<Loki::Int2Type<4129u>, Loki::Typelist<Loki::Int2Type<4225u>, Loki::Typelist<Loki::Int2Type<4257u>, Loki::Typelist<Loki::Int2Type<2568u>, Loki::Typelist<Loki::Int2Type<2824u>, Loki::NullType> > > > > > > > > >, 100l, 75l>, canDat>::lisPlusPlus())>(void*)
 .text._ZN7ProgSpi13ProgSpiSimpleIXadL_ZN8Register16spiStatusControlEEEXadL_ZNS1_7spiDataEEEXadL_ZNS1_5portBEEELh0ELh1ELh2ELh3EXadL_ZNS1_5portBEEELh4EE11instructionEhhhh.isra.49
                0x00000664       0x24 ./main.o
 .text._ZN6srutil8DelegateIFvvEE11method_stubIN4Saut3ComIXadL_ZN8Register13usart1ControlEEEXadL_ZNS6_14usart1BaudRateEEEXadL_ZNS6_10usart1DataEEEXadL_ZNS6_5portDEEELh2EXadL_ZNS6_5portDEEELh3EXadL_ZNS6_5portDEEELh4EXadL_ZNS6_5portBEEELh7ELh1ENS4_3DatIN4Loki8TypelistINS8_8Int2TypeILj12EEENS9_INSA_ILj13EEENS9_INSA_ILj14EEENS9_INSA_ILj15EEENS9_INSA_ILj84EEENS9_INSA_ILj104EEENS9_INSA_ILj107EEENS8_8NullTypeEEEEEEEEEEEEEEENS9_INSA_ILj8EEENS9_INSA_ILj9EEENS9_INSA_ILj10EEENS9_INSA_ILj11EEENS9_INSA_ILj80EEENS9_INSA_ILj81EEENS9_INSA_ILj82EEENS9_INSA_ILj83EEESI_EEEEEEEEEEEEEEEENS9_ISB_NS9_ISF_SJ_EEEEEELZ4dataEEEXadL_ZNS19_9txHandlerEvEEEEvPv
                0x00000688       0x66 ./main.o
                0x00000688                void srutil::Delegate<void ()>::method_stub<Saut::Com<&(Register::usart1Control), &(Register::usart1BaudRate), &(Register::usart1Data), &(Register::portD), (unsigned char)2, &(Register::portD), (unsigned char)3, &(Register::portD), (unsigned char)4, &(Register::portB), (unsigned char)7, (unsigned char)1, Saut::Dat<Loki::Typelist<Loki::Int2Type<12u>, Loki::Typelist<Loki::Int2Type<13u>, Loki::Typelist<Loki::Int2Type<14u>, Loki::Typelist<Loki::Int2Type<15u>, Loki::Typelist<Loki::Int2Type<84u>, Loki::Typelist<Loki::Int2Type<104u>, Loki::Typelist<Loki::Int2Type<107u>, Loki::NullType> > > > > > >, Loki::Typelist<Loki::Int2Type<8u>, Loki::Typelist<Loki::Int2Type<9u>, Loki::Typelist<Loki::Int2Type<10u>, Loki::Typelist<Loki::Int2Type<11u>, Loki::Typelist<Loki::Int2Type<80u>, Loki::Typelist<Loki::Int2Type<81u>, Loki::Typelist<Loki::Int2Type<82u>, Loki::Typelist<Loki::Int2Type<83u>, Loki::NullType> > > > > > > >, Loki::Typelist<Loki::Int2Type<12u>, Loki::Typelist<Loki::Int2Type<84u>, Loki::Typelist<Loki::Int2Type<107u>, Loki::NullType> > > >, data>, &(Saut::Com<&(Register::usart1Control), &(Register::usart1BaudRate), &(Register::usart1Data), &(Register::portD), (unsigned char)2, &(Register::portD), (unsigned char)3, &(Register::portD), (unsigned char)4, &(Register::portB), (unsigned char)7, (unsigned char)1, Saut::Dat<Loki::Typelist<Loki::Int2Type<12u>, Loki::Typelist<Loki::Int2Type<13u>, Loki::Typelist<Loki::Int2Type<14u>, Loki::Typelist<Loki::Int2Type<15u>, Loki::Typelist<Loki::Int2Type<84u>, Loki::Typelist<Loki::Int2Type<104u>, Loki::Typelist<Loki::Int2Type<107u>, Loki::NullType> > > > > > >, Loki::Typelist<Loki::Int2Type<8u>, Loki::Typelist<Loki::Int2Type<9u>, Loki::Typelist<Loki::Int2Type<10u>, Loki::Typelist<Loki::Int2Type<11u>, Loki::Typelist<Loki::Int2Type<80u>, Loki::Typelist<Loki::Int2Type<81u>, Loki::Typelist<Loki::Int2Type<82u>, Loki::Typelist<Loki::Int2Type<83u>, Loki::NullType> > > > > > > >, Loki::Typelist<Loki::Int2Type<12u>, Loki::Typelist<Loki::Int2Type<84u>, Loki::Typelist<Loki::Int2Type<107u>, Loki::NullType> > > >, data>::txHandler())>(void*)
                0x00000688                void srutil::Delegate<void ()>::method_stub<Saut::Com<&(Register::usart1Control), &(Register::usart1BaudRate), &(Register::usart1Data), &(Register::portD), (unsigned char)2, &(Register::portD), (unsigned char)3, &(Register::portD), (unsigned char)4, &(Register::portB), (unsigned char)7, (unsigned char)1, Saut::Dat<Loki::Typelist<Loki::Int2Type<12u>, Loki::Typelist<Loki::Int2Type<13u>, Loki::Typelist<Loki::Int2Type<14u>, Loki::Typelist<Loki::Int2Type<15u>, Loki::Typelist<Loki::Int2Type<84u>, Loki::Typelist<Loki::Int2Type<104u>, Loki::Typelist<Loki::Int2Type<107u>, Loki::NullType> > > > > > >, Loki::Typelist<Loki::Int2Type<8u>, Loki::Typelist<Loki::Int2Type<9u>, Loki::Typelist<Loki::Int2Type<10u>, Loki::Typelist<Loki::Int2Type<11u>, Loki::Typelist<Loki::Int2Type<80u>, Loki::Typelist<Loki::Int2Type<81u>, Loki::Typelist<Loki::Int2Type<82u>, Loki::Typelist<Loki::Int2Type<83u>, Loki::NullType> > > > > > > >, Loki::Typelist<Loki::Int2Type<12u>, Loki::Typelist<Loki::Int2Type<84u>, Loki::Typelist<Loki::Int2Type<107u>, Loki::NullType> > > >, data>, &(Saut::Com<&(Register::usart1Control), &(Register::usart1BaudRate), &(Register::usart1Data), &(Register::portD), (unsigned char)2, &(Register::portD), (unsigned char)3, &(Register::portD), (unsigned char)4, &(Register::portB), (unsigned char)7, (unsigned char)1, Saut::Dat<Loki::Typelist<Loki::Int2Type<12u>, Loki::Typelist<Loki::Int2Type<13u>, Loki::Typelist<Loki::Int2Type<14u>, Loki::Typelist<Loki::Int2Type<15u>, Loki::Typelist<Loki::Int2Type<84u>, Loki::Typelist<Loki::Int2Type<104u>, Loki::Typelist<Loki::Int2Type<107u>, Loki::NullType> > > > > > >, Loki::Typelist<Loki::Int2Type<8u>, Loki::Typelist<Loki::Int2Type<9u>, Loki::Typelist<Loki::Int2Type<10u>, Loki::Typelist<Loki::Int2Type<11u>, Loki::Typelist<Loki::Int2Type<80u>, Loki::Typelist<Loki::Int2Type<81u>, Loki::Typelist<Loki::Int2Type<82u>, Loki::Typelist<Loki::Int2Type<83u>, Loki::NullType> > > > > > > >, Loki::Typelist<Loki::Int2Type<12u>, Loki::Typelist<Loki::Int2Type<84u>, Loki::Typelist<Loki::Int2Type<107u>, Loki::NullType> > > >, data>::txHandler())>(void*)
 .text._ZN9SchedulerI5ClockI5AlarmI13BitfieldDummyI14TimerControl16EXadL_ZN8Register13timer3ControlEEEXadL_ZNS5_13timer3CounterEEEXadL_ZNS5_14timer3CompareAEEEXadL_ZNS5_19timer3InterruptMaskEEEXadL_ZNS5_19timer3InterruptFlagEEEXadL_Z20TIMER3_COMPA_handlerEELm1000EEmELZ5clockELh16EjE5runInE7Commandj.constprop.118
                0x000006ee       0xc4 ./main.o
 .text._ZN6srutil8DelegateIFvjEE13function_stubIXadL_Z8kptFallBjEEEEvPvj
                0x000007b2       0x56 ./main.o
                0x000007b2                void srutil::Delegate<void (unsigned int)>::function_stub<&(kptFallB(unsigned int))>(void*, unsigned int)
 .text._ZN6srutil8DelegateIFvjEE13function_stubIXadL_Z12kptFallTimeBjEEEEvPvj
                0x00000808       0x2e ./main.o
                0x00000808                void srutil::Delegate<void (unsigned int)>::function_stub<&(kptFallTimeB(unsigned int))>(void*, unsigned int)
 .text._ZN6srutil8DelegateIFvjEE13function_stubIXadL_Z12kptFallTimeAjEEEEvPvj
                0x00000836       0x2e ./main.o
                0x00000836                void srutil::Delegate<void (unsigned int)>::function_stub<&(kptFallTimeA(unsigned int))>(void*, unsigned int)
 .text._Z3powIjijET_T0_T1_.constprop.117
                0x00000864      0x110 ./main.o
 .text._ZN6srutil8DelegateIFvvEE11method_stubI9EmulationXadL_ZNS4_9makeAStepEvEEEEvPv
                0x00000974       0x78 ./main.o
                0x00000974                void srutil::Delegate<void ()>::method_stub<Emulation, &(Emulation::makeAStep())>(void*)
 .text._ZN6srutil8DelegateIFvjEE13function_stubIXadL_Z8kptFallAjEEEEvPvj
                0x000009ec       0x56 ./main.o
                0x000009ec                void srutil::Delegate<void (unsigned int)>::function_stub<&(kptFallA(unsigned int))>(void*, unsigned int)
 .text._ZN6srutil8DelegateIFvjEE11method_stubI24CeleritasSpatiumDimetiorIXadL_ZN8Register5portCEEELh4ELh5EXadL_ZNS5_5portBEEELh7E6CanDatIN4Loki8NullTypeENS7_8TypelistINS7_8Int2TypeILj4096EEENS9_INSA_ILj4128EEENS9_INSA_ILj4224EEENS9_INSA_ILj4256EEENS9_INSA_ILj4097EEENS9_INSA_ILj4129EEENS9_INSA_ILj4225EEENS9_INSA_ILj4257EEENS9_INSA_ILj2568EEENS9_INSA_ILj2824EEENS9_INSA_ILj2632EEENS9_INSA_ILj2888EEES8_EEEEEEEEEEEEEEEEEEEEEEEENS9_ISB_NS9_ISC_NS9_ISD_NS9_ISE_NS9_ISF_NS9_ISG_NS9_ISH_NS9_ISI_NS9_ISJ_NS9_ISK_S8_EEEEEEEEEEEEEEEEEEEELl100ELl75EELZ6canDatE5ClockI5AlarmI13BitfieldDummyI14TimerControl16EXadL_ZNS5_13timer3ControlEEEXadL_ZNS5_13timer3CounterEEEXadL_ZNS5_14timer3CompareAEEEXadL_ZNS5_19timer3InterruptMaskEEEXadL_ZNS5_19timer3InterruptFlagEEEXadL_Z20TIMER3_COMPA_handlerEELm1000EEmELZ5clockE9SchedulerIS1G_LZ5clockELh16EjELZ9schedulerEEXadL_ZNS1J_7producoEjEEEEvPvj
                0x00000a42      0x568 ./main.o
                0x00000a42                void srutil::Delegate<void (unsigned int)>::method_stub<CeleritasSpatiumDimetior<&(Register::portC), (unsigned char)4, (unsigned char)5, &(Register::portB), (unsigned char)7, CanDat<Loki::NullType, Loki::Typelist<Loki::Int2Type<4096u>, Loki::Typelist<Loki::Int2Type<4128u>, Loki::Typelist<Loki::Int2Type<4224u>, Loki::Typelist<Loki::Int2Type<4256u>, Loki::Typelist<Loki::Int2Type<4097u>, Loki::Typelist<Loki::Int2Type<4129u>, Loki::Typelist<Loki::Int2Type<4225u>, Loki::Typelist<Loki::Int2Type<4257u>, Loki::Typelist<Loki::Int2Type<2568u>, Loki::Typelist<Loki::Int2Type<2824u>, Loki::Typelist<Loki::Int2Type<2632u>, Loki::Typelist<Loki::Int2Type<2888u>, Loki::NullType> > > > > > > > > > > >, Loki::Typelist<Loki::Int2Type<4096u>, Loki::Typelist<Loki::Int2Type<4128u>, Loki::Typelist<Loki::Int2Type<4224u>, Loki::Typelist<Loki::Int2Type<4256u>, Loki::Typelist<Loki::Int2Type<4097u>, Loki::Typelist<Loki::Int2Type<4129u>, Loki::Typelist<Loki::Int2Type<4225u>, Loki::Typelist<Loki::Int2Type<4257u>, Loki::Typelist<Loki::Int2Type<2568u>, Loki::Typelist<Loki::Int2Type<2824u>, Loki::NullType> > > > > > > > > >, 100l, 75l>, canDat, Clock<Alarm<BitfieldDummy<TimerControl16>, &(Register::timer3Control), &(Register::timer3Counter), &(Register::timer3CompareA), &(Register::timer3InterruptMask), &(Register::timer3InterruptFlag), &TIMER3_COMPA_handler, 1000ul>, unsigned long>, clock, Scheduler<Clock<Alarm<BitfieldDummy<TimerControl16>, &(Register::timer3Control), &(Register::timer3Counter), &(Register::timer3CompareA), &(Register::timer3InterruptMask), &(Register::timer3InterruptFlag), &TIMER3_COMPA_handler, 1000ul>, unsigned long>, clock, (unsigned char)16, unsigned int>, scheduler>, &(CeleritasSpatiumDimetior<&(Register::portC), (unsigned char)4, (unsigned char)5, &(Register::portB), (unsigned char)7, CanDat<Loki::NullType, Loki::Typelist<Loki::Int2Type<4096u>, Loki::Typelist<Loki::Int2Type<4128u>, Loki::Typelist<Loki::Int2Type<4224u>, Loki::Typelist<Loki::Int2Type<4256u>, Loki::Typelist<Loki::Int2Type<4097u>, Loki::Typelist<Loki::Int2Type<4129u>, Loki::Typelist<Loki::Int2Type<4225u>, Loki::Typelist<Loki::Int2Type<4257u>, Loki::Typelist<Loki::Int2Type<2568u>, Loki::Typelist<Loki::Int2Type<2824u>, Loki::Typelist<Loki::Int2Type<2632u>, Loki::Typelist<Loki::Int2Type<2888u>, Loki::NullType> > > > > > > > > > > >, Loki::Typelist<Loki::Int2Type<4096u>, Loki::Typelist<Loki::Int2Type<4128u>, Loki::Typelist<Loki::Int2Type<4224u>, Loki::Typelist<Loki::Int2Type<4256u>, Loki::Typelist<Loki::Int2Type<4097u>, Loki::Typelist<Loki::Int2Type<4129u>, Loki::Typelist<Loki::Int2Type<4225u>, Loki::Typelist<Loki::Int2Type<4257u>, Loki::Typelist<Loki::Int2Type<2568u>, Loki::Typelist<Loki::Int2Type<2824u>, Loki::NullType> > > > > > > > > >, 100l, 75l>, canDat, Clock<Alarm<BitfieldDummy<TimerControl16>, &(Register::timer3Control), &(Register::timer3Counter), &(Register::timer3CompareA), &(Register::timer3InterruptMask), &(Register::timer3InterruptFlag), &TIMER3_COMPA_handler, 1000ul>, unsigned long>, clock, Scheduler<Clock<Alarm<BitfieldDummy<TimerControl16>, &(Register::timer3Control), &(Register::timer3Counter), &(Register::timer3CompareA), &(Register::timer3InterruptMask), &(Register::timer3InterruptFlag), &TIMER3_COMPA_handler, 1000ul>, unsigned long>, clock, (unsigned char)16, unsigned int>, scheduler>::produco(unsigned int))>(void*, unsigned int)
                0x00000a42                void srutil::Delegate<void (unsigned int)>::method_stub<CeleritasSpatiumDimetior<&(Register::portC), (unsigned char)4, (unsigned char)5, &(Register::portB), (unsigned char)7, CanDat<Loki::NullType, Loki::Typelist<Loki::Int2Type<4096u>, Loki::Typelist<Loki::Int2Type<4128u>, Loki::Typelist<Loki::Int2Type<4224u>, Loki::Typelist<Loki::Int2Type<4256u>, Loki::Typelist<Loki::Int2Type<4097u>, Loki::Typelist<Loki::Int2Type<4129u>, Loki::Typelist<Loki::Int2Type<4225u>, Loki::Typelist<Loki::Int2Type<4257u>, Loki::Typelist<Loki::Int2Type<2568u>, Loki::Typelist<Loki::Int2Type<2824u>, Loki::Typelist<Loki::Int2Type<2632u>, Loki::Typelist<Loki::Int2Type<2888u>, Loki::NullType> > > > > > > > > > > >, Loki::Typelist<Loki::Int2Type<4096u>, Loki::Typelist<Loki::Int2Type<4128u>, Loki::Typelist<Loki::Int2Type<4224u>, Loki::Typelist<Loki::Int2Type<4256u>, Loki::Typelist<Loki::Int2Type<4097u>, Loki::Typelist<Loki::Int2Type<4129u>, Loki::Typelist<Loki::Int2Type<4225u>, Loki::Typelist<Loki::Int2Type<4257u>, Loki::Typelist<Loki::Int2Type<2568u>, Loki::Typelist<Loki::Int2Type<2824u>, Loki::NullType> > > > > > > > > >, 100l, 75l>, canDat, Clock<Alarm<BitfieldDummy<TimerControl16>, &(Register::timer3Control), &(Register::timer3Counter), &(Register::timer3CompareA), &(Register::timer3InterruptMask), &(Register::timer3InterruptFlag), &TIMER3_COMPA_handler, 1000ul>, unsigned long>, clock, Scheduler<Clock<Alarm<BitfieldDummy<TimerControl16>, &(Register::timer3Control), &(Register::timer3Counter), &(Register::timer3CompareA), &(Register::timer3InterruptMask), &(Register::timer3InterruptFlag), &TIMER3_COMPA_handler, 1000ul>, unsigned long>, clock, (unsigned char)16, unsigned int>, scheduler>, &(CeleritasSpatiumDimetior<&(Register::portC), (unsigned char)4, (unsigned char)5, &(Register::portB), (unsigned char)7, CanDat<Loki::NullType, Loki::Typelist<Loki::Int2Type<4096u>, Loki::Typelist<Loki::Int2Type<4128u>, Loki::Typelist<Loki::Int2Type<4224u>, Loki::Typelist<Loki::Int2Type<4256u>, Loki::Typelist<Loki::Int2Type<4097u>, Loki::Typelist<Loki::Int2Type<4129u>, Loki::Typelist<Loki::Int2Type<4225u>, Loki::Typelist<Loki::Int2Type<4257u>, Loki::Typelist<Loki::Int2Type<2568u>, Loki::Typelist<Loki::Int2Type<2824u>, Loki::Typelist<Loki::Int2Type<2632u>, Loki::Typelist<Loki::Int2Type<2888u>, Loki::NullType> > > > > > > > > > > >, Loki::Typelist<Loki::Int2Type<4096u>, Loki::Typelist<Loki::Int2Type<4128u>, Loki::Typelist<Loki::Int2Type<4224u>, Loki::Typelist<Loki::Int2Type<4256u>, Loki::Typelist<Loki::Int2Type<4097u>, Loki::Typelist<Loki::Int2Type<4129u>, Loki::Typelist<Loki::Int2Type<4225u>, Loki::Typelist<Loki::Int2Type<4257u>, Loki::Typelist<Loki::Int2Type<2568u>, Loki::Typelist<Loki::Int2Type<2824u>, Loki::NullType> > > > > > > > > >, 100l, 75l>, canDat, Clock<Alarm<BitfieldDummy<TimerControl16>, &(Register::timer3Control), &(Register::timer3Counter), &(Register::timer3CompareA), &(Register::timer3InterruptMask), &(Register::timer3InterruptFlag), &TIMER3_COMPA_handler, 1000ul>, unsigned long>, clock, Scheduler<Clock<Alarm<BitfieldDummy<TimerControl16>, &(Register::timer3Control), &(Register::timer3Counter), &(Register::timer3CompareA), &(Register::timer3InterruptMask), &(Register::timer3InterruptFlag), &TIMER3_COMPA_handler, 1000ul>, unsigned long>, clock, (unsigned char)16, unsigned int>, scheduler>::produco(unsigned int))>(void*, unsigned int)
 .text._ZN6srutil8DelegateIFvjEE11method_stubI9EmulationXadL_ZNS4_8watchDogEjEEEEvPvj
                0x00000faa       0xba ./main.o
                0x00000faa                void srutil::Delegate<void (unsigned int)>::method_stub<Emulation, &(Emulation::watchDog(unsigned int))>(void*, unsigned int)
 .text._ZN6srutil8DelegateIFvjEE11method_stubI3KptI5ClockI5AlarmI13BitfieldDummyI14TimerControl16EXadL_ZN8Register13timer3ControlEEEXadL_ZNSA_13timer3CounterEEEXadL_ZNSA_14timer3CompareAEEEXadL_ZNSA_19timer3InterruptMaskEEEXadL_ZNSA_19timer3InterruptFlagEEEXadL_Z20TIMER3_COMPA_handlerEELm1000EEmELZ5clockE9SchedulerISC_LZ5clockELh16EjELZ9schedulerE6CanDatIN4Loki8NullTypeENSG_8TypelistINSG_8Int2TypeILj4096EEENSI_INSJ_ILj4128EEENSI_INSJ_ILj4224EEENSI_INSJ_ILj4256EEENSI_INSJ_ILj4097EEENSI_INSJ_ILj4129EEENSI_INSJ_ILj4225EEENSI_INSJ_ILj4257EEENSI_INSJ_ILj2568EEENSI_INSJ_ILj2824EEENSI_INSJ_ILj2632EEENSI_INSJ_ILj2888EEESH_EEEEEEEEEEEEEEEEEEEEEEEENSI_ISK_NSI_ISL_NSI_ISM_NSI_ISN_NSI_ISO_NSI_ISP_NSI_ISQ_NSI_ISR_NSI_ISS_NSI_IST_SH_EEEEEEEEEEEEEEEEEEEELl100ELl75EELZ6canDatEEXadL_ZNS1J_8watchDogEjEEEEvPvj
                0x00001064       0xd0 ./main.o
                0x00001064                void srutil::Delegate<void (unsigned int)>::method_stub<Kpt<Clock<Alarm<BitfieldDummy<TimerControl16>, &(Register::timer3Control), &(Register::timer3Counter), &(Register::timer3CompareA), &(Register::timer3InterruptMask), &(Register::timer3InterruptFlag), &TIMER3_COMPA_handler, 1000ul>, unsigned long>, clock, Scheduler<Clock<Alarm<BitfieldDummy<TimerControl16>, &(Register::timer3Control), &(Register::timer3Counter), &(Register::timer3CompareA), &(Register::timer3InterruptMask), &(Register::timer3InterruptFlag), &TIMER3_COMPA_handler, 1000ul>, unsigned long>, clock, (unsigned char)16, unsigned int>, scheduler, CanDat<Loki::NullType, Loki::Typelist<Loki::Int2Type<4096u>, Loki::Typelist<Loki::Int2Type<4128u>, Loki::Typelist<Loki::Int2Type<4224u>, Loki::Typelist<Loki::Int2Type<4256u>, Loki::Typelist<Loki::Int2Type<4097u>, Loki::Typelist<Loki::Int2Type<4129u>, Loki::Typelist<Loki::Int2Type<4225u>, Loki::Typelist<Loki::Int2Type<4257u>, Loki::Typelist<Loki::Int2Type<2568u>, Loki::Typelist<Loki::Int2Type<2824u>, Loki::Typelist<Loki::Int2Type<2632u>, Loki::Typelist<Loki::Int2Type<2888u>, Loki::NullType> > > > > > > > > > > >, Loki::Typelist<Loki::Int2Type<4096u>, Loki::Typelist<Loki::Int2Type<4128u>, Loki::Typelist<Loki::Int2Type<4224u>, Loki::Typelist<Loki::Int2Type<4256u>, Loki::Typelist<Loki::Int2Type<4097u>, Loki::Typelist<Loki::Int2Type<4129u>, Loki::Typelist<Loki::Int2Type<4225u>, Loki::Typelist<Loki::Int2Type<4257u>, Loki::Typelist<Loki::Int2Type<2568u>, Loki::Typelist<Loki::Int2Type<2824u>, Loki::NullType> > > > > > > > > >, 100l, 75l>, canDat>, &(Kpt<Clock<Alarm<BitfieldDummy<TimerControl16>, &(Register::timer3Control), &(Register::timer3Counter), &(Register::timer3CompareA), &(Register::timer3InterruptMask), &(Register::timer3InterruptFlag), &TIMER3_COMPA_handler, 1000ul>, unsigned long>, clock, Scheduler<Clock<Alarm<BitfieldDummy<TimerControl16>, &(Register::timer3Control), &(Register::timer3Counter), &(Register::timer3CompareA), &(Register::timer3InterruptMask), &(Register::timer3InterruptFlag), &TIMER3_COMPA_handler, 1000ul>, unsigned long>, clock, (unsigned char)16, unsigned int>, scheduler, CanDat<Loki::NullType, Loki::Typelist<Loki::Int2Type<4096u>, Loki::Typelist<Loki::Int2Type<4128u>, Loki::Typelist<Loki::Int2Type<4224u>, Loki::Typelist<Loki::Int2Type<4256u>, Loki::Typelist<Loki::Int2Type<4097u>, Loki::Typelist<Loki::Int2Type<4129u>, Loki::Typelist<Loki::Int2Type<4225u>, Loki::Typelist<Loki::Int2Type<4257u>, Loki::Typelist<Loki::Int2Type<2568u>, Loki::Typelist<Loki::Int2Type<2824u>, Loki::Typelist<Loki::Int2Type<2632u>, Loki::Typelist<Loki::Int2Type<2888u>, Loki::NullType> > > > > > > > > > > >, Loki::Typelist<Loki::Int2Type<4096u>, Loki::Typelist<Loki::Int2Type<4128u>, Loki::Typelist<Loki::Int2Type<4224u>, Loki::Typelist<Loki::Int2Type<4256u>, Loki::Typelist<Loki::Int2Type<4097u>, Loki::Typelist<Loki::Int2Type<4129u>, Loki::Typelist<Loki::Int2Type<4225u>, Loki::Typelist<Loki::Int2Type<4257u>, Loki::Typelist<Loki::Int2Type<2568u>, Loki::Typelist<Loki::Int2Type<2824u>, Loki::NullType> > > > > > > > > >, 100l, 75l>, canDat>::watchDog(unsigned int))>(void*, unsigned int)
                0x00001064                void srutil::Delegate<void (unsigned int)>::method_stub<Kpt<Clock<Alarm<BitfieldDummy<TimerControl16>, &(Register::timer3Control), &(Register::timer3Counter), &(Register::timer3CompareA), &(Register::timer3InterruptMask), &(Register::timer3InterruptFlag), &TIMER3_COMPA_handler, 1000ul>, unsigned long>, clock, Scheduler<Clock<Alarm<BitfieldDummy<TimerControl16>, &(Register::timer3Control), &(Register::timer3Counter), &(Register::timer3CompareA), &(Register::timer3InterruptMask), &(Register::timer3InterruptFlag), &TIMER3_COMPA_handler, 1000ul>, unsigned long>, clock, (unsigned char)16, unsigned int>, scheduler, CanDat<Loki::NullType, Loki::Typelist<Loki::Int2Type<4096u>, Loki::Typelist<Loki::Int2Type<4128u>, Loki::Typelist<Loki::Int2Type<4224u>, Loki::Typelist<Loki::Int2Type<4256u>, Loki::Typelist<Loki::Int2Type<4097u>, Loki::Typelist<Loki::Int2Type<4129u>, Loki::Typelist<Loki::Int2Type<4225u>, Loki::Typelist<Loki::Int2Type<4257u>, Loki::Typelist<Loki::Int2Type<2568u>, Loki::Typelist<Loki::Int2Type<2824u>, Loki::Typelist<Loki::Int2Type<2632u>, Loki::Typelist<Loki::Int2Type<2888u>, Loki::NullType> > > > > > > > > > > >, Loki::Typelist<Loki::Int2Type<4096u>, Loki::Typelist<Loki::Int2Type<4128u>, Loki::Typelist<Loki::Int2Type<4224u>, Loki::Typelist<Loki::Int2Type<4256u>, Loki::Typelist<Loki::Int2Type<4097u>, Loki::Typelist<Loki::Int2Type<4129u>, Loki::Typelist<Loki::Int2Type<4225u>, Loki::Typelist<Loki::Int2Type<4257u>, Loki::Typelist<Loki::Int2Type<2568u>, Loki::Typelist<Loki::Int2Type<2824u>, Loki::NullType> > > > > > > > > >, 100l, 75l>, canDat>, &(Kpt<Clock<Alarm<BitfieldDummy<TimerControl16>, &(Register::timer3Control), &(Register::timer3Counter), &(Register::timer3CompareA), &(Register::timer3InterruptMask), &(Register::timer3InterruptFlag), &TIMER3_COMPA_handler, 1000ul>, unsigned long>, clock, Scheduler<Clock<Alarm<BitfieldDummy<TimerControl16>, &(Register::timer3Control), &(Register::timer3Counter), &(Register::timer3CompareA), &(Register::timer3InterruptMask), &(Register::timer3InterruptFlag), &TIMER3_COMPA_handler, 1000ul>, unsigned long>, clock, (unsigned char)16, unsigned int>, scheduler, CanDat<Loki::NullType, Loki::Typelist<Loki::Int2Type<4096u>, Loki::Typelist<Loki::Int2Type<4128u>, Loki::Typelist<Loki::Int2Type<4224u>, Loki::Typelist<Loki::Int2Type<4256u>, Loki::Typelist<Loki::Int2Type<4097u>, Loki::Typelist<Loki::Int2Type<4129u>, Loki::Typelist<Loki::Int2Type<4225u>, Loki::Typelist<Loki::Int2Type<4257u>, Loki::Typelist<Loki::Int2Type<2568u>, Loki::Typelist<Loki::Int2Type<2824u>, Loki::Typelist<Loki::Int2Type<2632u>, Loki::Typelist<Loki::Int2Type<2888u>, Loki::NullType> > > > > > > > > > > >, Loki::Typelist<Loki::Int2Type<4096u>, Loki::Typelist<Loki::Int2Type<4128u>, Loki::Typelist<Loki::Int2Type<4224u>, Loki::Typelist<Loki::Int2Type<4256u>, Loki::Typelist<Loki::Int2Type<4097u>, Loki::Typelist<Loki::Int2Type<4129u>, Loki::Typelist<Loki::Int2Type<4225u>, Loki::Typelist<Loki::Int2Type<4257u>, Loki::Typelist<Loki::Int2Type<2568u>, Loki::Typelist<Loki::Int2Type<2824u>, Loki::NullType> > > > > > > > > >, 100l, 75l>, canDat>::watchDog(unsigned int))>(void*, unsigned int)
 .text._ZN6srutil8DelegateIFvjEE13function_stubIXadL_Z12kptRiseTimeAjEEEEvPvj
                0x00001134      0x120 ./main.o
                0x00001134                void srutil::Delegate<void (unsigned int)>::function_stub<&(kptRiseTimeA(unsigned int))>(void*, unsigned int)
 .text._ZN6srutil8DelegateIFvjEE13function_stubIXadL_Z8kptRiseAjEEEEvPvj
                0x00001254      0x144 ./main.o
                0x00001254                void srutil::Delegate<void (unsigned int)>::function_stub<&(kptRiseA(unsigned int))>(void*, unsigned int)
 .text._ZN6srutil8DelegateIFvjEE13function_stubIXadL_Z8kptRiseBjEEEEvPvj
                0x00001398      0x144 ./main.o
                0x00001398                void srutil::Delegate<void (unsigned int)>::function_stub<&(kptRiseB(unsigned int))>(void*, unsigned int)
 .text._ZN6srutil8DelegateIFvjEE13function_stubIXadL_Z12kptRiseTimeBjEEEEvPvj
                0x000014dc      0x120 ./main.o
                0x000014dc                void srutil::Delegate<void (unsigned int)>::function_stub<&(kptRiseTimeB(unsigned int))>(void*, unsigned int)
 .text._Z6rebootv
                0x000015fc       0x1c ./main.o
                0x000015fc                reboot()
 .text.__vector_1
                0x00001618       0x56 ./main.o
                0x00001618                __vector_1
 .text.__vector_2
                0x0000166e       0x56 ./main.o
                0x0000166e                __vector_2
 .text.__vector_3
                0x000016c4       0x56 ./main.o
                0x000016c4                __vector_3
 .text.__vector_4
                0x0000171a       0x56 ./main.o
                0x0000171a                __vector_4
 .text.__vector_5
                0x00001770       0x56 ./main.o
                0x00001770                __vector_5
 .text.__vector_6
                0x000017c6       0x56 ./main.o
                0x000017c6                __vector_6
 .text.__vector_7
                0x0000181c       0x56 ./main.o
                0x0000181c                __vector_7
 .text.__vector_8
                0x00001872       0x56 ./main.o
                0x00001872                __vector_8
 .text.__vector_9
                0x000018c8       0x56 ./main.o
                0x000018c8                __vector_9
 .text.__vector_10
                0x0000191e       0x56 ./main.o
                0x0000191e                __vector_10
 .text.__vector_11
                0x00001974       0x56 ./main.o
                0x00001974                __vector_11
 .text.__vector_12
                0x000019ca       0x56 ./main.o
                0x000019ca                __vector_12
 .text.__vector_13
                0x00001a20       0x56 ./main.o
                0x00001a20                __vector_13
 .text.__vector_14
                0x00001a76       0x56 ./main.o
                0x00001a76                __vector_14
 .text.__vector_15
                0x00001acc       0x56 ./main.o
                0x00001acc                __vector_15
 .text.__vector_16
                0x00001b22       0x56 ./main.o
                0x00001b22                __vector_16
 .text.__vector_17
                0x00001b78       0x56 ./main.o
                0x00001b78                __vector_17
 .text.__vector_18
                0x00001bce       0x56 ./main.o
                0x00001bce                __vector_18
 .text.__vector_19
                0x00001c24       0x56 ./main.o
                0x00001c24                __vector_19
 .text.__vector_20
                0x00001c7a       0x56 ./main.o
                0x00001c7a                __vector_20
 .text.__vector_21
                0x00001cd0       0x56 ./main.o
                0x00001cd0                __vector_21
 .text.__vector_22
                0x00001d26       0x56 ./main.o
                0x00001d26                __vector_22
 .text.__vector_23
                0x00001d7c       0x56 ./main.o
                0x00001d7c                __vector_23
 .text.__vector_24
                0x00001dd2       0x56 ./main.o
                0x00001dd2                __vector_24
 .text.__vector_25
                0x00001e28       0x56 ./main.o
                0x00001e28                __vector_25
 .text.__vector_26
                0x00001e7e       0x56 ./main.o
                0x00001e7e                __vector_26
 .text.__vector_27
                0x00001ed4       0x56 ./main.o
                0x00001ed4                __vector_27
 .text.__vector_28
                0x00001f2a       0x56 ./main.o
                0x00001f2a                __vector_28
 .text.__vector_29
                0x00001f80       0x56 ./main.o
                0x00001f80                __vector_29
 .text.__vector_30
                0x00001fd6       0x56 ./main.o
                0x00001fd6                __vector_30
 .text.__vector_31
                0x0000202c       0x56 ./main.o
                0x0000202c                __vector_31
 .text.__vector_32
                0x00002082       0x56 ./main.o
                0x00002082                __vector_32
 .text.__vector_33
                0x000020d8       0x56 ./main.o
                0x000020d8                __vector_33
 .text.__vector_34
                0x0000212e       0x56 ./main.o
                0x0000212e                __vector_34
 .text.__vector_35
                0x00002184       0x56 ./main.o
                0x00002184                __vector_35
 .text.__vector_36
                0x000021da       0x56 ./main.o
                0x000021da                __vector_36
 .text._ZN11Programming9comParserEv
                0x00002230      0xddc ./main.o
                0x00002230                Programming::comParser()
 .text._ZN6srutil8DelegateIFvvEE11method_stubI11ProgrammingXadL_ZNS4_9comParserEvEEEEvPv
                0x0000300c        0x6 ./main.o
                0x0000300c                void srutil::Delegate<void ()>::method_stub<Programming, &(Programming::comParser())>(void*)
 .text._Z8bandDiamPKhS0_
                0x00003012       0x6c ./main.o
                0x00003012                bandDiam(unsigned char const*, unsigned char const*)
 .text._Z8mcoStatej
                0x0000307e      0x1ba ./main.o
                0x0000307e                mcoState(unsigned int)
 .text._ZN6srutil8DelegateIFvjEE13function_stubIXadL_Z9mcoStateAjEEEEvPvj
                0x00003238        0xc ./main.o
                0x00003238                void srutil::Delegate<void (unsigned int)>::function_stub<&(mcoStateA(unsigned int))>(void*, unsigned int)
 .text._ZN6srutil8DelegateIFvjEE13function_stubIXadL_Z9mcoStateBjEEEEvPvj
                0x00003244        0xc ./main.o
                0x00003244                void srutil::Delegate<void (unsigned int)>::function_stub<&(mcoStateB(unsigned int))>(void*, unsigned int)
 .text._Z13commandParserv
                0x00003250      0x344 ./main.o
                0x00003250                commandParser()
 .text._ZN6srutil8DelegateIFvvEE13function_stubIXadL_Z13commandParservEEEEvPv
                0x00003594        0x6 ./main.o
                0x00003594                void srutil::Delegate<void ()>::function_stub<&(commandParser())>(void*)
 .text.startup.main
                0x0000359a      0x320 ./main.o
                0x0000359a                main
 .text._ZN6CanDatIN4Loki8NullTypeENS0_8TypelistINS0_8Int2TypeILj4096EEENS2_INS3_ILj4128EEENS2_INS3_ILj4224EEENS2_INS3_ILj4256EEENS2_INS3_ILj4097EEENS2_INS3_ILj4129EEENS2_INS3_ILj4225EEENS2_INS3_ILj4257EEENS2_INS3_ILj2568EEENS2_INS3_ILj2824EEENS2_INS3_ILj2632EEENS2_INS3_ILj2888EEES1_EEEEEEEEEEEEEEEEEEEEEEEENS2_IS4_NS2_IS5_NS2_IS6_NS2_IS7_NS2_IS8_NS2_IS9_NS2_ISA_NS2_ISB_NS2_ISC_NS2_ISD_S1_EEEEEEEEEEEEEEEEEEEELl100ELl75EEC1Ev
                0x000038ba      0x426 ./main.o
                0x000038ba                CanDat<Loki::NullType, Loki::Typelist<Loki::Int2Type<4096u>, Loki::Typelist<Loki::Int2Type<4128u>, Loki::Typelist<Loki::Int2Type<4224u>, Loki::Typelist<Loki::Int2Type<4256u>, Loki::Typelist<Loki::Int2Type<4097u>, Loki::Typelist<Loki::Int2Type<4129u>, Loki::Typelist<Loki::Int2Type<4225u>, Loki::Typelist<Loki::Int2Type<4257u>, Loki::Typelist<Loki::Int2Type<2568u>, Loki::Typelist<Loki::Int2Type<2824u>, Loki::Typelist<Loki::Int2Type<2632u>, Loki::Typelist<Loki::Int2Type<2888u>, Loki::NullType> > > > > > > > > > > >, Loki::Typelist<Loki::Int2Type<4096u>, Loki::Typelist<Loki::Int2Type<4128u>, Loki::Typelist<Loki::Int2Type<4224u>, Loki::Typelist<Loki::Int2Type<4256u>, Loki::Typelist<Loki::Int2Type<4097u>, Loki::Typelist<Loki::Int2Type<4129u>, Loki::Typelist<Loki::Int2Type<4225u>, Loki::Typelist<Loki::Int2Type<4257u>, Loki::Typelist<Loki::Int2Type<2568u>, Loki::Typelist<Loki::Int2Type<2824u>, Loki::NullType> > > > > > > > > >, 100l, 75l>::CanDat()
 .text._ZN24CeleritasSpatiumDimetiorIXadL_ZN8Register5portCEEELh4ELh5EXadL_ZNS0_5portBEEELh7E6CanDatIN4Loki8NullTypeENS2_8TypelistINS2_8Int2TypeILj4096EEENS4_INS5_ILj4128EEENS4_INS5_ILj4224EEENS4_INS5_ILj4256EEENS4_INS5_ILj4097EEENS4_INS5_ILj4129EEENS4_INS5_ILj4225EEENS4_INS5_ILj4257EEENS4_INS5_ILj2568EEENS4_INS5_ILj2824EEENS4_INS5_ILj2632EEENS4_INS5_ILj2888EEES3_EEEEEEEEEEEEEEEEEEEEEEEENS4_IS6_NS4_IS7_NS4_IS8_NS4_IS9_NS4_ISA_NS4_ISB_NS4_ISC_NS4_ISD_NS4_ISE_NS4_ISF_S3_EEEEEEEEEEEEEEEEEEEELl100ELl75EELZ6canDatE5ClockI5AlarmI13BitfieldDummyI14TimerControl16EXadL_ZNS0_13timer3ControlEEEXadL_ZNS0_13timer3CounterEEEXadL_ZNS0_14timer3CompareAEEEXadL_ZNS0_19timer3InterruptMaskEEEXadL_ZNS0_19timer3InterruptFlagEEEXadL_Z20TIMER3_COMPA_handlerEELm1000EEmELZ5clockE9SchedulerIS1B_LZ5clockELh16EjELZ9schedulerEEC1EMS0_4PortRhR4SafeIjES1K_N6srutil8DelegateIFvvEEES1O_jj
                0x00003ce0      0x37c ./main.o
                0x00003ce0                CeleritasSpatiumDimetior<&(Register::portC), (unsigned char)4, (unsigned char)5, &(Register::portB), (unsigned char)7, CanDat<Loki::NullType, Loki::Typelist<Loki::Int2Type<4096u>, Loki::Typelist<Loki::Int2Type<4128u>, Loki::Typelist<Loki::Int2Type<4224u>, Loki::Typelist<Loki::Int2Type<4256u>, Loki::Typelist<Loki::Int2Type<4097u>, Loki::Typelist<Loki::Int2Type<4129u>, Loki::Typelist<Loki::Int2Type<4225u>, Loki::Typelist<Loki::Int2Type<4257u>, Loki::Typelist<Loki::Int2Type<2568u>, Loki::Typelist<Loki::Int2Type<2824u>, Loki::Typelist<Loki::Int2Type<2632u>, Loki::Typelist<Loki::Int2Type<2888u>, Loki::NullType> > > > > > > > > > > >, Loki::Typelist<Loki::Int2Type<4096u>, Loki::Typelist<Loki::Int2Type<4128u>, Loki::Typelist<Loki::Int2Type<4224u>, Loki::Typelist<Loki::Int2Type<4256u>, Loki::Typelist<Loki::Int2Type<4097u>, Loki::Typelist<Loki::Int2Type<4129u>, Loki::Typelist<Loki::Int2Type<4225u>, Loki::Typelist<Loki::Int2Type<4257u>, Loki::Typelist<Loki::Int2Type<2568u>, Loki::Typelist<Loki::Int2Type<2824u>, Loki::NullType> > > > > > > > > >, 100l, 75l>, canDat, Clock<Alarm<BitfieldDummy<TimerControl16>, &(Register::timer3Control), &(Register::timer3Counter), &(Register::timer3CompareA), &(Register::timer3InterruptMask), &(Register::timer3InterruptFlag), &TIMER3_COMPA_handler, 1000ul>, unsigned long>, clock, Scheduler<Clock<Alarm<BitfieldDummy<TimerControl16>, &(Register::timer3Control), &(Register::timer3Counter), &(Register::timer3CompareA), &(Register::timer3InterruptMask), &(Register::timer3InterruptFlag), &TIMER3_COMPA_handler, 1000ul>, unsigned long>, clock, (unsigned char)16, unsigned int>, scheduler>::CeleritasSpatiumDimetior(Port Register::*, unsigned char&, Safe<unsigned int>&, Safe<unsigned int>&, srutil::Delegate<void ()>, srutil::Delegate<void ()>, unsigned int, unsigned int)
                0x00003ce0                CeleritasSpatiumDimetior<&(Register::portC), (unsigned char)4, (unsigned char)5, &(Register::portB), (unsigned char)7, CanDat<Loki::NullType, Loki::Typelist<Loki::Int2Type<4096u>, Loki::Typelist<Loki::Int2Type<4128u>, Loki::Typelist<Loki::Int2Type<4224u>, Loki::Typelist<Loki::Int2Type<4256u>, Loki::Typelist<Loki::Int2Type<4097u>, Loki::Typelist<Loki::Int2Type<4129u>, Loki::Typelist<Loki::Int2Type<4225u>, Loki::Typelist<Loki::Int2Type<4257u>, Loki::Typelist<Loki::Int2Type<2568u>, Loki::Typelist<Loki::Int2Type<2824u>, Loki::Typelist<Loki::Int2Type<2632u>, Loki::Typelist<Loki::Int2Type<2888u>, Loki::NullType> > > > > > > > > > > >, Loki::Typelist<Loki::Int2Type<4096u>, Loki::Typelist<Loki::Int2Type<4128u>, Loki::Typelist<Loki::Int2Type<4224u>, Loki::Typelist<Loki::Int2Type<4256u>, Loki::Typelist<Loki::Int2Type<4097u>, Loki::Typelist<Loki::Int2Type<4129u>, Loki::Typelist<Loki::Int2Type<4225u>, Loki::Typelist<Loki::Int2Type<4257u>, Loki::Typelist<Loki::Int2Type<2568u>, Loki::Typelist<Loki::Int2Type<2824u>, Loki::NullType> > > > > > > > > >, 100l, 75l>, canDat, Clock<Alarm<BitfieldDummy<TimerControl16>, &(Register::timer3Control), &(Register::timer3Counter), &(Register::timer3CompareA), &(Register::timer3InterruptMask), &(Register::timer3InterruptFlag), &TIMER3_COMPA_handler, 1000ul>, unsigned long>, clock, Scheduler<Clock<Alarm<BitfieldDummy<TimerControl16>, &(Register::timer3Control), &(Register::timer3Counter), &(Register::timer3CompareA), &(Register::timer3InterruptMask), &(Register::timer3InterruptFlag), &TIMER3_COMPA_handler, 1000ul>, unsigned long>, clock, (unsigned char)16, unsigned int>, scheduler>::CeleritasSpatiumDimetior(Port Register::*, unsigned char&, Safe<unsigned int>&, Safe<unsigned int>&, srutil::Delegate<void ()>, srutil::Delegate<void ()>, unsigned int, unsigned int)
 .text._ZN11AlarmAdjustI13BitfieldDummyI14TimerControl16EXadL_ZN8Register13timer1ControlEEEXadL_ZNS3_13timer1CounterEEEXadL_ZNS3_14timer1CompareAEEEXadL_ZNS3_19timer1InterruptMaskEEEXadL_ZNS3_19timer1InterruptFlagEEEXadL_Z20TIMER1_COMPA_handlerEEE9setPeriodERKm
                0x0000405c      0x26c ./main.o
                0x0000405c                AlarmAdjust<BitfieldDummy<TimerControl16>, &(Register::timer1Control), &(Register::timer1Counter), &(Register::timer1CompareA), &(Register::timer1InterruptMask), &(Register::timer1InterruptFlag), &TIMER1_COMPA_handler>::setPeriod(unsigned long const&)
 .text._ZN6srutil8DelegateIFvvEE11method_stubI9EmulationXadL_ZNS4_11getVelocityEvEEEEvPv
                0x000042c8       0xea ./main.o
                0x000042c8                void srutil::Delegate<void ()>::method_stub<Emulation, &(Emulation::getVelocity())>(void*)
 .text._Z41__static_initialization_and_destruction_0ii.constprop.116
                0x000043b2      0x70a ./main.o
 .text._ZN4Saut3ComIXadL_ZN8Register13usart1ControlEEEXadL_ZNS1_14usart1BaudRateEEEXadL_ZNS1_10usart1DataEEEXadL_ZNS1_5portDEEELh2EXadL_ZNS1_5portDEEELh3EXadL_ZNS1_5portDEEELh4EXadL_ZNS1_5portBEEELh7ELh1ENS_3DatIN4Loki8TypelistINS3_8Int2TypeILj12EEENS4_INS5_ILj13EEENS4_INS5_ILj14EEENS4_INS5_ILj15EEENS4_INS5_ILj84EEENS4_INS5_ILj104EEENS4_INS5_ILj107EEENS3_8NullTypeEEEEEEEEEEEEEEENS4_INS5_ILj8EEENS4_INS5_ILj9EEENS4_INS5_ILj10EEENS4_INS5_ILj11EEENS4_INS5_ILj80EEENS4_INS5_ILj81EEENS4_INS5_ILj82EEENS4_INS5_ILj83EEESD_EEEEEEEEEEEEEEEENS4_IS6_NS4_ISA_SE_EEEEEELZ4dataEE9rxHandlerEv
                0x00004abc      0x378 ./main.o
                0x00004abc                Saut::Com<&(Register::usart1Control), &(Register::usart1BaudRate), &(Register::usart1Data), &(Register::portD), (unsigned char)2, &(Register::portD), (unsigned char)3, &(Register::portD), (unsigned char)4, &(Register::portB), (unsigned char)7, (unsigned char)1, Saut::Dat<Loki::Typelist<Loki::Int2Type<12u>, Loki::Typelist<Loki::Int2Type<13u>, Loki::Typelist<Loki::Int2Type<14u>, Loki::Typelist<Loki::Int2Type<15u>, Loki::Typelist<Loki::Int2Type<84u>, Loki::Typelist<Loki::Int2Type<104u>, Loki::Typelist<Loki::Int2Type<107u>, Loki::NullType> > > > > > >, Loki::Typelist<Loki::Int2Type<8u>, Loki::Typelist<Loki::Int2Type<9u>, Loki::Typelist<Loki::Int2Type<10u>, Loki::Typelist<Loki::Int2Type<11u>, Loki::Typelist<Loki::Int2Type<80u>, Loki::Typelist<Loki::Int2Type<81u>, Loki::Typelist<Loki::Int2Type<82u>, Loki::Typelist<Loki::Int2Type<83u>, Loki::NullType> > > > > > > >, Loki::Typelist<Loki::Int2Type<12u>, Loki::Typelist<Loki::Int2Type<84u>, Loki::Typelist<Loki::Int2Type<107u>, Loki::NullType> > > >, data>::rxHandler()
                0x00004abc                Saut::Com<&(Register::usart1Control), &(Register::usart1BaudRate), &(Register::usart1Data), &(Register::portD), (unsigned char)2, &(Register::portD), (unsigned char)3, &(Register::portD), (unsigned char)4, &(Register::portB), (unsigned char)7, (unsigned char)1, Saut::Dat<Loki::Typelist<Loki::Int2Type<12u>, Loki::Typelist<Loki::Int2Type<13u>, Loki::Typelist<Loki::Int2Type<14u>, Loki::Typelist<Loki::Int2Type<15u>, Loki::Typelist<Loki::Int2Type<84u>, Loki::Typelist<Loki::Int2Type<104u>, Loki::Typelist<Loki::Int2Type<107u>, Loki::NullType> > > > > > >, Loki::Typelist<Loki::Int2Type<8u>, Loki::Typelist<Loki::Int2Type<9u>, Loki::Typelist<Loki::Int2Type<10u>, Loki::Typelist<Loki::Int2Type<11u>, Loki::Typelist<Loki::Int2Type<80u>, Loki::Typelist<Loki::Int2Type<81u>, Loki::Typelist<Loki::Int2Type<82u>, Loki::Typelist<Loki::Int2Type<83u>, Loki::NullType> > > > > > > >, Loki::Typelist<Loki::Int2Type<12u>, Loki::Typelist<Loki::Int2Type<84u>, Loki::Typelist<Loki::Int2Type<107u>, Loki::NullType> > > >, data>::rxHandler()
 .text._ZN6srutil8DelegateIFvvEE11method_stubIN4Saut3ComIXadL_ZN8Register13usart1ControlEEEXadL_ZNS6_14usart1BaudRateEEEXadL_ZNS6_10usart1DataEEEXadL_ZNS6_5portDEEELh2EXadL_ZNS6_5portDEEELh3EXadL_ZNS6_5portDEEELh4EXadL_ZNS6_5portBEEELh7ELh1ENS4_3DatIN4Loki8TypelistINS8_8Int2TypeILj12EEENS9_INSA_ILj13EEENS9_INSA_ILj14EEENS9_INSA_ILj15EEENS9_INSA_ILj84EEENS9_INSA_ILj104EEENS9_INSA_ILj107EEENS8_8NullTypeEEEEEEEEEEEEEEENS9_INSA_ILj8EEENS9_INSA_ILj9EEENS9_INSA_ILj10EEENS9_INSA_ILj11EEENS9_INSA_ILj80EEENS9_INSA_ILj81EEENS9_INSA_ILj82EEENS9_INSA_ILj83EEESI_EEEEEEEEEEEEEEEENS9_ISB_NS9_ISF_SJ_EEEEEELZ4dataEEEXadL_ZNS19_9rxHandlerEvEEEEvPv
                0x00004e34        0x6 ./main.o
                0x00004e34                void srutil::Delegate<void ()>::method_stub<Saut::Com<&(Register::usart1Control), &(Register::usart1BaudRate), &(Register::usart1Data), &(Register::portD), (unsigned char)2, &(Register::portD), (unsigned char)3, &(Register::portD), (unsigned char)4, &(Register::portB), (unsigned char)7, (unsigned char)1, Saut::Dat<Loki::Typelist<Loki::Int2Type<12u>, Loki::Typelist<Loki::Int2Type<13u>, Loki::Typelist<Loki::Int2Type<14u>, Loki::Typelist<Loki::Int2Type<15u>, Loki::Typelist<Loki::Int2Type<84u>, Loki::Typelist<Loki::Int2Type<104u>, Loki::Typelist<Loki::Int2Type<107u>, Loki::NullType> > > > > > >, Loki::Typelist<Loki::Int2Type<8u>, Loki::Typelist<Loki::Int2Type<9u>, Loki::Typelist<Loki::Int2Type<10u>, Loki::Typelist<Loki::Int2Type<11u>, Loki::Typelist<Loki::Int2Type<80u>, Loki::Typelist<Loki::Int2Type<81u>, Loki::Typelist<Loki::Int2Type<82u>, Loki::Typelist<Loki::Int2Type<83u>, Loki::NullType> > > > > > > >, Loki::Typelist<Loki::Int2Type<12u>, Loki::Typelist<Loki::Int2Type<84u>, Loki::Typelist<Loki::Int2Type<107u>, Loki::NullType> > > >, data>, &(Saut::Com<&(Register::usart1Control), &(Register::usart1BaudRate), &(Register::usart1Data), &(Register::portD), (unsigned char)2, &(Register::portD), (unsigned char)3, &(Register::portD), (unsigned char)4, &(Register::portB), (unsigned char)7, (unsigned char)1, Saut::Dat<Loki::Typelist<Loki::Int2Type<12u>, Loki::Typelist<Loki::Int2Type<13u>, Loki::Typelist<Loki::Int2Type<14u>, Loki::Typelist<Loki::Int2Type<15u>, Loki::Typelist<Loki::Int2Type<84u>, Loki::Typelist<Loki::Int2Type<104u>, Loki::Typelist<Loki::Int2Type<107u>, Loki::NullType> > > > > > >, Loki::Typelist<Loki::Int2Type<8u>, Loki::Typelist<Loki::Int2Type<9u>, Loki::Typelist<Loki::Int2Type<10u>, Loki::Typelist<Loki::Int2Type<11u>, Loki::Typelist<Loki::Int2Type<80u>, Loki::Typelist<Loki::Int2Type<81u>, Loki::Typelist<Loki::Int2Type<82u>, Loki::Typelist<Loki::Int2Type<83u>, Loki::NullType> > > > > > > >, Loki::Typelist<Loki::Int2Type<12u>, Loki::Typelist<Loki::Int2Type<84u>, Loki::Typelist<Loki::Int2Type<107u>, Loki::NullType> > > >, data>::rxHandler())>(void*)
                0x00004e34                void srutil::Delegate<void ()>::method_stub<Saut::Com<&(Register::usart1Control), &(Register::usart1BaudRate), &(Register::usart1Data), &(Register::portD), (unsigned char)2, &(Register::portD), (unsigned char)3, &(Register::portD), (unsigned char)4, &(Register::portB), (unsigned char)7, (unsigned char)1, Saut::Dat<Loki::Typelist<Loki::Int2Type<12u>, Loki::Typelist<Loki::Int2Type<13u>, Loki::Typelist<Loki::Int2Type<14u>, Loki::Typelist<Loki::Int2Type<15u>, Loki::Typelist<Loki::Int2Type<84u>, Loki::Typelist<Loki::Int2Type<104u>, Loki::Typelist<Loki::Int2Type<107u>, Loki::NullType> > > > > > >, Loki::Typelist<Loki::Int2Type<8u>, Loki::Typelist<Loki::Int2Type<9u>, Loki::Typelist<Loki::Int2Type<10u>, Loki::Typelist<Loki::Int2Type<11u>, Loki::Typelist<Loki::Int2Type<80u>, Loki::Typelist<Loki::Int2Type<81u>, Loki::Typelist<Loki::Int2Type<82u>, Loki::Typelist<Loki::Int2Type<83u>, Loki::NullType> > > > > > > >, Loki::Typelist<Loki::Int2Type<12u>, Loki::Typelist<Loki::Int2Type<84u>, Loki::Typelist<Loki::Int2Type<107u>, Loki::NullType> > > >, data>, &(Saut::Com<&(Register::usart1Control), &(Register::usart1BaudRate), &(Register::usart1Data), &(Register::portD), (unsigned char)2, &(Register::portD), (unsigned char)3, &(Register::portD), (unsigned char)4, &(Register::portB), (unsigned char)7, (unsigned char)1, Saut::Dat<Loki::Typelist<Loki::Int2Type<12u>, Loki::Typelist<Loki::Int2Type<13u>, Loki::Typelist<Loki::Int2Type<14u>, Loki::Typelist<Loki::Int2Type<15u>, Loki::Typelist<Loki::Int2Type<84u>, Loki::Typelist<Loki::Int2Type<104u>, Loki::Typelist<Loki::Int2Type<107u>, Loki::NullType> > > > > > >, Loki::Typelist<Loki::Int2Type<8u>, Loki::Typelist<Loki::Int2Type<9u>, Loki::Typelist<Loki::Int2Type<10u>, Loki::Typelist<Loki::Int2Type<11u>, Loki::Typelist<Loki::Int2Type<80u>, Loki::Typelist<Loki::Int2Type<81u>, Loki::Typelist<Loki::Int2Type<82u>, Loki::Typelist<Loki::Int2Type<83u>, Loki::NullType> > > > > > > >, Loki::Typelist<Loki::Int2Type<12u>, Loki::Typelist<Loki::Int2Type<84u>, Loki::Typelist<Loki::Int2Type<107u>, Loki::NullType> > > >, data>::rxHandler())>(void*)
 .text._ZN8DimetiorIXadL_ZN8Register5portCEEELh4ELh5ELj4096ELj16384ELj65535ELm100EE7computoERKh
                0x00004e3a      0x13e ./main.o
                0x00004e3a                Dimetior<&(Register::portC), (unsigned char)4, (unsigned char)5, 4096u, 16384u, 65535u, 100ul>::computo(unsigned char const&)
 .text._ZN8DimetiorIXadL_ZN8Register5portCEEELh4ELh5ELj4096ELj16384ELj65535ELm100EE17commoratioCanalisERKh
                0x00004f78       0x46 ./main.o
                0x00004f78                Dimetior<&(Register::portC), (unsigned char)4, (unsigned char)5, 4096u, 16384u, 65535u, 100ul>::commoratioCanalis(unsigned char const&)
 .text._ZN8DimetiorIXadL_ZN8Register5portCEEELh4ELh5ELj4096ELj16384ELj65535ELm100EE7punctumEh
                0x00004fbe      0x22e ./main.o
                0x00004fbe                Dimetior<&(Register::portC), (unsigned char)4, (unsigned char)5, 4096u, 16384u, 65535u, 100ul>::punctum(unsigned char)
 .text._ZN6srutil8DelegateIFvjEE11method_stubI24CeleritasSpatiumDimetiorIXadL_ZN8Register5portCEEELh4ELh5EXadL_ZNS5_5portBEEELh7E6CanDatIN4Loki8NullTypeENS7_8TypelistINS7_8Int2TypeILj4096EEENS9_INSA_ILj4128EEENS9_INSA_ILj4224EEENS9_INSA_ILj4256EEENS9_INSA_ILj4097EEENS9_INSA_ILj4129EEENS9_INSA_ILj4225EEENS9_INSA_ILj4257EEENS9_INSA_ILj2568EEENS9_INSA_ILj2824EEENS9_INSA_ILj2632EEENS9_INSA_ILj2888EEES8_EEEEEEEEEEEEEEEEEEEEEEEENS9_ISB_NS9_ISC_NS9_ISD_NS9_ISE_NS9_ISF_NS9_ISG_NS9_ISH_NS9_ISI_NS9_ISJ_NS9_ISK_S8_EEEEEEEEEEEEEEEEEEEELl100ELl75EELZ6canDatE5ClockI5AlarmI13BitfieldDummyI14TimerControl16EXadL_ZNS5_13timer3ControlEEEXadL_ZNS5_13timer3CounterEEEXadL_ZNS5_14timer3CompareAEEEXadL_ZNS5_19timer3InterruptMaskEEEXadL_ZNS5_19timer3InterruptFlagEEEXadL_Z20TIMER3_COMPA_handlerEELm1000EEmELZ5clockE9SchedulerIS1G_LZ5clockELh16EjELZ9schedulerEEXadL_ZNS1J_14corpusVicissimEjEEEEvPvj
                0x000051ec      0x12a ./main.o
                0x000051ec                void srutil::Delegate<void (unsigned int)>::method_stub<CeleritasSpatiumDimetior<&(Register::portC), (unsigned char)4, (unsigned char)5, &(Register::portB), (unsigned char)7, CanDat<Loki::NullType, Loki::Typelist<Loki::Int2Type<4096u>, Loki::Typelist<Loki::Int2Type<4128u>, Loki::Typelist<Loki::Int2Type<4224u>, Loki::Typelist<Loki::Int2Type<4256u>, Loki::Typelist<Loki::Int2Type<4097u>, Loki::Typelist<Loki::Int2Type<4129u>, Loki::Typelist<Loki::Int2Type<4225u>, Loki::Typelist<Loki::Int2Type<4257u>, Loki::Typelist<Loki::Int2Type<2568u>, Loki::Typelist<Loki::Int2Type<2824u>, Loki::Typelist<Loki::Int2Type<2632u>, Loki::Typelist<Loki::Int2Type<2888u>, Loki::NullType> > > > > > > > > > > >, Loki::Typelist<Loki::Int2Type<4096u>, Loki::Typelist<Loki::Int2Type<4128u>, Loki::Typelist<Loki::Int2Type<4224u>, Loki::Typelist<Loki::Int2Type<4256u>, Loki::Typelist<Loki::Int2Type<4097u>, Loki::Typelist<Loki::Int2Type<4129u>, Loki::Typelist<Loki::Int2Type<4225u>, Loki::Typelist<Loki::Int2Type<4257u>, Loki::Typelist<Loki::Int2Type<2568u>, Loki::Typelist<Loki::Int2Type<2824u>, Loki::NullType> > > > > > > > > >, 100l, 75l>, canDat, Clock<Alarm<BitfieldDummy<TimerControl16>, &(Register::timer3Control), &(Register::timer3Counter), &(Register::timer3CompareA), &(Register::timer3InterruptMask), &(Register::timer3InterruptFlag), &TIMER3_COMPA_handler, 1000ul>, unsigned long>, clock, Scheduler<Clock<Alarm<BitfieldDummy<TimerControl16>, &(Register::timer3Control), &(Register::timer3Counter), &(Register::timer3CompareA), &(Register::timer3InterruptMask), &(Register::timer3InterruptFlag), &TIMER3_COMPA_handler, 1000ul>, unsigned long>, clock, (unsigned char)16, unsigned int>, scheduler>, &(CeleritasSpatiumDimetior<&(Register::portC), (unsigned char)4, (unsigned char)5, &(Register::portB), (unsigned char)7, CanDat<Loki::NullType, Loki::Typelist<Loki::Int2Type<4096u>, Loki::Typelist<Loki::Int2Type<4128u>, Loki::Typelist<Loki::Int2Type<4224u>, Loki::Typelist<Loki::Int2Type<4256u>, Loki::Typelist<Loki::Int2Type<4097u>, Loki::Typelist<Loki::Int2Type<4129u>, Loki::Typelist<Loki::Int2Type<4225u>, Loki::Typelist<Loki::Int2Type<4257u>, Loki::Typelist<Loki::Int2Type<2568u>, Loki::Typelist<Loki::Int2Type<2824u>, Loki::Typelist<Loki::Int2Type<2632u>, Loki::Typelist<Loki::Int2Type<2888u>, Loki::NullType> > > > > > > > > > > >, Loki::Typelist<Loki::Int2Type<4096u>, Loki::Typelist<Loki::Int2Type<4128u>, Loki::Typelist<Loki::Int2Type<4224u>, Loki::Typelist<Loki::Int2Type<4256u>, Loki::Typelist<Loki::Int2Type<4097u>, Loki::Typelist<Loki::Int2Type<4129u>, Loki::Typelist<Loki::Int2Type<4225u>, Loki::Typelist<Loki::Int2Type<4257u>, Loki::Typelist<Loki::Int2Type<2568u>, Loki::Typelist<Loki::Int2Type<2824u>, Loki::NullType> > > > > > > > > >, 100l, 75l>, canDat, Clock<Alarm<BitfieldDummy<TimerControl16>, &(Register::timer3Control), &(Register::timer3Counter), &(Register::timer3CompareA), &(Register::timer3InterruptMask), &(Register::timer3InterruptFlag), &TIMER3_COMPA_handler, 1000ul>, unsigned long>, clock, Scheduler<Clock<Alarm<BitfieldDummy<TimerControl16>, &(Register::timer3Control), &(Register::timer3Counter), &(Register::timer3CompareA), &(Register::timer3InterruptMask), &(Register::timer3InterruptFlag), &TIMER3_COMPA_handler, 1000ul>, unsigned long>, clock, (unsigned char)16, unsigned int>, scheduler>::corpusVicissim(unsigned int))>(void*, unsigned int)
                0x000051ec                void srutil::Delegate<void (unsigned int)>::method_stub<CeleritasSpatiumDimetior<&(Register::portC), (unsigned char)4, (unsigned char)5, &(Register::portB), (unsigned char)7, CanDat<Loki::NullType, Loki::Typelist<Loki::Int2Type<4096u>, Loki::Typelist<Loki::Int2Type<4128u>, Loki::Typelist<Loki::Int2Type<4224u>, Loki::Typelist<Loki::Int2Type<4256u>, Loki::Typelist<Loki::Int2Type<4097u>, Loki::Typelist<Loki::Int2Type<4129u>, Loki::Typelist<Loki::Int2Type<4225u>, Loki::Typelist<Loki::Int2Type<4257u>, Loki::Typelist<Loki::Int2Type<2568u>, Loki::Typelist<Loki::Int2Type<2824u>, Loki::Typelist<Loki::Int2Type<2632u>, Loki::Typelist<Loki::Int2Type<2888u>, Loki::NullType> > > > > > > > > > > >, Loki::Typelist<Loki::Int2Type<4096u>, Loki::Typelist<Loki::Int2Type<4128u>, Loki::Typelist<Loki::Int2Type<4224u>, Loki::Typelist<Loki::Int2Type<4256u>, Loki::Typelist<Loki::Int2Type<4097u>, Loki::Typelist<Loki::Int2Type<4129u>, Loki::Typelist<Loki::Int2Type<4225u>, Loki::Typelist<Loki::Int2Type<4257u>, Loki::Typelist<Loki::Int2Type<2568u>, Loki::Typelist<Loki::Int2Type<2824u>, Loki::NullType> > > > > > > > > >, 100l, 75l>, canDat, Clock<Alarm<BitfieldDummy<TimerControl16>, &(Register::timer3Control), &(Register::timer3Counter), &(Register::timer3CompareA), &(Register::timer3InterruptMask), &(Register::timer3InterruptFlag), &TIMER3_COMPA_handler, 1000ul>, unsigned long>, clock, Scheduler<Clock<Alarm<BitfieldDummy<TimerControl16>, &(Register::timer3Control), &(Register::timer3Counter), &(Register::timer3CompareA), &(Register::timer3InterruptMask), &(Register::timer3InterruptFlag), &TIMER3_COMPA_handler, 1000ul>, unsigned long>, clock, (unsigned char)16, unsigned int>, scheduler>, &(CeleritasSpatiumDimetior<&(Register::portC), (unsigned char)4, (unsigned char)5, &(Register::portB), (unsigned char)7, CanDat<Loki::NullType, Loki::Typelist<Loki::Int2Type<4096u>, Loki::Typelist<Loki::Int2Type<4128u>, Loki::Typelist<Loki::Int2Type<4224u>, Loki::Typelist<Loki::Int2Type<4256u>, Loki::Typelist<Loki::Int2Type<4097u>, Loki::Typelist<Loki::Int2Type<4129u>, Loki::Typelist<Loki::Int2Type<4225u>, Loki::Typelist<Loki::Int2Type<4257u>, Loki::Typelist<Loki::Int2Type<2568u>, Loki::Typelist<Loki::Int2Type<2824u>, Loki::Typelist<Loki::Int2Type<2632u>, Loki::Typelist<Loki::Int2Type<2888u>, Loki::NullType> > > > > > > > > > > >, Loki::Typelist<Loki::Int2Type<4096u>, Loki::Typelist<Loki::Int2Type<4128u>, Loki::Typelist<Loki::Int2Type<4224u>, Loki::Typelist<Loki::Int2Type<4256u>, Loki::Typelist<Loki::Int2Type<4097u>, Loki::Typelist<Loki::Int2Type<4129u>, Loki::Typelist<Loki::Int2Type<4225u>, Loki::Typelist<Loki::Int2Type<4257u>, Loki::Typelist<Loki::Int2Type<2568u>, Loki::Typelist<Loki::Int2Type<2824u>, Loki::NullType> > > > > > > > > >, 100l, 75l>, canDat, Clock<Alarm<BitfieldDummy<TimerControl16>, &(Register::timer3Control), &(Register::timer3Counter), &(Register::timer3CompareA), &(Register::timer3InterruptMask), &(Register::timer3InterruptFlag), &TIMER3_COMPA_handler, 1000ul>, unsigned long>, clock, Scheduler<Clock<Alarm<BitfieldDummy<TimerControl16>, &(Register::timer3Control), &(Register::timer3Counter), &(Register::timer3CompareA), &(Register::timer3InterruptMask), &(Register::timer3InterruptFlag), &TIMER3_COMPA_handler, 1000ul>, unsigned long>, clock, (unsigned char)16, unsigned int>, scheduler>::corpusVicissim(unsigned int))>(void*, unsigned int)
 .text.startup._GLOBAL__sub_I___cxa_guard_acquire
                0x00005316        0xa ./main.o
 .text.exit._GLOBAL__sub_D___cxa_guard_acquire
                0x00005320        0xa ./main.o
 .text.libgcc   0x0000532a       0x3e c:/program files/avr-gcc-2.6.1/bin/../lib/gcc/avr/4.6.1/avr5\libgcc.a(_mulsi3.o)
                0x0000532a                __mulsi3
 .text.libgcc   0x00005368       0x26 c:/program files/avr-gcc-2.6.1/bin/../lib/gcc/avr/4.6.1/avr5\libgcc.a(_divmodhi4.o)
                0x00005368                _div
                0x00005368                __divmodhi4
 .text.libgcc   0x0000538e       0x44 c:/program files/avr-gcc-2.6.1/bin/../lib/gcc/avr/4.6.1/avr5\libgcc.a(_udivmodsi4.o)
                0x0000538e                __udivmodsi4
 .text.libgcc   0x000053d2       0x36 c:/program files/avr-gcc-2.6.1/bin/../lib/gcc/avr/4.6.1/avr5\libgcc.a(_divmodsi4.o)
                0x000053d2                __divmodsi4
 .text.libgcc   0x00005408       0x28 c:/program files/avr-gcc-2.6.1/bin/../lib/gcc/avr/4.6.1/avr5\libgcc.a(_udivmodhi4.o)
                0x00005408                __udivmodhi4
 .text.libgcc   0x00005430        0xc c:/program files/avr-gcc-2.6.1/bin/../lib/gcc/avr/4.6.1/avr5\libgcc.a(_tablejump.o)
                0x00005430                __tablejump2__
                0x00005434                __tablejump__
 .text.avr-libc
                0x0000543c      0x25e c:/program files/avr-gcc-2.6.1/bin/../lib/gcc/avr/4.6.1/../../../../avr/lib/avr5\libc.a(malloc.o)
                0x0000543c                malloc
                0x00005568                free
 .text.avr-libc
                0x0000569a       0x10 c:/program files/avr-gcc-2.6.1/bin/../lib/gcc/avr/4.6.1/../../../../avr/lib/avr5\libc.a(eerd_byte_at90can64.o)
                0x0000569a                __eerd_byte_can64
 .text.avr-libc
                0x000056aa        0xc c:/program files/avr-gcc-2.6.1/bin/../lib/gcc/avr/4.6.1/../../../../avr/lib/avr5\libc.a(eerd_word_at90can64.o)
                0x000056aa                __eerd_word_can64
 .text.avr-libc
                0x000056b6       0x22 c:/program files/avr-gcc-2.6.1/bin/../lib/gcc/avr/4.6.1/../../../../avr/lib/avr5\libc.a(eeupd_byte_at90can64.o)
                0x000056b6                __eeupd_byte_can64
                0x000056b8                __eeupd_r18_can64
 .text.avr-libc
                0x000056d8       0x20 c:/program files/avr-gcc-2.6.1/bin/../lib/gcc/avr/4.6.1/../../../../avr/lib/avr5\libc.a(eerd_block_at90can64.o)
                0x000056d8                __eerd_block_can64
                0x000056dc                __eerd_blraw_can64
                0x000056f8                . = ALIGN (0x2)
 *(.fini9)
 .fini9         0x000056f8        0x0 c:/program files/avr-gcc-2.6.1/bin/../lib/gcc/avr/4.6.1/avr5\libgcc.a(_exit.o)
                0x000056f8                _exit
                0x000056f8                exit
 *(.fini9)
 *(.fini8)
 *(.fini8)
 *(.fini7)
 *(.fini7)
 *(.fini6)
 .fini6         0x000056f8       0x16 c:/program files/avr-gcc-2.6.1/bin/../lib/gcc/avr/4.6.1/avr5\libgcc.a(_dtors.o)
                0x000056f8                __do_global_dtors
 *(.fini6)
 *(.fini5)
 *(.fini5)
 *(.fini4)
 *(.fini4)
 *(.fini3)
 *(.fini3)
 *(.fini2)
 *(.fini2)
 *(.fini1)
 *(.fini1)
 *(.fini0)
 .fini0         0x0000570e        0x4 c:/program files/avr-gcc-2.6.1/bin/../lib/gcc/avr/4.6.1/avr5\libgcc.a(_exit.o)
 *(.fini0)
                0x00005712                _etext = .

.data           0x00800100       0x60 load address 0x00005712
                0x00800100                PROVIDE (__data_start, .)
 *(.data)
 .data          0x00800100       0x5a ./main.o
                0x00800100                dps