Archive member included because of file (symbol)

c:/program files/avr-gcc-2.6.1/bin/../lib/gcc/avr/4.6.1/avr51\libgcc.a(_mulsi3.o)
                              ./main.o (__mulsi3)
c:/program files/avr-gcc-2.6.1/bin/../lib/gcc/avr/4.6.1/avr51\libgcc.a(_udivmodhi4.o)
                              ./main.o (__udivmodhi4)
c:/program files/avr-gcc-2.6.1/bin/../lib/gcc/avr/4.6.1/avr51\libgcc.a(_divmodhi4.o)
                              ./main.o (__divmodhi4)
c:/program files/avr-gcc-2.6.1/bin/../lib/gcc/avr/4.6.1/avr51\libgcc.a(_udivmodsi4.o)
                              ./main.o (__udivmodsi4)
c:/program files/avr-gcc-2.6.1/bin/../lib/gcc/avr/4.6.1/avr51\libgcc.a(_divmodsi4.o)
                              ./main.o (__divmodsi4)
c:/program files/avr-gcc-2.6.1/bin/../lib/gcc/avr/4.6.1/avr51\libgcc.a(_exit.o)
                              c:/program files/avr-gcc-2.6.1/bin/../lib/gcc/avr/4.6.1/../../../../avr/lib/avr51/crtcan128.o (exit)
c:/program files/avr-gcc-2.6.1/bin/../lib/gcc/avr/4.6.1/avr51\libgcc.a(_copy_data.o)
                              ./main.o (__do_copy_data)
c:/program files/avr-gcc-2.6.1/bin/../lib/gcc/avr/4.6.1/avr51\libgcc.a(_clear_bss.o)
                              ./main.o (__do_clear_bss)
c:/program files/avr-gcc-2.6.1/bin/../lib/gcc/avr/4.6.1/avr51\libgcc.a(_ctors.o)
                              ./main.o (__do_global_ctors)
c:/program files/avr-gcc-2.6.1/bin/../lib/gcc/avr/4.6.1/avr51\libgcc.a(_dtors.o)
                              ./main.o (__do_global_dtors)
c:/program files/avr-gcc-2.6.1/bin/../lib/gcc/avr/4.6.1/avr51\libgcc.a(_tablejump_elpm.o)
                              c:/program files/avr-gcc-2.6.1/bin/../lib/gcc/avr/4.6.1/avr51\libgcc.a(_ctors.o) (__tablejump_elpm__)
c:/program files/avr-gcc-2.6.1/bin/../lib/gcc/avr/4.6.1/../../../../avr/lib/avr51\libc.a(malloc.o)
                              ./main.o (malloc)
c:/program files/avr-gcc-2.6.1/bin/../lib/gcc/avr/4.6.1/../../../../avr/lib/avr51\libc.a(eerd_byte_at90can128.o)
                              ./main.o (__eerd_byte_can128)
c:/program files/avr-gcc-2.6.1/bin/../lib/gcc/avr/4.6.1/../../../../avr/lib/avr51\libc.a(eerd_word_at90can128.o)
                              ./main.o (__eerd_word_can128)
c:/program files/avr-gcc-2.6.1/bin/../lib/gcc/avr/4.6.1/../../../../avr/lib/avr51\libc.a(eeupd_byte_at90can128.o)
                              ./main.o (__eeupd_byte_can128)
c:/program files/avr-gcc-2.6.1/bin/../lib/gcc/avr/4.6.1/../../../../avr/lib/avr51\libc.a(eerd_block_at90can128.o)
                              c:/program files/avr-gcc-2.6.1/bin/../lib/gcc/avr/4.6.1/../../../../avr/lib/avr51\libc.a(eerd_word_at90can128.o) (__eerd_blraw_can128)

Allocating common symbols
Common symbol       size              file

__brkval            0x2               c:/program files/avr-gcc-2.6.1/bin/../lib/gcc/avr/4.6.1/../../../../avr/lib/avr51\libc.a(malloc.o)
__flp               0x2               c:/program files/avr-gcc-2.6.1/bin/../lib/gcc/avr/4.6.1/../../../../avr/lib/avr51\libc.a(malloc.o)

Discarded input sections

 .text          0x00000000        0x4 c:/program files/avr-gcc-2.6.1/bin/../lib/gcc/avr/4.6.1/../../../../avr/lib/avr51/crtcan128.o
 .data          0x00000000        0x0 c:/program files/avr-gcc-2.6.1/bin/../lib/gcc/avr/4.6.1/../../../../avr/lib/avr51/crtcan128.o
 .bss           0x00000000        0x0 c:/program files/avr-gcc-2.6.1/bin/../lib/gcc/avr/4.6.1/../../../../avr/lib/avr51/crtcan128.o
 .text.__cxa_guard_acquire
                0x00000000       0x14 ./main.o
 .text.__cxa_guard_release
                0x00000000        0x8 ./main.o
 .text.__cxa_guard_abort
                0x00000000        0x2 ./main.o
 .text.__cxa_pure_virtual
                0x00000000        0x2 ./main.o
 .text._Znwj    0x00000000        0x6 ./main.o
 .text._ZdlPv   0x00000000        0x6 ./main.o
 .text._Znaj    0x00000000        0x6 ./main.o
 .text._ZdaPv   0x00000000        0x6 ./main.o
 .text._Z4swapRKj
                0x00000000        0x8 ./main.o
 .text._Z16clubSendNextPagej
                0x00000000       0x5a ./main.o
 .text._Z25clubSendNextPageInterruptv
                0x00000000       0x6a ./main.o
 .text._Z13sysKeyReleasej
                0x00000000       0x34 ./main.o
 .text._Z15sysKeyRbReleasej
                0x00000000       0x20 ./main.o
 .text._Z7ipdDatej
                0x00000000       0x32 ./main.o
 .text._Z8kptRiseAj
                0x00000000      0x140 ./main.o
 .text._Z8kptRiseBj
                0x00000000      0x140 ./main.o
 .text._Z8kptFallAj
                0x00000000       0x50 ./main.o
 .text._Z8kptFallBj
                0x00000000       0x50 ./main.o
 .text._Z12kptRiseTimeAj
                0x00000000      0x11c ./main.o
 .text._Z12kptRiseTimeBj
                0x00000000      0x11c ./main.o
 .text._Z12kptFallTimeAj
                0x00000000       0x28 ./main.o
 .text._Z12kptFallTimeBj
[...]
Memory Configuration

Name             Origin             Length             Attributes
start            0x00000000         0x000000ff         xr
id               0x00000100         0x00000010         xr
text             0x00000110         0x00020000         xr
data             0x00800100         0x0000ff00         rw !x
eeprom           0x00810000         0x00010000         rw !x
*default*        0x00000000         0xffffffff

Linker script and memory map

Address of section .data set to 0x800100
LOAD c:/program files/avr-gcc-2.6.1/bin/../lib/gcc/avr/4.6.1/../../../../avr/lib/avr51/crtcan128.o
LOAD ./main.o
LOAD c:/program files/avr-gcc-2.6.1/bin/../lib/gcc/avr/4.6.1/avr51\libgcc.a
LOAD c:/program files/avr-gcc-2.6.1/bin/../lib/gcc/avr/4.6.1/../../../../avr/lib/avr51\libm.a
LOAD c:/program files/avr-gcc-2.6.1/bin/../lib/gcc/avr/4.6.1/avr51\libgcc.a
LOAD c:/program files/avr-gcc-2.6.1/bin/../lib/gcc/avr/4.6.1/../../../../avr/lib/avr51\libc.a
LOAD c:/program files/avr-gcc-2.6.1/bin/../lib/gcc/avr/4.6.1/avr51\libgcc.a

.hash
 *(.hash)

.dynsym
 *(.dynsym)

.dynstr
 *(.dynstr)

.gnu.version
 *(.gnu.version)

.gnu.version_d
 *(.gnu.version_d)

.gnu.version_r
 *(.gnu.version_r)

.rel.init
 *(.rel.init)

.rela.init
 *(.rela.init)

.rel.text
 *(.rel.text)
 *(.rel.text.*)
 *(.rel.gnu.linkonce.t*)

.rela.text
 *(.rela.text)
 *(.rela.text.*)
 *(.rela.gnu.linkonce.t*)

.rel.fini
 *(.rel.fini)

.rela.fini
 *(.rela.fini)

.rel.rodata
 *(.rel.rodata)
 *(.rel.rodata.*)
 *(.rel.gnu.linkonce.r*)

.rela.rodata
 *(.rela.rodata)
 *(.rela.rodata.*)
 *(.rela.gnu.linkonce.r*)

.rel.data
 *(.rel.data)
 *(.rel.data.*)
 *(.rel.gnu.linkonce.d*)

.rela.data
 *(.rela.data)
 *(.rela.data.*)
 *(.rela.gnu.linkonce.d*)

.rel.ctors
 *(.rel.ctors)

.rela.ctors
 *(.rela.ctors)

.rel.dtors
 *(.rel.dtors)

.rela.dtors
 *(.rela.dtors)

.rel.got
 *(.rel.got)

.rela.got
 *(.rela.got)

.rel.bss
 *(.rel.bss)

.rela.bss
 *(.rela.bss)

.rel.plt
 *(.rel.plt)

.rela.plt
 *(.rela.plt)

.start          0x00000000       0x98
 *(.vectors)
 .vectors       0x00000000       0x94 c:/program files/avr-gcc-2.6.1/bin/../lib/gcc/avr/4.6.1/../../../../avr/lib/avr51/crtcan128.o
                0x00000000                __vector_default
                0x00000000                __vectors
 *(.vectors)
 *(.progmem.gcc*)
 *(.progmem*)
                0x00000094                . = ALIGN (0x2)
                0x00000094                __trampolines_start = .
 *(.trampolines)
 .trampolines   0x00000094        0x0 linker stubs
 *(.trampolines*)
                0x00000094                __trampolines_end = .
 *(.jumptables)
 *(.jumptables*)
 *(.lowtext)
 *(.lowtext*)
                0x00000094                __ctors_start = .
 *(.ctors)
 .ctors         0x00000094        0x2 ./main.o
                0x00000096                __ctors_end = .
                0x00000096                __dtors_start = .
 *(.dtors)
 .dtors         0x00000096        0x2 ./main.o
                0x00000098                __dtors_end = .
 SORT(*)(.ctors)
 SORT(*)(.dtors)

.id             0x00000100       0x10
 *(.id)
 .id            0x00000100       0x10 ./main.o
                0x00000100                id
 *(.id)

.text           0x00000110     0x6da8
 *(.init0)
 .init0         0x00000110        0x0 c:/program files/avr-gcc-2.6.1/bin/../lib/gcc/avr/4.6.1/../../../../avr/lib/avr51/crtcan128.o
                0x00000110                __init
 *(.init0)
 *(.init1)
 *(.init1)
 *(.init2)
 .init2         0x00000110        0xc c:/program files/avr-gcc-2.6.1/bin/../lib/gcc/avr/4.6.1/../../../../avr/lib/avr51/crtcan128.o
 *(.init2)
 *(.init3)
 *(.init3)
 *(.init4)
 .init4         0x0000011c       0x1a c:/program files/avr-gcc-2.6.1/bin/../lib/gcc/avr/4.6.1/avr51\libgcc.a(_copy_data.o)
                0x0000011c                __do_copy_data
 .init4         0x00000136       0x10 c:/program files/avr-gcc-2.6.1/bin/../lib/gcc/avr/4.6.1/avr51\libgcc.a(_clear_bss.o)
                0x00000136                __do_clear_bss
 *(.init4)
 *(.init5)
 .init5         0x00000146       0x20 ./main.o
                0x00000146                Init()
 *(.init5)
 *(.init6)
 .init6         0x00000166       0x20 c:/program files/avr-gcc-2.6.1/bin/../lib/gcc/avr/4.6.1/avr51\libgcc.a(_ctors.o)
                0x00000166                __do_global_ctors
 *(.init6)
 *(.init7)
 *(.init7)
 *(.init8)
 *(.init8)
 *(.init9)
 .init9         0x00000186        0x8 c:/program files/avr-gcc-2.6.1/bin/../lib/gcc/avr/4.6.1/../../../../avr/lib/avr51/crtcan128.o
 *(.init9)
 *(.text)
 .text          0x0000018e      0x110 ./main.o
                0x0000018e                ReIndex16<Loki::Typelist<Loki::Int2Type<8u>, Loki::Typelist<Loki::Int2Type<4u>, Loki::Typelist<Loki::Int2Type<4u>, Loki::Typelist<Loki::Int2Type<3u>, Loki::Typelist<Loki::Int2Type<3u>, Loki::Typelist<Loki::Int2Type<2u>, Loki::Typelist<Loki::Int2Type<1u>, Loki::Typelist<Loki::Int2Type<1u>, Loki::NullType> > > > > > > > >::array
                0x0000019e                ReIndex256<Loki::Typelist<Loki::Int2Type<12u>, Loki::Typelist<Loki::Int2Type<8u>, Loki::Typelist<Loki::Int2Type<13u>, Loki::Typelist<Loki::Int2Type<7u>, Loki::Typelist<Loki::Int2Type<14u>, Loki::Typelist<Loki::Int2Type<6u>, Loki::Typelist<Loki::Int2Type<15u>, Loki::Typelist<Loki::Int2Type<5u>, Loki::Typelist<Loki::Int2Type<84u>, Loki::Typelist<Loki::Int2Type<4u>, Loki::Typelist<Loki::Int2Type<85u>, Loki::Typelist<Loki::Int2Type<3u>, Loki::Typelist<Loki::Int2Type<104u>, Loki::Typelist<Loki::Int2Type<2u>, Loki::Typelist<Loki::Int2Type<107u>, Loki::Typelist<Loki::Int2Type<1u>, Loki::Typelist<Loki::Int2Type<8u>, Loki::Typelist<Loki::Int2Type<144u>, Loki::Typelist<Loki::Int2Type<9u>, Loki::Typelist<Loki::Int2Type<143u>, Loki::Typelist<Loki::Int2Type<10u>, Loki::Typelist<Loki::Int2Type<142u>, Loki::Typelist<Loki::Int2Type<11u>, Loki::Typelist<Loki::Int2Type<141u>, Loki::Typelist<Loki::Int2Type<80u>, Loki::Typelist<Loki::Int2Type<140u>, Loki::Typelist<Loki::Int2Type<81u>, Loki::Typelist<Loki::Int2Type<139u>, Loki::Typelist<Loki::Int2Type<82u>, Loki::Typelist<Loki::Int2Type<138u>, Loki::Typelist<Loki::Int2Type<83u>, Loki::Typelist<Loki::Int2Type<137u>, Loki::NullType> > > > > > > > > > > > > > > > > > > > > > > > > > > > > > > > >::array
                0x0000029e                . = ALIGN (0x2)
 *(.text.*)
 .text._ZN6srutil8DelegateIFvjEE14empty_functionEPvj
                0x0000029e        0x2 ./main.o
                0x0000029e                srutil::Delegate<void (unsigned int)>::empty_function(void*, unsigned int)
 .text._ZN6srutil8DelegateIFvvEE14empty_functionEPv
                0x000002a0        0x2 ./main.o
                0x000002a0                srutil::Delegate<void ()>::empty_function(void*)
 .text._ZN6srutil8DelegateIFvjEE13function_stubIXadL_Z13sysKeyReleasejEEEEvPvj
                0x000002a2       0x34 ./main.o
                0x000002a2                void srutil::Delegate<void (unsigned int)>::function_stub<&(sysKeyRelease(unsigned int))>(void*, unsigned int)
 .text._ZN6srutil8DelegateIFvvEE11method_stubI3KptI5ClockI5AlarmI13BitfieldDummyI14TimerControl16EXadL_ZN8Register13timer3ControlEEEXadL_ZNSA_13timer3CounterEEEXadL_ZNSA_14timer3CompareAEEEXadL_ZNSA_19timer3InterruptMaskEEEXadL_ZNSA_19timer3InterruptFlagEEEXadL_Z20TIMER3_COMPA_handlerEELm1000EEmELZ5clockE9SchedulerISC_LZ5clockELh16EjELZ9schedulerE6CanDatIN4Loki8TypelistINSH_INSG_8Int2TypeILj6280EEENSH_INSI_ILj6792EEENSG_8NullTypeEEEEENSH_INSH_INSI_ILj18024EEENSH_INSI_ILj18056EEESL_EEEENSH_INSI_ILj25575EEENSH_INSI_ILj25544EEENSH_INSH_INSI_ILj50789EEENSH_INSI_ILj50821EEENSH_INSI_ILj38917EEENSH_INSI_ILj39429EEENSH_INSI_ILj25189EEENSH_INSI_ILj39299EEENSH_INSI_ILj39331EEENSH_INSI_ILj39361EEENSH_INSI_ILj39393EEESL_EEEEEEEEEEEEEEEEEESL_EEEEEEEEEENSH_INSI_ILj2309EEENSH_INSH_INSI_ILj2568EEENSH_INSI_ILj2632EEESL_EEEENSH_INSH_INSI_ILj2824EEENSH_INSI_ILj2888EEESL_EEEENSH_INSH_INSI_ILj3585EEENSH_INSI_ILj3073EEESL_EEEENSH_INSH_INSI_ILj4096EEENSH_INSI_ILj4224EEENSH_INSI_ILj4097EEENSH_INSI_ILj4225EEESL_EEEEEEEENSH_INSH_INSI_ILj4128EEENSH_INSI_ILj4256EEENSH_INSI_ILj4129EEENSH_INSI_ILj4257EEESL_EEEEEEEENSH_INSI_ILj6375EEENSH_INSI_ILj16936EEENSH_INSH_INSI_ILj19013EEENSH_INSI_ILj25093EEENSH_ISY_SL_EEEEEENSH_INSH_INSI_ILj36103EEENSH_INSI_ILj34821EEENSH_INSI_ILj35333EEESL_EEEEEESL_EEEEEEEEEEEEEEEEEEEENSH_IS2D_NSH_IS1H_NSH_IS2C_NSH_ISY_NSH_IS1Q_NSH_IS2H_NSH_IS2I_NSH_IS2J_NSH_IS1I_NSH_IS1M_NSH_IS2A_NSH_IS2B_NSH_IS1U_NSH_IS1V_NSH_IS22_NSH_IS23_NSH_IS1W_NSH_IS1X_NSH_IS24_NSH_IS25_S1S_EEEEEEEEEEEEEEEEEEEEEEEEEEEEEEEEEEEEEEEELl100ELl75EELZ6canDatEEXadL_ZNS3I_26correctKptDistancePlusPlusEvEEEEvPv
                0x000002d6        0xe ./main.o
                0x000002d6                void srutil::Delegate<void ()>::method_stub<Kpt<Clock<Alarm<BitfieldDummy<TimerControl16>, &(Register::timer3Control), &(Register::timer3Counter), &(Register::timer3CompareA), &(Register::timer3InterruptMask), &(Register::timer3InterruptFlag), &TIMER3_COMPA_handler, 1000ul>, unsigned long>, clock, Scheduler<Clock<Alarm<BitfieldDummy<TimerControl16>, &(Register::timer3Control), &(Register::timer3Counter), &(Register::timer3CompareA), &(Register::timer3InterruptMask), &(Register::timer3InterruptFlag), &TIMER3_COMPA_handler, 1000ul>, unsigned long>, clock, (unsigned char)16, unsigned int>, scheduler, CanDat<Loki::Typelist<Loki::Typelist<Loki::Int2Type<6280u>, Loki::Typelist<Loki::Int2Type<6792u>, Loki::NullType> >, Loki::Typelist<Loki::Typelist<Loki::Int2Type<18024u>, Loki::Typelist<Loki::Int2Type<18056u>, Loki::NullType> >, Loki::Typelist<Loki::Int2Type<25575u>, Loki::Typelist<Loki::Int2Type<25544u>, Loki::Typelist<Loki::Typelist<Loki::Int2Type<50789u>, Loki::Typelist<Loki::Int2Type<50821u>, Loki::Typelist<Loki::Int2Type<38917u>, Loki::Typelist<Loki::Int2Type<39429u>, Loki::Typelist<Loki::Int2Type<25189u>, Loki::Typelist<Loki::Int2Type<39299u>, Loki::Typelist<Loki::Int2Type<39331u>, Loki::Typelist<Loki::Int2Type<39361u>, Loki::Typelist<Loki::Int2Type<39393u>, Loki::NullType> > > > > > > > >, Loki::NullType> > > > >, Loki::Typelist<Loki::Int2Type<2309u>, Loki::Typelist<Loki::Typelist<Loki::Int2Type<2568u>, Loki::Typelist<Loki::Int2Type<2632u>, Loki::NullType> >, Loki::Typelist<Loki::Typelist<Loki::Int2Type<2824u>, Loki::Typelist<Loki::Int2Type<2888u>, Loki::NullType> >, Loki::Typelist<Loki::Typelist<Loki::Int2Type<3585u>, Loki::Typelist<Loki::Int2Type<3073u>, Loki::NullType> >, Loki::Typelist<Loki::Typelist<Loki::Int2Type<4096u>, Loki::Typelist<Loki::Int2Type<4224u>, Loki::Typelist<Loki::Int2Type<4097u>, Loki::Typelist<Loki::Int2Type<4225u>, Loki::NullType> > > >, Loki::Typelist<Loki::Typelist<Loki::Int2Type<4128u>, Loki::Typelist<Loki::Int2Type<4256u>, Loki::Typelist<Loki::Int2Type<4129u>, Loki::Typelist<Loki::Int2Type<4257u>, Loki::NullType> > > >, Loki::Typelist<Loki::Int2Type<6375u>, Loki::Typelist<Loki::Int2Type<16936u>, Loki::Typelist<Loki::Typelist<Loki::Int2Type<19013u>, Loki::Typelist<Loki::Int2Type<25093u>, Loki::Typelist<Loki::Int2Type<25189u>, Loki::NullType> > >, Loki::Typelist<Loki::Typelist<Loki::Int2Type<36103u>, Loki::Typelist<Loki::Int2Type<34821u>, Loki::Typelist<Loki::Int2Type<35333u>, Loki::NullType> > >, Loki::NullType> > > > > > > > > >, Loki::Typelist<Loki::Int2Type<25093u>, Loki::Typelist<Loki::Int2Type<2309u>, Loki::Typelist<Loki::Int2Type<19013u>, Loki::Typelist<Loki::Int2Type<25189u>, Loki::Typelist<Loki::Int2Type<3585u>, Loki::Typelist<Loki::Int2Type<36103u>, Loki::Typelist<Loki::Int2Type<34821u>, Loki::Typelist<Loki::Int2Type<35333u>, Loki::Typelist<Loki::Int2Type<2568u>, Loki::Typelist<Loki::Int2Type<2824u>, Loki::Typelist<Loki::Int2Type<6375u>, Loki::Typelist<Loki::Int2Type<16936u>, Loki::Typelist<Loki::Int2Type<4096u>, Loki::Typelist<Loki::Int2Type<4224u>, Loki::Typelist<Loki::Int2Type<4128u>, Loki::Typelist<Loki::Int2Type<4256u>, Loki::Typelist<Loki::Int2Type<4097u>, Loki::Typelist<Loki::Int2Type<4225u>, Loki::Typelist<Loki::Int2Type<4129u>, Loki::Typelist<Loki::Int2Type<4257u>, Loki::Typelist<Loki::Int2Type<3073u>, Loki::NullType> > > > > > > > > > > > > > > > > > > > >, 100l, 75l>, canDat>, &(Kpt<Clock<Alarm<BitfieldDummy<TimerControl16>, &(Register::timer3Control), &(Register::timer3Counter), &(Register::timer3CompareA), &(Register::timer3InterruptMask), &(Register::timer3InterruptFlag), &TIMER3_COMPA_handler, 1000ul>, unsigned long>, clock, Scheduler<Clock<Alarm<BitfieldDummy<TimerControl16>, &(Register::timer3Control), &(Register::timer3Counter), &(Register::timer3CompareA), &(Register::timer3InterruptMask), &(Register::timer3InterruptFlag), &TIMER3_COMPA_handler, 1000ul>, unsigned long>, clock, (unsigned char)16, unsigned int>, scheduler, CanDat<Loki::Typelist<Loki::Typelist<Loki::Int2Type<6280u>, Loki::Typelist<Loki::Int2Type<6792u>, Loki::NullType> >, Loki::Typelist<Loki::Typelist<Loki::Int2Type<18024u>, Loki::Typelist<Loki::Int2Type<18056u>, Loki::NullType> >, Loki::Typelist<Loki::Int2Type<25575u>, Loki::Typelist<Loki::Int2Type<25544u>, Loki::Typelist<Loki::Typelist<Loki::Int2Type<50789u>, Loki::Typelist<Loki::Int2Type<50821u>, Loki::Typelist<Loki::Int2Type<38917u>, Loki::Typelist<Loki::Int2Type<39429u>, Loki::Typelist<Loki::Int2Type<25189u>, Loki::Typelist<Loki::Int2Type<39299u>, Loki::Typelist<Loki::Int2Type<39331u>, Loki::Typelist<Loki::Int2Type<39361u>, Loki::Typelist<Loki::Int2Type<39393u>, Loki::NullType> > > > > > > > >, Loki::NullType> > > > >, Loki::Typelist<Loki::Int2Type<2309u>, Loki::Typelist<Loki::Typelist<Loki::Int2Type<2568u>, Loki::Typelist<Loki::Int2Type<2632u>, Loki::NullType> >, Loki::Typelist<Loki::Typelist<Loki::Int2Type<2824u>, Loki::Typelist<Loki::Int2Type<2888u>, Loki::NullType> >, Loki::Typelist<Loki::Typelist<Loki::Int2Type<3585u>, Loki::Typelist<Loki::Int2Type<3073u>, Loki::NullType> >, Loki::Typelist<Loki::Typelist<Loki::Int2Type<4096u>, Loki::Typelist<Loki::Int2Type<4224u>, Loki::Typelist<Loki::Int2Type<4097u>, Loki::Typelist<Loki::Int2Type<4225u>, Loki::NullType> > > >, Loki::Typelist<Loki::Typelist<Loki::Int2Type<4128u>, Loki::Typelist<Loki::Int2Type<4256u>, Loki::Typelist<Loki::Int2Type<4129u>, Loki::Typelist<Loki::Int2Type<4257u>, Loki::NullType> > > >, Loki::Typelist<Loki::Int2Type<6375u>, Loki::Typelist<Loki::Int2Type<16936u>, Loki::Typelist<Loki::Typelist<Loki::Int2Type<19013u>, Loki::Typelist<Loki::Int2Type<25093u>, Loki::Typelist<Loki::Int2Type<25189u>, Loki::NullType> > >, Loki::Typelist<Loki::Typelist<Loki::Int2Type<36103u>, Loki::Typelist<Loki::Int2Type<34821u>, Loki::Typelist<Loki::Int2Type<35333u>, Loki::NullType> > >, Loki::NullType> > > > > > > > > >, Loki::Typelist<Loki::Int2Type<25093u>, Loki::Typelist<Loki::Int2Type<2309u>, Loki::Typelist<Loki::Int2Type<19013u>, Loki::Typelist<Loki::Int2Type<25189u>, Loki::Typelist<Loki::Int2Type<3585u>, Loki::Typelist<Loki::Int2Type<36103u>, Loki::Typelist<Loki::Int2Type<34821u>, Loki::Typelist<Loki::Int2Type<35333u>, Loki::Typelist<Loki::Int2Type<2568u>, Loki::Typelist<Loki::Int2Type<2824u>, Loki::Typelist<Loki::Int2Type<6375u>, Loki::Typelist<Loki::Int2Type<16936u>, Loki::Typelist<Loki::Int2Type<4096u>, Loki::Typelist<Loki::Int2Type<4224u>, Loki::Typelist<Loki::Int2Type<4128u>, Loki::Typelist<Loki::Int2Type<4256u>, Loki::Typelist<Loki::Int2Type<4097u>, Loki::Typelist<Loki::Int2Type<4225u>, Loki::Typelist<Loki::Int2Type<4129u>, Loki::Typelist<Loki::Int2Type<4257u>, Loki::Typelist<Loki::Int2Type<3073u>, Loki::NullType> > > > > > > > > > > > > > > > > > > > >, 100l, 75l>, canDat>::correctKptDistancePlusPlus())>(void*)
                0x000002d6                void srutil::Delegate<void ()>::method_stub<Kpt<Clock<Alarm<BitfieldDummy<TimerControl16>, &(Register::timer3Control), &(Register::timer3Counter), &(Register::timer3CompareA), &(Register::timer3InterruptMask), &(Register::timer3InterruptFlag), &TIMER3_COMPA_handler, 1000ul>, unsigned long>, clock, Scheduler<Clock<Alarm<BitfieldDummy<TimerControl16>, &(Register::timer3Control), &(Register::timer3Counter), &(Register::timer3CompareA), &(Register::timer3InterruptMask), &(Register::timer3InterruptFlag), &TIMER3_COMPA_handler, 1000ul>, unsigned long>, clock, (unsigned char)16, unsigned int>, scheduler, CanDat<Loki::Typelist<Loki::Typelist<Loki::Int2Type<6280u>, Loki::Typelist<Loki::Int2Type<6792u>, Loki::NullType> >, Loki::Typelist<Loki::Typelist<Loki::Int2Type<18024u>, Loki::Typelist<Loki::Int2Type<18056u>, Loki::NullType> >, Loki::Typelist<Loki::Int2Type<25575u>, Loki::Typelist<Loki::Int2Type<25544u>, Loki::Typelist<Loki::Typelist<Loki::Int2Type<50789u>, Loki::Typelist<Loki::Int2Type<50821u>, Loki::Typelist<Loki::Int2Type<38917u>, Loki::Typelist<Loki::Int2Type<39429u>, Loki::Typelist<Loki::Int2Type<25189u>, Loki::Typelist<Loki::Int2Type<39299u>, Loki::Typelist<Loki::Int2Type<39331u>, Loki::Typelist<Loki::Int2Type<39361u>, Loki::Typelist<Loki::Int2Type<39393u>, Loki::NullType> > > > > > > > >, Loki::NullType> > > > >, Loki::Typelist<Loki::Int2Type<2309u>, Loki::Typelist<Loki::Typelist<Loki::Int2Type<2568u>, Loki::Typelist<Loki::Int2Type<2632u>, Loki::NullType> >, Loki::Typelist<Loki::Typelist<Loki::Int2Type<2824u>, Loki::Typelist<Loki::Int2Type<2888u>, Loki::NullType> >, Loki::Typelist<Loki::Typelist<Loki::Int2Type<3585u>, Loki::Typelist<Loki::Int2Type<3073u>, Loki::NullType> >, Loki::Typelist<Loki::Typelist<Loki::Int2Type<4096u>, Loki::Typelist<Loki::Int2Type<4224u>, Loki::Typelist<Loki::Int2Type<4097u>, Loki::Typelist<Loki::Int2Type<4225u>, Loki::NullType> > > >, Loki::Typelist<Loki::Typelist<Loki::Int2Type<4128u>, Loki::Typelist<Loki::Int2Type<4256u>, Loki::Typelist<Loki::Int2Type<4129u>, Loki::Typelist<Loki::Int2Type<4257u>, Loki::NullType> > > >, Loki::Typelist<Loki::Int2Type<6375u>, Loki::Typelist<Loki::Int2Type<16936u>, Loki::Typelist<Loki::Typelist<Loki::Int2Type<19013u>, Loki::Typelist<Loki::Int2Type<25093u>, Loki::Typelist<Loki::Int2Type<25189u>, Loki::NullType> > >, Loki::Typelist<Loki::Typelist<Loki::Int2Type<36103u>, Loki::Typelist<Loki::Int2Type<34821u>, Loki::Typelist<Loki::Int2Type<35333u>, Loki::NullType> > >, Loki::NullType> > > > > > > > > >, Loki::Typelist<Loki::Int2Type<25093u>, Loki::Typelist<Loki::Int2Type<2309u>, Loki::Typelist<Loki::Int2Type<19013u>, Loki::Typelist<Loki::Int2Type<25189u>, Loki::Typelist<Loki::Int2Type<3585u>, Loki::Typelist<Loki::Int2Type<36103u>, Loki::Typelist<Loki::Int2Type<34821u>, Loki::Typelist<Loki::Int2Type<35333u>, Loki::Typelist<Loki::Int2Type<2568u>, Loki::Typelist<Loki::Int2Type<2824u>, Loki::Typelist<Loki::Int2Type<6375u>, Loki::Typelist<Loki::Int2Type<16936u>, Loki::Typelist<Loki::Int2Type<4096u>, Loki::Typelist<Loki::Int2Type<4224u>, Loki::Typelist<Loki::Int2Type<4128u>, Loki::Typelist<Loki::Int2Type<4256u>, Loki::Typelist<Loki::Int2Type<4097u>, Loki::Typelist<Loki::Int2Type<4225u>, Loki::Typelist<Loki::Int2Type<4129u>, Loki::Typelist<Loki::Int2Type<4257u>, Loki::Typelist<Loki::Int2Type<3073u>, Loki::NullType> > > > > > > > > > > > > > > > > > > > >, 100l, 75l>, canDat>, &(Kpt<Clock<Alarm<BitfieldDummy<TimerControl16>, &(Register::timer3Control), &(Register::timer3Counter), &(Register::timer3CompareA), &(Register::timer3InterruptMask), &(Register::timer3InterruptFlag), &TIMER3_COMPA_handler, 1000ul>, unsigned long>, clock, Scheduler<Clock<Alarm<BitfieldDummy<TimerControl16>, &(Register::timer3Control), &(Register::timer3Counter), &(Register::timer3CompareA), &(Register::timer3InterruptMask), &(Register::timer3InterruptFlag), &TIMER3_COMPA_handler, 1000ul>, unsigned long>, clock, (unsigned char)16, unsigned int>, scheduler, CanDat<Loki::Typelist<Loki::Typelist<Loki::Int2Type<6280u>, Loki::Typelist<Loki::Int2Type<6792u>, Loki::NullType> >, Loki::Typelist<Loki::Typelist<Loki::Int2Type<18024u>, Loki::Typelist<Loki::Int2Type<18056u>, Loki::NullType> >, Loki::Typelist<Loki::Int2Type<25575u>, Loki::Typelist<Loki::Int2Type<25544u>, Loki::Typelist<Loki::Typelist<Loki::Int2Type<50789u>, Loki::Typelist<Loki::Int2Type<50821u>, Loki::Typelist<Loki::Int2Type<38917u>, Loki::Typelist<Loki::Int2Type<39429u>, Loki::Typelist<Loki::Int2Type<25189u>, Loki::Typelist<Loki::Int2Type<39299u>, Loki::Typelist<Loki::Int2Type<39331u>, Loki::Typelist<Loki::Int2Type<39361u>, Loki::Typelist<Loki::Int2Type<39393u>, Loki::NullType> > > > > > > > >, Loki::NullType> > > > >, Loki::Typelist<Loki::Int2Type<2309u>, Loki::Typelist<Loki::Typelist<Loki::Int2Type<2568u>, Loki::Typelist<Loki::Int2Type<2632u>, Loki::NullType> >, Loki::Typelist<Loki::Typelist<Loki::Int2Type<2824u>, Loki::Typelist<Loki::Int2Type<2888u>, Loki::NullType> >, Loki::Typelist<Loki::Typelist<Loki::Int2Type<3585u>, Loki::Typelist<Loki::Int2Type<3073u>, Loki::NullType> >, Loki::Typelist<Loki::Typelist<Loki::Int2Type<4096u>, Loki::Typelist<Loki::Int2Type<4224u>, Loki::Typelist<Loki::Int2Type<4097u>, Loki::Typelist<Loki::Int2Type<4225u>, Loki::NullType> > > >, Loki::Typelist<Loki::Typelist<Loki::Int2Type<4128u>, Loki::Typelist<Loki::Int2Type<4256u>, Loki::Typelist<Loki::Int2Type<4129u>, Loki::Typelist<Loki::Int2Type<4257u>, Loki::NullType> > > >, Loki::Typelist<Loki::Int2Type<6375u>, Loki::Typelist<Loki::Int2Type<16936u>, Loki::Typelist<Loki::Typelist<Loki::Int2Type<19013u>, Loki::Typelist<Loki::Int2Type<25093u>, Loki::Typelist<Loki::Int2Type<25189u>, Loki::NullType> > >, Loki::Typelist<Loki::Typelist<Loki::Int2Type<36103u>, Loki::Typelist<Loki::Int2Type<34821u>, Loki::Typelist<Loki::Int2Type<35333u>, Loki::NullType> > >, Loki::NullType> > > > > > > > > >, Loki::Typelist<Loki::Int2Type<25093u>, Loki::Typelist<Loki::Int2Type<2309u>, Loki::Typelist<Loki::Int2Type<19013u>, Loki::Typelist<Loki::Int2Type<25189u>, Loki::Typelist<Loki::Int2Type<3585u>, Loki::Typelist<Loki::Int2Type<36103u>, Loki::Typelist<Loki::Int2Type<34821u>, Loki::Typelist<Loki::Int2Type<35333u>, Loki::Typelist<Loki::Int2Type<2568u>, Loki::Typelist<Loki::Int2Type<2824u>, Loki::Typelist<Loki::Int2Type<6375u>, Loki::Typelist<Loki::Int2Type<16936u>, Loki::Typelist<Loki::Int2Type<4096u>, Loki::Typelist<Loki::Int2Type<4224u>, Loki::Typelist<Loki::Int2Type<4128u>, Loki::Typelist<Loki::Int2Type<4256u>, Loki::Typelist<Loki::Int2Type<4097u>, Loki::Typelist<Loki::Int2Type<4225u>, Loki::Typelist<Loki::Int2Type<4129u>, Loki::Typelist<Loki::Int2Type<4257u>, Loki::Typelist<Loki::Int2Type<3073u>, Loki::NullType> > > > > > > > > > > > > > > > > > > > >, 100l, 75l>, canDat>::correctKptDistancePlusPlus())>(void*)
 .text._ZN6srutil8DelegateIFvjEE13function_stubIXadL_Z15sysKeyRbReleasejEEEEvPvj
                0x000002e4       0x20 ./main.o
                0x000002e4                void srutil::Delegate<void (unsigned int)>::function_stub<&(sysKeyRbRelease(unsigned int))>(void*, unsigned int)
 .text._ZN6srutil8DelegateIFvvEE13function_stubIXadL_Z15kptCommandParsevEEEEvPv
                0x00000304       0x1e ./main.o
                0x00000304                void srutil::Delegate<void ()>::function_stub<&(kptCommandParse())>(void*)
 .text._ZN6srutil8DelegateIFvjEE13function_stubIXadL_Z7ipdDatejEEEEvPvj
                0x00000322       0x32 ./main.o
                0x00000322                void srutil::Delegate<void (unsigned int)>::function_stub<&(ipdDate(unsigned int))>(void*, unsigned int)
 .text._ZN6srutil8DelegateIFvjEE11method_stubI24CeleritasSpatiumDimetiorIXadL_ZN8Register5portCEEELh4ELh5EXadL_ZNS5_5portBEEELh7E6CanDatIN4Loki8TypelistINS8_INS7_8Int2TypeILj6280EEENS8_INS9_ILj6792EEENS7_8NullTypeEEEEENS8_INS8_INS9_ILj18024EEENS8_INS9_ILj18056EEESC_EEEENS8_INS9_ILj25575EEENS8_INS9_ILj25544EEENS8_INS8_INS9_ILj50789EEENS8_INS9_ILj50821EEENS8_INS9_ILj38917EEENS8_INS9_ILj39429EEENS8_INS9_ILj25189EEENS8_INS9_ILj39299EEENS8_INS9_ILj39331EEENS8_INS9_ILj39361EEENS8_INS9_ILj39393EEESC_EEEEEEEEEEEEEEEEEESC_EEEEEEEEEENS8_INS9_ILj2309EEENS8_INS8_INS9_ILj2568EEENS8_INS9_ILj2632EEESC_EEEENS8_INS8_INS9_ILj2824EEENS8_INS9_ILj2888EEESC_EEEENS8_INS8_INS9_ILj3585EEENS8_INS9_ILj3073EEESC_EEEENS8_INS8_INS9_ILj4096EEENS8_INS9_ILj4224EEENS8_INS9_ILj4097EEENS8_INS9_ILj4225EEESC_EEEEEEEENS8_INS8_INS9_ILj4128EEENS8_INS9_ILj4256EEENS8_INS9_ILj4129EEENS8_INS9_ILj4257EEESC_EEEEEEEENS8_INS9_ILj6375EEENS8_INS9_ILj16936EEENS8_INS8_INS9_ILj19013EEENS8_INS9_ILj25093EEENS8_ISP_SC_EEEEEENS8_INS8_INS9_ILj36103EEENS8_INS9_ILj34821EEENS8_INS9_ILj35333EEESC_EEEEEESC_EEEEEEEEEEEEEEEEEEEENS8_IS24_NS8_IS18_NS8_IS23_NS8_ISP_NS8_IS1H_NS8_IS28_NS8_IS29_NS8_IS2A_NS8_IS19_NS8_IS1D_NS8_IS21_NS8_IS22_NS8_IS1L_NS8_IS1M_NS8_IS1T_NS8_IS1U_NS8_IS1N_NS8_IS1O_NS8_IS1V_NS8_IS1W_S1J_EEEEEEEEEEEEEEEEEEEEEEEEEEEEEEEEEEEEEEEELl100ELl75EELZ6canDatE5ClockI5AlarmI13BitfieldDummyI14TimerControl16EXadL_ZNS5_13timer3ControlEEEXadL_ZNS5_13timer3CounterEEEXadL_ZNS5_14timer3CompareAEEEXadL_ZNS5_19timer3InterruptMaskEEEXadL_ZNS5_19timer3InterruptFlagEEEXadL_Z20TIMER3_COMPA_handlerEELm1000EEmELZ5clockE9SchedulerIS3F_LZ5clockELh16EjELZ9schedulerEEXadL_ZNS3I_19takeEcDataForAdjustEjEEEEvPvj
                0x00000354      0x2f0 ./main.o
                0x00000354                void srutil::Delegate<void (unsigned int)>::method_stub<CeleritasSpatiumDimetior<&(Register::portC), (unsigned char)4, (unsigned char)5, &(Register::portB), (unsigned char)7, CanDat<Loki::Typelist<Loki::Typelist<Loki::Int2Type<6280u>, Loki::Typelist<Loki::Int2Type<6792u>, Loki::NullType> >, Loki::Typelist<Loki::Typelist<Loki::Int2Type<18024u>, Loki::Typelist<Loki::Int2Type<18056u>, Loki::NullType> >, Loki::Typelist<Loki::Int2Type<25575u>, Loki::Typelist<Loki::Int2Type<25544u>, Loki::Typelist<Loki::Typelist<Loki::Int2Type<50789u>, Loki::Typelist<Loki::Int2Type<50821u>, Loki::Typelist<Loki::Int2Type<38917u>, Loki::Typelist<Loki::Int2Type<39429u>, Loki::Typelist<Loki::Int2Type<25189u>, Loki::Typelist<Loki::Int2Type<39299u>, Loki::Typelist<Loki::Int2Type<39331u>, Loki::Typelist<Loki::Int2Type<39361u>, Loki::Typelist<Loki::Int2Type<39393u>, Loki::NullType> > > > > > > > >, Loki::NullType> > > > >, Loki::Typelist<Loki::Int2Type<2309u>, Loki::Typelist<Loki::Typelist<Loki::Int2Type<2568u>, Loki::Typelist<Loki::Int2Type<2632u>, Loki::NullType> >, Loki::Typelist<Loki::Typelist<Loki::Int2Type<2824u>, Loki::Typelist<Loki::Int2Type<2888u>, Loki::NullType> >, Loki::Typelist<Loki::Typelist<Loki::Int2Type<3585u>, Loki::Typelist<Loki::Int2Type<3073u>, Loki::NullType> >, Loki::Typelist<Loki::Typelist<Loki::Int2Type<4096u>, Loki::Typelist<Loki::Int2Type<4224u>, Loki::Typelist<Loki::Int2Type<4097u>, Loki::Typelist<Loki::Int2Type<4225u>, Loki::NullType> > > >, Loki::Typelist<Loki::Typelist<Loki::Int2Type<4128u>, Loki::Typelist<Loki::Int2Type<4256u>, Loki::Typelist<Loki::Int2Type<4129u>, Loki::Typelist<Loki::Int2Type<4257u>, Loki::NullType> > > >, Loki::Typelist<Loki::Int2Type<6375u>, Loki::Typelist<Loki::Int2Type<16936u>, Loki::Typelist<Loki::Typelist<Loki::Int2Type<19013u>, Loki::Typelist<Loki::Int2Type<25093u>, Loki::Typelist<Loki::Int2Type<25189u>, Loki::NullType> > >, Loki::Typelist<Loki::Typelist<Loki::Int2Type<36103u>, Loki::Typelist<Loki::Int2Type<34821u>, Loki::Typelist<Loki::Int2Type<35333u>, Loki::NullType> > >, Loki::NullType> > > > > > > > > >, Loki::Typelist<Loki::Int2Type<25093u>, Loki::Typelist<Loki::Int2Type<2309u>, Loki::Typelist<Loki::Int2Type<19013u>, Loki::Typelist<Loki::Int2Type<25189u>, Loki::Typelist<Loki::Int2Type<3585u>, Loki::Typelist<Loki::Int2Type<36103u>, Loki::Typelist<Loki::Int2Type<34821u>, Loki::Typelist<Loki::Int2Type<35333u>, Loki::Typelist<Loki::Int2Type<2568u>, Loki::Typelist<Loki::Int2Type<2824u>, Loki::Typelist<Loki::Int2Type<6375u>, Loki::Typelist<Loki::Int2Type<16936u>, Loki::Typelist<Loki::Int2Type<4096u>, Loki::Typelist<Loki::Int2Type<4224u>, Loki::Typelist<Loki::Int2Type<4128u>, Loki::Typelist<Loki::Int2Type<4256u>, Loki::Typelist<Loki::Int2Type<4097u>, Loki::Typelist<Loki::Int2Type<4225u>, Loki::Typelist<Loki::Int2Type<4129u>, Loki::Typelist<Loki::Int2Type<4257u>, Loki::Typelist<Loki::Int2Type<3073u>, Loki::NullType> > > > > > > > > > > > > > > > > > > > >, 100l, 75l>, canDat, Clock<Alarm<BitfieldDummy<TimerControl16>, &(Register::timer3Control), &(Register::timer3Counter), &(Register::timer3CompareA), &(Register::timer3InterruptMask), &(Register::timer3InterruptFlag), &TIMER3_COMPA_handler, 1000ul>, unsigned long>, clock, Scheduler<Clock<Alarm<BitfieldDummy<TimerControl16>, &(Register::timer3Control), &(Register::timer3Counter), &(Register::timer3CompareA), &(Register::timer3InterruptMask), &(Register::timer3InterruptFlag), &TIMER3_COMPA_handler, 1000ul>, unsigned long>, clock, (unsigned char)16, unsigned int>, scheduler>, &(CeleritasSpatiumDimetior<&(Register::portC), (unsigned char)4, (unsigned char)5, &(Register::portB), (unsigned char)7, CanDat<Loki::Typelist<Loki::Typelist<Loki::Int2Type<6280u>, Loki::Typelist<Loki::Int2Type<6792u>, Loki::NullType> >, Loki::Typelist<Loki::Typelist<Loki::Int2Type<18024u>, Loki::Typelist<Loki::Int2Type<18056u>, Loki::NullType> >, Loki::Typelist<Loki::Int2Type<25575u>, Loki::Typelist<Loki::Int2Type<25544u>, Loki::Typelist<Loki::Typelist<Loki::Int2Type<50789u>, Loki::Typelist<Loki::Int2Type<50821u>, Loki::Typelist<Loki::Int2Type<38917u>, Loki::Typelist<Loki::Int2Type<39429u>, Loki::Typelist<Loki::Int2Type<25189u>, Loki::Typelist<Loki::Int2Type<39299u>, Loki::Typelist<Loki::Int2Type<39331u>, Loki::Typelist<Loki::Int2Type<39361u>, Loki::Typelist<Loki::Int2Type<39393u>, Loki::NullType> > > > > > > > >, Loki::NullType> > > > >, Loki::Typelist<Loki::Int2Type<2309u>, Loki::Typelist<Loki::Typelist<Loki::Int2Type<2568u>, Loki::Typelist<Loki::Int2Type<2632u>, Loki::NullType> >, Loki::Typelist<Loki::Typelist<Loki::Int2Type<2824u>, Loki::Typelist<Loki::Int2Type<2888u>, Loki::NullType> >, Loki::Typelist<Loki::Typelist<Loki::Int2Type<3585u>, Loki::Typelist<Loki::Int2Type<3073u>, Loki::NullType> >, Loki::Typelist<Loki::Typelist<Loki::Int2Type<4096u>, Loki::Typelist<Loki::Int2Type<4224u>, Loki::Typelist<Loki::Int2Type<4097u>, Loki::Typelist<Loki::Int2Type<4225u>, Loki::NullType> > > >, Loki::Typelist<Loki::Typelist<Loki::Int2Type<4128u>, Loki::Typelist<Loki::Int2Type<4256u>, Loki::Typelist<Loki::Int2Type<4129u>, Loki::Typelist<Loki::Int2Type<4257u>, Loki::NullType> > > >, Loki::Typelist<Loki::Int2Type<6375u>, Loki::Typelist<Loki::Int2Type<16936u>, Loki::Typelist<Loki::Typelist<Loki::Int2Type<19013u>, Loki::Typelist<Loki::Int2Type<25093u>, Loki::Typelist<Loki::Int2Type<25189u>, Loki::NullType> > >, Loki::Typelist<Loki::Typelist<Loki::Int2Type<36103u>, Loki::Typelist<Loki::Int2Type<34821u>, Loki::Typelist<Loki::Int2Type<35333u>, Loki::NullType> > >, Loki::NullType> > > > > > > > > >, Loki::Typelist<Loki::Int2Type<25093u>, Loki::Typelist<Loki::Int2Type<2309u>, Loki::Typelist<Loki::Int2Type<19013u>, Loki::Typelist<Loki::Int2Type<25189u>, Loki::Typelist<Loki::Int2Type<3585u>, Loki::Typelist<Loki::Int2Type<36103u>, Loki::Typelist<Loki::Int2Type<34821u>, Loki::Typelist<Loki::Int2Type<35333u>, Loki::Typelist<Loki::Int2Type<2568u>, Loki::Typelist<Loki::Int2Type<2824u>, Loki::Typelist<Loki::Int2Type<6375u>, Loki::Typelist<Loki::Int2Type<16936u>, Loki::Typelist<Loki::Int2Type<4096u>, Loki::Typelist<Loki::Int2Type<4224u>, Loki::Typelist<Loki::Int2Type<4128u>, Loki::Typelist<Loki::Int2Type<4256u>, Loki::Typelist<Loki::Int2Type<4097u>, Loki::Typelist<Loki::Int2Type<4225u>, Loki::Typelist<Loki::Int2Type<4129u>, Loki::Typelist<Loki::Int2Type<4257u>, Loki::Typelist<Loki::Int2Type<3073u>, Loki::NullType> > > > > > > > > > > > > > > > > > > > >, 100l, 75l>, canDat, Clock<Alarm<BitfieldDummy<TimerControl16>, &(Register::timer3Control), &(Register::timer3Counter), &(Register::timer3CompareA), &(Register::timer3InterruptMask), &(Register::timer3InterruptFlag), &TIMER3_COMPA_handler, 1000ul>, unsigned long>, clock, Scheduler<Clock<Alarm<BitfieldDummy<TimerControl16>, &(Register::timer3Control), &(Register::timer3Counter), &(Register::timer3CompareA), &(Register::timer3InterruptMask), &(Register::timer3InterruptFlag), &TIMER3_COMPA_handler, 1000ul>, unsigned long>, clock, (unsigned char)16, unsigned int>, scheduler>::takeEcDataForAdjust(unsigned int))>(void*, unsigned int)
                0x00000354                void srutil::Delegate<void (unsigned int)>::method_stub<CeleritasSpatiumDimetior<&(Register::portC), (unsigned char)4, (unsigned char)5, &(Register::portB), (unsigned char)7, CanDat<Loki::Typelist<Loki::Typelist<Loki::Int2Type<6280u>, Loki::Typelist<Loki::Int2Type<6792u>, Loki::NullType> >, Loki::Typelist<Loki::Typelist<Loki::Int2Type<18024u>, Loki::Typelist<Loki::Int2Type<18056u>, Loki::NullType> >, Loki::Typelist<Loki::Int2Type<25575u>, Loki::Typelist<Loki::Int2Type<25544u>, Loki::Typelist<Loki::Typelist<Loki::Int2Type<50789u>, Loki::Typelist<Loki::Int2Type<50821u>, Loki::Typelist<Loki::Int2Type<38917u>, Loki::Typelist<Loki::Int2Type<39429u>, Loki::Typelist<Loki::Int2Type<25189u>, Loki::Typelist<Loki::Int2Type<39299u>, Loki::Typelist<Loki::Int2Type<39331u>, Loki::Typelist<Loki::Int2Type<39361u>, Loki::Typelist<Loki::Int2Type<39393u>, Loki::NullType> > > > > > > > >, Loki::NullType> > > > >, Loki::Typelist<Loki::Int2Type<2309u>, Loki::Typelist<Loki::Typelist<Loki::Int2Type<2568u>, Loki::Typelist<Loki::Int2Type<2632u>, Loki::NullType> >, Loki::Typelist<Loki::Typelist<Loki::Int2Type<2824u>, Loki::Typelist<Loki::Int2Type<2888u>, Loki::NullType> >, Loki::Typelist<Loki::Typelist<Loki::Int2Type<3585u>, Loki::Typelist<Loki::Int2Type<3073u>, Loki::NullType> >, Loki::Typelist<Loki::Typelist<Loki::Int2Type<4096u>, Loki::Typelist<Loki::Int2Type<4224u>, Loki::Typelist<Loki::Int2Type<4097u>, Loki::Typelist<Loki::Int2Type<4225u>, Loki::NullType> > > >, Loki::Typelist<Loki::Typelist<Loki::Int2Type<4128u>, Loki::Typelist<Loki::Int2Type<4256u>, Loki::Typelist<Loki::Int2Type<4129u>, Loki::Typelist<Loki::Int2Type<4257u>, Loki::NullType> > > >, Loki::Typelist<Loki::Int2Type<6375u>, Loki::Typelist<Loki::Int2Type<16936u>, Loki::Typelist<Loki::Typelist<Loki::Int2Type<19013u>, Loki::Typelist<Loki::Int2Type<25093u>, Loki::Typelist<Loki::Int2Type<25189u>, Loki::NullType> > >, Loki::Typelist<Loki::Typelist<Loki::Int2Type<36103u>, Loki::Typelist<Loki::Int2Type<34821u>, Loki::Typelist<Loki::Int2Type<35333u>, Loki::NullType> > >, Loki::NullType> > > > > > > > > >, Loki::Typelist<Loki::Int2Type<25093u>, Loki::Typelist<Loki::Int2Type<2309u>, Loki::Typelist<Loki::Int2Type<19013u>, Loki::Typelist<Loki::Int2Type<25189u>, Loki::Typelist<Loki::Int2Type<3585u>, Loki::Typelist<Loki::Int2Type<36103u>, Loki::Typelist<Loki::Int2Type<34821u>, Loki::Typelist<Loki::Int2Type<35333u>, Loki::Typelist<Loki::Int2Type<2568u>, Loki::Typelist<Loki::Int2Type<2824u>, Loki::Typelist<Loki::Int2Type<6375u>, Loki::Typelist<Loki::Int2Type<16936u>, Loki::Typelist<Loki::Int2Type<4096u>, Loki::Typelist<Loki::Int2Type<4224u>, Loki::Typelist<Loki::Int2Type<4128u>, Loki::Typelist<Loki::Int2Type<4256u>, Loki::Typelist<Loki::Int2Type<4097u>, Loki::Typelist<Loki::Int2Type<4225u>, Loki::Typelist<Loki::Int2Type<4129u>, Loki::Typelist<Loki::Int2Type<4257u>, Loki::Typelist<Loki::Int2Type<3073u>, Loki::NullType> > > > > > > > > > > > > > > > > > > > >, 100l, 75l>, canDat, Clock<Alarm<BitfieldDummy<TimerControl16>, &(Register::timer3Control), &(Register::timer3Counter), &(Register::timer3CompareA), &(Register::timer3InterruptMask), &(Register::timer3InterruptFlag), &TIMER3_COMPA_handler, 1000ul>, unsigned long>, clock, Scheduler<Clock<Alarm<BitfieldDummy<TimerControl16>, &(Register::timer3Control), &(Register::timer3Counter), &(Register::timer3CompareA), &(Register::timer3InterruptMask), &(Register::timer3InterruptFlag), &TIMER3_COMPA_handler, 1000ul>, unsigned long>, clock, (unsigned char)16, unsigned int>, scheduler>, &(CeleritasSpatiumDimetior<&(Register::portC), (unsigned char)4, (unsigned char)5, &(Register::portB), (unsigned char)7, CanDat<Loki::Typelist<Loki::Typelist<Loki::Int2Type<6280u>, Loki::Typelist<Loki::Int2Type<6792u>, Loki::NullType> >, Loki::Typelist<Loki::Typelist<Loki::Int2Type<18024u>, Loki::Typelist<Loki::Int2Type<18056u>, Loki::NullType> >, Loki::Typelist<Loki::Int2Type<25575u>, Loki::Typelist<Loki::Int2Type<25544u>, Loki::Typelist<Loki::Typelist<Loki::Int2Type<50789u>, Loki::Typelist<Loki::Int2Type<50821u>, Loki::Typelist<Loki::Int2Type<38917u>, Loki::Typelist<Loki::Int2Type<39429u>, Loki::Typelist<Loki::Int2Type<25189u>, Loki::Typelist<Loki::Int2Type<39299u>, Loki::Typelist<Loki::Int2Type<39331u>, Loki::Typelist<Loki::Int2Type<39361u>, Loki::Typelist<Loki::Int2Type<39393u>, Loki::NullType> > > > > > > > >, Loki::NullType> > > > >, Loki::Typelist<Loki::Int2Type<2309u>, Loki::Typelist<Loki::Typelist<Loki::Int2Type<2568u>, Loki::Typelist<Loki::Int2Type<2632u>, Loki::NullType> >, Loki::Typelist<Loki::Typelist<Loki::Int2Type<2824u>, Loki::Typelist<Loki::Int2Type<2888u>, Loki::NullType> >, Loki::Typelist<Loki::Typelist<Loki::Int2Type<3585u>, Loki::Typelist<Loki::Int2Type<3073u>, Loki::NullType> >, Loki::Typelist<Loki::Typelist<Loki::Int2Type<4096u>, Loki::Typelist<Loki::Int2Type<4224u>, Loki::Typelist<Loki::Int2Type<4097u>, Loki::Typelist<Loki::Int2Type<4225u>, Loki::NullType> > > >, Loki::Typelist<Loki::Typelist<Loki::Int2Type<4128u>, Loki::Typelist<Loki::Int2Type<4256u>, Loki::Typelist<Loki::Int2Type<4129u>, Loki::Typelist<Loki::Int2Type<4257u>, Loki::NullType> > > >, Loki::Typelist<Loki::Int2Type<6375u>, Loki::Typelist<Loki::Int2Type<16936u>, Loki::Typelist<Loki::Typelist<Loki::Int2Type<19013u>, Loki::Typelist<Loki::Int2Type<25093u>, Loki::Typelist<Loki::Int2Type<25189u>, Loki::NullType> > >, Loki::Typelist<Loki::Typelist<Loki::Int2Type<36103u>, Loki::Typelist<Loki::Int2Type<34821u>, Loki::Typelist<Loki::Int2Type<35333u>, Loki::NullType> > >, Loki::NullType> > > > > > > > > >, Loki::Typelist<Loki::Int2Type<25093u>, Loki::Typelist<Loki::Int2Type<2309u>, Loki::Typelist<Loki::Int2Type<19013u>, Loki::Typelist<Loki::Int2Type<25189u>, Loki::Typelist<Loki::Int2Type<3585u>, Loki::Typelist<Loki::Int2Type<36103u>, Loki::Typelist<Loki::Int2Type<34821u>, Loki::Typelist<Loki::Int2Type<35333u>, Loki::Typelist<Loki::Int2Type<2568u>, Loki::Typelist<Loki::Int2Type<2824u>, Loki::Typelist<Loki::Int2Type<6375u>, Loki::Typelist<Loki::Int2Type<16936u>, Loki::Typelist<Loki::Int2Type<4096u>, Loki::Typelist<Loki::Int2Type<4224u>, Loki::Typelist<Loki::Int2Type<4128u>, Loki::Typelist<Loki::Int2Type<4256u>, Loki::Typelist<Loki::Int2Type<4097u>, Loki::Typelist<Loki::Int2Type<4225u>, Loki::Typelist<Loki::Int2Type<4129u>, Loki::Typelist<Loki::Int2Type<4257u>, Loki::Typelist<Loki::Int2Type<3073u>, Loki::NullType> > > > > > > > > > > > > > > > > > > > >, 100l, 75l>, canDat, Clock<Alarm<BitfieldDummy<TimerControl16>, &(Register::timer3Control), &(Register::timer3Counter), &(Register::timer3CompareA), &(Register::timer3InterruptMask), &(Register::timer3InterruptFlag), &TIMER3_COMPA_handler, 1000ul>, unsigned long>, clock, Scheduler<Clock<Alarm<BitfieldDummy<TimerControl16>, &(Register::timer3Control), &(Register::timer3Counter), &(Register::timer3CompareA), &(Register::timer3InterruptMask), &(Register::timer3InterruptFlag), &TIMER3_COMPA_handler, 1000ul>, unsigned long>, clock, (unsigned char)16, unsigned int>, scheduler>::takeEcDataForAdjust(unsigned int))>(void*, unsigned int)
 .text._ZN6srutil8DelegateIFvjEE13function_stubIXadL_Z14unsetResetFlagjEEEEvPvj
                0x00000644        0x6 ./main.o
                0x00000644                void srutil::Delegate<void (unsigned int)>::function_stub<&(unsetResetFlag(unsigned int))>(void*, unsigned int)
 .text._ZN6srutil8DelegateIFvvEE11method_stubI5ClockI5AlarmI13BitfieldDummyI14TimerControl16EXadL_ZN8Register13timer3ControlEEEXadL_ZNS9_13timer3CounterEEEXadL_ZNS9_14timer3CompareAEEEXadL_ZNS9_19timer3InterruptMaskEEEXadL_ZNS9_19timer3InterruptFlagEEEXadL_Z20TIMER3_COMPA_handlerEELm1000EEmEXadL_ZNSB_7incTimeEvEEEEvPv
                0x0000064a       0x1c ./main.o
                0x0000064a                void srutil::Delegate<void ()>::method_stub<Clock<Alarm<BitfieldDummy<TimerControl16>, &(Register::timer3Control), &(Register::timer3Counter), &(Register::timer3CompareA), &(Register::timer3InterruptMask), &(Register::timer3InterruptFlag), &TIMER3_COMPA_handler, 1000ul>, unsigned long>, &(Clock<Alarm<BitfieldDummy<TimerControl16>, &(Register::timer3Control), &(Register::timer3Counter), &(Register::timer3CompareA), &(Register::timer3InterruptMask), &(Register::timer3InterruptFlag), &TIMER3_COMPA_handler, 1000ul>, unsigned long>::incTime())>(void*)
 .text._ZN6srutil8DelegateIFvvEE11method_stubIN4Saut3ComIXadL_ZN8Register13usart1ControlEEEXadL_ZNS6_14usart1BaudRateEEEXadL_ZNS6_10usart1DataEEEXadL_ZNS6_5portDEEELh2EXadL_ZNS6_5portDEEELh3EXadL_ZNS6_5portDEEELh4EXadL_ZNS6_5portBEEELh7ELh1ENS4_3DatIN4Loki8TypelistINS8_8Int2TypeILj12EEENS9_INSA_ILj13EEENS9_INSA_ILj14EEENS9_INSA_ILj15EEENS9_INSA_ILj84EEENS9_INSA_ILj85EEENS9_INSA_ILj104EEENS9_INSA_ILj107EEENS8_8NullTypeEEEEEEEEEEEEEEEEENS9_INSA_ILj8EEENS9_INSA_ILj9EEENS9_INSA_ILj10EEENS9_INSA_ILj11EEENS9_INSA_ILj80EEENS9_INSA_ILj81EEENS9_INSA_ILj82EEENS9_INSA_ILj83EEESJ_EEEEEEEEEEEEEEEENS9_ISB_NS9_ISF_NS9_ISG_SK_EEEEEEEELZ4dataEEEXadL_ZNS1C_11udreHandlerEvEEEEvPv
                0x00000666       0x8e ./main.o
                0x00000666                void srutil::Delegate<void ()>::method_stub<Saut::Com<&(Register::usart1Control), &(Register::usart1BaudRate), &(Register::usart1Data), &(Register::portD), (unsigned char)2, &(Register::portD), (unsigned char)3, &(Register::portD), (unsigned char)4, &(Register::portB), (unsigned char)7, (unsigned char)1, Saut::Dat<Loki::Typelist<Loki::Int2Type<12u>, Loki::Typelist<Loki::Int2Type<13u>, Loki::Typelist<Loki::Int2Type<14u>, Loki::Typelist<Loki::Int2Type<15u>, Loki::Typelist<Loki::Int2Type<84u>, Loki::Typelist<Loki::Int2Type<85u>, Loki::Typelist<Loki::Int2Type<104u>, Loki::Typelist<Loki::Int2Type<107u>, Loki::NullType> > > > > > > >, Loki::Typelist<Loki::Int2Type<8u>, Loki::Typelist<Loki::Int2Type<9u>, Loki::Typelist<Loki::Int2Type<10u>, Loki::Typelist<Loki::Int2Type<11u>, Loki::Typelist<Loki::Int2Type<80u>, Loki::Typelist<Loki::Int2Type<81u>, Loki::Typelist<Loki::Int2Type<82u>, Loki::Typelist<Loki::Int2Type<83u>, Loki::NullType> > > > > > > >, Loki::Typelist<Loki::Int2Type<12u>, Loki::Typelist<Loki::Int2Type<84u>, Loki::Typelist<Loki::Int2Type<85u>, Loki::Typelist<Loki::Int2Type<107u>, Loki::NullType> > > > >, data>, &(Saut::Com<&(Register::usart1Control), &(Register::usart1BaudRate), &(Register::usart1Data), &(Register::portD), (unsigned char)2, &(Register::portD), (unsigned char)3, &(Register::portD), (unsigned char)4, &(Register::portB), (unsigned char)7, (unsigned char)1, Saut::Dat<Loki::Typelist<Loki::Int2Type<12u>, Loki::Typelist<Loki::Int2Type<13u>, Loki::Typelist<Loki::Int2Type<14u>, Loki::Typelist<Loki::Int2Type<15u>, Loki::Typelist<Loki::Int2Type<84u>, Loki::Typelist<Loki::Int2Type<85u>, Loki::Typelist<Loki::Int2Type<104u>, Loki::Typelist<Loki::Int2Type<107u>, Loki::NullType> > > > > > > >, Loki::Typelist<Loki::Int2Type<8u>, Loki::Typelist<Loki::Int2Type<9u>, Loki::Typelist<Loki::Int2Type<10u>, Loki::Typelist<Loki::Int2Type<11u>, Loki::Typelist<Loki::Int2Type<80u>, Loki::Typelist<Loki::Int2Type<81u>, Loki::Typelist<Loki::Int2Type<82u>, Loki::Typelist<Loki::Int2Type<83u>, Loki::NullType> > > > > > > >, Loki::Typelist<Loki::Int2Type<12u>, Loki::Typelist<Loki::Int2Type<84u>, Loki::Typelist<Loki::Int2Type<85u>, Loki::Typelist<Loki::Int2Type<107u>, Loki::NullType> > > > >, data>::udreHandler())>(void*)
                0x00000666                void srutil::Delegate<void ()>::method_stub<Saut::Com<&(Register::usart1Control), &(Register::usart1BaudRate), &(Register::usart1Data), &(Register::portD), (unsigned char)2, &(Register::portD), (unsigned char)3, &(Register::portD), (unsigned char)4, &(Register::portB), (unsigned char)7, (unsigned char)1, Saut::Dat<Loki::Typelist<Loki::Int2Type<12u>, Loki::Typelist<Loki::Int2Type<13u>, Loki::Typelist<Loki::Int2Type<14u>, Loki::Typelist<Loki::Int2Type<15u>, Loki::Typelist<Loki::Int2Type<84u>, Loki::Typelist<Loki::Int2Type<85u>, Loki::Typelist<Loki::Int2Type<104u>, Loki::Typelist<Loki::Int2Type<107u>, Loki::NullType> > > > > > > >, Loki::Typelist<Loki::Int2Type<8u>, Loki::Typelist<Loki::Int2Type<9u>, Loki::Typelist<Loki::Int2Type<10u>, Loki::Typelist<Loki::Int2Type<11u>, Loki::Typelist<Loki::Int2Type<80u>, Loki::Typelist<Loki::Int2Type<81u>, Loki::Typelist<Loki::Int2Type<82u>, Loki::Typelist<Loki::Int2Type<83u>, Loki::NullType> > > > > > > >, Loki::Typelist<Loki::Int2Type<12u>, Loki::Typelist<Loki::Int2Type<84u>, Loki::Typelist<Loki::Int2Type<85u>, Loki::Typelist<Loki::Int2Type<107u>, Loki::NullType> > > > >, data>, &(Saut::Com<&(Register::usart1Control), &(Register::usart1BaudRate), &(Register::usart1Data), &(Register::portD), (unsigned char)2, &(Register::portD), (unsigned char)3, &(Register::portD), (unsigned char)4, &(Register::portB), (unsigned char)7, (unsigned char)1, Saut::Dat<Loki::Typelist<Loki::Int2Type<12u>, Loki::Typelist<Loki::Int2Type<13u>, Loki::Typelist<Loki::Int2Type<14u>, Loki::Typelist<Loki::Int2Type<15u>, Loki::Typelist<Loki::Int2Type<84u>, Loki::Typelist<Loki::Int2Type<85u>, Loki::Typelist<Loki::Int2Type<104u>, Loki::Typelist<Loki::Int2Type<107u>, Loki::NullType> > > > > > > >, Loki::Typelist<Loki::Int2Type<8u>, Loki::Typelist<Loki::Int2Type<9u>, Loki::Typelist<Loki::Int2Type<10u>, Loki::Typelist<Loki::Int2Type<11u>, Loki::Typelist<Loki::Int2Type<80u>, Loki::Typelist<Loki::Int2Type<81u>, Loki::Typelist<Loki::Int2Type<82u>, Loki::Typelist<Loki::Int2Type<83u>, Loki::NullType> > > > > > > >, Loki::Typelist<Loki::Int2Type<12u>, Loki::Typelist<Loki::Int2Type<84u>, Loki::Typelist<Loki::Int2Type<85u>, Loki::Typelist<Loki::Int2Type<107u>, Loki::NullType> > > > >, data>::udreHandler())>(void*)
 .text._ZN6srutil8DelegateIFjvEE11method_stubI24CeleritasSpatiumDimetiorIXadL_ZN8Register5portCEEELh4ELh5EXadL_ZNS5_5portBEEELh7E6CanDatIN4Loki8TypelistINS8_INS7_8Int2TypeILj6280EEENS8_INS9_ILj6792EEENS7_8NullTypeEEEEENS8_INS8_INS9_ILj18024EEENS8_INS9_ILj18056EEESC_EEEENS8_INS9_ILj25575EEENS8_INS9_ILj25544EEENS8_INS8_INS9_ILj50789EEENS8_INS9_ILj50821EEENS8_INS9_ILj38917EEENS8_INS9_ILj39429EEENS8_INS9_ILj25189EEENS8_INS9_ILj39299EEENS8_INS9_ILj39331EEENS8_INS9_ILj39361EEENS8_INS9_ILj39393EEESC_EEEEEEEEEEEEEEEEEESC_EEEEEEEEEENS8_INS9_ILj2309EEENS8_INS8_INS9_ILj2568EEENS8_INS9_ILj2632EEESC_EEEENS8_INS8_INS9_ILj2824EEENS8_INS9_ILj2888EEESC_EEEENS8_INS8_INS9_ILj3585EEENS8_INS9_ILj3073EEESC_EEEENS8_INS8_INS9_ILj4096EEENS8_INS9_ILj4224EEENS8_INS9_ILj4097EEENS8_INS9_ILj4225EEESC_EEEEEEEENS8_INS8_INS9_ILj4128EEENS8_INS9_ILj4256EEENS8_INS9_ILj4129EEENS8_INS9_ILj4257EEESC_EEEEEEEENS8_INS9_ILj6375EEENS8_INS9_ILj16936EEENS8_INS8_INS9_ILj19013EEENS8_INS9_ILj25093EEENS8_ISP_SC_EEEEEENS8_INS8_INS9_ILj36103EEENS8_INS9_ILj34821EEENS8_INS9_ILj35333EEESC_EEEEEESC_EEEEEEEEEEEEEEEEEEEENS8_IS24_NS8_IS18_NS8_IS23_NS8_ISP_NS8_IS1H_NS8_IS28_NS8_IS29_NS8_IS2A_NS8_IS19_NS8_IS1D_NS8_IS21_NS8_IS22_NS8_IS1L_NS8_IS1M_NS8_IS1T_NS8_IS1U_NS8_IS1N_NS8_IS1O_NS8_IS1V_NS8_IS1W_S1J_EEEEEEEEEEEEEEEEEEEEEEEEEEEEEEEEEEEEEEEELl100ELl75EELZ6canDatE5ClockI5AlarmI13BitfieldDummyI14TimerControl16EXadL_ZNS5_13timer3ControlEEEXadL_ZNS5_13timer3CounterEEEXadL_ZNS5_14timer3CompareAEEEXadL_ZNS5_19timer3InterruptMaskEEEXadL_ZNS5_19timer3InterruptFlagEEEXadL_Z20TIMER3_COMPA_handlerEELm1000EEmELZ5clockE9SchedulerIS3F_LZ5clockELh16EjELZ9schedulerEEXadL_ZNS3I_16accipioCeleritasEvEEEEjPv
                0x000006f4       0x20 ./main.o
                0x000006f4                unsigned int srutil::Delegate<unsigned int ()>::method_stub<CeleritasSpatiumDimetior<&(Register::portC), (unsigned char)4, (unsigned char)5, &(Register::portB), (unsigned char)7, CanDat<Loki::Typelist<Loki::Typelist<Loki::Int2Type<6280u>, Loki::Typelist<Loki::Int2Type<6792u>, Loki::NullType> >, Loki::Typelist<Loki::Typelist<Loki::Int2Type<18024u>, Loki::Typelist<Loki::Int2Type<18056u>, Loki::NullType> >, Loki::Typelist<Loki::Int2Type<25575u>, Loki::Typelist<Loki::Int2Type<25544u>, Loki::Typelist<Loki::Typelist<Loki::Int2Type<50789u>, Loki::Typelist<Loki::Int2Type<50821u>, Loki::Typelist<Loki::Int2Type<38917u>, Loki::Typelist<Loki::Int2Type<39429u>, Loki::Typelist<Loki::Int2Type<25189u>, Loki::Typelist<Loki::Int2Type<39299u>, Loki::Typelist<Loki::Int2Type<39331u>, Loki::Typelist<Loki::Int2Type<39361u>, Loki::Typelist<Loki::Int2Type<39393u>, Loki::NullType> > > > > > > > >, Loki::NullType> > > > >, Loki::Typelist<Loki::Int2Type<2309u>, Loki::Typelist<Loki::Typelist<Loki::Int2Type<2568u>, Loki::Typelist<Loki::Int2Type<2632u>, Loki::NullType> >, Loki::Typelist<Loki::Typelist<Loki::Int2Type<2824u>, Loki::Typelist<Loki::Int2Type<2888u>, Loki::NullType> >, Loki::Typelist<Loki::Typelist<Loki::Int2Type<3585u>, Loki::Typelist<Loki::Int2Type<3073u>, Loki::NullType> >, Loki::Typelist<Loki::Typelist<Loki::Int2Type<4096u>, Loki::Typelist<Loki::Int2Type<4224u>, Loki::Typelist<Loki::Int2Type<4097u>, Loki::Typelist<Loki::Int2Type<4225u>, Loki::NullType> > > >, Loki::Typelist<Loki::Typelist<Loki::Int2Type<4128u>, Loki::Typelist<Loki::Int2Type<4256u>, Loki::Typelist<Loki::Int2Type<4129u>, Loki::Typelist<Loki::Int2Type<4257u>, Loki::NullType> > > >, Loki::Typelist<Loki::Int2Type<6375u>, Loki::Typelist<Loki::Int2Type<16936u>, Loki::Typelist<Loki::Typelist<Loki::Int2Type<19013u>, Loki::Typelist<Loki::Int2Type<25093u>, Loki::Typelist<Loki::Int2Type<25189u>, Loki::NullType> > >, Loki::Typelist<Loki::Typelist<Loki::Int2Type<36103u>, Loki::Typelist<Loki::Int2Type<34821u>, Loki::Typelist<Loki::Int2Type<35333u>, Loki::NullType> > >, Loki::NullType> > > > > > > > > >, Loki::Typelist<Loki::Int2Type<25093u>, Loki::Typelist<Loki::Int2Type<2309u>, Loki::Typelist<Loki::Int2Type<19013u>, Loki::Typelist<Loki::Int2Type<25189u>, Loki::Typelist<Loki::Int2Type<3585u>, Loki::Typelist<Loki::Int2Type<36103u>, Loki::Typelist<Loki::Int2Type<34821u>, Loki::Typelist<Loki::Int2Type<35333u>, Loki::Typelist<Loki::Int2Type<2568u>, Loki::Typelist<Loki::Int2Type<2824u>, Loki::Typelist<Loki::Int2Type<6375u>, Loki::Typelist<Loki::Int2Type<16936u>, Loki::Typelist<Loki::Int2Type<4096u>, Loki::Typelist<Loki::Int2Type<4224u>, Loki::Typelist<Loki::Int2Type<4128u>, Loki::Typelist<Loki::Int2Type<4256u>, Loki::Typelist<Loki::Int2Type<4097u>, Loki::Typelist<Loki::Int2Type<4225u>, Loki::Typelist<Loki::Int2Type<4129u>, Loki::Typelist<Loki::Int2Type<4257u>, Loki::Typelist<Loki::Int2Type<3073u>, Loki::NullType> > > > > > > > > > > > > > > > > > > > >, 100l, 75l>, canDat, Clock<Alarm<BitfieldDummy<TimerControl16>, &(Register::timer3Control), &(Register::timer3Counter), &(Register::timer3CompareA), &(Register::timer3InterruptMask), &(Register::timer3InterruptFlag), &TIMER3_COMPA_handler, 1000ul>, unsigned long>, clock, Scheduler<Clock<Alarm<BitfieldDummy<TimerControl16>, &(Register::timer3Control), &(Register::timer3Counter), &(Register::timer3CompareA), &(Register::timer3InterruptMask), &(Register::timer3InterruptFlag), &TIMER3_COMPA_handler, 1000ul>, unsigned long>, clock, (unsigned char)16, unsigned int>, scheduler>, &(CeleritasSpatiumDimetior<&(Register::portC), (unsigned char)4, (unsigned char)5, &(Register::portB), (unsigned char)7, CanDat<Loki::Typelist<Loki::Typelist<Loki::Int2Type<6280u>, Loki::Typelist<Loki::Int2Type<6792u>, Loki::NullType> >, Loki::Typelist<Loki::Typelist<Loki::Int2Type<18024u>, Loki::Typelist<Loki::Int2Type<18056u>, Loki::NullType> >, Loki::Typelist<Loki::Int2Type<25575u>, Loki::Typelist<Loki::Int2Type<25544u>, Loki::Typelist<Loki::Typelist<Loki::Int2Type<50789u>, Loki::Typelist<Loki::Int2Type<50821u>, Loki::Typelist<Loki::Int2Type<38917u>, Loki::Typelist<Loki::Int2Type<39429u>, Loki::Typelist<Loki::Int2Type<25189u>, Loki::Typelist<Loki::Int2Type<39299u>, Loki::Typelist<Loki::Int2Type<39331u>, Loki::Typelist<Loki::Int2Type<39361u>, Loki::Typelist<Loki::Int2Type<39393u>, Loki::NullType> > > > > > > > >, Loki::NullType> > > > >, Loki::Typelist<Loki::Int2Type<2309u>, Loki::Typelist<Loki::Typelist<Loki::Int2Type<2568u>, Loki::Typelist<Loki::Int2Type<2632u>, Loki::NullType> >, Loki::Typelist<Loki::Typelist<Loki::Int2Type<2824u>, Loki::Typelist<Loki::Int2Type<2888u>, Loki::NullType> >, Loki::Typelist<Loki::Typelist<Loki::Int2Type<3585u>, Loki::Typelist<Loki::Int2Type<3073u>, Loki::NullType> >, Loki::Typelist<Loki::Typelist<Loki::Int2Type<4096u>, Loki::Typelist<Loki::Int2Type<4224u>, Loki::Typelist<Loki::Int2Type<4097u>, Loki::Typelist<Loki::Int2Type<4225u>, Loki::NullType> > > >, Loki::Typelist<Loki::Typelist<Loki::Int2Type<4128u>, Loki::Typelist<Loki::Int2Type<4256u>, Loki::Typelist<Loki::Int2Type<4129u>, Loki::Typelist<Loki::Int2Type<4257u>, Loki::NullType> > > >, Loki::Typelist<Loki::Int2Type<6375u>, Loki::Typelist<Loki::Int2Type<16936u>, Loki::Typelist<Loki::Typelist<Loki::Int2Type<19013u>, Loki::Typelist<Loki::Int2Type<25093u>, Loki::Typelist<Loki::Int2Type<25189u>, Loki::NullType> > >, Loki::Typelist<Loki::Typelist<Loki::Int2Type<36103u>, Loki::Typelist<Loki::Int2Type<34821u>, Loki::Typelist<Loki::Int2Type<35333u>, Loki::NullType> > >, Loki::NullType> > > > > > > > > >, Loki::Typelist<Loki::Int2Type<25093u>, Loki::Typelist<Loki::Int2Type<2309u>, Loki::Typelist<Loki::Int2Type<19013u>, Loki::Typelist<Loki::Int2Type<25189u>, Loki::Typelist<Loki::Int2Type<3585u>, Loki::Typelist<Loki::Int2Type<36103u>, Loki::Typelist<Loki::Int2Type<34821u>, Loki::Typelist<Loki::Int2Type<35333u>, Loki::Typelist<Loki::Int2Type<2568u>, Loki::Typelist<Loki::Int2Type<2824u>, Loki::Typelist<Loki::Int2Type<6375u>, Loki::Typelist<Loki::Int2Type<16936u>, Loki::Typelist<Loki::Int2Type<4096u>, Loki::Typelist<Loki::Int2Type<4224u>, Loki::Typelist<Loki::Int2Type<4128u>, Loki::Typelist<Loki::Int2Type<4256u>, Loki::Typelist<Loki::Int2Type<4097u>, Loki::Typelist<Loki::Int2Type<4225u>, Loki::Typelist<Loki::Int2Type<4129u>, Loki::Typelist<Loki::Int2Type<4257u>, Loki::Typelist<Loki::Int2Type<3073u>, Loki::NullType> > > > > > > > > > > > > > > > > > > > >, 100l, 75l>, canDat, Clock<Alarm<BitfieldDummy<TimerControl16>, &(Register::timer3Control), &(Register::timer3Counter), &(Register::timer3CompareA), &(Register::timer3InterruptMask), &(Register::timer3InterruptFlag), &TIMER3_COMPA_handler, 1000ul>, unsigned long>, clock, Scheduler<Clock<Alarm<BitfieldDummy<TimerControl16>, &(Register::timer3Control), &(Register::timer3Counter), &(Register::timer3CompareA), &(Register::timer3InterruptMask), &(Register::timer3InterruptFlag), &TIMER3_COMPA_handler, 1000ul>, unsigned long>, clock, (unsigned char)16, unsigned int>, scheduler>::accipioCeleritas())>(void*)
                0x000006f4                unsigned int srutil::Delegate<unsigned int ()>::method_stub<CeleritasSpatiumDimetior<&(Register::portC), (unsigned char)4, (unsigned char)5, &(Register::portB), (unsigned char)7, CanDat<Loki::Typelist<Loki::Typelist<Loki::Int2Type<6280u>, Loki::Typelist<Loki::Int2Type<6792u>, Loki::NullType> >, Loki::Typelist<Loki::Typelist<Loki::Int2Type<18024u>, Loki::Typelist<Loki::Int2Type<18056u>, Loki::NullType> >, Loki::Typelist<Loki::Int2Type<25575u>, Loki::Typelist<Loki::Int2Type<25544u>, Loki::Typelist<Loki::Typelist<Loki::Int2Type<50789u>, Loki::Typelist<Loki::Int2Type<50821u>, Loki::Typelist<Loki::Int2Type<38917u>, Loki::Typelist<Loki::Int2Type<39429u>, Loki::Typelist<Loki::Int2Type<25189u>, Loki::Typelist<Loki::Int2Type<39299u>, Loki::Typelist<Loki::Int2Type<39331u>, Loki::Typelist<Loki::Int2Type<39361u>, Loki::Typelist<Loki::Int2Type<39393u>, Loki::NullType> > > > > > > > >, Loki::NullType> > > > >, Loki::Typelist<Loki::Int2Type<2309u>, Loki::Typelist<Loki::Typelist<Loki::Int2Type<2568u>, Loki::Typelist<Loki::Int2Type<2632u>, Loki::NullType> >, Loki::Typelist<Loki::Typelist<Loki::Int2Type<2824u>, Loki::Typelist<Loki::Int2Type<2888u>, Loki::NullType> >, Loki::Typelist<Loki::Typelist<Loki::Int2Type<3585u>, Loki::Typelist<Loki::Int2Type<3073u>, Loki::NullType> >, Loki::Typelist<Loki::Typelist<Loki::Int2Type<4096u>, Loki::Typelist<Loki::Int2Type<4224u>, Loki::Typelist<Loki::Int2Type<4097u>, Loki::Typelist<Loki::Int2Type<4225u>, Loki::NullType> > > >, Loki::Typelist<Loki::Typelist<Loki::Int2Type<4128u>, Loki::Typelist<Loki::Int2Type<4256u>, Loki::Typelist<Loki::Int2Type<4129u>, Loki::Typelist<Loki::Int2Type<4257u>, Loki::NullType> > > >, Loki::Typelist<Loki::Int2Type<6375u>, Loki::Typelist<Loki::Int2Type<16936u>, Loki::Typelist<Loki::Typelist<Loki::Int2Type<19013u>, Loki::Typelist<Loki::Int2Type<25093u>, Loki::Typelist<Loki::Int2Type<25189u>, Loki::NullType> > >, Loki::Typelist<Loki::Typelist<Loki::Int2Type<36103u>, Loki::Typelist<Loki::Int2Type<34821u>, Loki::Typelist<Loki::Int2Type<35333u>, Loki::NullType> > >, Loki::NullType> > > > > > > > > >, Loki::Typelist<Loki::Int2Type<25093u>, Loki::Typelist<Loki::Int2Type<2309u>, Loki::Typelist<Loki::Int2Type<19013u>, Loki::Typelist<Loki::Int2Type<25189u>, Loki::Typelist<Loki::Int2Type<3585u>, Loki::Typelist<Loki::Int2Type<36103u>, Loki::Typelist<Loki::Int2Type<34821u>, Loki::Typelist<Loki::Int2Type<35333u>, Loki::Typelist<Loki::Int2Type<2568u>, Loki::Typelist<Loki::Int2Type<2824u>, Loki::Typelist<Loki::Int2Type<6375u>, Loki::Typelist<Loki::Int2Type<16936u>, Loki::Typelist<Loki::Int2Type<4096u>, Loki::Typelist<Loki::Int2Type<4224u>, Loki::Typelist<Loki::Int2Type<4128u>, Loki::Typelist<Loki::Int2Type<4256u>, Loki::Typelist<Loki::Int2Type<4097u>, Loki::Typelist<Loki::Int2Type<4225u>, Loki::Typelist<Loki::Int2Type<4129u>, Loki::Typelist<Loki::Int2Type<4257u>, Loki::Typelist<Loki::Int2Type<3073u>, Loki::NullType> > > > > > > > > > > > > > > > > > > > >, 100l, 75l>, canDat, Clock<Alarm<BitfieldDummy<TimerControl16>, &(Register::timer3Control), &(Register::timer3Counter), &(Register::timer3CompareA), &(Register::timer3InterruptMask), &(Register::timer3InterruptFlag), &TIMER3_COMPA_handler, 1000ul>, unsigned long>, clock, Scheduler<Clock<Alarm<BitfieldDummy<TimerControl16>, &(Register::timer3Control), &(Register::timer3Counter), &(Register::timer3CompareA), &(Register::timer3InterruptMask), &(Register::timer3InterruptFlag), &TIMER3_COMPA_handler, 1000ul>, unsigned long>, clock, (unsigned char)16, unsigned int>, scheduler>, &(CeleritasSpatiumDimetior<&(Register::portC), (unsigned char)4, (unsigned char)5, &(Register::portB), (unsigned char)7, CanDat<Loki::Typelist<Loki::Typelist<Loki::Int2Type<6280u>, Loki::Typelist<Loki::Int2Type<6792u>, Loki::NullType> >, Loki::Typelist<Loki::Typelist<Loki::Int2Type<18024u>, Loki::Typelist<Loki::Int2Type<18056u>, Loki::NullType> >, Loki::Typelist<Loki::Int2Type<25575u>, Loki::Typelist<Loki::Int2Type<25544u>, Loki::Typelist<Loki::Typelist<Loki::Int2Type<50789u>, Loki::Typelist<Loki::Int2Type<50821u>, Loki::Typelist<Loki::Int2Type<38917u>, Loki::Typelist<Loki::Int2Type<39429u>, Loki::Typelist<Loki::Int2Type<25189u>, Loki::Typelist<Loki::Int2Type<39299u>, Loki::Typelist<Loki::Int2Type<39331u>, Loki::Typelist<Loki::Int2Type<39361u>, Loki::Typelist<Loki::Int2Type<39393u>, Loki::NullType> > > > > > > > >, Loki::NullType> > > > >, Loki::Typelist<Loki::Int2Type<2309u>, Loki::Typelist<Loki::Typelist<Loki::Int2Type<2568u>, Loki::Typelist<Loki::Int2Type<2632u>, Loki::NullType> >, Loki::Typelist<Loki::Typelist<Loki::Int2Type<2824u>, Loki::Typelist<Loki::Int2Type<2888u>, Loki::NullType> >, Loki::Typelist<Loki::Typelist<Loki::Int2Type<3585u>, Loki::Typelist<Loki::Int2Type<3073u>, Loki::NullType> >, Loki::Typelist<Loki::Typelist<Loki::Int2Type<4096u>, Loki::Typelist<Loki::Int2Type<4224u>, Loki::Typelist<Loki::Int2Type<4097u>, Loki::Typelist<Loki::Int2Type<4225u>, Loki::NullType> > > >, Loki::Typelist<Loki::Typelist<Loki::Int2Type<4128u>, Loki::Typelist<Loki::Int2Type<4256u>, Loki::Typelist<Loki::Int2Type<4129u>, Loki::Typelist<Loki::Int2Type<4257u>, Loki::NullType> > > >, Loki::Typelist<Loki::Int2Type<6375u>, Loki::Typelist<Loki::Int2Type<16936u>, Loki::Typelist<Loki::Typelist<Loki::Int2Type<19013u>, Loki::Typelist<Loki::Int2Type<25093u>, Loki::Typelist<Loki::Int2Type<25189u>, Loki::NullType> > >, Loki::Typelist<Loki::Typelist<Loki::Int2Type<36103u>, Loki::Typelist<Loki::Int2Type<34821u>, Loki::Typelist<Loki::Int2Type<35333u>, Loki::NullType> > >, Loki::NullType> > > > > > > > > >, Loki::Typelist<Loki::Int2Type<25093u>, Loki::Typelist<Loki::Int2Type<2309u>, Loki::Typelist<Loki::Int2Type<19013u>, Loki::Typelist<Loki::Int2Type<25189u>, Loki::Typelist<Loki::Int2Type<3585u>, Loki::Typelist<Loki::Int2Type<36103u>, Loki::Typelist<Loki::Int2Type<34821u>, Loki::Typelist<Loki::Int2Type<35333u>, Loki::Typelist<Loki::Int2Type<2568u>, Loki::Typelist<Loki::Int2Type<2824u>, Loki::Typelist<Loki::Int2Type<6375u>, Loki::Typelist<Loki::Int2Type<16936u>, Loki::Typelist<Loki::Int2Type<4096u>, Loki::Typelist<Loki::Int2Type<4224u>, Loki::Typelist<Loki::Int2Type<4128u>, Loki::Typelist<Loki::Int2Type<4256u>, Loki::Typelist<Loki::Int2Type<4097u>, Loki::Typelist<Loki::Int2Type<4225u>, Loki::Typelist<Loki::Int2Type<4129u>, Loki::Typelist<Loki::Int2Type<4257u>, Loki::Typelist<Loki::Int2Type<3073u>, Loki::NullType> > > > > > > > > > > > > > > > > > > > >, 100l, 75l>, canDat, Clock<Alarm<BitfieldDummy<TimerControl16>, &(Register::timer3Control), &(Register::timer3Counter), &(Register::timer3CompareA), &(Register::timer3InterruptMask), &(Register::timer3InterruptFlag), &TIMER3_COMPA_handler, 1000ul>, unsigned long>, clock, Scheduler<Clock<Alarm<BitfieldDummy<TimerControl16>, &(Register::timer3Control), &(Register::timer3Counter), &(Register::timer3CompareA), &(Register::timer3InterruptMask), &(Register::timer3InterruptFlag), &TIMER3_COMPA_handler, 1000ul>, unsigned long>, clock, (unsigned char)16, unsigned int>, scheduler>::accipioCeleritas())>(void*)
 .text._ZN6srutil8DelegateIFlvEE11method_stubI24CeleritasSpatiumDimetiorIXadL_ZN8Register5portCEEELh4ELh5EXadL_ZNS5_5portBEEELh7E6CanDatIN4Loki8TypelistINS8_INS7_8Int2TypeILj6280EEENS8_INS9_ILj6792EEENS7_8NullTypeEEEEENS8_INS8_INS9_ILj18024EEENS8_INS9_ILj18056EEESC_EEEENS8_INS9_ILj25575EEENS8_INS9_ILj25544EEENS8_INS8_INS9_ILj50789EEENS8_INS9_ILj50821EEENS8_INS9_ILj38917EEENS8_INS9_ILj39429EEENS8_INS9_ILj25189EEENS8_INS9_ILj39299EEENS8_INS9_ILj39331EEENS8_INS9_ILj39361EEENS8_INS9_ILj39393EEESC_EEEEEEEEEEEEEEEEEESC_EEEEEEEEEENS8_INS9_ILj2309EEENS8_INS8_INS9_ILj2568EEENS8_INS9_ILj2632EEESC_EEEENS8_INS8_INS9_ILj2824EEENS8_INS9_ILj2888EEESC_EEEENS8_INS8_INS9_ILj3585EEENS8_INS9_ILj3073EEESC_EEEENS8_INS8_INS9_ILj4096EEENS8_INS9_ILj4224EEENS8_INS9_ILj4097EEENS8_INS9_ILj4225EEESC_EEEEEEEENS8_INS8_INS9_ILj4128EEENS8_INS9_ILj4256EEENS8_INS9_ILj4129EEENS8_INS9_ILj4257EEESC_EEEEEEEENS8_INS9_ILj6375EEENS8_INS9_ILj16936EEENS8_INS8_INS9_ILj19013EEENS8_INS9_ILj25093EEENS8_ISP_SC_EEEEEENS8_INS8_INS9_ILj36103EEENS8_INS9_ILj34821EEENS8_INS9_ILj35333EEESC_EEEEEESC_EEEEEEEEEEEEEEEEEEEENS8_IS24_NS8_IS18_NS8_IS23_NS8_ISP_NS8_IS1H_NS8_IS28_NS8_IS29_NS8_IS2A_NS8_IS19_NS8_IS1D_NS8_IS21_NS8_IS22_NS8_IS1L_NS8_IS1M_NS8_IS1T_NS8_IS1U_NS8_IS1N_NS8_IS1O_NS8_IS1V_NS8_IS1W_S1J_EEEEEEEEEEEEEEEEEEEEEEEEEEEEEEEEEEEEEEEELl100ELl75EELZ6canDatE5ClockI5AlarmI13BitfieldDummyI14TimerControl16EXadL_ZNS5_13timer3ControlEEEXadL_ZNS5_13timer3CounterEEEXadL_ZNS5_14timer3CompareAEEEXadL_ZNS5_19timer3InterruptMaskEEEXadL_ZNS5_19timer3InterruptFlagEEEXadL_Z20TIMER3_COMPA_handlerEELm1000EEmELZ5clockE9SchedulerIS3F_LZ5clockELh16EjELZ9schedulerEEXadL_ZNS3I_20accipioSpatiumMetersEvEEEElPv
                0x00000714        0xc ./main.o
                0x00000714                long srutil::Delegate<long ()>::method_stub<CeleritasSpatiumDimetior<&(Register::portC), (unsigned char)4, (unsigned char)5, &(Register::portB), (unsigned char)7, CanDat<Loki::Typelist<Loki::Typelist<Loki::Int2Type<6280u>, Loki::Typelist<Loki::Int2Type<6792u>, Loki::NullType> >, Loki::Typelist<Loki::Typelist<Loki::Int2Type<18024u>, Loki::Typelist<Loki::Int2Type<18056u>, Loki::NullType> >, Loki::Typelist<Loki::Int2Type<25575u>, Loki::Typelist<Loki::Int2Type<25544u>, Loki::Typelist<Loki::Typelist<Loki::Int2Type<50789u>, Loki::Typelist<Loki::Int2Type<50821u>, Loki::Typelist<Loki::Int2Type<38917u>, Loki::Typelist<Loki::Int2Type<39429u>, Loki::Typelist<Loki::Int2Type<25189u>, Loki::Typelist<Loki::Int2Type<39299u>, Loki::Typelist<Loki::Int2Type<39331u>, Loki::Typelist<Loki::Int2Type<39361u>, Loki::Typelist<Loki::Int2Type<39393u>, Loki::NullType> > > > > > > > >, Loki::NullType> > > > >, Loki::Typelist<Loki::Int2Type<2309u>, Loki::Typelist<Loki::Typelist<Loki::Int2Type<2568u>, Loki::Typelist<Loki::Int2Type<2632u>, Loki::NullType> >, Loki::Typelist<Loki::Typelist<Loki::Int2Type<2824u>, Loki::Typelist<Loki::Int2Type<2888u>, Loki::NullType> >, Loki::Typelist<Loki::Typelist<Loki::Int2Type<3585u>, Loki::Typelist<Loki::Int2Type<3073u>, Loki::NullType> >, Loki::Typelist<Loki::Typelist<Loki::Int2Type<4096u>, Loki::Typelist<Loki::Int2Type<4224u>, Loki::Typelist<Loki::Int2Type<4097u>, Loki::Typelist<Loki::Int2Type<4225u>, Loki::NullType> > > >, Loki::Typelist<Loki::Typelist<Loki::Int2Type<4128u>, Loki::Typelist<Loki::Int2Type<4256u>, Loki::Typelist<Loki::Int2Type<4129u>, Loki::Typelist<Loki::Int2Type<4257u>, Loki::NullType> > > >, Loki::Typelist<Loki::Int2Type<6375u>, Loki::Typelist<Loki::Int2Type<16936u>, Loki::Typelist<Loki::Typelist<Loki::Int2Type<19013u>, Loki::Typelist<Loki::Int2Type<25093u>, Loki::Typelist<Loki::Int2Type<25189u>, Loki::NullType> > >, Loki::Typelist<Loki::Typelist<Loki::Int2Type<36103u>, Loki::Typelist<Loki::Int2Type<34821u>, Loki::Typelist<Loki::Int2Type<35333u>, Loki::NullType> > >, Loki::NullType> > > > > > > > > >, Loki::Typelist<Loki::Int2Type<25093u>, Loki::Typelist<Loki::Int2Type<2309u>, Loki::Typelist<Loki::Int2Type<19013u>, Loki::Typelist<Loki::Int2Type<25189u>, Loki::Typelist<Loki::Int2Type<3585u>, Loki::Typelist<Loki::Int2Type<36103u>, Loki::Typelist<Loki::Int2Type<34821u>, Loki::Typelist<Loki::Int2Type<35333u>, Loki::Typelist<Loki::Int2Type<2568u>, Loki::Typelist<Loki::Int2Type<2824u>, Loki::Typelist<Loki::Int2Type<6375u>, Loki::Typelist<Loki::Int2Type<16936u>, Loki::Typelist<Loki::Int2Type<4096u>, Loki::Typelist<Loki::Int2Type<4224u>, Loki::Typelist<Loki::Int2Type<4128u>, Loki::Typelist<Loki::Int2Type<4256u>, Loki::Typelist<Loki::Int2Type<4097u>, Loki::Typelist<Loki::Int2Type<4225u>, Loki::Typelist<Loki::Int2Type<4129u>, Loki::Typelist<Loki::Int2Type<4257u>, Loki::Typelist<Loki::Int2Type<3073u>, Loki::NullType> > > > > > > > > > > > > > > > > > > > >, 100l, 75l>, canDat, Clock<Alarm<BitfieldDummy<TimerControl16>, &(Register::timer3Control), &(Register::timer3Counter), &(Register::timer3CompareA), &(Register::timer3InterruptMask), &(Register::timer3InterruptFlag), &TIMER3_COMPA_handler, 1000ul>, unsigned long>, clock, Scheduler<Clock<Alarm<BitfieldDummy<TimerControl16>, &(Register::timer3Control), &(Register::timer3Counter), &(Register::timer3CompareA), &(Register::timer3InterruptMask), &(Register::timer3InterruptFlag), &TIMER3_COMPA_handler, 1000ul>, unsigned long>, clock, (unsigned char)16, unsigned int>, scheduler>, &(CeleritasSpatiumDimetior<&(Register::portC), (unsigned char)4, (unsigned char)5, &(Register::portB), (unsigned char)7, CanDat<Loki::Typelist<Loki::Typelist<Loki::Int2Type<6280u>, Loki::Typelist<Loki::Int2Type<6792u>, Loki::NullType> >, Loki::Typelist<Loki::Typelist<Loki::Int2Type<18024u>, Loki::Typelist<Loki::Int2Type<18056u>, Loki::NullType> >, Loki::Typelist<Loki::Int2Type<25575u>, Loki::Typelist<Loki::Int2Type<25544u>, Loki::Typelist<Loki::Typelist<Loki::Int2Type<50789u>, Loki::Typelist<Loki::Int2Type<50821u>, Loki::Typelist<Loki::Int2Type<38917u>, Loki::Typelist<Loki::Int2Type<39429u>, Loki::Typelist<Loki::Int2Type<25189u>, Loki::Typelist<Loki::Int2Type<39299u>, Loki::Typelist<Loki::Int2Type<39331u>, Loki::Typelist<Loki::Int2Type<39361u>, Loki::Typelist<Loki::Int2Type<39393u>, Loki::NullType> > > > > > > > >, Loki::NullType> > > > >, Loki::Typelist<Loki::Int2Type<2309u>, Loki::Typelist<Loki::Typelist<Loki::Int2Type<2568u>, Loki::Typelist<Loki::Int2Type<2632u>, Loki::NullType> >, Loki::Typelist<Loki::Typelist<Loki::Int2Type<2824u>, Loki::Typelist<Loki::Int2Type<2888u>, Loki::NullType> >, Loki::Typelist<Loki::Typelist<Loki::Int2Type<3585u>, Loki::Typelist<Loki::Int2Type<3073u>, Loki::NullType> >, Loki::Typelist<Loki::Typelist<Loki::Int2Type<4096u>, Loki::Typelist<Loki::Int2Type<4224u>, Loki::Typelist<Loki::Int2Type<4097u>, Loki::Typelist<Loki::Int2Type<4225u>, Loki::NullType> > > >, Loki::Typelist<Loki::Typelist<Loki::Int2Type<4128u>, Loki::Typelist<Loki::Int2Type<4256u>, Loki::Typelist<Loki::Int2Type<4129u>, Loki::Typelist<Loki::Int2Type<4257u>, Loki::NullType> > > >, Loki::Typelist<Loki::Int2Type<6375u>, Loki::Typelist<Loki::Int2Type<16936u>, Loki::Typelist<Loki::Typelist<Loki::Int2Type<19013u>, Loki::Typelist<Loki::Int2Type<25093u>, Loki::Typelist<Loki::Int2Type<25189u>, Loki::NullType> > >, Loki::Typelist<Loki::Typelist<Loki::Int2Type<36103u>, Loki::Typelist<Loki::Int2Type<34821u>, Loki::Typelist<Loki::Int2Type<35333u>, Loki::NullType> > >, Loki::NullType> > > > > > > > > >, Loki::Typelist<Loki::Int2Type<25093u>, Loki::Typelist<Loki::Int2Type<2309u>, Loki::Typelist<Loki::Int2Type<19013u>, Loki::Typelist<Loki::Int2Type<25189u>, Loki::Typelist<Loki::Int2Type<3585u>, Loki::Typelist<Loki::Int2Type<36103u>, Loki::Typelist<Loki::Int2Type<34821u>, Loki::Typelist<Loki::Int2Type<35333u>, Loki::Typelist<Loki::Int2Type<2568u>, Loki::Typelist<Loki::Int2Type<2824u>, Loki::Typelist<Loki::Int2Type<6375u>, Loki::Typelist<Loki::Int2Type<16936u>, Loki::Typelist<Loki::Int2Type<4096u>, Loki::Typelist<Loki::Int2Type<4224u>, Loki::Typelist<Loki::Int2Type<4128u>, Loki::Typelist<Loki::Int2Type<4256u>, Loki::Typelist<Loki::Int2Type<4097u>, Loki::Typelist<Loki::Int2Type<4225u>, Loki::Typelist<Loki::Int2Type<4129u>, Loki::Typelist<Loki::Int2Type<4257u>, Loki::Typelist<Loki::Int2Type<3073u>, Loki::NullType> > > > > > > > > > > > > > > > > > > > >, 100l, 75l>, canDat, Clock<Alarm<BitfieldDummy<TimerControl16>, &(Register::timer3Control), &(Register::timer3Counter), &(Register::timer3CompareA), &(Register::timer3InterruptMask), &(Register::timer3InterruptFlag), &TIMER3_COMPA_handler, 1000ul>, unsigned long>, clock, Scheduler<Clock<Alarm<BitfieldDummy<TimerControl16>, &(Register::timer3Control), &(Register::timer3Counter), &(Register::timer3CompareA), &(Register::timer3InterruptMask), &(Register::timer3InterruptFlag), &TIMER3_COMPA_handler, 1000ul>, unsigned long>, clock, (unsigned char)16, unsigned int>, scheduler>::accipioSpatiumMeters())>(void*)
                0x00000714                long srutil::Delegate<long ()>::method_stub<CeleritasSpatiumDimetior<&(Register::portC), (unsigned char)4, (unsigned char)5, &(Register::portB), (unsigned char)7, CanDat<Loki::Typelist<Loki::Typelist<Loki::Int2Type<6280u>, Loki::Typelist<Loki::Int2Type<6792u>, Loki::NullType> >, Loki::Typelist<Loki::Typelist<Loki::Int2Type<18024u>, Loki::Typelist<Loki::Int2Type<18056u>, Loki::NullType> >, Loki::Typelist<Loki::Int2Type<25575u>, Loki::Typelist<Loki::Int2Type<25544u>, Loki::Typelist<Loki::Typelist<Loki::Int2Type<50789u>, Loki::Typelist<Loki::Int2Type<50821u>, Loki::Typelist<Loki::Int2Type<38917u>, Loki::Typelist<Loki::Int2Type<39429u>, Loki::Typelist<Loki::Int2Type<25189u>, Loki::Typelist<Loki::Int2Type<39299u>, Loki::Typelist<Loki::Int2Type<39331u>, Loki::Typelist<Loki::Int2Type<39361u>, Loki::Typelist<Loki::Int2Type<39393u>, Loki::NullType> > > > > > > > >, Loki::NullType> > > > >, Loki::Typelist<Loki::Int2Type<2309u>, Loki::Typelist<Loki::Typelist<Loki::Int2Type<2568u>, Loki::Typelist<Loki::Int2Type<2632u>, Loki::NullType> >, Loki::Typelist<Loki::Typelist<Loki::Int2Type<2824u>, Loki::Typelist<Loki::Int2Type<2888u>, Loki::NullType> >, Loki::Typelist<Loki::Typelist<Loki::Int2Type<3585u>, Loki::Typelist<Loki::Int2Type<3073u>, Loki::NullType> >, Loki::Typelist<Loki::Typelist<Loki::Int2Type<4096u>, Loki::Typelist<Loki::Int2Type<4224u>, Loki::Typelist<Loki::Int2Type<4097u>, Loki::Typelist<Loki::Int2Type<4225u>, Loki::NullType> > > >, Loki::Typelist<Loki::Typelist<Loki::Int2Type<4128u>, Loki::Typelist<Loki::Int2Type<4256u>, Loki::Typelist<Loki::Int2Type<4129u>, Loki::Typelist<Loki::Int2Type<4257u>, Loki::NullType> > > >, Loki::Typelist<Loki::Int2Type<6375u>, Loki::Typelist<Loki::Int2Type<16936u>, Loki::Typelist<Loki::Typelist<Loki::Int2Type<19013u>, Loki::Typelist<Loki::Int2Type<25093u>, Loki::Typelist<Loki::Int2Type<25189u>, Loki::NullType> > >, Loki::Typelist<Loki::Typelist<Loki::Int2Type<36103u>, Loki::Typelist<Loki::Int2Type<34821u>, Loki::Typelist<Loki::Int2Type<35333u>, Loki::NullType> > >, Loki::NullType> > > > > > > > > >, Loki::Typelist<Loki::Int2Type<25093u>, Loki::Typelist<Loki::Int2Type<2309u>, Loki::Typelist<Loki::Int2Type<19013u>, Loki::Typelist<Loki::Int2Type<25189u>, Loki::Typelist<Loki::Int2Type<3585u>, Loki::Typelist<Loki::Int2Type<36103u>, Loki::Typelist<Loki::Int2Type<34821u>, Loki::Typelist<Loki::Int2Type<35333u>, Loki::Typelist<Loki::Int2Type<2568u>, Loki::Typelist<Loki::Int2Type<2824u>, Loki::Typelist<Loki::Int2Type<6375u>, Loki::Typelist<Loki::Int2Type<16936u>, Loki::Typelist<Loki::Int2Type<4096u>, Loki::Typelist<Loki::Int2Type<4224u>, Loki::Typelist<Loki::Int2Type<4128u>, Loki::Typelist<Loki::Int2Type<4256u>, Loki::Typelist<Loki::Int2Type<4097u>, Loki::Typelist<Loki::Int2Type<4225u>, Loki::Typelist<Loki::Int2Type<4129u>, Loki::Typelist<Loki::Int2Type<4257u>, Loki::Typelist<Loki::Int2Type<3073u>, Loki::NullType> > > > > > > > > > > > > > > > > > > > >, 100l, 75l>, canDat, Clock<Alarm<BitfieldDummy<TimerControl16>, &(Register::timer3Control), &(Register::timer3Counter), &(Register::timer3CompareA), &(Register::timer3InterruptMask), &(Register::timer3InterruptFlag), &TIMER3_COMPA_handler, 1000ul>, unsigned long>, clock, Scheduler<Clock<Alarm<BitfieldDummy<TimerControl16>, &(Register::timer3Control), &(Register::timer3Counter), &(Register::timer3CompareA), &(Register::timer3InterruptMask), &(Register::timer3InterruptFlag), &TIMER3_COMPA_handler, 1000ul>, unsigned long>, clock, (unsigned char)16, unsigned int>, scheduler>, &(CeleritasSpatiumDimetior<&(Register::portC), (unsigned char)4, (unsigned char)5, &(Register::portB), (unsigned char)7, CanDat<Loki::Typelist<Loki::Typelist<Loki::Int2Type<6280u>, Loki::Typelist<Loki::Int2Type<6792u>, Loki::NullType> >, Loki::Typelist<Loki::Typelist<Loki::Int2Type<18024u>, Loki::Typelist<Loki::Int2Type<18056u>, Loki::NullType> >, Loki::Typelist<Loki::Int2Type<25575u>, Loki::Typelist<Loki::Int2Type<25544u>, Loki::Typelist<Loki::Typelist<Loki::Int2Type<50789u>, Loki::Typelist<Loki::Int2Type<50821u>, Loki::Typelist<Loki::Int2Type<38917u>, Loki::Typelist<Loki::Int2Type<39429u>, Loki::Typelist<Loki::Int2Type<25189u>, Loki::Typelist<Loki::Int2Type<39299u>, Loki::Typelist<Loki::Int2Type<39331u>, Loki::Typelist<Loki::Int2Type<39361u>, Loki::Typelist<Loki::Int2Type<39393u>, Loki::NullType> > > > > > > > >, Loki::NullType> > > > >, Loki::Typelist<Loki::Int2Type<2309u>, Loki::Typelist<Loki::Typelist<Loki::Int2Type<2568u>, Loki::Typelist<Loki::Int2Type<2632u>, Loki::NullType> >, Loki::Typelist<Loki::Typelist<Loki::Int2Type<2824u>, Loki::Typelist<Loki::Int2Type<2888u>, Loki::NullType> >, Loki::Typelist<Loki::Typelist<Loki::Int2Type<3585u>, Loki::Typelist<Loki::Int2Type<3073u>, Loki::NullType> >, Loki::Typelist<Loki::Typelist<Loki::Int2Type<4096u>, Loki::Typelist<Loki::Int2Type<4224u>, Loki::Typelist<Loki::Int2Type<4097u>, Loki::Typelist<Loki::Int2Type<4225u>, Loki::NullType> > > >, Loki::Typelist<Loki::Typelist<Loki::Int2Type<4128u>, Loki::Typelist<Loki::Int2Type<4256u>, Loki::Typelist<Loki::Int2Type<4129u>, Loki::Typelist<Loki::Int2Type<4257u>, Loki::NullType> > > >, Loki::Typelist<Loki::Int2Type<6375u>, Loki::Typelist<Loki::Int2Type<16936u>, Loki::Typelist<Loki::Typelist<Loki::Int2Type<19013u>, Loki::Typelist<Loki::Int2Type<25093u>, Loki::Typelist<Loki::Int2Type<25189u>, Loki::NullType> > >, Loki::Typelist<Loki::Typelist<Loki::Int2Type<36103u>, Loki::Typelist<Loki::Int2Type<34821u>, Loki::Typelist<Loki::Int2Type<35333u>, Loki::NullType> > >, Loki::NullType> > > > > > > > > >, Loki::Typelist<Loki::Int2Type<25093u>, Loki::Typelist<Loki::Int2Type<2309u>, Loki::Typelist<Loki::Int2Type<19013u>, Loki::Typelist<Loki::Int2Type<25189u>, Loki::Typelist<Loki::Int2Type<3585u>, Loki::Typelist<Loki::Int2Type<36103u>, Loki::Typelist<Loki::Int2Type<34821u>, Loki::Typelist<Loki::Int2Type<35333u>, Loki::Typelist<Loki::Int2Type<2568u>, Loki::Typelist<Loki::Int2Type<2824u>, Loki::Typelist<Loki::Int2Type<6375u>, Loki::Typelist<Loki::Int2Type<16936u>, Loki::Typelist<Loki::Int2Type<4096u>, Loki::Typelist<Loki::Int2Type<4224u>, Loki::Typelist<Loki::Int2Type<4128u>, Loki::Typelist<Loki::Int2Type<4256u>, Loki::Typelist<Loki::Int2Type<4097u>, Loki::Typelist<Loki::Int2Type<4225u>, Loki::Typelist<Loki::Int2Type<4129u>, Loki::Typelist<Loki::Int2Type<4257u>, Loki::Typelist<Loki::Int2Type<3073u>, Loki::NullType> > > > > > > > > > > > > > > > > > > > >, 100l, 75l>, canDat, Clock<Alarm<BitfieldDummy<TimerControl16>, &(Register::timer3Control), &(Register::timer3Counter), &(Register::timer3CompareA), &(Register::timer3InterruptMask), &(Register::timer3InterruptFlag), &TIMER3_COMPA_handler, 1000ul>, unsigned long>, clock, Scheduler<Clock<Alarm<BitfieldDummy<TimerControl16>, &(Register::timer3Control), &(Register::timer3Counter), &(Register::timer3CompareA), &(Register::timer3InterruptMask), &(Register::timer3InterruptFlag), &TIMER3_COMPA_handler, 1000ul>, unsigned long>, clock, (unsigned char)16, unsigned int>, scheduler>::accipioSpatiumMeters())>(void*)
 .text._ZN6srutil8DelegateIFvjEE13function_stubIXadL_Z12kptFallTimeBjEEEEvPvj
                0x00000720       0x28 ./main.o
                0x00000720                void srutil::Delegate<void (unsigned int)>::function_stub<&(kptFallTimeB(unsigned int))>(void*, unsigned int)
 .text._ZN6srutil8DelegateIFvjEE13function_stubIXadL_Z12kptFallTimeAjEEEEvPvj
                0x00000748       0x28 ./main.o
                0x00000748                void srutil::Delegate<void (unsigned int)>::function_stub<&(kptFallTimeA(unsigned int))>(void*, unsigned int)
 .text._ZN6srutil8DelegateIFvvEE11method_stubI3KptI5ClockI5AlarmI13BitfieldDummyI14TimerControl16EXadL_ZN8Register13timer3ControlEEEXadL_ZNSA_13timer3CounterEEEXadL_ZNSA_14timer3CompareAEEEXadL_ZNSA_19timer3InterruptMaskEEEXadL_ZNSA_19timer3InterruptFlagEEEXadL_Z20TIMER3_COMPA_handlerEELm1000EEmELZ5clockE9SchedulerISC_LZ5clockELh16EjELZ9schedulerE6CanDatIN4Loki8TypelistINSH_INSG_8Int2TypeILj6280EEENSH_INSI_ILj6792EEENSG_8NullTypeEEEEENSH_INSH_INSI_ILj18024EEENSH_INSI_ILj18056EEESL_EEEENSH_INSI_ILj25575EEENSH_INSI_ILj25544EEENSH_INSH_INSI_ILj50789EEENSH_INSI_ILj50821EEENSH_INSI_ILj38917EEENSH_INSI_ILj39429EEENSH_INSI_ILj25189EEENSH_INSI_ILj39299EEENSH_INSI_ILj39331EEENSH_INSI_ILj39361EEENSH_INSI_ILj39393EEESL_EEEEEEEEEEEEEEEEEESL_EEEEEEEEEENSH_INSI_ILj2309EEENSH_INSH_INSI_ILj2568EEENSH_INSI_ILj2632EEESL_EEEENSH_INSH_INSI_ILj2824EEENSH_INSI_ILj2888EEESL_EEEENSH_INSH_INSI_ILj3585EEENSH_INSI_ILj3073EEESL_EEEENSH_INSH_INSI_ILj4096EEENSH_INSI_ILj4224EEENSH_INSI_ILj4097EEENSH_INSI_ILj4225EEESL_EEEEEEEENSH_INSH_INSI_ILj4128EEENSH_INSI_ILj4256EEENSH_INSI_ILj4129EEENSH_INSI_ILj4257EEESL_EEEEEEEENSH_INSI_ILj6375EEENSH_INSI_ILj16936EEENSH_INSH_INSI_ILj19013EEENSH_INSI_ILj25093EEENSH_ISY_SL_EEEEEENSH_INSH_INSI_ILj36103EEENSH_INSI_ILj34821EEENSH_INSI_ILj35333EEESL_EEEEEESL_EEEEEEEEEEEEEEEEEEEENSH_IS2D_NSH_IS1H_NSH_IS2C_NSH_ISY_NSH_IS1Q_NSH_IS2H_NSH_IS2I_NSH_IS2J_NSH_IS1I_NSH_IS1M_NSH_IS2A_NSH_IS2B_NSH_IS1U_NSH_IS1V_NSH_IS22_NSH_IS23_NSH_IS1W_NSH_IS1X_NSH_IS24_NSH_IS25_S1S_EEEEEEEEEEEEEEEEEEEEEEEEEEEEEEEEEEEEEEEELl100ELl75EELZ6canDatEEXadL_ZNS3I_11lisPlusPlusEvEEEEvPv
                0x00000770       0x1a ./main.o
                0x00000770                void srutil::Delegate<void ()>::method_stub<Kpt<Clock<Alarm<BitfieldDummy<TimerControl16>, &(Register::timer3Control), &(Register::timer3Counter), &(Register::timer3CompareA), &(Register::timer3InterruptMask), &(Register::timer3InterruptFlag), &TIMER3_COMPA_handler, 1000ul>, unsigned long>, clock, Scheduler<Clock<Alarm<BitfieldDummy<TimerControl16>, &(Register::timer3Control), &(Register::timer3Counter), &(Register::timer3CompareA), &(Register::timer3InterruptMask), &(Register::timer3InterruptFlag), &TIMER3_COMPA_handler, 1000ul>, unsigned long>, clock, (unsigned char)16, unsigned int>, scheduler, CanDat<Loki::Typelist<Loki::Typelist<Loki::Int2Type<6280u>, Loki::Typelist<Loki::Int2Type<6792u>, Loki::NullType> >, Loki::Typelist<Loki::Typelist<Loki::Int2Type<18024u>, Loki::Typelist<Loki::Int2Type<18056u>, Loki::NullType> >, Loki::Typelist<Loki::Int2Type<25575u>, Loki::Typelist<Loki::Int2Type<25544u>, Loki::Typelist<Loki::Typelist<Loki::Int2Type<50789u>, Loki::Typelist<Loki::Int2Type<50821u>, Loki::Typelist<Loki::Int2Type<38917u>, Loki::Typelist<Loki::Int2Type<39429u>, Loki::Typelist<Loki::Int2Type<25189u>, Loki::Typelist<Loki::Int2Type<39299u>, Loki::Typelist<Loki::Int2Type<39331u>, Loki::Typelist<Loki::Int2Type<39361u>, Loki::Typelist<Loki::Int2Type<39393u>, Loki::NullType> > > > > > > > >, Loki::NullType> > > > >, Loki::Typelist<Loki::Int2Type<2309u>, Loki::Typelist<Loki::Typelist<Loki::Int2Type<2568u>, Loki::Typelist<Loki::Int2Type<2632u>, Loki::NullType> >, Loki::Typelist<Loki::Typelist<Loki::Int2Type<2824u>, Loki::Typelist<Loki::Int2Type<2888u>, Loki::NullType> >, Loki::Typelist<Loki::Typelist<Loki::Int2Type<3585u>, Loki::Typelist<Loki::Int2Type<3073u>, Loki::NullType> >, Loki::Typelist<Loki::Typelist<Loki::Int2Type<4096u>, Loki::Typelist<Loki::Int2Type<4224u>, Loki::Typelist<Loki::Int2Type<4097u>, Loki::Typelist<Loki::Int2Type<4225u>, Loki::NullType> > > >, Loki::Typelist<Loki::Typelist<Loki::Int2Type<4128u>, Loki::Typelist<Loki::Int2Type<4256u>, Loki::Typelist<Loki::Int2Type<4129u>, Loki::Typelist<Loki::Int2Type<4257u>, Loki::NullType> > > >, Loki::Typelist<Loki::Int2Type<6375u>, Loki::Typelist<Loki::Int2Type<16936u>, Loki::Typelist<Loki::Typelist<Loki::Int2Type<19013u>, Loki::Typelist<Loki::Int2Type<25093u>, Loki::Typelist<Loki::Int2Type<25189u>, Loki::NullType> > >, Loki::Typelist<Loki::Typelist<Loki::Int2Type<36103u>, Loki::Typelist<Loki::Int2Type<34821u>, Loki::Typelist<Loki::Int2Type<35333u>, Loki::NullType> > >, Loki::NullType> > > > > > > > > >, Loki::Typelist<Loki::Int2Type<25093u>, Loki::Typelist<Loki::Int2Type<2309u>, Loki::Typelist<Loki::Int2Type<19013u>, Loki::Typelist<Loki::Int2Type<25189u>, Loki::Typelist<Loki::Int2Type<3585u>, Loki::Typelist<Loki::Int2Type<36103u>, Loki::Typelist<Loki::Int2Type<34821u>, Loki::Typelist<Loki::Int2Type<35333u>, Loki::Typelist<Loki::Int2Type<2568u>, Loki::Typelist<Loki::Int2Type<2824u>, Loki::Typelist<Loki::Int2Type<6375u>, Loki::Typelist<Loki::Int2Type<16936u>, Loki::Typelist<Loki::Int2Type<4096u>, Loki::Typelist<Loki::Int2Type<4224u>, Loki::Typelist<Loki::Int2Type<4128u>, Loki::Typelist<Loki::Int2Type<4256u>, Loki::Typelist<Loki::Int2Type<4097u>, Loki::Typelist<Loki::Int2Type<4225u>, Loki::Typelist<Loki::Int2Type<4129u>, Loki::Typelist<Loki::Int2Type<4257u>, Loki::Typelist<Loki::Int2Type<3073u>, Loki::NullType> > > > > > > > > > > > > > > > > > > > >, 100l, 75l>, canDat>, &(Kpt<Clock<Alarm<BitfieldDummy<TimerControl16>, &(Register::timer3Control), &(Register::timer3Counter), &(Register::timer3CompareA), &(Register::timer3InterruptMask), &(Register::timer3InterruptFlag), &TIMER3_COMPA_handler, 1000ul>, unsigned long>, clock, Scheduler<Clock<Alarm<BitfieldDummy<TimerControl16>, &(Register::timer3Control), &(Register::timer3Counter), &(Register::timer3CompareA), &(Register::timer3InterruptMask), &(Register::timer3InterruptFlag), &TIMER3_COMPA_handler, 1000ul>, unsigned long>, clock, (unsigned char)16, unsigned int>, scheduler, CanDat<Loki::Typelist<Loki::Typelist<Loki::Int2Type<6280u>, Loki::Typelist<Loki::Int2Type<6792u>, Loki::NullType> >, Loki::Typelist<Loki::Typelist<Loki::Int2Type<18024u>, Loki::Typelist<Loki::Int2Type<18056u>, Loki::NullType> >, Loki::Typelist<Loki::Int2Type<25575u>, Loki::Typelist<Loki::Int2Type<25544u>, Loki::Typelist<Loki::Typelist<Loki::Int2Type<50789u>, Loki::Typelist<Loki::Int2Type<50821u>, Loki::Typelist<Loki::Int2Type<38917u>, Loki::Typelist<Loki::Int2Type<39429u>, Loki::Typelist<Loki::Int2Type<25189u>, Loki::Typelist<Loki::Int2Type<39299u>, Loki::Typelist<Loki::Int2Type<39331u>, Loki::Typelist<Loki::Int2Type<39361u>, Loki::Typelist<Loki::Int2Type<39393u>, Loki::NullType> > > > > > > > >, Loki::NullType> > > > >, Loki::Typelist<Loki::Int2Type<2309u>, Loki::Typelist<Loki::Typelist<Loki::Int2Type<2568u>, Loki::Typelist<Loki::Int2Type<2632u>, Loki::NullType> >, Loki::Typelist<Loki::Typelist<Loki::Int2Type<2824u>, Loki::Typelist<Loki::Int2Type<2888u>, Loki::NullType> >, Loki::Typelist<Loki::Typelist<Loki::Int2Type<3585u>, Loki::Typelist<Loki::Int2Type<3073u>, Loki::NullType> >, Loki::Typelist<Loki::Typelist<Loki::Int2Type<4096u>, Loki::Typelist<Loki::Int2Type<4224u>, Loki::Typelist<Loki::Int2Type<4097u>, Loki::Typelist<Loki::Int2Type<4225u>, Loki::NullType> > > >, Loki::Typelist<Loki::Typelist<Loki::Int2Type<4128u>, Loki::Typelist<Loki::Int2Type<4256u>, Loki::Typelist<Loki::Int2Type<4129u>, Loki::Typelist<Loki::Int2Type<4257u>, Loki::NullType> > > >, Loki::Typelist<Loki::Int2Type<6375u>, Loki::Typelist<Loki::Int2Type<16936u>, Loki::Typelist<Loki::Typelist<Loki::Int2Type<19013u>, Loki::Typelist<Loki::Int2Type<25093u>, Loki::Typelist<Loki::Int2Type<25189u>, Loki::NullType> > >, Loki::Typelist<Loki::Typelist<Loki::Int2Type<36103u>, Loki::Typelist<Loki::Int2Type<34821u>, Loki::Typelist<Loki::Int2Type<35333u>, Loki::NullType> > >, Loki::NullType> > > > > > > > > >, Loki::Typelist<Loki::Int2Type<25093u>, Loki::Typelist<Loki::Int2Type<2309u>, Loki::Typelist<Loki::Int2Type<19013u>, Loki::Typelist<Loki::Int2Type<25189u>, Loki::Typelist<Loki::Int2Type<3585u>, Loki::Typelist<Loki::Int2Type<36103u>, Loki::Typelist<Loki::Int2Type<34821u>, Loki::Typelist<Loki::Int2Type<35333u>, Loki::Typelist<Loki::Int2Type<2568u>, Loki::Typelist<Loki::Int2Type<2824u>, Loki::Typelist<Loki::Int2Type<6375u>, Loki::Typelist<Loki::Int2Type<16936u>, Loki::Typelist<Loki::Int2Type<4096u>, Loki::Typelist<Loki::Int2Type<4224u>, Loki::Typelist<Loki::Int2Type<4128u>, Loki::Typelist<Loki::Int2Type<4256u>, Loki::Typelist<Loki::Int2Type<4097u>, Loki::Typelist<Loki::Int2Type<4225u>, Loki::Typelist<Loki::Int2Type<4129u>, Loki::Typelist<Loki::Int2Type<4257u>, Loki::Typelist<Loki::Int2Type<3073u>, Loki::NullType> > > > > > > > > > > > > > > > > > > > >, 100l, 75l>, canDat>::lisPlusPlus())>(void*)
                0x00000770                void srutil::Delegate<void ()>::method_stub<Kpt<Clock<Alarm<BitfieldDummy<TimerControl16>, &(Register::timer3Control), &(Register::timer3Counter), &(Register::timer3CompareA), &(Register::timer3InterruptMask), &(Register::timer3InterruptFlag), &TIMER3_COMPA_handler, 1000ul>, unsigned long>, clock, Scheduler<Clock<Alarm<BitfieldDummy<TimerControl16>, &(Register::timer3Control), &(Register::timer3Counter), &(Register::timer3CompareA), &(Register::timer3InterruptMask), &(Register::timer3InterruptFlag), &TIMER3_COMPA_handler, 1000ul>, unsigned long>, clock, (unsigned char)16, unsigned int>, scheduler, CanDat<Loki::Typelist<Loki::Typelist<Loki::Int2Type<6280u>, Loki::Typelist<Loki::Int2Type<6792u>, Loki::NullType> >, Loki::Typelist<Loki::Typelist<Loki::Int2Type<18024u>, Loki::Typelist<Loki::Int2Type<18056u>, Loki::NullType> >, Loki::Typelist<Loki::Int2Type<25575u>, Loki::Typelist<Loki::Int2Type<25544u>, Loki::Typelist<Loki::Typelist<Loki::Int2Type<50789u>, Loki::Typelist<Loki::Int2Type<50821u>, Loki::Typelist<Loki::Int2Type<38917u>, Loki::Typelist<Loki::Int2Type<39429u>, Loki::Typelist<Loki::Int2Type<25189u>, Loki::Typelist<Loki::Int2Type<39299u>, Loki::Typelist<Loki::Int2Type<39331u>, Loki::Typelist<Loki::Int2Type<39361u>, Loki::Typelist<Loki::Int2Type<39393u>, Loki::NullType> > > > > > > > >, Loki::NullType> > > > >, Loki::Typelist<Loki::Int2Type<2309u>, Loki::Typelist<Loki::Typelist<Loki::Int2Type<2568u>, Loki::Typelist<Loki::Int2Type<2632u>, Loki::NullType> >, Loki::Typelist<Loki::Typelist<Loki::Int2Type<2824u>, Loki::Typelist<Loki::Int2Type<2888u>, Loki::NullType> >, Loki::Typelist<Loki::Typelist<Loki::Int2Type<3585u>, Loki::Typelist<Loki::Int2Type<3073u>, Loki::NullType> >, Loki::Typelist<Loki::Typelist<Loki::Int2Type<4096u>, Loki::Typelist<Loki::Int2Type<4224u>, Loki::Typelist<Loki::Int2Type<4097u>, Loki::Typelist<Loki::Int2Type<4225u>, Loki::NullType> > > >, Loki::Typelist<Loki::Typelist<Loki::Int2Type<4128u>, Loki::Typelist<Loki::Int2Type<4256u>, Loki::Typelist<Loki::Int2Type<4129u>, Loki::Typelist<Loki::Int2Type<4257u>, Loki::NullType> > > >, Loki::Typelist<Loki::Int2Type<6375u>, Loki::Typelist<Loki::Int2Type<16936u>, Loki::Typelist<Loki::Typelist<Loki::Int2Type<19013u>, Loki::Typelist<Loki::Int2Type<25093u>, Loki::Typelist<Loki::Int2Type<25189u>, Loki::NullType> > >, Loki::Typelist<Loki::Typelist<Loki::Int2Type<36103u>, Loki::Typelist<Loki::Int2Type<34821u>, Loki::Typelist<Loki::Int2Type<35333u>, Loki::NullType> > >, Loki::NullType> > > > > > > > > >, Loki::Typelist<Loki::Int2Type<25093u>, Loki::Typelist<Loki::Int2Type<2309u>, Loki::Typelist<Loki::Int2Type<19013u>, Loki::Typelist<Loki::Int2Type<25189u>, Loki::Typelist<Loki::Int2Type<3585u>, Loki::Typelist<Loki::Int2Type<36103u>, Loki::Typelist<Loki::Int2Type<34821u>, Loki::Typelist<Loki::Int2Type<35333u>, Loki::Typelist<Loki::Int2Type<2568u>, Loki::Typelist<Loki::Int2Type<2824u>, Loki::Typelist<Loki::Int2Type<6375u>, Loki::Typelist<Loki::Int2Type<16936u>, Loki::Typelist<Loki::Int2Type<4096u>, Loki::Typelist<Loki::Int2Type<4224u>, Loki::Typelist<Loki::Int2Type<4128u>, Loki::Typelist<Loki::Int2Type<4256u>, Loki::Typelist<Loki::Int2Type<4097u>, Loki::Typelist<Loki::Int2Type<4225u>, Loki::Typelist<Loki::Int2Type<4129u>, Loki::Typelist<Loki::Int2Type<4257u>, Loki::Typelist<Loki::Int2Type<3073u>, Loki::NullType> > > > > > > > > > > > > > > > > > > > >, 100l, 75l>, canDat>, &(Kpt<Clock<Alarm<BitfieldDummy<TimerControl16>, &(Register::timer3Control), &(Register::timer3Counter), &(Register::timer3CompareA), &(Register::timer3InterruptMask), &(Register::timer3InterruptFlag), &TIMER3_COMPA_handler, 1000ul>, unsigned long>, clock, Scheduler<Clock<Alarm<BitfieldDummy<TimerControl16>, &(Register::timer3Control), &(Register::timer3Counter), &(Register::timer3CompareA), &(Register::timer3InterruptMask), &(Register::timer3InterruptFlag), &TIMER3_COMPA_handler, 1000ul>, unsigned long>, clock, (unsigned char)16, unsigned int>, scheduler, CanDat<Loki::Typelist<Loki::Typelist<Loki::Int2Type<6280u>, Loki::Typelist<Loki::Int2Type<6792u>, Loki::NullType> >, Loki::Typelist<Loki::Typelist<Loki::Int2Type<18024u>, Loki::Typelist<Loki::Int2Type<18056u>, Loki::NullType> >, Loki::Typelist<Loki::Int2Type<25575u>, Loki::Typelist<Loki::Int2Type<25544u>, Loki::Typelist<Loki::Typelist<Loki::Int2Type<50789u>, Loki::Typelist<Loki::Int2Type<50821u>, Loki::Typelist<Loki::Int2Type<38917u>, Loki::Typelist<Loki::Int2Type<39429u>, Loki::Typelist<Loki::Int2Type<25189u>, Loki::Typelist<Loki::Int2Type<39299u>, Loki::Typelist<Loki::Int2Type<39331u>, Loki::Typelist<Loki::Int2Type<39361u>, Loki::Typelist<Loki::Int2Type<39393u>, Loki::NullType> > > > > > > > >, Loki::NullType> > > > >, Loki::Typelist<Loki::Int2Type<2309u>, Loki::Typelist<Loki::Typelist<Loki::Int2Type<2568u>, Loki::Typelist<Loki::Int2Type<2632u>, Loki::NullType> >, Loki::Typelist<Loki::Typelist<Loki::Int2Type<2824u>, Loki::Typelist<Loki::Int2Type<2888u>, Loki::NullType> >, Loki::Typelist<Loki::Typelist<Loki::Int2Type<3585u>, Loki::Typelist<Loki::Int2Type<3073u>, Loki::NullType> >, Loki::Typelist<Loki::Typelist<Loki::Int2Type<4096u>, Loki::Typelist<Loki::Int2Type<4224u>, Loki::Typelist<Loki::Int2Type<4097u>, Loki::Typelist<Loki::Int2Type<4225u>, Loki::NullType> > > >, Loki::Typelist<Loki::Typelist<Loki::Int2Type<4128u>, Loki::Typelist<Loki::Int2Type<4256u>, Loki::Typelist<Loki::Int2Type<4129u>, Loki::Typelist<Loki::Int2Type<4257u>, Loki::NullType> > > >, Loki::Typelist<Loki::Int2Type<6375u>, Loki::Typelist<Loki::Int2Type<16936u>, Loki::Typelist<Loki::Typelist<Loki::Int2Type<19013u>, Loki::Typelist<Loki::Int2Type<25093u>, Loki::Typelist<Loki::Int2Type<25189u>, Loki::NullType> > >, Loki::Typelist<Loki::Typelist<Loki::Int2Type<36103u>, Loki::Typelist<Loki::Int2Type<34821u>, Loki::Typelist<Loki::Int2Type<35333u>, Loki::NullType> > >, Loki::NullType> > > > > > > > > >, Loki::Typelist<Loki::Int2Type<25093u>, Loki::Typelist<Loki::Int2Type<2309u>, Loki::Typelist<Loki::Int2Type<19013u>, Loki::Typelist<Loki::Int2Type<25189u>, Loki::Typelist<Loki::Int2Type<3585u>, Loki::Typelist<Loki::Int2Type<36103u>, Loki::Typelist<Loki::Int2Type<34821u>, Loki::Typelist<Loki::Int2Type<35333u>, Loki::Typelist<Loki::Int2Type<2568u>, Loki::Typelist<Loki::Int2Type<2824u>, Loki::Typelist<Loki::Int2Type<6375u>, Loki::Typelist<Loki::Int2Type<16936u>, Loki::Typelist<Loki::Int2Type<4096u>, Loki::Typelist<Loki::Int2Type<4224u>, Loki::Typelist<Loki::Int2Type<4128u>, Loki::Typelist<Loki::Int2Type<4256u>, Loki::Typelist<Loki::Int2Type<4097u>, Loki::Typelist<Loki::Int2Type<4225u>, Loki::Typelist<Loki::Int2Type<4129u>, Loki::Typelist<Loki::Int2Type<4257u>, Loki::Typelist<Loki::Int2Type<3073u>, Loki::NullType> > > > > > > > > > > > > > > > > > > > >, 100l, 75l>, canDat>::lisPlusPlus())>(void*)
 .text._ZN7ProgSpi13ProgSpiSimpleIXadL_ZN8Register16spiStatusControlEEEXadL_ZNS1_7spiDataEEEXadL_ZNS1_5portBEEELh0ELh1ELh2ELh3EXadL_ZNS1_5portBEEELh4EE11instructionEhhhh.isra.51
                0x0000078a       0x24 ./main.o
 .text._ZN6srutil8DelegateIFvvEE11method_stubIN4Saut3ComIXadL_ZN8Register13usart1ControlEEEXadL_ZNS6_14usart1BaudRateEEEXadL_ZNS6_10usart1DataEEEXadL_ZNS6_5portDEEELh2EXadL_ZNS6_5portDEEELh3EXadL_ZNS6_5portDEEELh4EXadL_ZNS6_5portBEEELh7ELh1ENS4_3DatIN4Loki8TypelistINS8_8Int2TypeILj12EEENS9_INSA_ILj13EEENS9_INSA_ILj14EEENS9_INSA_ILj15EEENS9_INSA_ILj84EEENS9_INSA_ILj85EEENS9_INSA_ILj104EEENS9_INSA_ILj107EEENS8_8NullTypeEEEEEEEEEEEEEEEEENS9_INSA_ILj8EEENS9_INSA_ILj9EEENS9_INSA_ILj10EEENS9_INSA_ILj11EEENS9_INSA_ILj80EEENS9_INSA_ILj81EEENS9_INSA_ILj82EEENS9_INSA_ILj83EEESJ_EEEEEEEEEEEEEEEENS9_ISB_NS9_ISF_NS9_ISG_SK_EEEEEEEELZ4dataEEEXadL_ZNS1C_9txHandlerEvEEEEvPv
                0x000007ae       0x38 ./main.o