Archive member included because of file (symbol)

/usr/lib/gcc/avr/4.6.3/avr51/libgcc.a(_mulsi3.o)
                              ./main.o (__mulsi3)
/usr/lib/gcc/avr/4.6.3/avr51/libgcc.a(_udivmodqi4.o)
                              ./main.o (__udivmodqi4)
/usr/lib/gcc/avr/4.6.3/avr51/libgcc.a(_udivmodhi4.o)
                              ./main.o (__udivmodhi4)
/usr/lib/gcc/avr/4.6.3/avr51/libgcc.a(_divmodhi4.o)
                              ./main.o (__divmodhi4)
/usr/lib/gcc/avr/4.6.3/avr51/libgcc.a(_udivmodsi4.o)
                              ./main.o (__udivmodsi4)
/usr/lib/gcc/avr/4.6.3/avr51/libgcc.a(_divmodsi4.o)
                              ./main.o (__divmodsi4)
/usr/lib/gcc/avr/4.6.3/avr51/libgcc.a(_exit.o)
                              /usr/lib/gcc/avr/4.6.3/../../../../avr/lib/avr51/crtcan128.o (exit)
/usr/lib/gcc/avr/4.6.3/avr51/libgcc.a(_copy_data.o)
                              ./main.o (__do_copy_data)
/usr/lib/gcc/avr/4.6.3/avr51/libgcc.a(_clear_bss.o)
                              ./main.o (__do_clear_bss)
/usr/lib/gcc/avr/4.6.3/avr51/libgcc.a(_ctors.o)
                              ./main.o (__do_global_ctors)
/usr/lib/gcc/avr/4.6.3/avr51/libgcc.a(_dtors.o)
                              ./main.o (__do_global_dtors)
/usr/lib/gcc/avr/4.6.3/avr51/libgcc.a(_tablejump_elpm.o)
                              /usr/lib/gcc/avr/4.6.3/avr51/libgcc.a(_ctors.o) (__tablejump_elpm__)
/usr/lib/gcc/avr/4.6.3/../../../../avr/lib/avr51/libc.a(malloc.o)
                              ./main.o (malloc)
/usr/lib/gcc/avr/4.6.3/../../../../avr/lib/avr51/libc.a(eerd_byte_at90can128.o)
                              ./main.o (__eerd_byte_can128)
/usr/lib/gcc/avr/4.6.3/../../../../avr/lib/avr51/libc.a(eerd_dword_at90can128.o)
                              ./main.o (__eerd_dword_can128)
/usr/lib/gcc/avr/4.6.3/../../../../avr/lib/avr51/libc.a(eerd_block_at90can128.o)
                              /usr/lib/gcc/avr/4.6.3/../../../../avr/lib/avr51/libc.a(eerd_dword_at90can128.o) (__eerd_blraw_can128)

Allocating common symbols
Common symbol       size              file

__brkval            0x2               /usr/lib/gcc/avr/4.6.3/../../../../avr/lib/avr51/libc.a(malloc.o)
__flp               0x2               /usr/lib/gcc/avr/4.6.3/../../../../avr/lib/avr51/libc.a(malloc.o)

Discarded input sections

 .text          0x0000000000000000        0x4 /usr/lib/gcc/avr/4.6.3/../../../../avr/lib/avr51/crtcan128.o
 .data          0x0000000000000000        0x0 /usr/lib/gcc/avr/4.6.3/../../../../avr/lib/avr51/crtcan128.o
 .bss           0x0000000000000000        0x0 /usr/lib/gcc/avr/4.6.3/../../../../avr/lib/avr51/crtcan128.o
 .text          0x0000000000000000        0x0 ./main.o
 .text.__cxa_guard_acquire
                0x0000000000000000       0x14 ./main.o
 .text.__cxa_guard_release
                0x0000000000000000        0x8 ./main.o
 .text.__cxa_guard_abort
                0x0000000000000000        0x2 ./main.o
 .text.__cxa_pure_virtual
                0x0000000000000000        0x2 ./main.o
 .text._Znwj    0x0000000000000000        0x6 ./main.o
 .text._ZdlPv   0x0000000000000000        0x6 ./main.o
 .text._Znaj    0x0000000000000000        0x6 ./main.o
 .text._ZdaPv   0x0000000000000000        0x6 ./main.o
 .text._Z4swapRKj
                0x0000000000000000        0x8 ./main.o
 .text._Z15isSelfComplectAv
                0x0000000000000000        0xa ./main.o
 .text._ZN19EepromStaticPrivate16interruptHandlerEj
                0x0000000000000000       0x84 ./main.o
 .text._ZN19EepromStaticPrivate14updateNextByteEv
                0x0000000000000000       0xbc ./main.o
 .text._ZN19EepromStaticPrivate16interruptHandlerEv
                0x0000000000000000       0x84 ./main.o
 .text._ZN6EeCell6isGoodERKN6srutil8DelegateIFvjEEE
                0x0000000000000000       0x76 ./main.o
 .text._ZN6EeCell9isWrittenERKN6srutil8DelegateIFvjEEE
                0x0000000000000000       0x76 ./main.o
 .text._ZN6EeCell5resetERKN6srutil8DelegateIFvjEEE
                0x0000000000000000       0x7e ./main.o
 .text._ZN6EeCell6crc7x2Ehh
                0x0000000000000000       0xa2 ./main.o
 .text._ZN6EeCell5writeERKmRKN6srutil8DelegateIFvjEEE
                0x0000000000000000       0x6e ./main.o
 .text._ZN6EeCell9writeDataEj
                0x0000000000000000      0x166 ./main.o
 .text._ZN6EeCell8writeCrcEj
                0x0000000000000000      0x158 ./main.o
 .text._ZN6EeCell18goodDelayedRequestEj
                0x0000000000000000       0x7a ./main.o
 .text._ZN6EeCell21writtenDelayedRequestEj
                0x0000000000000000       0x7a ./main.o
 .text._ZN6EeCell13runAfterResetEj
                0x0000000000000000       0x62 ./main.o
 .text._ZN11SautConvert19init1StringPlainMapEj
                0x0000000000000000       0x84 ./main.o
 .text._ZN11SautConvert10updateCellEh7ComplexImLh1EERKN6srutil8DelegateIFvjEEE
                0x0000000000000000       0x8e ./main.o
 .text._ZN11SautConvert5resetEN6srutil8DelegateIFvjEEE
[...]
Memory Configuration

Name             Origin             Length             Attributes
start            0x0000000000000000 0x00000000000000ff xr
id               0x0000000000000100 0x0000000000000010 xr
text             0x0000000000000110 0x0000000000020000 xr
data             0x0000000000800100 0x000000000000ff00 rw !x
eeprom           0x0000000000810000 0x0000000000010000 rw !x
*default*        0x0000000000000000 0xffffffffffffffff

Linker script and memory map

Address of section .data set to 0x800100
LOAD /usr/lib/gcc/avr/4.6.3/../../../../avr/lib/avr51/crtcan128.o
LOAD ./main.o
LOAD /usr/lib/gcc/avr/4.6.3/avr51/libgcc.a
LOAD /usr/lib/gcc/avr/4.6.3/../../../../avr/lib/avr51/libm.a
LOAD /usr/lib/gcc/avr/4.6.3/avr51/libgcc.a
LOAD /usr/lib/gcc/avr/4.6.3/../../../../avr/lib/avr51/libc.a
LOAD /usr/lib/gcc/avr/4.6.3/avr51/libgcc.a

.hash
 *(.hash)

.dynsym
 *(.dynsym)

.dynstr
 *(.dynstr)

.gnu.version
 *(.gnu.version)

.gnu.version_d
 *(.gnu.version_d)

.gnu.version_r
 *(.gnu.version_r)

.rel.init
 *(.rel.init)

.rela.init
 *(.rela.init)

.rel.text
 *(.rel.text)
 *(.rel.text.*)
 *(.rel.gnu.linkonce.t*)

.rela.text
 *(.rela.text)
 *(.rela.text.*)
 *(.rela.gnu.linkonce.t*)

.rel.fini
 *(.rel.fini)

.rela.fini
 *(.rela.fini)

.rel.rodata
 *(.rel.rodata)
 *(.rel.rodata.*)
 *(.rel.gnu.linkonce.r*)

.rela.rodata
 *(.rela.rodata)
 *(.rela.rodata.*)
 *(.rela.gnu.linkonce.r*)

.rel.data
 *(.rel.data)
 *(.rel.data.*)
 *(.rel.gnu.linkonce.d*)

.rela.data
 *(.rela.data)
 *(.rela.data.*)
 *(.rela.gnu.linkonce.d*)

.rel.ctors
 *(.rel.ctors)

.rela.ctors
 *(.rela.ctors)

.rel.dtors
 *(.rel.dtors)

.rela.dtors
 *(.rela.dtors)

.rel.got
 *(.rel.got)

.rela.got
 *(.rela.got)

.rel.bss
 *(.rel.bss)

.rela.bss
 *(.rela.bss)

.rel.plt
 *(.rel.plt)

.rela.plt
 *(.rela.plt)

.start          0x0000000000000000       0x98
 *(.vectors)
 .vectors       0x0000000000000000       0x94 /usr/lib/gcc/avr/4.6.3/../../../../avr/lib/avr51/crtcan128.o
                0x0000000000000000                __vectors
                0x0000000000000000                __vector_default
 *(.vectors)
 *(.progmem.gcc*)
 *(.progmem*)
                0x0000000000000094                . = ALIGN (0x2)
                0x0000000000000094                __trampolines_start = .
 *(.trampolines)
 .trampolines   0x0000000000000094        0x0 linker stubs
 *(.trampolines*)
                0x0000000000000094                __trampolines_end = .
 *(.jumptables)
 *(.jumptables*)
 *(.lowtext)
 *(.lowtext*)
                0x0000000000000094                __ctors_start = .
 *(.ctors)
 .ctors         0x0000000000000094        0x2 ./main.o
                0x0000000000000096                __ctors_end = .
                0x0000000000000096                __dtors_start = .
 *(.dtors)
 .dtors         0x0000000000000096        0x2 ./main.o
                0x0000000000000098                __dtors_end = .
 SORT(*)(.ctors)
 SORT(*)(.dtors)

.id             0x0000000000000100       0x10
 *(.id)
 .id            0x0000000000000100       0x10 ./main.o
                0x0000000000000100                id
 *(.id)

.text           0x0000000000000110     0xc4aa
 *(.init0)
 .init0         0x0000000000000110        0x0 /usr/lib/gcc/avr/4.6.3/../../../../avr/lib/avr51/crtcan128.o
                0x0000000000000110                __init
 *(.init0)
 *(.init1)
 *(.init1)
 *(.init2)
 .init2         0x0000000000000110        0xc /usr/lib/gcc/avr/4.6.3/../../../../avr/lib/avr51/crtcan128.o
 *(.init2)
 *(.init3)
 *(.init3)
 *(.init4)
 .init4         0x000000000000011c       0x1a /usr/lib/gcc/avr/4.6.3/avr51/libgcc.a(_copy_data.o)
                0x000000000000011c                __do_copy_data
 .init4         0x0000000000000136       0x10 /usr/lib/gcc/avr/4.6.3/avr51/libgcc.a(_clear_bss.o)
                0x0000000000000136                __do_clear_bss
 *(.init4)
 *(.init5)
 .init5         0x0000000000000146       0x1e ./main.o
                0x0000000000000146                _Z4Initv
 *(.init5)
 *(.init6)
 .init6         0x0000000000000164       0x20 /usr/lib/gcc/avr/4.6.3/avr51/libgcc.a(_ctors.o)
                0x0000000000000164                __do_global_ctors
 *(.init6)
 *(.init7)
 *(.init7)
 *(.init8)
 *(.init8)
 *(.init9)
 .init9         0x0000000000000184        0x8 /usr/lib/gcc/avr/4.6.3/../../../../avr/lib/avr51/crtcan128.o
 *(.init9)
 *(.text)
                0x000000000000018c                . = ALIGN (0x2)
 *(.text.*)
 .text._ZN6srutil8DelegateIFvjEE14empty_functionEPvj
                0x000000000000018c        0x2 ./main.o
                0x000000000000018c                _ZN6srutil8DelegateIFvjEE14empty_functionEPvj
 .text._ZN6srutil8DelegateIFvvEE14empty_functionEPv
                0x000000000000018e        0x2 ./main.o
                0x000000000000018e                _ZN6srutil8DelegateIFvvEE14empty_functionEPv
 .text._ZN6srutil8DelegateIFvjEE13function_stubIXadL_Z11pushHandlerjEEEEvPvj
                0x0000000000000190       0x1c ./main.o
                0x0000000000000190                _ZN6srutil8DelegateIFvjEE13function_stubIXadL_Z11pushHandlerjEEEEvPvj
 .text._ZN6srutil8DelegateIFvjEE13function_stubIXadL_Z14releaseHandlerjEEEEvPvj
                0x00000000000001ac       0x18 ./main.o
                0x00000000000001ac                _ZN6srutil8DelegateIFvjEE13function_stubIXadL_Z14releaseHandlerjEEEEvPvj
 .text._ZN6srutil8DelegateIFvjEE11method_stubI24CeleritasSpatiumDimetiorIXadL_ZN8Register5portGEEELh3ELh4EXadL_ZNS5_5portAEEELh0E6CanDatIN4Loki8TypelistINS8_INS7_8Int2TypeILj6280EEENS8_INS9_ILj6792EEENS8_INS9_ILj6850EEENS7_8NullTypeEEEEEEENS8_INS8_INS9_ILj18024EEENS8_INS9_ILj18056EEESD_EEEENS8_INS8_INS9_ILj25575EEENS8_INS9_ILj25383EEENS8_INS9_ILj6403EEESD_EEEEEENS8_INS8_INS9_ILj25544EEENS8_INS9_ILj25352EEESD_EEEENS8_INS8_INS9_ILj25476EEENS8_INS9_ILj25508EEESD_EEEENS8_INS8_INS9_ILj50789EEENS8_INS9_ILj50821EEENS8_INS9_ILj38917EEENS8_INS9_ILj39429EEENS8_INS9_ILj25189EEENS8_INS9_ILj25221EEENS8_INS9_ILj39300EEENS8_INS9_ILj39332EEENS8_INS9_ILj39361EEENS8_INS9_ILj39393EEENS8_INS9_ILj6344EEENS8_INS9_ILj6376EEESD_EEEEEEEEEEEEEEEEEEEEEEEENS8_INS8_INS9_ILj23554EEENS8_INS9_ILj23586EEESD_EEEENS8_INS9_ILj3073EEESD_EEEEEEEEEEEEEEEENS8_INS8_INS9_ILj2568EEENS8_INS9_ILj2824EEENS8_INS9_ILj2632EEENS8_INS9_ILj2888EEENS8_INS9_ILj2309EEESD_EEEEEEEEEENS8_INS9_ILj3585EEENS8_INS8_INS9_ILj4096EEENS8_INS9_ILj4224EEENS8_INS9_ILj4097EEENS8_INS9_ILj4225EEENS8_INS9_ILj4128EEENS8_INS9_ILj4256EEENS8_INS9_ILj4129EEENS8_INS9_ILj4257EEESD_EEEEEEEEEEEEEEEENS8_INS8_INS9_ILj16936EEENS8_INS9_ILj17064EEESD_EEEENS8_INS8_INS9_ILj19013EEENS8_INS9_ILj25093EEENS8_IS13_SD_EEEEEENS8_INS8_INS9_ILj36103EEENS8_INS9_ILj34821EEENS8_INS9_ILj35333EEESD_EEEEEENS8_INS9_ILj60546EEESD_EEEEEEEEEEEEEENS8_IS2W_NS8_IS24_NS8_IS2V_NS8_IS13_NS8_IS2A_NS8_IS30_NS8_IS31_NS8_IS32_NS8_IS20_NS8_IS21_NS8_IS2R_NS8_IS2B_NS8_IS2C_NS8_IS2F_NS8_IS2G_NS8_IS2D_NS8_IS2E_NS8_IS2H_NS8_IS2I_NS8_IS2S_NS8_IS36_NS8_INS9_ILj64520EEENS8_INS9_ILj64584EEESD_EEEEEEEEEEEEEEEEEEEEEEEEEEEEEEEEEEEEEEEEEEEEEELh128ENS8_INS9_ILj64552EEENS8_INS9_ILj64616EEESD_EEEELl100ELl75EELZ6canDatE5ClockI5AlarmIV13BitfieldDummyI14TimerControl16EXadL_ZNS5_13timer3ControlEEEXadL_ZNS5_13timer3CounterEEEXadL_ZNS5_14timer3CompareAEEEXadL_ZNS5_19timer3InterruptMaskEEEXadL_ZNS5_19timer3InterruptFlagEEEXadL_Z20TIMER3_COMPA_handlerEELm1000EEmELZ5clockE9SchedulerIS4F_LZ5clockELh16EjELZ9schedulerEEXadL_ZNS4I_19takeEcDataForAdjustEjEEEEvPvj
                0x00000000000001c4      0x308 ./main.o
                0x00000000000001c4                _ZN6srutil8DelegateIFvjEE11method_stubI24CeleritasSpatiumDimetiorIXadL_ZN8Register5portGEEELh3ELh4EXadL_ZNS5_5portAEEELh0E6CanDatIN4Loki8TypelistINS8_INS7_8Int2TypeILj6280EEENS8_INS9_ILj6792EEENS8_INS9_ILj6850EEENS7_8NullTypeEEEEEEENS8_INS8_INS9_ILj18024EEENS8_INS9_ILj18056EEESD_EEEENS8_INS8_INS9_ILj25575EEENS8_INS9_ILj25383EEENS8_INS9_ILj6403EEESD_EEEEEENS8_INS8_INS9_ILj25544EEENS8_INS9_ILj25352EEESD_EEEENS8_INS8_INS9_ILj25476EEENS8_INS9_ILj25508EEESD_EEEENS8_INS8_INS9_ILj50789EEENS8_INS9_ILj50821EEENS8_INS9_ILj38917EEENS8_INS9_ILj39429EEENS8_INS9_ILj25189EEENS8_INS9_ILj25221EEENS8_INS9_ILj39300EEENS8_INS9_ILj39332EEENS8_INS9_ILj39361EEENS8_INS9_ILj39393EEENS8_INS9_ILj6344EEENS8_INS9_ILj6376EEESD_EEEEEEEEEEEEEEEEEEEEEEEENS8_INS8_INS9_ILj23554EEENS8_INS9_ILj23586EEESD_EEEENS8_INS9_ILj3073EEESD_EEEEEEEEEEEEEEEENS8_INS8_INS9_ILj2568EEENS8_INS9_ILj2824EEENS8_INS9_ILj2632EEENS8_INS9_ILj2888EEENS8_INS9_ILj2309EEESD_EEEEEEEEEENS8_INS9_ILj3585EEENS8_INS8_INS9_ILj4096EEENS8_INS9_ILj4224EEENS8_INS9_ILj4097EEENS8_INS9_ILj4225EEENS8_INS9_ILj4128EEENS8_INS9_ILj4256EEENS8_INS9_ILj4129EEENS8_INS9_ILj4257EEESD_EEEEEEEEEEEEEEEENS8_INS8_INS9_ILj16936EEENS8_INS9_ILj17064EEESD_EEEENS8_INS8_INS9_ILj19013EEENS8_INS9_ILj25093EEENS8_IS13_SD_EEEEEENS8_INS8_INS9_ILj36103EEENS8_INS9_ILj34821EEENS8_INS9_ILj35333EEESD_EEEEEENS8_INS9_ILj60546EEESD_EEEEEEEEEEEEEENS8_IS2W_NS8_IS24_NS8_IS2V_NS8_IS13_NS8_IS2A_NS8_IS30_NS8_IS31_NS8_IS32_NS8_IS20_NS8_IS21_NS8_IS2R_NS8_IS2B_NS8_IS2C_NS8_IS2F_NS8_IS2G_NS8_IS2D_NS8_IS2E_NS8_IS2H_NS8_IS2I_NS8_IS2S_NS8_IS36_NS8_INS9_ILj64520EEENS8_INS9_ILj64584EEESD_EEEEEEEEEEEEEEEEEEEEEEEEEEEEEEEEEEEEEEEEEEEEEELh128ENS8_INS9_ILj64552EEENS8_INS9_ILj64616EEESD_EEEELl100ELl75EELZ6canDatE5ClockI5AlarmIV13BitfieldDummyI14TimerControl16EXadL_ZNS5_13timer3ControlEEEXadL_ZNS5_13timer3CounterEEEXadL_ZNS5_14timer3CompareAEEEXadL_ZNS5_19timer3InterruptMaskEEEXadL_ZNS5_19timer3InterruptFlagEEEXadL_Z20TIMER3_COMPA_handlerEELm1000EEmELZ5clockE9SchedulerIS4F_LZ5clockELh16EjELZ9schedulerEEXadL_ZNS4I_19takeEcDataForAdjustEjEEEEvPvj
                0x00000000000001c4                _ZN6srutil8DelegateIFvjEE11method_stubI24CeleritasSpatiumDimetiorIXadL_ZN8Register5portGEEELh3ELh4EXadL_ZNS5_5portAEEELh0E6CanDatIN4Loki8TypelistINS8_INS7_8Int2TypeILj6280EEENS8_INS9_ILj6792EEENS8_INS9_ILj6850EEENS7_8NullTypeEEEEEEENS8_INS8_INS9_ILj18024EEENS8_INS9_ILj18056EEESD_EEEENS8_INS8_INS9_ILj25575EEENS8_INS9_ILj25383EEENS8_INS9_ILj6403EEESD_EEEEEENS8_INS8_INS9_ILj25544EEENS8_INS9_ILj25352EEESD_EEEENS8_INS8_INS9_ILj25476EEENS8_INS9_ILj25508EEESD_EEEENS8_INS8_INS9_ILj50789EEENS8_INS9_ILj50821EEENS8_INS9_ILj38917EEENS8_INS9_ILj39429EEENS8_INS9_ILj25189EEENS8_INS9_ILj25221EEENS8_INS9_ILj39300EEENS8_INS9_ILj39332EEENS8_INS9_ILj39361EEENS8_INS9_ILj39393EEENS8_INS9_ILj6344EEENS8_INS9_ILj6376EEESD_EEEEEEEEEEEEEEEEEEEEEEEENS8_INS8_INS9_ILj23554EEENS8_INS9_ILj23586EEESD_EEEENS8_INS9_ILj3073EEESD_EEEEEEEEEEEEEEEENS8_INS8_INS9_ILj2568EEENS8_INS9_ILj2824EEENS8_INS9_ILj2632EEENS8_INS9_ILj2888EEENS8_INS9_ILj2309EEESD_EEEEEEEEEENS8_INS9_ILj3585EEENS8_INS8_INS9_ILj4096EEENS8_INS9_ILj4224EEENS8_INS9_ILj4097EEENS8_INS9_ILj4225EEENS8_INS9_ILj4128EEENS8_INS9_ILj4256EEENS8_INS9_ILj4129EEENS8_INS9_ILj4257EEESD_EEEEEEEEEEEEEEEENS8_INS8_INS9_ILj16936EEENS8_INS9_ILj17064EEESD_EEEENS8_INS8_INS9_ILj19013EEENS8_INS9_ILj25093EEENS8_IS13_SD_EEEEEENS8_INS8_INS9_ILj36103EEENS8_INS9_ILj34821EEENS8_INS9_ILj35333EEESD_EEEEEENS8_INS9_ILj60546EEESD_EEEEEEEEEEEEEENS8_IS2W_NS8_IS24_NS8_IS2V_NS8_IS13_NS8_IS2A_NS8_IS30_NS8_IS31_NS8_IS32_NS8_IS20_NS8_IS21_NS8_IS2R_NS8_IS2B_NS8_IS2C_NS8_IS2F_NS8_IS2G_NS8_IS2D_NS8_IS2E_NS8_IS2H_NS8_IS2I_NS8_IS2S_NS8_IS36_NS8_INS9_ILj64520EEENS8_INS9_ILj64584EEESD_EEEEEEEEEEEEEEEEEEEEEEEEEEEEEEEEEEEEEEEEEEEEEELh128ENS8_INS9_ILj64552EEENS8_INS9_ILj64616EEESD_EEEELl100ELl75EEL_Z6canDatE5ClockI5AlarmIV13BitfieldDummyI14TimerControl16EXadL_ZNS5_13timer3ControlEEEXadL_ZNS5_13timer3CounterEEEXadL_ZNS5_14timer3CompareAEEEXadL_ZNS5_19timer3InterruptMaskEEEXadL_ZNS5_19timer3InterruptFlagEEEXadL_Z20TIMER3_COMPA_handlerEELm1000EEmEL_Z5clockE9SchedulerIS4F_L_Z5clockELh16EjEL_Z9schedulerEEXadL_ZNS4I_19takeEcDataForAdjustEjEEEEvPvj
 .text._ZN6srutil8DelegateIFvjEE13function_stubIXadL_Z14unsetResetFlagjEEEEvPvj
                0x00000000000004cc        0x6 ./main.o
                0x00000000000004cc                _ZN6srutil8DelegateIFvjEE13function_stubIXadL_Z14unsetResetFlagjEEEEvPvj
 .text._ZN6srutil8DelegateIFvvEE11method_stubI5ClockI5AlarmIV13BitfieldDummyI14TimerControl16EXadL_ZN8Register13timer3ControlEEEXadL_ZNSA_13timer3CounterEEEXadL_ZNSA_14timer3CompareAEEEXadL_ZNSA_19timer3InterruptMaskEEEXadL_ZNSA_19timer3InterruptFlagEEEXadL_Z20TIMER3_COMPA_handlerEELm1000EEmEXadL_ZNSC_7incTimeEvEEEEvPv
                0x00000000000004d2       0x1e ./main.o
                0x00000000000004d2                _ZN6srutil8DelegateIFvvEE11method_stubI5ClockI5AlarmIV13BitfieldDummyI14TimerControl16EXadL_ZN8Register13timer3ControlEEEXadL_ZNSA_13timer3CounterEEEXadL_ZNSA_14timer3CompareAEEEXadL_ZNSA_19timer3InterruptMaskEEEXadL_ZNSA_19timer3InterruptFlagEEEXadL_Z20TIMER3_COMPA_handlerEELm1000EEmEXadL_ZNSC_7incTimeEvEEEEvPv
 .text._ZN6srutil8DelegateIFjvEE11method_stubI24CeleritasSpatiumDimetiorIXadL_ZN8Register5portGEEELh3ELh4EXadL_ZNS5_5portAEEELh0E6CanDatIN4Loki8TypelistINS8_INS7_8Int2TypeILj6280EEENS8_INS9_ILj6792EEENS8_INS9_ILj6850EEENS7_8NullTypeEEEEEEENS8_INS8_INS9_ILj18024EEENS8_INS9_ILj18056EEESD_EEEENS8_INS8_INS9_ILj25575EEENS8_INS9_ILj25383EEENS8_INS9_ILj6403EEESD_EEEEEENS8_INS8_INS9_ILj25544EEENS8_INS9_ILj25352EEESD_EEEENS8_INS8_INS9_ILj25476EEENS8_INS9_ILj25508EEESD_EEEENS8_INS8_INS9_ILj50789EEENS8_INS9_ILj50821EEENS8_INS9_ILj38917EEENS8_INS9_ILj39429EEENS8_INS9_ILj25189EEENS8_INS9_ILj25221EEENS8_INS9_ILj39300EEENS8_INS9_ILj39332EEENS8_INS9_ILj39361EEENS8_INS9_ILj39393EEENS8_INS9_ILj6344EEENS8_INS9_ILj6376EEESD_EEEEEEEEEEEEEEEEEEEEEEEENS8_INS8_INS9_ILj23554EEENS8_INS9_ILj23586EEESD_EEEENS8_INS9_ILj3073EEESD_EEEEEEEEEEEEEEEENS8_INS8_INS9_ILj2568EEENS8_INS9_ILj2824EEENS8_INS9_ILj2632EEENS8_INS9_ILj2888EEENS8_INS9_ILj2309EEESD_EEEEEEEEEENS8_INS9_ILj3585EEENS8_INS8_INS9_ILj4096EEENS8_INS9_ILj4224EEENS8_INS9_ILj4097EEENS8_INS9_ILj4225EEENS8_INS9_ILj4128EEENS8_INS9_ILj4256EEENS8_INS9_ILj4129EEENS8_INS9_ILj4257EEESD_EEEEEEEEEEEEEEEENS8_INS8_INS9_ILj16936EEENS8_INS9_ILj17064EEESD_EEEENS8_INS8_INS9_ILj19013EEENS8_INS9_ILj25093EEENS8_IS13_SD_EEEEEENS8_INS8_INS9_ILj36103EEENS8_INS9_ILj34821EEENS8_INS9_ILj35333EEESD_EEEEEENS8_INS9_ILj60546EEESD_EEEEEEEEEEEEEENS8_IS2W_NS8_IS24_NS8_IS2V_NS8_IS13_NS8_IS2A_NS8_IS30_NS8_IS31_NS8_IS32_NS8_IS20_NS8_IS21_NS8_IS2R_NS8_IS2B_NS8_IS2C_NS8_IS2F_NS8_IS2G_NS8_IS2D_NS8_IS2E_NS8_IS2H_NS8_IS2I_NS8_IS2S_NS8_IS36_NS8_INS9_ILj64520EEENS8_INS9_ILj64584EEESD_EEEEEEEEEEEEEEEEEEEEEEEEEEEEEEEEEEEEEEEEEEEEEELh128ENS8_INS9_ILj64552EEENS8_INS9_ILj64616EEESD_EEEELl100ELl75EELZ6canDatE5ClockI5AlarmIV13BitfieldDummyI14TimerControl16EXadL_ZNS5_13timer3ControlEEEXadL_ZNS5_13timer3CounterEEEXadL_ZNS5_14timer3CompareAEEEXadL_ZNS5_19timer3InterruptMaskEEEXadL_ZNS5_19timer3InterruptFlagEEEXadL_Z20TIMER3_COMPA_handlerEELm1000EEmELZ5clockE9SchedulerIS4F_LZ5clockELh16EjELZ9schedulerEEXadL_ZNS4I_16accipioCeleritasEvEEEEjPv
                0x00000000000004f0       0x20 ./main.o
                0x00000000000004f0                _ZN6srutil8DelegateIFjvEE11method_stubI24CeleritasSpatiumDimetiorIXadL_ZN8Register5portGEEELh3ELh4EXadL_ZNS5_5portAEEELh0E6CanDatIN4Loki8TypelistINS8_INS7_8Int2TypeILj6280EEENS8_INS9_ILj6792EEENS8_INS9_ILj6850EEENS7_8NullTypeEEEEEEENS8_INS8_INS9_ILj18024EEENS8_INS9_ILj18056EEESD_EEEENS8_INS8_INS9_ILj25575EEENS8_INS9_ILj25383EEENS8_INS9_ILj6403EEESD_EEEEEENS8_INS8_INS9_ILj25544EEENS8_INS9_ILj25352EEESD_EEEENS8_INS8_INS9_ILj25476EEENS8_INS9_ILj25508EEESD_EEEENS8_INS8_INS9_ILj50789EEENS8_INS9_ILj50821EEENS8_INS9_ILj38917EEENS8_INS9_ILj39429EEENS8_INS9_ILj25189EEENS8_INS9_ILj25221EEENS8_INS9_ILj39300EEENS8_INS9_ILj39332EEENS8_INS9_ILj39361EEENS8_INS9_ILj39393EEENS8_INS9_ILj6344EEENS8_INS9_ILj6376EEESD_EEEEEEEEEEEEEEEEEEEEEEEENS8_INS8_INS9_ILj23554EEENS8_INS9_ILj23586EEESD_EEEENS8_INS9_ILj3073EEESD_EEEEEEEEEEEEEEEENS8_INS8_INS9_ILj2568EEENS8_INS9_ILj2824EEENS8_INS9_ILj2632EEENS8_INS9_ILj2888EEENS8_INS9_ILj2309EEESD_EEEEEEEEEENS8_INS9_ILj3585EEENS8_INS8_INS9_ILj4096EEENS8_INS9_ILj4224EEENS8_INS9_ILj4097EEENS8_INS9_ILj4225EEENS8_INS9_ILj4128EEENS8_INS9_ILj4256EEENS8_INS9_ILj4129EEENS8_INS9_ILj4257EEESD_EEEEEEEEEEEEEEEENS8_INS8_INS9_ILj16936EEENS8_INS9_ILj17064EEESD_EEEENS8_INS8_INS9_ILj19013EEENS8_INS9_ILj25093EEENS8_IS13_SD_EEEEEENS8_INS8_INS9_ILj36103EEENS8_INS9_ILj34821EEENS8_INS9_ILj35333EEESD_EEEEEENS8_INS9_ILj60546EEESD_EEEEEEEEEEEEEENS8_IS2W_NS8_IS24_NS8_IS2V_NS8_IS13_NS8_IS2A_NS8_IS30_NS8_IS31_NS8_IS32_NS8_IS20_NS8_IS21_NS8_IS2R_NS8_IS2B_NS8_IS2C_NS8_IS2F_NS8_IS2G_NS8_IS2D_NS8_IS2E_NS8_IS2H_NS8_IS2I_NS8_IS2S_NS8_IS36_NS8_INS9_ILj64520EEENS8_INS9_ILj64584EEESD_EEEEEEEEEEEEEEEEEEEEEEEEEEEEEEEEEEEEEEEEEEEEEELh128ENS8_INS9_ILj64552EEENS8_INS9_ILj64616EEESD_EEEELl100ELl75EELZ6canDatE5ClockI5AlarmIV13BitfieldDummyI14TimerControl16EXadL_ZNS5_13timer3ControlEEEXadL_ZNS5_13timer3CounterEEEXadL_ZNS5_14timer3CompareAEEEXadL_ZNS5_19timer3InterruptMaskEEEXadL_ZNS5_19timer3InterruptFlagEEEXadL_Z20TIMER3_COMPA_handlerEELm1000EEmELZ5clockE9SchedulerIS4F_LZ5clockELh16EjELZ9schedulerEEXadL_ZNS4I_16accipioCeleritasEvEEEEjPv
                0x00000000000004f0                _ZN6srutil8DelegateIFjvEE11method_stubI24CeleritasSpatiumDimetiorIXadL_ZN8Register5portGEEELh3ELh4EXadL_ZNS5_5portAEEELh0E6CanDatIN4Loki8TypelistINS8_INS7_8Int2TypeILj6280EEENS8_INS9_ILj6792EEENS8_INS9_ILj6850EEENS7_8NullTypeEEEEEEENS8_INS8_INS9_ILj18024EEENS8_INS9_ILj18056EEESD_EEEENS8_INS8_INS9_ILj25575EEENS8_INS9_ILj25383EEENS8_INS9_ILj6403EEESD_EEEEEENS8_INS8_INS9_ILj25544EEENS8_INS9_ILj25352EEESD_EEEENS8_INS8_INS9_ILj25476EEENS8_INS9_ILj25508EEESD_EEEENS8_INS8_INS9_ILj50789EEENS8_INS9_ILj50821EEENS8_INS9_ILj38917EEENS8_INS9_ILj39429EEENS8_INS9_ILj25189EEENS8_INS9_ILj25221EEENS8_INS9_ILj39300EEENS8_INS9_ILj39332EEENS8_INS9_ILj39361EEENS8_INS9_ILj39393EEENS8_INS9_ILj6344EEENS8_INS9_ILj6376EEESD_EEEEEEEEEEEEEEEEEEEEEEEENS8_INS8_INS9_ILj23554EEENS8_INS9_ILj23586EEESD_EEEENS8_INS9_ILj3073EEESD_EEEEEEEEEEEEEEEENS8_INS8_INS9_ILj2568EEENS8_INS9_ILj2824EEENS8_INS9_ILj2632EEENS8_INS9_ILj2888EEENS8_INS9_ILj2309EEESD_EEEEEEEEEENS8_INS9_ILj3585EEENS8_INS8_INS9_ILj4096EEENS8_INS9_ILj4224EEENS8_INS9_ILj4097EEENS8_INS9_ILj4225EEENS8_INS9_ILj4128EEENS8_INS9_ILj4256EEENS8_INS9_ILj4129EEENS8_INS9_ILj4257EEESD_EEEEEEEEEEEEEEEENS8_INS8_INS9_ILj16936EEENS8_INS9_ILj17064EEESD_EEEENS8_INS8_INS9_ILj19013EEENS8_INS9_ILj25093EEENS8_IS13_SD_EEEEEENS8_INS8_INS9_ILj36103EEENS8_INS9_ILj34821EEENS8_INS9_ILj35333EEESD_EEEEEENS8_INS9_ILj60546EEESD_EEEEEEEEEEEEEENS8_IS2W_NS8_IS24_NS8_IS2V_NS8_IS13_NS8_IS2A_NS8_IS30_NS8_IS31_NS8_IS32_NS8_IS20_NS8_IS21_NS8_IS2R_NS8_IS2B_NS8_IS2C_NS8_IS2F_NS8_IS2G_NS8_IS2D_NS8_IS2E_NS8_IS2H_NS8_IS2I_NS8_IS2S_NS8_IS36_NS8_INS9_ILj64520EEENS8_INS9_ILj64584EEESD_EEEEEEEEEEEEEEEEEEEEEEEEEEEEEEEEEEEEEEEEEEEEEELh128ENS8_INS9_ILj64552EEENS8_INS9_ILj64616EEESD_EEEELl100ELl75EEL_Z6canDatE5ClockI5AlarmIV13BitfieldDummyI14TimerControl16EXadL_ZNS5_13timer3ControlEEEXadL_ZNS5_13timer3CounterEEEXadL_ZNS5_14timer3CompareAEEEXadL_ZNS5_19timer3InterruptMaskEEEXadL_ZNS5_19timer3InterruptFlagEEEXadL_Z20TIMER3_COMPA_handlerEELm1000EEmEL_Z5clockE9SchedulerIS4F_L_Z5clockELh16EjEL_Z9schedulerEEXadL_ZNS4I_16accipioCeleritasEvEEEEjPv
 .text._ZN6srutil8DelegateIFlvEE11method_stubI24CeleritasSpatiumDimetiorIXadL_ZN8Register5portGEEELh3ELh4EXadL_ZNS5_5portAEEELh0E6CanDatIN4Loki8TypelistINS8_INS7_8Int2TypeILj6280EEENS8_INS9_ILj6792EEENS8_INS9_ILj6850EEENS7_8NullTypeEEEEEEENS8_INS8_INS9_ILj18024EEENS8_INS9_ILj18056EEESD_EEEENS8_INS8_INS9_ILj25575EEENS8_INS9_ILj25383EEENS8_INS9_ILj6403EEESD_EEEEEENS8_INS8_INS9_ILj25544EEENS8_INS9_ILj25352EEESD_EEEENS8_INS8_INS9_ILj25476EEENS8_INS9_ILj25508EEESD_EEEENS8_INS8_INS9_ILj50789EEENS8_INS9_ILj50821EEENS8_INS9_ILj38917EEENS8_INS9_ILj39429EEENS8_INS9_ILj25189EEENS8_INS9_ILj25221EEENS8_INS9_ILj39300EEENS8_INS9_ILj39332EEENS8_INS9_ILj39361EEENS8_INS9_ILj39393EEENS8_INS9_ILj6344EEENS8_INS9_ILj6376EEESD_EEEEEEEEEEEEEEEEEEEEEEEENS8_INS8_INS9_ILj23554EEENS8_INS9_ILj23586EEESD_EEEENS8_INS9_ILj3073EEESD_EEEEEEEEEEEEEEEENS8_INS8_INS9_ILj2568EEENS8_INS9_ILj2824EEENS8_INS9_ILj2632EEENS8_INS9_ILj2888EEENS8_INS9_ILj2309EEESD_EEEEEEEEEENS8_INS9_ILj3585EEENS8_INS8_INS9_ILj4096EEENS8_INS9_ILj4224EEENS8_INS9_ILj4097EEENS8_INS9_ILj4225EEENS8_INS9_ILj4128EEENS8_INS9_ILj4256EEENS8_INS9_ILj4129EEENS8_INS9_ILj4257EEESD_EEEEEEEEEEEEEEEENS8_INS8_INS9_ILj16936EEENS8_INS9_ILj17064EEESD_EEEENS8_INS8_INS9_ILj19013EEENS8_INS9_ILj25093EEENS8_IS13_SD_EEEEEENS8_INS8_INS9_ILj36103EEENS8_INS9_ILj34821EEENS8_INS9_ILj35333EEESD_EEEEEENS8_INS9_ILj60546EEESD_EEEEEEEEEEEEEENS8_IS2W_NS8_IS24_NS8_IS2V_NS8_IS13_NS8_IS2A_NS8_IS30_NS8_IS31_NS8_IS32_NS8_IS20_NS8_IS21_NS8_IS2R_NS8_IS2B_NS8_IS2C_NS8_IS2F_NS8_IS2G_NS8_IS2D_NS8_IS2E_NS8_IS2H_NS8_IS2I_NS8_IS2S_NS8_IS36_NS8_INS9_ILj64520EEENS8_INS9_ILj64584EEESD_EEEEEEEEEEEEEEEEEEEEEEEEEEEEEEEEEEEEEEEEEEEEEELh128ENS8_INS9_ILj64552EEENS8_INS9_ILj64616EEESD_EEEELl100ELl75EELZ6canDatE5ClockI5AlarmIV13BitfieldDummyI14TimerControl16EXadL_ZNS5_13timer3ControlEEEXadL_ZNS5_13timer3CounterEEEXadL_ZNS5_14timer3CompareAEEEXadL_ZNS5_19timer3InterruptMaskEEEXadL_ZNS5_19timer3InterruptFlagEEEXadL_Z20TIMER3_COMPA_handlerEELm1000EEmELZ5clockE9SchedulerIS4F_LZ5clockELh16EjELZ9schedulerEEXadL_ZNS4I_20accipioSpatiumMetersEvEEEElPv
                0x0000000000000510        0xc ./main.o
                0x0000000000000510                _ZN6srutil8DelegateIFlvEE11method_stubI24CeleritasSpatiumDimetiorIXadL_ZN8Register5portGEEELh3ELh4EXadL_ZNS5_5portAEEELh0E6CanDatIN4Loki8TypelistINS8_INS7_8Int2TypeILj6280EEENS8_INS9_ILj6792EEENS8_INS9_ILj6850EEENS7_8NullTypeEEEEEEENS8_INS8_INS9_ILj18024EEENS8_INS9_ILj18056EEESD_EEEENS8_INS8_INS9_ILj25575EEENS8_INS9_ILj25383EEENS8_INS9_ILj6403EEESD_EEEEEENS8_INS8_INS9_ILj25544EEENS8_INS9_ILj25352EEESD_EEEENS8_INS8_INS9_ILj25476EEENS8_INS9_ILj25508EEESD_EEEENS8_INS8_INS9_ILj50789EEENS8_INS9_ILj50821EEENS8_INS9_ILj38917EEENS8_INS9_ILj39429EEENS8_INS9_ILj25189EEENS8_INS9_ILj25221EEENS8_INS9_ILj39300EEENS8_INS9_ILj39332EEENS8_INS9_ILj39361EEENS8_INS9_ILj39393EEENS8_INS9_ILj6344EEENS8_INS9_ILj6376EEESD_EEEEEEEEEEEEEEEEEEEEEEEENS8_INS8_INS9_ILj23554EEENS8_INS9_ILj23586EEESD_EEEENS8_INS9_ILj3073EEESD_EEEEEEEEEEEEEEEENS8_INS8_INS9_ILj2568EEENS8_INS9_ILj2824EEENS8_INS9_ILj2632EEENS8_INS9_ILj2888EEENS8_INS9_ILj2309EEESD_EEEEEEEEEENS8_INS9_ILj3585EEENS8_INS8_INS9_ILj4096EEENS8_INS9_ILj4224EEENS8_INS9_ILj4097EEENS8_INS9_ILj4225EEENS8_INS9_ILj4128EEENS8_INS9_ILj4256EEENS8_INS9_ILj4129EEENS8_INS9_ILj4257EEESD_EEEEEEEEEEEEEEEENS8_INS8_INS9_ILj16936EEENS8_INS9_ILj17064EEESD_EEEENS8_INS8_INS9_ILj19013EEENS8_INS9_ILj25093EEENS8_IS13_SD_EEEEEENS8_INS8_INS9_ILj36103EEENS8_INS9_ILj34821EEENS8_INS9_ILj35333EEESD_EEEEEENS8_INS9_ILj60546EEESD_EEEEEEEEEEEEEENS8_IS2W_NS8_IS24_NS8_IS2V_NS8_IS13_NS8_IS2A_NS8_IS30_NS8_IS31_NS8_IS32_NS8_IS20_NS8_IS21_NS8_IS2R_NS8_IS2B_NS8_IS2C_NS8_IS2F_NS8_IS2G_NS8_IS2D_NS8_IS2E_NS8_IS2H_NS8_IS2I_NS8_IS2S_NS8_IS36_NS8_INS9_ILj64520EEENS8_INS9_ILj64584EEESD_EEEEEEEEEEEEEEEEEEEEEEEEEEEEEEEEEEEEEEEEEEEEEELh128ENS8_INS9_ILj64552EEENS8_INS9_ILj64616EEESD_EEEELl100ELl75EELZ6canDatE5ClockI5AlarmIV13BitfieldDummyI14TimerControl16EXadL_ZNS5_13timer3ControlEEEXadL_ZNS5_13timer3CounterEEEXadL_ZNS5_14timer3CompareAEEEXadL_ZNS5_19timer3InterruptMaskEEEXadL_ZNS5_19timer3InterruptFlagEEEXadL_Z20TIMER3_COMPA_handlerEELm1000EEmELZ5clockE9SchedulerIS4F_LZ5clockELh16EjELZ9schedulerEEXadL_ZNS4I_20accipioSpatiumMetersEvEEEElPv
                0x0000000000000510                _ZN6srutil8DelegateIFlvEE11method_stubI24CeleritasSpatiumDimetiorIXadL_ZN8Register5portGEEELh3ELh4EXadL_ZNS5_5portAEEELh0E6CanDatIN4Loki8TypelistINS8_INS7_8Int2TypeILj6280EEENS8_INS9_ILj6792EEENS8_INS9_ILj6850EEENS7_8NullTypeEEEEEEENS8_INS8_INS9_ILj18024EEENS8_INS9_ILj18056EEESD_EEEENS8_INS8_INS9_ILj25575EEENS8_INS9_ILj25383EEENS8_INS9_ILj6403EEESD_EEEEEENS8_INS8_INS9_ILj25544EEENS8_INS9_ILj25352EEESD_EEEENS8_INS8_INS9_ILj25476EEENS8_INS9_ILj25508EEESD_EEEENS8_INS8_INS9_ILj50789EEENS8_INS9_ILj50821EEENS8_INS9_ILj38917EEENS8_INS9_ILj39429EEENS8_INS9_ILj25189EEENS8_INS9_ILj25221EEENS8_INS9_ILj39300EEENS8_INS9_ILj39332EEENS8_INS9_ILj39361EEENS8_INS9_ILj39393EEENS8_INS9_ILj6344EEENS8_INS9_ILj6376EEESD_EEEEEEEEEEEEEEEEEEEEEEEENS8_INS8_INS9_ILj23554EEENS8_INS9_ILj23586EEESD_EEEENS8_INS9_ILj3073EEESD_EEEEEEEEEEEEEEEENS8_INS8_INS9_ILj2568EEENS8_INS9_ILj2824EEENS8_INS9_ILj2632EEENS8_INS9_ILj2888EEENS8_INS9_ILj2309EEESD_EEEEEEEEEENS8_INS9_ILj3585EEENS8_INS8_INS9_ILj4096EEENS8_INS9_ILj4224EEENS8_INS9_ILj4097EEENS8_INS9_ILj4225EEENS8_INS9_ILj4128EEENS8_INS9_ILj4256EEENS8_INS9_ILj4129EEENS8_INS9_ILj4257EEESD_EEEEEEEEEEEEEEEENS8_INS8_INS9_ILj16936EEENS8_INS9_ILj17064EEESD_EEEENS8_INS8_INS9_ILj19013EEENS8_INS9_ILj25093EEENS8_IS13_SD_EEEEEENS8_INS8_INS9_ILj36103EEENS8_INS9_ILj34821EEENS8_INS9_ILj35333EEESD_EEEEEENS8_INS9_ILj60546EEESD_EEEEEEEEEEEEEENS8_IS2W_NS8_IS24_NS8_IS2V_NS8_IS13_NS8_IS2A_NS8_IS30_NS8_IS31_NS8_IS32_NS8_IS20_NS8_IS21_NS8_IS2R_NS8_IS2B_NS8_IS2C_NS8_IS2F_NS8_IS2G_NS8_IS2D_NS8_IS2E_NS8_IS2H_NS8_IS2I_NS8_IS2S_NS8_IS36_NS8_INS9_ILj64520EEENS8_INS9_ILj64584EEESD_EEEEEEEEEEEEEEEEEEEEEEEEEEEEEEEEEEEEEEEEEEEEEELh128ENS8_INS9_ILj64552EEENS8_INS9_ILj64616EEESD_EEEELl100ELl75EEL_Z6canDatE5ClockI5AlarmIV13BitfieldDummyI14TimerControl16EXadL_ZNS5_13timer3ControlEEEXadL_ZNS5_13timer3CounterEEEXadL_ZNS5_14timer3CompareAEEEXadL_ZNS5_19timer3InterruptMaskEEEXadL_ZNS5_19timer3InterruptFlagEEEXadL_Z20TIMER3_COMPA_handlerEELm1000EEmEL_Z5clockE9SchedulerIS4F_L_Z5clockELh16EjEL_Z9schedulerEEXadL_ZNS4I_20accipioSpatiumMetersEvEEEElPv
 .text._ZN6srutil8DelegateIFvjEE11method_stubI24CeleritasSpatiumDimetiorIXadL_ZN8Register5portGEEELh3ELh4EXadL_ZNS5_5portAEEELh0E6CanDatIN4Loki8TypelistINS8_INS7_8Int2TypeILj6280EEENS8_INS9_ILj6792EEENS8_INS9_ILj6850EEENS7_8NullTypeEEEEEEENS8_INS8_INS9_ILj18024EEENS8_INS9_ILj18056EEESD_EEEENS8_INS8_INS9_ILj25575EEENS8_INS9_ILj25383EEENS8_INS9_ILj6403EEESD_EEEEEENS8_INS8_INS9_ILj25544EEENS8_INS9_ILj25352EEESD_EEEENS8_INS8_INS9_ILj25476EEENS8_INS9_ILj25508EEESD_EEEENS8_INS8_INS9_ILj50789EEENS8_INS9_ILj50821EEENS8_INS9_ILj38917EEENS8_INS9_ILj39429EEENS8_INS9_ILj25189EEENS8_INS9_ILj25221EEENS8_INS9_ILj39300EEENS8_INS9_ILj39332EEENS8_INS9_ILj39361EEENS8_INS9_ILj39393EEENS8_INS9_ILj6344EEENS8_INS9_ILj6376EEESD_EEEEEEEEEEEEEEEEEEEEEEEENS8_INS8_INS9_ILj23554EEENS8_INS9_ILj23586EEESD_EEEENS8_INS9_ILj3073EEESD_EEEEEEEEEEEEEEEENS8_INS8_INS9_ILj2568EEENS8_INS9_ILj2824EEENS8_INS9_ILj2632EEENS8_INS9_ILj2888EEENS8_INS9_ILj2309EEESD_EEEEEEEEEENS8_INS9_ILj3585EEENS8_INS8_INS9_ILj4096EEENS8_INS9_ILj4224EEENS8_INS9_ILj4097EEENS8_INS9_ILj4225EEENS8_INS9_ILj4128EEENS8_INS9_ILj4256EEENS8_INS9_ILj4129EEENS8_INS9_ILj4257EEESD_EEEEEEEEEEEEEEEENS8_INS8_INS9_ILj16936EEENS8_INS9_ILj17064EEESD_EEEENS8_INS8_INS9_ILj19013EEENS8_INS9_ILj25093EEENS8_IS13_SD_EEEEEENS8_INS8_INS9_ILj36103EEENS8_INS9_ILj34821EEENS8_INS9_ILj35333EEESD_EEEEEENS8_INS9_ILj60546EEESD_EEEEEEEEEEEEEENS8_IS2W_NS8_IS24_NS8_IS2V_NS8_IS13_NS8_IS2A_NS8_IS30_NS8_IS31_NS8_IS32_NS8_IS20_NS8_IS21_NS8_IS2R_NS8_IS2B_NS8_IS2C_NS8_IS2F_NS8_IS2G_NS8_IS2D_NS8_IS2E_NS8_IS2H_NS8_IS2I_NS8_IS2S_NS8_IS36_NS8_INS9_ILj64520EEENS8_INS9_ILj64584EEESD_EEEEEEEEEEEEEEEEEEEEEEEEEEEEEEEEEEEEEEEEEEEEEELh128ENS8_INS9_ILj64552EEENS8_INS9_ILj64616EEESD_EEEELl100ELl75EELZ6canDatE5ClockI5AlarmIV13BitfieldDummyI14TimerControl16EXadL_ZNS5_13timer3ControlEEEXadL_ZNS5_13timer3CounterEEEXadL_ZNS5_14timer3CompareAEEEXadL_ZNS5_19timer3InterruptMaskEEEXadL_ZNS5_19timer3InterruptFlagEEEXadL_Z20TIMER3_COMPA_handlerEELm1000EEmELZ5clockE9SchedulerIS4F_LZ5clockELh16EjELZ9schedulerEEXadL_ZNS4I_15dpsFaultProducoEjEEEEvPvj
                0x000000000000051c       0x40 ./main.o
                0x000000000000051c                _ZN6srutil8DelegateIFvjEE11method_stubI24CeleritasSpatiumDimetiorIXadL_ZN8Register5portGEEELh3ELh4EXadL_ZNS5_5portAEEELh0E6CanDatIN4Loki8TypelistINS8_INS7_8Int2TypeILj6280EEENS8_INS9_ILj6792EEENS8_INS9_ILj6850EEENS7_8NullTypeEEEEEEENS8_INS8_INS9_ILj18024EEENS8_INS9_ILj18056EEESD_EEEENS8_INS8_INS9_ILj25575EEENS8_INS9_ILj25383EEENS8_INS9_ILj6403EEESD_EEEEEENS8_INS8_INS9_ILj25544EEENS8_INS9_ILj25352EEESD_EEEENS8_INS8_INS9_ILj25476EEENS8_INS9_ILj25508EEESD_EEEENS8_INS8_INS9_ILj50789EEENS8_INS9_ILj50821EEENS8_INS9_ILj38917EEENS8_INS9_ILj39429EEENS8_INS9_ILj25189EEENS8_INS9_ILj25221EEENS8_INS9_ILj39300EEENS8_INS9_ILj39332EEENS8_INS9_ILj39361EEENS8_INS9_ILj39393EEENS8_INS9_ILj6344EEENS8_INS9_ILj6376EEESD_EEEEEEEEEEEEEEEEEEEEEEEENS8_INS8_INS9_ILj23554EEENS8_INS9_ILj23586EEESD_EEEENS8_INS9_ILj3073EEESD_EEEEEEEEEEEEEEEENS8_INS8_INS9_ILj2568EEENS8_INS9_ILj2824EEENS8_INS9_ILj2632EEENS8_INS9_ILj2888EEENS8_INS9_ILj2309EEESD_EEEEEEEEEENS8_INS9_ILj3585EEENS8_INS8_INS9_ILj4096EEENS8_INS9_ILj4224EEENS8_INS9_ILj4097EEENS8_INS9_ILj4225EEENS8_INS9_ILj4128EEENS8_INS9_ILj4256EEENS8_INS9_ILj4129EEENS8_INS9_ILj4257EEESD_EEEEEEEEEEEEEEEENS8_INS8_INS9_ILj16936EEENS8_INS9_ILj17064EEESD_EEEENS8_INS8_INS9_ILj19013EEENS8_INS9_ILj25093EEENS8_IS13_SD_EEEEEENS8_INS8_INS9_ILj36103EEENS8_INS9_ILj34821EEENS8_INS9_ILj35333EEESD_EEEEEENS8_INS9_ILj60546EEESD_EEEEEEEEEEEEEENS8_IS2W_NS8_IS24_NS8_IS2V_NS8_IS13_NS8_IS2A_NS8_IS30_NS8_IS31_NS8_IS32_NS8_IS20_NS8_IS21_NS8_IS2R_NS8_IS2B_NS8_IS2C_NS8_IS2F_NS8_IS2G_NS8_IS2D_NS8_IS2E_NS8_IS2H_NS8_IS2I_NS8_IS2S_NS8_IS36_NS8_INS9_ILj64520EEENS8_INS9_ILj64584EEESD_EEEEEEEEEEEEEEEEEEEEEEEEEEEEEEEEEEEEEEEEEEEEEELh128ENS8_INS9_ILj64552EEENS8_INS9_ILj64616EEESD_EEEELl100ELl75EEL_Z6canDatE5ClockI5AlarmIV13BitfieldDummyI14TimerControl16EXadL_ZNS5_13timer3ControlEEEXadL_ZNS5_13timer3CounterEEEXadL_ZNS5_14timer3CompareAEEEXadL_ZNS5_19timer3InterruptMaskEEEXadL_ZNS5_19timer3InterruptFlagEEEXadL_Z20TIMER3_COMPA_handlerEELm1000EEmEL_Z5clockE9SchedulerIS4F_L_Z5clockELh16EjEL_Z9schedulerEEXadL_ZNS4I_15dpsFaultProducoEjEEEEvPvj
                0x000000000000051c                _ZN6srutil8DelegateIFvjEE11method_stubI24CeleritasSpatiumDimetiorIXadL_ZN8Register5portGEEELh3ELh4EXadL_ZNS5_5portAEEELh0E6CanDatIN4Loki8TypelistINS8_INS7_8Int2TypeILj6280EEENS8_INS9_ILj6792EEENS8_INS9_ILj6850EEENS7_8NullTypeEEEEEEENS8_INS8_INS9_ILj18024EEENS8_INS9_ILj18056EEESD_EEEENS8_INS8_INS9_ILj25575EEENS8_INS9_ILj25383EEENS8_INS9_ILj6403EEESD_EEEEEENS8_INS8_INS9_ILj25544EEENS8_INS9_ILj25352EEESD_EEEENS8_INS8_INS9_ILj25476EEENS8_INS9_ILj25508EEESD_EEEENS8_INS8_INS9_ILj50789EEENS8_INS9_ILj50821EEENS8_INS9_ILj38917EEENS8_INS9_ILj39429EEENS8_INS9_ILj25189EEENS8_INS9_ILj25221EEENS8_INS9_ILj39300EEENS8_INS9_ILj39332EEENS8_INS9_ILj39361EEENS8_INS9_ILj39393EEENS8_INS9_ILj6344EEENS8_INS9_ILj6376EEESD_EEEEEEEEEEEEEEEEEEEEEEEENS8_INS8_INS9_ILj23554EEENS8_INS9_ILj23586EEESD_EEEENS8_INS9_ILj3073EEESD_EEEEEEEEEEEEEEEENS8_INS8_INS9_ILj2568EEENS8_INS9_ILj2824EEENS8_INS9_ILj2632EEENS8_INS9_ILj2888EEENS8_INS9_ILj2309EEESD_EEEEEEEEEENS8_INS9_ILj3585EEENS8_INS8_INS9_ILj4096EEENS8_INS9_ILj4224EEENS8_INS9_ILj4097EEENS8_INS9_ILj4225EEENS8_INS9_ILj4128EEENS8_INS9_ILj4256EEENS8_INS9_ILj4129EEENS8_INS9_ILj4257EEESD_EEEEEEEEEEEEEEEENS8_INS8_INS9_ILj16936EEENS8_INS9_ILj17064EEESD_EEEENS8_INS8_INS9_ILj19013EEENS8_INS9_ILj25093EEENS8_IS13_SD_EEEEEENS8_INS8_INS9_ILj36103EEENS8_INS9_ILj34821EEENS8_INS9_ILj35333EEESD_EEEEEENS8_INS9_ILj60546EEESD_EEEEEEEEEEEEEENS8_IS2W_NS8_IS24_NS8_IS2V_NS8_IS13_NS8_IS2A_NS8_IS30_NS8_IS31_NS8_IS32_NS8_IS20_NS8_IS21_NS8_IS2R_NS8_IS2B_NS8_IS2C_NS8_IS2F_NS8_IS2G_NS8_IS2D_NS8_IS2E_NS8_IS2H_NS8_IS2I_NS8_IS2S_NS8_IS36_NS8_INS9_ILj64520EEENS8_INS9_ILj64584EEESD_EEEEEEEEEEEEEEEEEEEEEEEEEEEEEEEEEEEEEEEEEEEEEELh128ENS8_INS9_ILj64552EEENS8_INS9_ILj64616EEESD_EEEELl100ELl75EELZ6canDatE5ClockI5AlarmIV13BitfieldDummyI14TimerControl16EXadL_ZNS5_13timer3ControlEEEXadL_ZNS5_13timer3CounterEEEXadL_ZNS5_14timer3CompareAEEEXadL_ZNS5_19timer3InterruptMaskEEEXadL_ZNS5_19timer3InterruptFlagEEEXadL_Z20TIMER3_COMPA_handlerEELm1000EEmELZ5clockE9SchedulerIS4F_LZ5clockELh16EjELZ9schedulerEEXadL_ZNS4I_15dpsFaultProducoEjEEEEvPvj
 .text._ZN8DimetiorIXadL_ZN8Register5portGEEELh3ELh4ELj4096ELj16384ELj65535ELm100EE7computoERKh.isra.173
                0x000000000000055c      0x13e ./main.o
 .text._ZN9SchedulerI5ClockI5AlarmIV13BitfieldDummyI14TimerControl16EXadL_ZN8Register13timer3ControlEEEXadL_ZNS6_13timer3CounterEEEXadL_ZNS6_14timer3CompareAEEEXadL_ZNS6_19timer3InterruptMaskEEEXadL_ZNS6_19timer3InterruptFlagEEEXadL_Z20TIMER3_COMPA_handlerEELm1000EEmELZ5clockELh16EjE5runInE7Commandj.constprop.223
                0x000000000000069a       0xcc ./main.o
 .text._Z3powIjijET_T0_T1_.constprop.222
                0x0000000000000766      0x10e ./main.o
 .text._ZN6srutil8DelegateIFvvEE11method_stubI9EmulationXadL_ZNS4_9makeAStepEvEEEEvPv
                0x0000000000000874       0x78 ./main.o
                0x0000000000000874                _ZN6srutil8DelegateIFvvEE11method_stubI9EmulationXadL_ZNS4_9makeAStepEvEEEEvPv
 .text._ZN6srutil8DelegateIFvjEE11method_stubI9EmulationXadL_ZNS4_8watchDogEjEEEEvPvj
                0x00000000000008ec       0xae ./main.o
                0x00000000000008ec                _ZN6srutil8DelegateIFvjEE11method_stubI9EmulationXadL_ZNS4_8watchDogEjEEEEvPvj
 .text._ZN6srutil8DelegateIFvjEE11method_stubI9EmulationXadL_ZNS4_12getConstantsEjEEEEvPvj
                0x000000000000099a      0x3aa ./main.o
                0x000000000000099a                _ZN6srutil8DelegateIFvjEE11method_stubI9EmulationXadL_ZNS4_12getConstantsEjEEEEvPvj
 .text._ZN6srutil8DelegateIFvjEE11method_stubI6EeCellXadL_ZNS4_13runAfterResetEjEEEEvPvj
                0x0000000000000d44       0x62 ./main.o
                0x0000000000000d44                _ZN6srutil8DelegateIFvjEE11method_stubI6EeCellXadL_ZNS4_13runAfterResetEjEEEEvPvj
 .text._ZN6srutil8DelegateIFvvEE11method_stubI24CeleritasSpatiumDimetiorIXadL_ZN8Register5portGEEELh3ELh4EXadL_ZNS5_5portAEEELh0E6CanDatIN4Loki8TypelistINS8_INS7_8Int2TypeILj6280EEENS8_INS9_ILj6792EEENS8_INS9_ILj6850EEENS7_8NullTypeEEEEEEENS8_INS8_INS9_ILj18024EEENS8_INS9_ILj18056EEESD_EEEENS8_INS8_INS9_ILj25575EEENS8_INS9_ILj25383EEENS8_INS9_ILj6403EEESD_EEEEEENS8_INS8_INS9_ILj25544EEENS8_INS9_ILj25352EEESD_EEEENS8_INS8_INS9_ILj25476EEENS8_INS9_ILj25508EEESD_EEEENS8_INS8_INS9_ILj50789EEENS8_INS9_ILj50821EEENS8_INS9_ILj38917EEENS8_INS9_ILj39429EEENS8_INS9_ILj25189EEENS8_INS9_ILj25221EEENS8_INS9_ILj39300EEENS8_INS9_ILj39332EEENS8_INS9_ILj39361EEENS8_INS9_ILj39393EEENS8_INS9_ILj6344EEENS8_INS9_ILj6376EEESD_EEEEEEEEEEEEEEEEEEEEEEEENS8_INS8_INS9_ILj23554EEENS8_INS9_ILj23586EEESD_EEEENS8_INS9_ILj3073EEESD_EEEEEEEEEEEEEEEENS8_INS8_INS9_ILj2568EEENS8_INS9_ILj2824EEENS8_INS9_ILj2632EEENS8_INS9_ILj2888EEENS8_INS9_ILj2309EEESD_EEEEEEEEEENS8_INS9_ILj3585EEENS8_INS8_INS9_ILj4096EEENS8_INS9_ILj4224EEENS8_INS9_ILj4097EEENS8_INS9_ILj4225EEENS8_INS9_ILj4128EEENS8_INS9_ILj4256EEENS8_INS9_ILj4129EEENS8_INS9_ILj4257EEESD_EEEEEEEEEEEEEEEENS8_INS8_INS9_ILj16936EEENS8_INS9_ILj17064EEESD_EEEENS8_INS8_INS9_ILj19013EEENS8_INS9_ILj25093EEENS8_IS13_SD_EEEEEENS8_INS8_INS9_ILj36103EEENS8_INS9_ILj34821EEENS8_INS9_ILj35333EEESD_EEEEEENS8_INS9_ILj60546EEESD_EEEEEEEEEEEEEENS8_IS2W_NS8_IS24_NS8_IS2V_NS8_IS13_NS8_IS2A_NS8_IS30_NS8_IS31_NS8_IS32_NS8_IS20_NS8_IS21_NS8_IS2R_NS8_IS2B_NS8_IS2C_NS8_IS2F_NS8_IS2G_NS8_IS2D_NS8_IS2E_NS8_IS2H_NS8_IS2I_NS8_IS2S_NS8_IS36_NS8_INS9_ILj64520EEENS8_INS9_ILj64584EEESD_EEEEEEEEEEEEEEEEEEEEEEEEEEEEEEEEEEEEEEEEEEEEEELh128ENS8_INS9_ILj64552EEENS8_INS9_ILj64616EEESD_EEEELl100ELl75EELZ6canDatE5ClockI5AlarmIV13BitfieldDummyI14TimerControl16EXadL_ZNS5_13timer3ControlEEEXadL_ZNS5_13timer3CounterEEEXadL_ZNS5_14timer3CompareAEEEXadL_ZNS5_19timer3InterruptMaskEEEXadL_ZNS5_19timer3InterruptFlagEEEXadL_Z20TIMER3_COMPA_handlerEELm1000EEmELZ5clockE9SchedulerIS4F_LZ5clockELh16EjELZ9schedulerEEXadL_ZNS4I_12animadversioEvEEEEvPv
                0x0000000000000da6       0x5a ./main.o
                0x0000000000000da6                _ZN6srutil8DelegateIFvvEE11method_stubI24CeleritasSpatiumDimetiorIXadL_ZN8Register5portGEEELh3ELh4EXadL_ZNS5_5portAEEELh0E6CanDatIN4Loki8TypelistINS8_INS7_8Int2TypeILj6280EEENS8_INS9_ILj6792EEENS8_INS9_ILj6850EEENS7_8NullTypeEEEEEEENS8_INS8_INS9_ILj18024EEENS8_INS9_ILj18056EEESD_EEEENS8_INS8_INS9_ILj25575EEENS8_INS9_ILj25383EEENS8_INS9_ILj6403EEESD_EEEEEENS8_INS8_INS9_ILj25544EEENS8_INS9_ILj25352EEESD_EEEENS8_INS8_INS9_ILj25476EEENS8_INS9_ILj25508EEESD_EEEENS8_INS8_INS9_ILj50789EEENS8_INS9_ILj50821EEENS8_INS9_ILj38917EEENS8_INS9_ILj39429EEENS8_INS9_ILj25189EEENS8_INS9_ILj25221EEENS8_INS9_ILj39300EEENS8_INS9_ILj39332EEENS8_INS9_ILj39361EEENS8_INS9_ILj39393EEENS8_INS9_ILj6344EEENS8_INS9_ILj6376EEESD_EEEEEEEEEEEEEEEEEEEEEEEENS8_INS8_INS9_ILj23554EEENS8_INS9_ILj23586EEESD_EEEENS8_INS9_ILj3073EEESD_EEEEEEEEEEEEEEEENS8_INS8_INS9_ILj2568EEENS8_INS9_ILj2824EEENS8_INS9_ILj2632EEENS8_INS9_ILj2888EEENS8_INS9_ILj2309EEESD_EEEEEEEEEENS8_INS9_ILj3585EEENS8_INS8_INS9_ILj4096EEENS8_INS9_ILj4224EEENS8_INS9_ILj4097EEENS8_INS9_ILj4225EEENS8_INS9_ILj4128EEENS8_INS9_ILj4256EEENS8_INS9_ILj4129EEENS8_INS9_ILj4257EEESD_EEEEEEEEEEEEEEEENS8_INS8_INS9_ILj16936EEENS8_INS9_ILj17064EEESD_EEEENS8_INS8_INS9_ILj19013EEENS8_INS9_ILj25093EEENS8_IS13_SD_EEEEEENS8_INS8_INS9_ILj36103EEENS8_INS9_ILj34821EEENS8_INS9_ILj35333EEESD_EEEEEENS8_INS9_ILj60546EEESD_EEEEEEEEEEEEEENS8_IS2W_NS8_IS24_NS8_IS2V_NS8_IS13_NS8_IS2A_NS8_IS30_NS8_IS31_NS8_IS32_NS8_IS20_NS8_IS21_NS8_IS2R_NS8_IS2B_NS8_IS2C_NS8_IS2F_NS8_IS2G_NS8_IS2D_NS8_IS2E_NS8_IS2H_NS8_IS2I_NS8_IS2S_NS8_IS36_NS8_INS9_ILj64520EEENS8_INS9_ILj64584EEESD_EEEEEEEEEEEEEEEEEEEEEEEEEEEEEEEEEEEEEEEEEEEEEELh128ENS8_INS9_ILj64552EEENS8_INS9_ILj64616EEESD_EEEELl100ELl75EEL_Z6canDatE5ClockI5AlarmIV13BitfieldDummyI14TimerControl16EXadL_ZNS5_13timer3ControlEEEXadL_ZNS5_13timer3CounterEEEXadL_ZNS5_14timer3CompareAEEEXadL_ZNS5_19timer3InterruptMaskEEEXadL_ZNS5_19timer3InterruptFlagEEEXadL_Z20TIMER3_COMPA_handlerEELm1000EEmEL_Z5clockE9SchedulerIS4F_L_Z5clockELh16EjEL_Z9schedulerEEXadL_ZNS4I_12animadversioEvEEEEvPv
                0x0000000000000da6                _ZN6srutil8DelegateIFvvEE11method_stubI24CeleritasSpatiumDimetiorIXadL_ZN8Register5portGEEELh3ELh4EXadL_ZNS5_5portAEEELh0E6CanDatIN4Loki8TypelistINS8_INS7_8Int2TypeILj6280EEENS8_INS9_ILj6792EEENS8_INS9_ILj6850EEENS7_8NullTypeEEEEEEENS8_INS8_INS9_ILj18024EEENS8_INS9_ILj18056EEESD_EEEENS8_INS8_INS9_ILj25575EEENS8_INS9_ILj25383EEENS8_INS9_ILj6403EEESD_EEEEEENS8_INS8_INS9_ILj25544EEENS8_INS9_ILj25352EEESD_EEEENS8_INS8_INS9_ILj25476EEENS8_INS9_ILj25508EEESD_EEEENS8_INS8_INS9_ILj50789EEENS8_INS9_ILj50821EEENS8_INS9_ILj38917EEENS8_INS9_ILj39429EEENS8_INS9_ILj25189EEENS8_INS9_ILj25221EEENS8_INS9_ILj39300EEENS8_INS9_ILj39332EEENS8_INS9_ILj39361EEENS8_INS9_ILj39393EEENS8_INS9_ILj6344EEENS8_INS9_ILj6376EEESD_EEEEEEEEEEEEEEEEEEEEEEEENS8_INS8_INS9_ILj23554EEENS8_INS9_ILj23586EEESD_EEEENS8_INS9_ILj3073EEESD_EEEEEEEEEEEEEEEENS8_INS8_INS9_ILj2568EEENS8_INS9_ILj2824EEENS8_INS9_ILj2632EEENS8_INS9_ILj2888EEENS8_INS9_ILj2309EEESD_EEEEEEEEEENS8_INS9_ILj3585EEENS8_INS8_INS9_ILj4096EEENS8_INS9_ILj4224EEENS8_INS9_ILj4097EEENS8_INS9_ILj4225EEENS8_INS9_ILj4128EEENS8_INS9_ILj4256EEENS8_INS9_ILj4129EEENS8_INS9_ILj4257EEESD_EEEEEEEEEEEEEEEENS8_INS8_INS9_ILj16936EEENS8_INS9_ILj17064EEESD_EEEENS8_INS8_INS9_ILj19013EEENS8_INS9_ILj25093EEENS8_IS13_SD_EEEEEENS8_INS8_INS9_ILj36103EEENS8_INS9_ILj34821EEENS8_INS9_ILj35333EEESD_EEEEEENS8_INS9_ILj60546EEESD_EEEEEEEEEEEEEENS8_IS2W_NS8_IS24_NS8_IS2V_NS8_IS13_NS8_IS2A_NS8_IS30_NS8_IS31_NS8_IS32_NS8_IS20_NS8_IS21_NS8_IS2R_NS8_IS2B_NS8_IS2C_NS8_IS2F_NS8_IS2G_NS8_IS2D_NS8_IS2E_NS8_IS2H_NS8_IS2I_NS8_IS2S_NS8_IS36_NS8_INS9_ILj64520EEENS8_INS9_ILj64584EEESD_EEEEEEEEEEEEEEEEEEEEEEEEEEEEEEEEEEEEEEEEEEEEEELh128ENS8_INS9_ILj64552EEENS8_INS9_ILj64616EEESD_EEEELl100ELl75EELZ6canDatE5ClockI5AlarmIV13BitfieldDummyI14TimerControl16EXadL_ZNS5_13timer3ControlEEEXadL_ZNS5_13timer3CounterEEEXadL_ZNS5_14timer3CompareAEEEXadL_ZNS5_19timer3InterruptMaskEEEXadL_ZNS5_19timer3InterruptFlagEEEXadL_Z20TIMER3_COMPA_handlerEELm1000EEmELZ5clockE9SchedulerIS4F_LZ5clockELh16EjELZ9schedulerEEXadL_ZNS4I_12animadversioEvEEEEvPv
 .text._ZN6srutil8DelegateIFvjEE11method_stubI11SautConvertXadL_ZNS4_13runAfterResetEjEEEEvPvj
                0x0000000000000e00       0x56 ./main.o
                0x0000000000000e00                _ZN6srutil8DelegateIFvjEE11method_stubI11SautConvertXadL_ZNS4_13runAfterResetEjEEEEvPvj
 .text._ZN6srutil8DelegateIFvjEE11method_stubI14ConstValModuleI6CanDatIN4Loki8TypelistINS7_INS6_8Int2TypeILj6280EEENS7_INS8_ILj6792EEENS7_INS8_ILj6850EEENS6_8NullTypeEEEEEEENS7_INS7_INS8_ILj18024EEENS7_INS8_ILj18056EEESC_EEEENS7_INS7_INS8_ILj25575EEENS7_INS8_ILj25383EEENS7_INS8_ILj6403EEESC_EEEEEENS7_INS7_INS8_ILj25544EEENS7_INS8_ILj25352EEESC_EEEENS7_INS7_INS8_ILj25476EEENS7_INS8_ILj25508EEESC_EEEENS7_INS7_INS8_ILj50789EEENS7_INS8_ILj50821EEENS7_INS8_ILj38917EEENS7_INS8_ILj39429EEENS7_INS8_ILj25189EEENS7_INS8_ILj25221EEENS7_INS8_ILj39300EEENS7_INS8_ILj39332EEENS7_INS8_ILj39361EEENS7_INS8_ILj39393EEENS7_INS8_ILj6344EEENS7_INS8_ILj6376EEESC_EEEEEEEEEEEEEEEEEEEEEEEENS7_INS7_INS8_ILj23554EEENS7_INS8_ILj23586EEESC_EEEENS7_INS8_ILj3073EEESC_EEEEEEEEEEEEEEEENS7_INS7_INS8_ILj2568EEENS7_INS8_ILj2824EEENS7_INS8_ILj2632EEENS7_INS8_ILj2888EEENS7_INS8_ILj2309EEESC_EEEEEEEEEENS7_INS8_ILj3585EEENS7_INS7_INS8_ILj4096EEENS7_INS8_ILj4224EEENS7_INS8_ILj4097EEENS7_INS8_ILj4225EEENS7_INS8_ILj4128EEENS7_INS8_ILj4256EEENS7_INS8_ILj4129EEENS7_INS8_ILj4257EEESC_EEEEEEEEEEEEEEEENS7_INS7_INS8_ILj16936EEENS7_INS8_ILj17064EEESC_EEEENS7_INS7_INS8_ILj19013EEENS7_INS8_ILj25093EEENS7_IS12_SC_EEEEEENS7_INS7_INS8_ILj36103EEENS7_INS8_ILj34821EEENS7_INS8_ILj35333EEESC_EEEEEENS7_INS8_ILj60546EEESC_EEEEEEEEEEEEEENS7_IS2V_NS7_IS23_NS7_IS2U_NS7_IS12_NS7_IS29_NS7_IS2Z_NS7_IS30_NS7_IS31_NS7_IS1Z_NS7_IS20_NS7_IS2Q_NS7_IS2A_NS7_IS2B_NS7_IS2E_NS7_IS2F_NS7_IS2C_NS7_IS2D_NS7_IS2G_NS7_IS2H_NS7_IS2R_NS7_IS35_NS7_INS8_ILj64520EEENS7_INS8_ILj64584EEESC_EEEEEEEEEEEEEEEEEEEEEEEEEEEEEEEEEEEEEEEEEEEEEELh128ENS7_INS8_ILj64552EEENS7_INS8_ILj64616EEESC_EEEELl100ELl75EELZ6canDatE9SchedulerI5ClockI5AlarmIV13BitfieldDummyI14TimerControl16EXadL_ZN8Register13timer3ControlEEEXadL_ZNS4E_13timer3CounterEEEXadL_ZNS4E_14timer3CompareAEEEXadL_ZNS4E_19timer3InterruptMaskEEEXadL_ZNS4E_19timer3InterruptFlagEEEXadL_Z20TIMER3_COMPA_handlerEELm1000EEmELZ5clockELh16EjELZ9schedulerEEXadL_ZNS4I_11resetAllOpsEjEEEEvPvj
                0x0000000000000e56       0x98 ./main.o
                0x0000000000000e56                _ZN6srutil8DelegateIFvjEE11method_stubI14ConstValModuleI6CanDatIN4Loki8TypelistINS7_INS6_8Int2TypeILj6280EEENS7_INS8_ILj6792EEENS7_INS8_ILj6850EEENS6_8NullTypeEEEEEEENS7_INS7_INS8_ILj18024EEENS7_INS8_ILj18056EEESC_EEEENS7_INS7_INS8_ILj25575EEENS7_INS8_ILj25383EEENS7_INS8_ILj6403EEESC_EEEEEENS7_INS7_INS8_ILj25544EEENS7_INS8_ILj25352EEESC_EEEENS7_INS7_INS8_ILj25476EEENS7_INS8_ILj25508EEESC_EEEENS7_INS7_INS8_ILj50789EEENS7_INS8_ILj50821EEENS7_INS8_ILj38917EEENS7_INS8_ILj39429EEENS7_INS8_ILj25189EEENS7_INS8_ILj25221EEENS7_INS8_ILj39300EEENS7_INS8_ILj39332EEENS7_INS8_ILj39361EEENS7_INS8_ILj39393EEENS7_INS8_ILj6344EEENS7_INS8_ILj6376EEESC_EEEEEEEEEEEEEEEEEEEEEEEENS7_INS7_INS8_ILj23554EEENS7_INS8_ILj23586EEESC_EEEENS7_INS8_ILj3073EEESC_EEEEEEEEEEEEEEEENS7_INS7_INS8_ILj2568EEENS7_INS8_ILj2824EEENS7_INS8_ILj2632EEENS7_INS8_ILj2888EEENS7_INS8_ILj2309EEESC_EEEEEEEEEENS7_INS8_ILj3585EEENS7_INS7_INS8_ILj4096EEENS7_INS8_ILj4224EEENS7_INS8_ILj4097EEENS7_INS8_ILj4225EEENS7_INS8_ILj4128EEENS7_INS8_ILj4256EEENS7_INS8_ILj4129EEENS7_INS8_ILj4257EEESC_EEEEEEEEEEEEEEEENS7_INS7_INS8_ILj16936EEENS7_INS8_ILj17064EEESC_EEEENS7_INS7_INS8_ILj19013EEENS7_INS8_ILj25093EEENS7_IS12_SC_EEEEEENS7_INS7_INS8_ILj36103EEENS7_INS8_ILj34821EEENS7_INS8_ILj35333EEESC_EEEEEENS7_INS8_ILj60546EEESC_EEEEEEEEEEEEEENS7_IS2V_NS7_IS23_NS7_IS2U_NS7_IS12_NS7_IS29_NS7_IS2Z_NS7_IS30_NS7_IS31_NS7_IS1Z_NS7_IS20_NS7_IS2Q_NS7_IS2A_NS7_IS2B_NS7_IS2E_NS7_IS2F_NS7_IS2C_NS7_IS2D_NS7_IS2G_NS7_IS2H_NS7_IS2R_NS7_IS35_NS7_INS8_ILj64520EEENS7_INS8_ILj64584EEESC_EEEEEEEEEEEEEEEEEEEEEEEEEEEEEEEEEEEEEEEEEEEEEELh128ENS7_INS8_ILj64552EEENS7_INS8_ILj64616EEESC_EEEELl100ELl75EEL_Z6canDatE9SchedulerI5ClockI5AlarmIV13BitfieldDummyI14TimerControl16EXadL_ZN8Register13timer3ControlEEEXadL_ZNS4E_13timer3CounterEEEXadL_ZNS4E_14timer3CompareAEEEXadL_ZNS4E_19timer3InterruptMaskEEEXadL_ZNS4E_19timer3InterruptFlagEEEXadL_Z20TIMER3_COMPA_handlerEELm1000EEmEL_Z5clockELh16EjEL_Z9schedulerEEXadL_ZNS4I_11resetAllOpsEjEEEEvPvj
                0x0000000000000e56                _ZN6srutil8DelegateIFvjEE11method_stubI14ConstValModuleI6CanDatIN4Loki8TypelistINS7_INS6_8Int2TypeILj6280EEENS7_INS8_ILj6792EEENS7_INS8_ILj6850EEENS6_8NullTypeEEEEEEENS7_INS7_INS8_ILj18024EEENS7_INS8_ILj18056EEESC_EEEENS7_INS7_INS8_ILj25575EEENS7_INS8_ILj25383EEENS7_INS8_ILj6403EEESC_EEEEEENS7_INS7_INS8_ILj25544EEENS7_INS8_ILj25352EEESC_EEEENS7_INS7_INS8_ILj25476EEENS7_INS8_ILj25508EEESC_EEEENS7_INS7_INS8_ILj50789EEENS7_INS8_ILj50821EEENS7_INS8_ILj38917EEENS7_INS8_ILj39429EEENS7_INS8_ILj25189EEENS7_INS8_ILj25221EEENS7_INS8_ILj39300EEENS7_INS8_ILj39332EEENS7_INS8_ILj39361EEENS7_INS8_ILj39393EEENS7_INS8_ILj6344EEENS7_INS8_ILj6376EEESC_EEEEEEEEEEEEEEEEEEEEEEEENS7_INS7_INS8_ILj23554EEENS7_INS8_ILj23586EEESC_EEEENS7_INS8_ILj3073EEESC_EEEEEEEEEEEEEEEENS7_INS7_INS8_ILj2568EEENS7_INS8_ILj2824EEENS7_INS8_ILj2632EEENS7_INS8_ILj2888EEENS7_INS8_ILj2309EEESC_EEEEEEEEEENS7_INS8_ILj3585EEENS7_INS7_INS8_ILj4096EEENS7_INS8_ILj4224EEENS7_INS8_ILj4097EEENS7_INS8_ILj4225EEENS7_INS8_ILj4128EEENS7_INS8_ILj4256EEENS7_INS8_ILj4129EEENS7_INS8_ILj4257EEESC_EEEEEEEEEEEEEEEENS7_INS7_INS8_ILj16936EEENS7_INS8_ILj17064EEESC_EEEENS7_INS7_INS8_ILj19013EEENS7_INS8_ILj25093EEENS7_IS12_SC_EEEEEENS7_INS7_INS8_ILj36103EEENS7_INS8_ILj34821EEENS7_INS8_ILj35333EEESC_EEEEEENS7_INS8_ILj60546EEESC_EEEEEEEEEEEEEENS7_IS2V_NS7_IS23_NS7_IS2U_NS7_IS12_NS7_IS29_NS7_IS2Z_NS7_IS30_NS7_IS31_NS7_IS1Z_NS7_IS20_NS7_IS2Q_NS7_IS2A_NS7_IS2B_NS7_IS2E_NS7_IS2F_NS7_IS2C_NS7_IS2D_NS7_IS2G_NS7_IS2H_NS7_IS2R_NS7_IS35_NS7_INS8_ILj64520EEENS7_INS8_ILj64584EEESC_EEEEEEEEEEEEEEEEEEEEEEEEEEEEEEEEEEEEEEEEEEEEEELh128ENS7_INS8_ILj64552EEENS7_INS8_ILj64616EEESC_EEEELl100ELl75EELZ6canDatE9SchedulerI5ClockI5AlarmIV13BitfieldDummyI14TimerControl16EXadL_ZN8Register13timer3ControlEEEXadL_ZNS4E_13timer3CounterEEEXadL_ZNS4E_14timer3CompareAEEEXadL_ZNS4E_19timer3InterruptMaskEEEXadL_ZNS4E_19timer3InterruptFlagEEEXadL_Z20TIMER3_COMPA_handlerEELm1000EEmELZ5clockELh16EjELZ9schedulerEEXadL_ZNS4I_11resetAllOpsEjEEEEvPvj
 .text._ZN6srutil8DelegateIFvjEE11method_stubI14ConstValModuleI6CanDatIN4Loki8TypelistINS7_INS6_8Int2TypeILj6280EEENS7_INS8_ILj6792EEENS7_INS8_ILj6850EEENS6_8NullTypeEEEEEEENS7_INS7_INS8_ILj18024EEENS7_INS8_ILj18056EEESC_EEEENS7_INS7_INS8_ILj25575EEENS7_INS8_ILj25383EEENS7_INS8_ILj6403EEESC_EEEEEENS7_INS7_INS8_ILj25544EEENS7_INS8_ILj25352EEESC_EEEENS7_INS7_INS8_ILj25476EEENS7_INS8_ILj25508EEESC_EEEENS7_INS7_INS8_ILj50789EEENS7_INS8_ILj50821EEENS7_INS8_ILj38917EEENS7_INS8_ILj39429EEENS7_INS8_ILj25189EEENS7_INS8_ILj25221EEENS7_INS8_ILj39300EEENS7_INS8_ILj39332EEENS7_INS8_ILj39361EEENS7_INS8_ILj39393EEENS7_INS8_ILj6344EEENS7_INS8_ILj6376EEESC_EEEEEEEEEEEEEEEEEEEEEEEENS7_INS7_INS8_ILj23554EEENS7_INS8_ILj23586EEESC_EEEENS7_INS8_ILj3073EEESC_EEEEEEEEEEEEEEEENS7_INS7_INS8_ILj2568EEENS7_INS8_ILj2824EEENS7_INS8_ILj2632EEENS7_INS8_ILj2888EEENS7_INS8_ILj2309EEESC_EEEEEEEEEENS7_INS8_ILj3585EEENS7_INS7_INS8_ILj4096EEENS7_INS8_ILj4224EEENS7_INS8_ILj4097EEENS7_INS8_ILj4225EEENS7_INS8_ILj4128EEENS7_INS8_ILj4256EEENS7_INS8_ILj4129EEENS7_INS8_ILj4257EEESC_EEEEEEEEEEEEEEEENS7_INS7_INS8_ILj16936EEENS7_INS8_ILj17064EEESC_EEEENS7_INS7_INS8_ILj19013EEENS7_INS8_ILj25093EEENS7_IS12_SC_EEEEEENS7_INS7_INS8_ILj36103EEENS7_INS8_ILj34821EEENS7_INS8_ILj35333EEESC_EEEEEENS7_INS8_ILj60546EEESC_EEEEEEEEEEEEEENS7_IS2V_NS7_IS23_NS7_IS2U_NS7_IS12_NS7_IS29_NS7_IS2Z_NS7_IS30_NS7_IS31_NS7_IS1Z_NS7_IS20_NS7_IS2Q_NS7_IS2A_NS7_IS2B_NS7_IS2E_NS7_IS2F_NS7_IS2C_NS7_IS2D_NS7_IS2G_NS7_IS2H_NS7_IS2R_NS7_IS35_NS7_INS8_ILj64520EEENS7_INS8_ILj64584EEESC_EEEEEEEEEEEEEEEEEEEEEEEEEEEEEEEEEEEEEEEEEEEEEELh128ENS7_INS8_ILj64552EEENS7_INS8_ILj64616EEESC_EEEELl100ELl75EELZ6canDatE9SchedulerI5ClockI5AlarmIV13BitfieldDummyI14TimerControl16EXadL_ZN8Register13timer3ControlEEEXadL_ZNS4E_13timer3CounterEEEXadL_ZNS4E_14timer3CompareAEEEXadL_ZNS4E_19timer3InterruptMaskEEEXadL_ZNS4E_19timer3InterruptFlagEEEXadL_Z20TIMER3_COMPA_handlerEELm1000EEmELZ5clockELh16EjELZ9schedulerEEXadL_ZNS4I_16resetSautConvertEjEEEEvPvj
                0x0000000000000eee       0x76 ./main.o
                0x0000000000000eee                _ZN6srutil8DelegateIFvjEE11method_stubI14ConstValModuleI6CanDatIN4Loki8TypelistINS7_INS6_8Int2TypeILj6280EEENS7_INS8_ILj6792EEENS7_INS8_ILj6850EEENS6_8NullTypeEEEEEEENS7_INS7_INS8_ILj18024EEENS7_INS8_ILj18056EEESC_EEEENS7_INS7_INS8_ILj25575EEENS7_INS8_ILj25383EEENS7_INS8_ILj6403EEESC_EEEEEENS7_INS7_INS8_ILj25544EEENS7_INS8_ILj25352EEESC_EEEENS7_INS7_INS8_ILj25476EEENS7_INS8_ILj25508EEESC_EEEENS7_INS7_INS8_ILj50789EEENS7_INS8_ILj50821EEENS7_INS8_ILj38917EEENS7_INS8_ILj39429EEENS7_INS8_ILj25189EEENS7_INS8_ILj25221EEENS7_INS8_ILj39300EEENS7_INS8_ILj39332EEENS7_INS8_ILj39361EEENS7_INS8_ILj39393EEENS7_INS8_ILj6344EEENS7_INS8_ILj6376EEESC_EEEEEEEEEEEEEEEEEEEEEEEENS7_INS7_INS8_ILj23554EEENS7_INS8_ILj23586EEESC_EEEENS7_INS8_ILj3073EEESC_EEEEEEEEEEEEEEEENS7_INS7_INS8_ILj2568EEENS7_INS8_ILj2824EEENS7_INS8_ILj2632EEENS7_INS8_ILj2888EEENS7_INS8_ILj2309EEESC_EEEEEEEEEENS7_INS8_ILj3585EEENS7_INS7_INS8_ILj4096EEENS7_INS8_ILj4224EEENS7_INS8_ILj4097EEENS7_INS8_ILj4225EEENS7_INS8_ILj4128EEENS7_INS8_ILj4256EEENS7_INS8_ILj4129EEENS7_INS8_ILj4257EEESC_EEEEEEEEEEEEEEEENS7_INS7_INS8_ILj16936EEENS7_INS8_ILj17064EEESC_EEEENS7_INS7_INS8_ILj19013EEENS7_INS8_ILj25093EEENS7_IS12_SC_EEEEEENS7_INS7_INS8_ILj36103EEENS7_INS8_ILj34821EEENS7_INS8_ILj35333EEESC_EEEEEENS7_INS8_ILj60546EEESC_EEEEEEEEEEEEEENS7_IS2V_NS7_IS23_NS7_IS2U_NS7_IS12_NS7_IS29_NS7_IS2Z_NS7_IS30_NS7_IS31_NS7_IS1Z_NS7_IS20_NS7_IS2Q_NS7_IS2A_NS7_IS2B_NS7_IS2E_NS7_IS2F_NS7_IS2C_NS7_IS2D_NS7_IS2G_NS7_IS2H_NS7_IS2R_NS7_IS35_NS7_INS8_ILj64520EEENS7_INS8_ILj64584EEESC_EEEEEEEEEEEEEEEEEEEEEEEEEEEEEEEEEEEEEEEEEEEEEELh128ENS7_INS8_ILj64552EEENS7_INS8_ILj64616EEESC_EEEELl100ELl75EEL_Z6canDatE9SchedulerI5ClockI5AlarmIV13BitfieldDummyI14TimerControl16EXadL_ZN8Register13timer3ControlEEEXadL_ZNS4E_13timer3CounterEEEXadL_ZNS4E_14timer3CompareAEEEXadL_ZNS4E_19timer3InterruptMaskEEEXadL_ZNS4E_19timer3InterruptFlagEEEXadL_Z20TIMER3_COMPA_handlerEELm1000EEmEL_Z5clockELh16EjEL_Z9schedulerEEXadL_ZNS4I_16resetSautConvertEjEEEEvPvj
                0x0000000000000eee                _ZN6srutil8DelegateIFvjEE11method_stubI14ConstValModuleI6CanDatIN4Loki8TypelistINS7_INS6_8Int2TypeILj6280EEENS7_INS8_ILj6792EEENS7_INS8_ILj6850EEENS6_8NullTypeEEEEEEENS7_INS7_INS8_ILj18024EEENS7_INS8_ILj18056EEESC_EEEENS7_INS7_INS8_ILj25575EEENS7_INS8_ILj25383EEENS7_INS8_ILj6403EEESC_EEEEEENS7_INS7_INS8_ILj25544EEENS7_INS8_ILj25352EEESC_EEEENS7_INS7_INS8_ILj25476EEENS7_INS8_ILj25508EEESC_EEEENS7_INS7_INS8_ILj50789EEENS7_INS8_ILj50821EEENS7_INS8_ILj38917EEENS7_INS8_ILj39429EEENS7_INS8_ILj25189EEENS7_INS8_ILj25221EEENS7_INS8_ILj39300EEENS7_INS8_ILj39332EEENS7_INS8_ILj39361EEENS7_INS8_ILj39393EEENS7_INS8_ILj6344EEENS7_INS8_ILj6376EEESC_EEEEEEEEEEEEEEEEEEEEEEEENS7_INS7_INS8_ILj23554EEENS7_INS8_ILj23586EEESC_EEEENS7_INS8_ILj3073EEESC_EEEEEEEEEEEEEEEENS7_INS7_INS8_ILj2568EEENS7_INS8_ILj2824EEENS7_INS8_ILj2632EEENS7_INS8_ILj2888EEENS7_INS8_ILj2309EEESC_EEEEEEEEEENS7_INS8_ILj3585EEENS7_INS7_INS8_ILj4096EEENS7_INS8_ILj4224EEENS7_INS8_ILj4097EEENS7_INS8_ILj4225EEENS7_INS8_ILj4128EEENS7_INS8_ILj4256EEENS7_INS8_ILj4129EEENS7_INS8_ILj4257EEESC_EEEEEEEEEEEEEEEENS7_INS7_INS8_ILj16936EEENS7_INS8_ILj17064EEESC_EEEENS7_INS7_INS8_ILj19013EEENS7_INS8_ILj25093EEENS7_IS12_SC_EEEEEENS7_INS7_INS8_ILj36103EEENS7_INS8_ILj34821EEENS7_INS8_ILj35333EEESC_EEEEEENS7_INS8_ILj60546EEESC_EEEEEEEEEEEEEENS7_IS2V_NS7_IS23_NS7_IS2U_NS7_IS12_NS7_IS29_NS7_IS2Z_NS7_IS30_NS7_IS31_NS7_IS1Z_NS7_IS20_NS7_IS2Q_NS7_IS2A_NS7_IS2B_NS7_IS2E_NS7_IS2F_NS7_IS2C_NS7_IS2D_NS7_IS2G_NS7_IS2H_NS7_IS2R_NS7_IS35_NS7_INS8_ILj64520EEENS7_INS8_ILj64584EEESC_EEEEEEEEEEEEEEEEEEEEEEEEEEEEEEEEEEEEEEEEEEEEEELh128ENS7_INS8_ILj64552EEENS7_INS8_ILj64616EEESC_EEEELl100ELl75EELZ6canDatE9SchedulerI5ClockI5AlarmIV13BitfieldDummyI14TimerControl16EXadL_ZN8Register13timer3ControlEEEXadL_ZNS4E_13timer3CounterEEEXadL_ZNS4E_14timer3CompareAEEEXadL_ZNS4E_19timer3InterruptMaskEEEXadL_ZNS4E_19timer3InterruptFlagEEEXadL_Z20TIMER3_COMPA_handlerEELm1000EEmELZ5clockELh16EjELZ9schedulerEEXadL_ZNS4I_16resetSautConvertEjEEEEvPvj
 .text._ZN6EeCell9isWrittenERKN6srutil8DelegateIFvjEEE.part.53
                0x0000000000000f64      0x154 ./main.o
 .text._ZN6srutil8DelegateIFvjEE11method_stubI6EeCellXadL_ZNS4_21writtenDelayedRequestEjEEEEvPvj
                0x00000000000010b8       0x7a ./main.o
                0x00000000000010b8                _ZN6srutil8DelegateIFvjEE11method_stubI6EeCellXadL_ZNS4_21writtenDelayedRequestEjEEEEvPvj
 .text._ZN6EeCell6isGoodERKN6srutil8DelegateIFvjEEE.part.54
                0x0000000000001132      0x444 ./main.o
 .text._ZN6srutil8DelegateIFvjEE11method_stubI6EeCellXadL_ZNS4_18goodDelayedRequestEjEEEEvPvj
                0x0000000000001576       0x7a ./main.o
                0x0000000000001576                _ZN6srutil8DelegateIFvjEE11method_stubI6EeCellXadL_ZNS4_18goodDelayedRequestEjEEEEvPvj
 .text._ZN6srutil8DelegateIFvjEE11method_stubI14ConstValModuleI6CanDatIN4Loki8TypelistINS7_INS6_8Int2TypeILj6280EEENS7_INS8_ILj6792EEENS7_INS8_ILj6850EEENS6_8NullTypeEEEEEEENS7_INS7_INS8_ILj18024EEENS7_INS8_ILj18056EEESC_EEEENS7_INS7_INS8_ILj25575EEENS7_INS8_ILj25383EEENS7_INS8_ILj6403EEESC_EEEEEENS7_INS7_INS8_ILj25544EEENS7_INS8_ILj25352EEESC_EEEENS7_INS7_INS8_ILj25476EEENS7_INS8_ILj25508EEESC_EEEENS7_INS7_INS8_ILj50789EEENS7_INS8_ILj50821EEENS7_INS8_ILj38917EEENS7_INS8_ILj39429EEENS7_INS8_ILj25189EEENS7_INS8_ILj25221EEENS7_INS8_ILj39300EEENS7_INS8_ILj39332EEENS7_INS8_ILj39361EEENS7_INS8_ILj39393EEENS7_INS8_ILj6344EEENS7_INS8_ILj6376EEESC_EEEEEEEEEEEEEEEEEEEEEEEENS7_INS7_INS8_ILj23554EEENS7_INS8_ILj23586EEESC_EEEENS7_INS8_ILj3073EEESC_EEEEEEEEEEEEEEEENS7_INS7_INS8_ILj2568EEENS7_INS8_ILj2824EEENS7_INS8_ILj2632EEENS7_INS8_ILj2888EEENS7_INS8_ILj2309EEESC_EEEEEEEEEENS7_INS8_ILj3585EEENS7_INS7_INS8_ILj4096EEENS7_INS8_ILj4224EEENS7_INS8_ILj4097EEENS7_INS8_ILj4225EEENS7_INS8_ILj4128EEENS7_INS8_ILj4256EEENS7_INS8_ILj4129EEENS7_INS8_ILj4257EEESC_EEEEEEEEEEEEEEEENS7_INS7_INS8_ILj16936EEENS7_INS8_ILj17064EEESC_EEEENS7_INS7_INS8_ILj19013EEENS7_INS8_ILj25093EEENS7_IS12_SC_EEEEEENS7_INS7_INS8_ILj36103EEENS7_INS8_ILj34821EEENS7_INS8_ILj35333EEESC_EEEEEENS7_INS8_ILj60546EEESC_EEEEEEEEEEEEEENS7_IS2V_NS7_IS23_NS7_IS2U_NS7_IS12_NS7_IS29_NS7_IS2Z_NS7_IS30_NS7_IS31_NS7_IS1Z_NS7_IS20_NS7_IS2Q_NS7_IS2A_NS7_IS2B_NS7_IS2E_NS7_IS2F_NS7_IS2C_NS7_IS2D_NS7_IS2G_NS7_IS2H_NS7_IS2R_NS7_IS35_NS7_INS8_ILj64520EEENS7_INS8_ILj64584EEESC_EEEEEEEEEEEEEEEEEEEEEEEEEEEEEEEEEEEEEEEEEEEEEELh128ENS7_INS8_ILj64552EEENS7_INS8_ILj64616EEESC_EEEELl100ELl75EELZ6canDatE9SchedulerI5ClockI5AlarmIV13BitfieldDummyI14TimerControl16EXadL_ZN8Register13timer3ControlEEEXadL_ZNS4E_13timer3CounterEEEXadL_ZNS4E_14timer3CompareAEEEXadL_ZNS4E_19timer3InterruptMaskEEEXadL_ZNS4E_19timer3InterruptFlagEEEXadL_Z20TIMER3_COMPA_handlerEELm1000EEmELZ5clockELh16EjELZ9schedulerEEXadL_ZNS4I_15getQueryMessageEjEEEEvPvj
                0x00000000000015f0      0x170 ./main.o
                0x00000000000015f0                _ZN6srutil8DelegateIFvjEE11method_stubI14ConstValModuleI6CanDatIN4Loki8TypelistINS7_INS6_8Int2TypeILj6280EEENS7_INS8_ILj6792EEENS7_INS8_ILj6850EEENS6_8NullTypeEEEEEEENS7_INS7_INS8_ILj18024EEENS7_INS8_ILj18056EEESC_EEEENS7_INS7_INS8_ILj25575EEENS7_INS8_ILj25383EEENS7_INS8_ILj6403EEESC_EEEEEENS7_INS7_INS8_ILj25544EEENS7_INS8_ILj25352EEESC_EEEENS7_INS7_INS8_ILj25476EEENS7_INS8_ILj25508EEESC_EEEENS7_INS7_INS8_ILj50789EEENS7_INS8_ILj50821EEENS7_INS8_ILj38917EEENS7_INS8_ILj39429EEENS7_INS8_ILj25189EEENS7_INS8_ILj25221EEENS7_INS8_ILj39300EEENS7_INS8_ILj39332EEENS7_INS8_ILj39361EEENS7_INS8_ILj39393EEENS7_INS8_ILj6344EEENS7_INS8_ILj6376EEESC_EEEEEEEEEEEEEEEEEEEEEEEENS7_INS7_INS8_ILj23554EEENS7_INS8_ILj23586EEESC_EEEENS7_INS8_ILj3073EEESC_EEEEEEEEEEEEEEEENS7_INS7_INS8_ILj2568EEENS7_INS8_ILj2824EEENS7_INS8_ILj2632EEENS7_INS8_ILj2888EEENS7_INS8_ILj2309EEESC_EEEEEEEEEENS7_INS8_ILj3585EEENS7_INS7_INS8_ILj4096EEENS7_INS8_ILj4224EEENS7_INS8_ILj4097EEENS7_INS8_ILj4225EEENS7_INS8_ILj4128EEENS7_INS8_ILj4256EEENS7_INS8_ILj4129EEENS7_INS8_ILj4257EEESC_EEEEEEEEEEEEEEEENS7_INS7_INS8_ILj16936EEENS7_INS8_ILj17064EEESC_EEEENS7_INS7_INS8_ILj19013EEENS7_INS8_ILj25093EEENS7_IS12_SC_EEEEEENS7_INS7_INS8_ILj36103EEENS7_INS8_ILj34821EEENS7_INS8_ILj35333EEESC_EEEEEENS7_INS8_ILj60546EEESC_EEEEEEEEEEEEEENS7_IS2V_NS7_IS23_NS7_IS2U_NS7_IS12_NS7_IS29_NS7_IS2Z_NS7_IS30_NS7_IS31_NS7_IS1Z_NS7_IS20_NS7_IS2Q_NS7_IS2A_NS7_IS2B_NS7_IS2E_NS7_IS2F_NS7_IS2C_NS7_IS2D_NS7_IS2G_NS7_IS2H_NS7_IS2R_NS7_IS35_NS7_INS8_ILj64520EEENS7_INS8_ILj64584EEESC_EEEEEEEEEEEEEEEEEEEEEEEEEEEEEEEEEEEEEEEEEEEEEELh128ENS7_INS8_ILj64552EEENS7_INS8_ILj64616EEESC_EEEELl100ELl75EEL_Z6canDatE9SchedulerI5ClockI5AlarmIV13BitfieldDummyI14TimerControl16EXadL_ZN8Register13timer3ControlEEEXadL_ZNS4E_13timer3CounterEEEXadL_ZNS4E_14timer3CompareAEEEXadL_ZNS4E_19timer3InterruptMaskEEEXadL_ZNS4E_19timer3InterruptFlagEEEXadL_Z20TIMER3_COMPA_handlerEELm1000EEmEL_Z5clockELh16EjEL_Z9schedulerEEXadL_ZNS4I_15getQueryMessageEjEEEEvPvj
                0x00000000000015f0                _ZN6srutil8DelegateIFvjEE11method_stubI14ConstValModuleI6CanDatIN4Loki8TypelistINS7_INS6_8Int2TypeILj6280EEENS7_INS8_ILj6792EEENS7_INS8_ILj6850EEENS6_8NullTypeEEEEEEENS7_INS7_INS8_ILj18024EEENS7_INS8_ILj18056EEESC_EEEENS7_INS7_INS8_ILj25575EEENS7_INS8_ILj25383EEENS7_INS8_ILj6403EEESC_EEEEEENS7_INS7_INS8_ILj25544EEENS7_INS8_ILj25352EEESC_EEEENS7_INS7_INS8_ILj25476EEENS7_INS8_ILj25508EEESC_EEEENS7_INS7_INS8_ILj50789EEENS7_INS8_ILj50821EEENS7_INS8_ILj38917EEENS7_INS8_ILj39429EEENS7_INS8_ILj25189EEENS7_INS8_ILj25221EEENS7_INS8_ILj39300EEENS7_INS8_ILj39332EEENS7_INS8_ILj39361EEENS7_INS8_ILj39393EEENS7_INS8_ILj6344EEENS7_INS8_ILj6376EEESC_EEEEEEEEEEEEEEEEEEEEEEEENS7_INS7_INS8_ILj23554EEENS7_INS8_ILj23586EEESC_EEEENS7_INS8_ILj3073EEESC_EEEEEEEEEEEEEEEENS7_INS7_INS8_ILj2568EEENS7_INS8_ILj2824EEENS7_INS8_ILj2632EEENS7_INS8_ILj2888EEENS7_INS8_ILj2309EEESC_EEEEEEEEEENS7_INS8_ILj3585EEENS7_INS7_INS8_ILj4096EEENS7_INS8_ILj4224EEENS7_INS8_ILj4097EEENS7_INS8_ILj4225EEENS7_INS8_ILj4128EEENS7_INS8_ILj4256EEENS7_INS8_ILj4129EEENS7_INS8_ILj4257EEESC_EEEEEEEEEEEEEEEENS7_INS7_INS8_ILj16936EEENS7_INS8_ILj17064EEESC_EEEENS7_INS7_INS8_ILj19013EEENS7_INS8_ILj25093EEENS7_IS12_SC_EEEEEENS7_INS7_INS8_ILj36103EEENS7_INS8_ILj34821EEENS7_INS8_ILj35333EEESC_EEEEEENS7_INS8_ILj60546EEESC_EEEEEEEEEEEEEENS7_IS2V_NS7_IS23_NS7_IS2U_NS7_IS12_NS7_IS29_NS7_IS2Z_NS7_IS30_NS7_IS31_NS7_IS1Z_NS7_IS20_NS7_IS2Q_NS7_IS2A_NS7_IS2B_NS7_IS2E_NS7_IS2F_NS7_IS2C_NS7_IS2D_NS7_IS2G_NS7_IS2H_NS7_IS2R_NS7_IS35_NS7_INS8_ILj64520EEENS7_INS8_ILj64584EEESC_EEEEEEEEEEEEEEEEEEEEEEEEEEEEEEEEEEEEEEEEEEEEEELh128ENS7_INS8_ILj64552EEENS7_INS8_ILj64616EEESC_EEEELl100ELl75EELZ6canDatE9SchedulerI5ClockI5AlarmIV13BitfieldDummyI14TimerControl16EXadL_ZN8Register13timer3ControlEEEXadL_ZNS4E_13timer3CounterEEEXadL_ZNS4E_14timer3CompareAEEEXadL_ZNS4E_19timer3InterruptMaskEEEXadL_ZNS4E_19timer3InterruptFlagEEEXadL_Z20TIMER3_COMPA_handlerEELm1000EEmELZ5clockELh16EjELZ9schedulerEEXadL_ZNS4I_15getQueryMessageEjEEEEvPvj
 .text._ZN6srutil8DelegateIFvjEE11method_stubI16NeutralInsertionI6CanDatIN4Loki8TypelistINS7_INS6_8Int2TypeILj6280EEENS7_INS8_ILj6792EEENS7_INS8_ILj6850EEENS6_8NullTypeEEEEEEENS7_INS7_INS8_ILj18024EEENS7_INS8_ILj18056EEESC_EEEENS7_INS7_INS8_ILj25575EEENS7_INS8_ILj25383EEENS7_INS8_ILj6403EEESC_EEEEEENS7_INS7_INS8_ILj25544EEENS7_INS8_ILj25352EEESC_EEEENS7_INS7_INS8_ILj25476EEENS7_INS8_ILj25508EEESC_EEEENS7_INS7_INS8_ILj50789EEENS7_INS8_ILj50821EEENS7_INS8_ILj38917EEENS7_INS8_ILj39429EEENS7_INS8_ILj25189EEENS7_INS8_ILj25221EEENS7_INS8_ILj39300EEENS7_INS8_ILj39332EEENS7_INS8_ILj39361EEENS7_INS8_ILj39393EEENS7_INS8_ILj6344EEENS7_INS8_ILj6376EEESC_EEEEEEEEEEEEEEEEEEEEEEEENS7_INS7_INS8_ILj23554EEENS7_INS8_ILj23586EEESC_EEEENS7_INS8_ILj3073EEESC_EEEEEEEEEEEEEEEENS7_INS7_INS8_ILj2568EEENS7_INS8_ILj2824EEENS7_INS8_ILj2632EEENS7_INS8_ILj2888EEENS7_INS8_ILj2309EEESC_EEEEEEEEEENS7_INS8_ILj3585EEENS7_INS7_INS8_ILj4096EEENS7_INS8_ILj4224EEENS7_INS8_ILj4097EEENS7_INS8_ILj4225EEENS7_INS8_ILj4128EEENS7_INS8_ILj4256EEENS7_INS8_ILj4129EEENS7_INS8_ILj4257EEESC_EEEEEEEEEEEEEEEENS7_INS7_INS8_ILj16936EEENS7_INS8_ILj17064EEESC_EEEENS7_INS7_INS8_ILj19013EEENS7_INS8_ILj25093EEENS7_IS12_SC_EEEEEENS7_INS7_INS8_ILj36103EEENS7_INS8_ILj34821EEENS7_INS8_ILj35333EEESC_EEEEEENS7_INS8_ILj60546EEESC_EEEEEEEEEEEEEENS7_IS2V_NS7_IS23_NS7_IS2U_NS7_IS12_NS7_IS29_NS7_IS2Z_NS7_IS30_NS7_IS31_NS7_IS1Z_NS7_IS20_NS7_IS2Q_NS7_IS2A_NS7_IS2B_NS7_IS2E_NS7_IS2F_NS7_IS2C_NS7_IS2D_NS7_IS2G_NS7_IS2H_NS7_IS2R_NS7_IS35_NS7_INS8_ILj64520EEENS7_INS8_ILj64584EEESC_EEEEEEEEEEEEEEEEEEEEEEEEEEEEEEEEEEEEEEEEEEEEEELh128ENS7_INS8_ILj64552EEENS7_INS8_ILj64616EEESC_EEEELl100ELl75EELZ6canDatE9SchedulerI5ClockI5AlarmIV13BitfieldDummyI14TimerControl16EXadL_ZN8Register13timer3ControlEEEXadL_ZNS4E_13timer3CounterEEEXadL_ZNS4E_14timer3CompareAEEEXadL_ZNS4E_19timer3InterruptMaskEEEXadL_ZNS4E_19timer3InterruptFlagEEEXadL_Z20TIMER3_COMPA_handlerEELm1000EEmELZ5clockELh16EjELZ9schedulerE24CeleritasSpatiumDimetiorIXadL_ZNS4E_5portGEEELh3ELh4EXadL_ZNS4E_5portAEEELh0ES46_LZ6canDatES4G_LZ5clockES4H_LZ9schedulerEELZ3dpsEEXadL_ZNS4K_9getEcDataEjEEEEvPvj
                0x0000000000001760      0x532 ./main.o
                0x0000000000001760                _ZN6srutil8DelegateIFvjEE11method_stubI16NeutralInsertionI6CanDatIN4Loki8TypelistINS7_INS6_8Int2TypeILj6280EEENS7_INS8_ILj6792EEENS7_INS8_ILj6850EEENS6_8NullTypeEEEEEEENS7_INS7_INS8_ILj18024EEENS7_INS8_ILj18056EEESC_EEEENS7_INS7_INS8_ILj25575EEENS7_INS8_ILj25383EEENS7_INS8_ILj6403EEESC_EEEEEENS7_INS7_INS8_ILj25544EEENS7_INS8_ILj25352EEESC_EEEENS7_INS7_INS8_ILj25476EEENS7_INS8_ILj25508EEESC_EEEENS7_INS7_INS8_ILj50789EEENS7_INS8_ILj50821EEENS7_INS8_ILj38917EEENS7_INS8_ILj39429EEENS7_INS8_ILj25189EEENS7_INS8_ILj25221EEENS7_INS8_ILj39300EEENS7_INS8_ILj39332EEENS7_INS8_ILj39361EEENS7_INS8_ILj39393EEENS7_INS8_ILj6344EEENS7_INS8_ILj6376EEESC_EEEEEEEEEEEEEEEEEEEEEEEENS7_INS7_INS8_ILj23554EEENS7_INS8_ILj23586EEESC_EEEENS7_INS8_ILj3073EEESC_EEEEEEEEEEEEEEEENS7_INS7_INS8_ILj2568EEENS7_INS8_ILj2824EEENS7_INS8_ILj2632EEENS7_INS8_ILj2888EEENS7_INS8_ILj2309EEESC_EEEEEEEEEENS7_INS8_ILj3585EEENS7_INS7_INS8_ILj4096EEENS7_INS8_ILj4224EEENS7_INS8_ILj4097EEENS7_INS8_ILj4225EEENS7_INS8_ILj4128EEENS7_INS8_ILj4256EEENS7_INS8_ILj4129EEENS7_INS8_ILj4257EEESC_EEEEEEEEEEEEEEEENS7_INS7_INS8_ILj16936EEENS7_INS8_ILj17064EEESC_EEEENS7_INS7_INS8_ILj19013EEENS7_INS8_ILj25093EEENS7_IS12_SC_EEEEEENS7_INS7_INS8_ILj36103EEENS7_INS8_ILj34821EEENS7_INS8_ILj35333EEESC_EEEEEENS7_INS8_ILj60546EEESC_EEEEEEEEEEEEEENS7_IS2V_NS7_IS23_NS7_IS2U_NS7_IS12_NS7_IS29_NS7_IS2Z_NS7_IS30_NS7_IS31_NS7_IS1Z_NS7_IS20_NS7_IS2Q_NS7_IS2A_NS7_IS2B_NS7_IS2E_NS7_IS2F_NS7_IS2C_NS7_IS2D_NS7_IS2G_NS7_IS2H_NS7_IS2R_NS7_IS35_NS7_INS8_ILj64520EEENS7_INS8_ILj64584EEESC_EEEEEEEEEEEEEEEEEEEEEEEEEEEEEEEEEEEEEEEEEEEEEELh128ENS7_INS8_ILj64552EEENS7_INS8_ILj64616EEESC_EEEELl100ELl75EEL_Z6canDatE9SchedulerI5ClockI5AlarmIV13BitfieldDummyI14TimerControl16EXadL_ZN8Register13timer3ControlEEEXadL_ZNS4E_13timer3CounterEEEXadL_ZNS4E_14timer3CompareAEEEXadL_ZNS4E_19timer3InterruptMaskEEEXadL_ZNS4E_19timer3InterruptFlagEEEXadL_Z20TIMER3_COMPA_handlerEELm1000EEmEL_Z5clockELh16EjEL_Z9schedulerE24CeleritasSpatiumDimetiorIXadL_ZNS4E_5portGEEELh3ELh4EXadL_ZNS4E_5portAEEELh0ES46_L_Z6canDatES4G_L_Z5clockES4H_L_Z9schedulerEEL_Z3dpsEEXadL_ZNS4K_9getEcDataEjEEEEvPvj
                0x0000000000001760                _ZN6srutil8DelegateIFvjEE11method_stubI16NeutralInsertionI6CanDatIN4Loki8TypelistINS7_INS6_8Int2TypeILj6280EEENS7_INS8_ILj6792EEENS7_INS8_ILj6850EEENS6_8NullTypeEEEEEEENS7_INS7_INS8_ILj18024EEENS7_INS8_ILj18056EEESC_EEEENS7_INS7_INS8_ILj25575EEENS7_INS8_ILj25383EEENS7_INS8_ILj6403EEESC_EEEEEENS7_INS7_INS8_ILj25544EEENS7_INS8_ILj25352EEESC_EEEENS7_INS7_INS8_ILj25476EEENS7_INS8_ILj25508EEESC_EEEENS7_INS7_INS8_ILj50789EEENS7_INS8_ILj50821EEENS7_INS8_ILj38917EEENS7_INS8_ILj39429EEENS7_INS8_ILj25189EEENS7_INS8_ILj25221EEENS7_INS8_ILj39300EEENS7_INS8_ILj39332EEENS7_INS8_ILj39361EEENS7_INS8_ILj39393EEENS7_INS8_ILj6344EEENS7_INS8_ILj6376EEESC_EEEEEEEEEEEEEEEEEEEEEEEENS7_INS7_INS8_ILj23554EEENS7_INS8_ILj23586EEESC_EEEENS7_INS8_ILj3073EEESC_EEEEEEEEEEEEEEEENS7_INS7_INS8_ILj2568EEENS7_INS8_ILj2824EEENS7_INS8_ILj2632EEENS7_INS8_ILj2888EEENS7_INS8_ILj2309EEESC_EEEEEEEEEENS7_INS8_ILj3585EEENS7_INS7_INS8_ILj4096EEENS7_INS8_ILj4224EEENS7_INS8_ILj4097EEENS7_INS8_ILj4225EEENS7_INS8_ILj4128EEENS7_INS8_ILj4256EEENS7_INS8_ILj4129EEENS7_INS8_ILj4257EEESC_EEEEEEEEEEEEEEEENS7_INS7_INS8_ILj16936EEENS7_INS8_ILj17064EEESC_EEEENS7_INS7_INS8_ILj19013EEENS7_INS8_ILj25093EEENS7_IS12_SC_EEEEEENS7_INS7_INS8_ILj36103EEENS7_INS8_ILj34821EEENS7_INS8_ILj35333EEESC_EEEEEENS7_INS8_ILj60546EEESC_EEEEEEEEEEEEEENS7_IS2V_NS7_IS23_NS7_IS2U_NS7_IS12_NS7_IS29_NS7_IS2Z_NS7_IS30_NS7_IS31_NS7_IS1Z_NS7_IS20_NS7_IS2Q_NS7_IS2A_NS7_IS2B_NS7_IS2E_NS7_IS2F_NS7_IS2C_NS7_IS2D_NS7_IS2G_NS7_IS2H_NS7_IS2R_NS7_IS35_NS7_INS8_ILj64520EEENS7_INS8_ILj64584EEESC_EEEEEEEEEEEEEEEEEEEEEEEEEEEEEEEEEEEEEEEEEEEEEELh128ENS7_INS8_ILj64552EEENS7_INS8_ILj64616EEESC_EEEELl100ELl75EELZ6canDatE9SchedulerI5ClockI5AlarmIV13BitfieldDummyI14TimerControl16EXadL_ZN8Register13timer3ControlEEEXadL_ZNS4E_13timer3CounterEEEXadL_ZNS4E_14timer3CompareAEEEXadL_ZNS4E_19timer3InterruptMaskEEEXadL_ZNS4E_19timer3InterruptFlagEEEXadL_Z20TIMER3_COMPA_handlerEELm1000EEmELZ5clockELh16EjELZ9schedulerE24CeleritasSpatiumDimetiorIXadL_ZNS4E_5portGEEELh3ELh4EXadL_ZNS4E_5portAEEELh0ES46_LZ6canDatES4G_LZ5clockES4H_LZ9schedulerEELZ3dpsEEXadL_ZNS4K_9getEcDataEjEEEEvPvj
 .text._ZN6srutil8DelegateIFvjEE11method_stubI16NeutralInsertionI6CanDatIN4Loki8TypelistINS7_INS6_8Int2TypeILj6280EEENS7_INS8_ILj6792EEENS7_INS8_ILj6850EEENS6_8NullTypeEEEEEEENS7_INS7_INS8_ILj18024EEENS7_INS8_ILj18056EEESC_EEEENS7_INS7_INS8_ILj25575EEENS7_INS8_ILj25383EEENS7_INS8_ILj6403EEESC_EEEEEENS7_INS7_INS8_ILj25544EEENS7_INS8_ILj25352EEESC_EEEENS7_INS7_INS8_ILj25476EEENS7_INS8_ILj25508EEESC_EEEENS7_INS7_INS8_ILj50789EEENS7_INS8_ILj50821EEENS7_INS8_ILj38917EEENS7_INS8_ILj39429EEENS7_INS8_ILj25189EEENS7_INS8_ILj25221EEENS7_INS8_ILj39300EEENS7_INS8_ILj39332EEENS7_INS8_ILj39361EEENS7_INS8_ILj39393EEENS7_INS8_ILj6344EEENS7_INS8_ILj6376EEESC_EEEEEEEEEEEEEEEEEEEEEEEENS7_INS7_INS8_ILj23554EEENS7_INS8_ILj23586EEESC_EEEENS7_INS8_ILj3073EEESC_EEEEEEEEEEEEEEEENS7_INS7_INS8_ILj2568EEENS7_INS8_ILj2824EEENS7_INS8_ILj2632EEENS7_INS8_ILj2888EEENS7_INS8_ILj2309EEESC_EEEEEEEEEENS7_INS8_ILj3585EEENS7_INS7_INS8_ILj4096EEENS7_INS8_ILj4224EEENS7_INS8_ILj4097EEENS7_INS8_ILj4225EEENS7_INS8_ILj4128EEENS7_INS8_ILj4256EEENS7_INS8_ILj4129EEENS7_INS8_ILj4257EEESC_EEEEEEEEEEEEEEEENS7_INS7_INS8_ILj16936EEENS7_INS8_ILj17064EEESC_EEEENS7_INS7_INS8_ILj19013EEENS7_INS8_ILj25093EEENS7_IS12_SC_EEEEEENS7_INS7_INS8_ILj36103EEENS7_INS8_ILj34821EEENS7_INS8_ILj35333EEESC_EEEEEENS7_INS8_ILj60546EEESC_EEEEEEEEEEEEEENS7_IS2V_NS7_IS23_NS7_IS2U_NS7_IS12_NS7_IS29_NS7_IS2Z_NS7_IS30_NS7_IS31_NS7_IS1Z_NS7_IS20_NS7_IS2Q_NS7_IS2A_NS7_IS2B_NS7_IS2E_NS7_IS2F_NS7_IS2C_NS7_IS2D_NS7_IS2G_NS7_IS2H_NS7_IS2R_NS7_IS35_NS7_INS8_ILj64520EEENS7_INS8_ILj64584EEESC_EEEEEEEEEEEEEEEEEEEEEEEEEEEEEEEEEEEEEEEEEEEEEELh128ENS7_INS8_ILj64552EEENS7_INS8_ILj64616EEESC_EEEELl100ELl75EELZ6canDatE9SchedulerI5ClockI5AlarmIV13BitfieldDummyI14TimerControl16EXadL_ZN8Register13timer3ControlEEEXadL_ZNS4E_13timer3CounterEEEXadL_ZNS4E_14timer3CompareAEEEXadL_ZNS4E_19timer3InterruptMaskEEEXadL_ZNS4E_19timer3InterruptFlagEEEXadL_Z20TIMER3_COMPA_handlerEELm1000EEmELZ5clockELh16EjELZ9schedulerE24CeleritasSpatiumDimetiorIXadL_ZNS4E_5portGEEELh3ELh4EXadL_ZNS4E_5portAEEELh0ES46_LZ6canDatES4G_LZ5clockES4H_LZ9schedulerEELZ3dpsEEXadL_ZNS4K_8sendDataEjEEEEvPvj
                0x0000000000001c92      0x1a8 ./main.o
                0x0000000000001c92                _ZN6srutil8DelegateIFvjEE11method_stubI16NeutralInsertionI6CanDatIN4Loki8TypelistINS7_INS6_8Int2TypeILj6280EEENS7_INS8_ILj6792EEENS7_INS8_ILj6850EEENS6_8NullTypeEEEEEEENS7_INS7_INS8_ILj18024EEENS7_INS8_ILj18056EEESC_EEEENS7_INS7_INS8_ILj25575EEENS7_INS8_ILj25383EEENS7_INS8_ILj6403EEESC_EEEEEENS7_INS7_INS8_ILj25544EEENS7_INS8_ILj25352EEESC_EEEENS7_INS7_INS8_ILj25476EEENS7_INS8_ILj25508EEESC_EEEENS7_INS7_INS8_ILj50789EEENS7_INS8_ILj50821EEENS7_INS8_ILj38917EEENS7_INS8_ILj39429EEENS7_INS8_ILj25189EEENS7_INS8_ILj25221EEENS7_INS8_ILj39300EEENS7_INS8_ILj39332EEENS7_INS8_ILj39361EEENS7_INS8_ILj39393EEENS7_INS8_ILj6344EEENS7_INS8_ILj6376EEESC_EEEEEEEEEEEEEEEEEEEEEEEENS7_INS7_INS8_ILj23554EEENS7_INS8_ILj23586EEESC_EEEENS7_INS8_ILj3073EEESC_EEEEEEEEEEEEEEEENS7_INS7_INS8_ILj2568EEENS7_INS8_ILj2824EEENS7_INS8_ILj2632EEENS7_INS8_ILj2888EEENS7_INS8_ILj2309EEESC_EEEEEEEEEENS7_INS8_ILj3585EEENS7_INS7_INS8_ILj4096EEENS7_INS8_ILj4224EEENS7_INS8_ILj4097EEENS7_INS8_ILj4225EEENS7_INS8_ILj4128EEENS7_INS8_ILj4256EEENS7_INS8_ILj4129EEENS7_INS8_ILj4257EEESC_EEEEEEEEEEEEEEEENS7_INS7_INS8_ILj16936EEENS7_INS8_ILj17064EEESC_EEEENS7_INS7_INS8_ILj19013EEENS7_INS8_ILj25093EEENS7_IS12_SC_EEEEEENS7_INS7_INS8_ILj36103EEENS7_INS8_ILj34821EEENS7_INS8_ILj35333EEESC_EEEEEENS7_INS8_ILj60546EEESC_EEEEEEEEEEEEEENS7_IS2V_NS7_IS23_NS7_IS2U_NS7_IS12_NS7_IS29_NS7_IS2Z_NS7_IS30_NS7_IS31_NS7_IS1Z_NS7_IS20_NS7_IS2Q_NS7_IS2A_NS7_IS2B_NS7_IS2E_NS7_IS2F_NS7_IS2C_NS7_IS2D_NS7_IS2G_NS7_IS2H_NS7_IS2R_NS7_IS35_NS7_INS8_ILj64520EEENS7_INS8_ILj64584EEESC_EEEEEEEEEEEEEEEEEEEEEEEEEEEEEEEEEEEEEEEEEEEEEELh128ENS7_INS8_ILj64552EEENS7_INS8_ILj64616EEESC_EEEELl100ELl75EEL_Z6canDatE9SchedulerI5ClockI5AlarmIV13BitfieldDummyI14TimerControl16EXadL_ZN8Register13timer3ControlEEEXadL_ZNS4E_13timer3CounterEEEXadL_ZNS4E_14timer3CompareAEEEXadL_ZNS4E_19timer3InterruptMaskEEEXadL_ZNS4E_19timer3InterruptFlagEEEXadL_Z20TIMER3_COMPA_handlerEELm1000EEmEL_Z5clockELh16EjEL_Z9schedulerE24CeleritasSpatiumDimetiorIXadL_ZNS4E_5portGEEELh3ELh4EXadL_ZNS4E_5portAEEELh0ES46_L_Z6canDatES4G_L_Z5clockES4H_L_Z9schedulerEEL_Z3dpsEEXadL_ZNS4K_8sendDataEjEEEEvPvj
                0x0000000000001c92                _ZN6srutil8DelegateIFvjEE11method_stubI16NeutralInsertionI6CanDatIN4Loki8TypelistINS7_INS6_8Int2TypeILj6280EEENS7_INS8_ILj6792EEENS7_INS8_ILj6850EEENS6_8NullTypeEEEEEEENS7_INS7_INS8_ILj18024EEENS7_INS8_ILj18056EEESC_EEEENS7_INS7_INS8_ILj25575EEENS7_INS8_ILj25383EEENS7_INS8_ILj6403EEESC_EEEEEENS7_INS7_INS8_ILj25544EEENS7_INS8_ILj25352EEESC_EEEENS7_INS7_INS8_ILj25476EEENS7_INS8_ILj25508EEESC_EEEENS7_INS7_INS8_ILj50789EEENS7_INS8_ILj50821EEENS7_INS8_ILj38917EEENS7_INS8_ILj39429EEENS7_INS8_ILj25189EEENS7_INS8_ILj25221EEENS7_INS8_ILj39300EEENS7_INS8_ILj39332EEENS7_INS8_ILj39361EEENS7_INS8_ILj39393EEENS7_INS8_ILj6344EEENS7_INS8_ILj6376EEESC_EEEEEEEEEEEEEEEEEEEEEEEENS7_INS7_INS8_ILj23554EEENS7_INS8_ILj23586EEESC_EEEENS7_INS8_ILj3073EEESC_EEEEEEEEEEEEEEEENS7_INS7_INS8_ILj2568EEENS7_INS8_ILj2824EEENS7_INS8_ILj2632EEENS7_INS8_ILj2888EEENS7_INS8_ILj2309EEESC_EEEEEEEEEENS7_INS8_ILj3585EEENS7_INS7_INS8_ILj4096EEENS7_INS8_ILj4224EEENS7_INS8_ILj4097EEENS7_INS8_ILj4225EEENS7_INS8_ILj4128EEENS7_INS8_ILj4256EEENS7_INS8_ILj4129EEENS7_INS8_ILj4257EEESC_EEEEEEEEEEEEEEEENS7_INS7_INS8_ILj16936EEENS7_INS8_ILj17064EEESC_EEEENS7_INS7_INS8_ILj19013EEENS7_INS8_ILj25093EEENS7_IS12_SC_EEEEEENS7_INS7_INS8_ILj36103EEENS7_INS8_ILj34821EEENS7_INS8_ILj35333EEESC_EEEEEENS7_INS8_ILj60546EEESC_EEEEEEEEEEEEEENS7_IS2V_NS7_IS23_NS7_IS2U_NS7_IS12_NS7_IS29_NS7_IS2Z_NS7_IS30_NS7_IS31_NS7_IS1Z_NS7_IS20_NS7_IS2Q_NS7_IS2A_NS7_IS2B_NS7_IS2E_NS7_IS2F_NS7_IS2C_NS7_IS2D_NS7_IS2G_NS7_IS2H_NS7_IS2R_NS7_IS35_NS7_INS8_ILj64520EEENS7_INS8_ILj64584EEESC_EEEEEEEEEEEEEEEEEEEEEEEEEEEEEEEEEEEEEEEEEEEEEELh128ENS7_INS8_ILj64552EEENS7_INS8_ILj64616EEESC_EEEELl100ELl75EELZ6canDatE9SchedulerI5ClockI5AlarmIV13BitfieldDummyI14TimerControl16EXadL_ZN8Register13timer3ControlEEEXadL_ZNS4E_13timer3CounterEEEXadL_ZNS4E_14timer3CompareAEEEXadL_ZNS4E_19timer3InterruptMaskEEEXadL_ZNS4E_19timer3InterruptFlagEEEXadL_Z20TIMER3_COMPA_handlerEELm1000EEmELZ5clockELh16EjELZ9schedulerE24CeleritasSpatiumDimetiorIXadL_ZNS4E_5portGEEELh3ELh4EXadL_ZNS4E_5portAEEELh0ES46_LZ6canDatES4G_LZ5clockES4H_LZ9schedulerEELZ3dpsEEXadL_ZNS4K_8sendDataEjEEEEvPvj
 .text._ZN6srutil8DelegateIFvjEE11method_stubI24CeleritasSpatiumDimetiorIXadL_ZN8Register5portGEEELh3ELh4EXadL_ZNS5_5portAEEELh0E6CanDatIN4Loki8TypelistINS8_INS7_8Int2TypeILj6280EEENS8_INS9_ILj6792EEENS8_INS9_ILj6850EEENS7_8NullTypeEEEEEEENS8_INS8_INS9_ILj18024EEENS8_INS9_ILj18056EEESD_EEEENS8_INS8_INS9_ILj25575EEENS8_INS9_ILj25383EEENS8_INS9_ILj6403EEESD_EEEEEENS8_INS8_INS9_ILj25544EEENS8_INS9_ILj25352EEESD_EEEENS8_INS8_INS9_ILj25476EEENS8_INS9_ILj25508EEESD_EEEENS8_INS8_INS9_ILj50789EEENS8_INS9_ILj50821EEENS8_INS9_ILj38917EEENS8_INS9_ILj39429EEENS8_INS9_ILj25189EEENS8_INS9_ILj25221EEENS8_INS9_ILj39300EEENS8_INS9_ILj39332EEENS8_INS9_ILj39361EEENS8_INS9_ILj39393EEENS8_INS9_ILj6344EEENS8_INS9_ILj6376EEESD_EEEEEEEEEEEEEEEEEEEEEEEENS8_INS8_INS9_ILj23554EEENS8_INS9_ILj23586EEESD_EEEENS8_INS9_ILj3073EEESD_EEEEEEEEEEEEEEEENS8_INS8_INS9_ILj2568EEENS8_INS9_ILj2824EEENS8_INS9_ILj2632EEENS8_INS9_ILj2888EEENS8_INS9_ILj2309EEESD_EEEEEEEEEENS8_INS9_ILj3585EEENS8_INS8_INS9_ILj4096EEENS8_INS9_ILj4224EEENS8_INS9_ILj4097EEENS8_INS9_ILj4225EEENS8_INS9_ILj4128EEENS8_INS9_ILj4256EEENS8_INS9_ILj4129EEENS8_INS9_ILj4257EEESD_EEEEEEEEEEEEEEEENS8_INS8_INS9_ILj16936EEENS8_INS9_ILj17064EEESD_EEEENS8_INS8_INS9_ILj19013EEENS8_INS9_ILj25093EEENS8_IS13_SD_EEEEEENS8_INS8_INS9_ILj36103EEENS8_INS9_ILj34821EEENS8_INS9_ILj35333EEESD_EEEEEENS8_INS9_ILj60546EEESD_EEEEEEEEEEEEEENS8_IS2W_NS8_IS24_NS8_IS2V_NS8_IS13_NS8_IS2A_NS8_IS30_NS8_IS31_NS8_IS32_NS8_IS20_NS8_IS21_NS8_IS2R_NS8_IS2B_NS8_IS2C_NS8_IS2F_NS8_IS2G_NS8_IS2D_NS8_IS2E_NS8_IS2H_NS8_IS2I_NS8_IS2S_NS8_IS36_NS8_INS9_ILj64520EEENS8_INS9_ILj64584EEESD_EEEEEEEEEEEEEEEEEEEEEEEEEEEEEEEEEEEEEEEEEEEEEELh128ENS8_INS9_ILj64552EEENS8_INS9_ILj64616EEESD_EEEELl100ELl75EELZ6canDatE5ClockI5AlarmIV13BitfieldDummyI14TimerControl16EXadL_ZNS5_13timer3ControlEEEXadL_ZNS5_13timer3CounterEEEXadL_ZNS5_14timer3CompareAEEEXadL_ZNS5_19timer3InterruptMaskEEEXadL_ZNS5_19timer3InterruptFlagEEEXadL_Z20TIMER3_COMPA_handlerEELm1000EEmELZ5clockE9SchedulerIS4F_LZ5clockELh16EjELZ9schedulerEEXadL_ZNS4I_15accipioConstansEjEEEEvPvj
                0x0000000000001e3a      0xe0a ./main.o
                0x0000000000001e3a                _ZN6srutil8DelegateIFvjEE11method_stubI24CeleritasSpatiumDimetiorIXadL_ZN8Register5portGEEELh3ELh4EXadL_ZNS5_5portAEEELh0E6CanDatIN4Loki8TypelistINS8_INS7_8Int2TypeILj6280EEENS8_INS9_ILj6792EEENS8_INS9_ILj6850EEENS7_8NullTypeEEEEEEENS8_INS8_INS9_ILj18024EEENS8_INS9_ILj18056EEESD_EEEENS8_INS8_INS9_ILj25575EEENS8_INS9_ILj25383EEENS8_INS9_ILj6403EEESD_EEEEEENS8_INS8_INS9_ILj25544EEENS8_INS9_ILj25352EEESD_EEEENS8_INS8_INS9_ILj25476EEENS8_INS9_ILj25508EEESD_EEEENS8_INS8_INS9_ILj50789EEENS8_INS9_ILj50821EEENS8_INS9_ILj38917EEENS8_INS9_ILj39429EEENS8_INS9_ILj25189EEENS8_INS9_ILj25221EEENS8_INS9_ILj39300EEENS8_INS9_ILj39332EEENS8_INS9_ILj39361EEENS8_INS9_ILj39393EEENS8_INS9_ILj6344EEENS8_INS9_ILj6376EEESD_EEEEEEEEEEEEEEEEEEEEEEEENS8_INS8_INS9_ILj23554EEENS8_INS9_ILj23586EEESD_EEEENS8_INS9_ILj3073EEESD_EEEEEEEEEEEEEEEENS8_INS8_INS9_ILj2568EEENS8_INS9_ILj2824EEENS8_INS9_ILj2632EEENS8_INS9_ILj2888EEENS8_INS9_ILj2309EEESD_EEEEEEEEEENS8_INS9_ILj3585EEENS8_INS8_INS9_ILj4096EEENS8_INS9_ILj4224EEENS8_INS9_ILj4097EEENS8_INS9_ILj4225EEENS8_INS9_ILj4128EEENS8_INS9_ILj4256EEENS8_INS9_ILj4129EEENS8_INS9_ILj4257EEESD_EEEEEEEEEEEEEEEENS8_INS8_INS9_ILj16936EEENS8_INS9_ILj17064EEESD_EEEENS8_INS8_INS9_ILj19013EEENS8_INS9_ILj25093EEENS8_IS13_SD_EEEEEENS8_INS8_INS9_ILj36103EEENS8_INS9_ILj34821EEENS8_INS9_ILj35333EEESD_EEEEEENS8_INS9_ILj60546EEESD_EEEEEEEEEEEEEENS8_IS2W_NS8_IS24_NS8_IS2V_NS8_IS13_NS8_IS2A_NS8_IS30_NS8_IS31_NS8_IS32_NS8_IS20_NS8_IS21_NS8_IS2R_NS8_IS2B_NS8_IS2C_NS8_IS2F_NS8_IS2G_NS8_IS2D_NS8_IS2E_NS8_IS2H_NS8_IS2I_NS8_IS2S_NS8_IS36_NS8_INS9_ILj64520EEENS8_INS9_ILj64584EEESD_EEEEEEEEEEEEEEEEEEEEEEEEEEEEEEEEEEEEEEEEEEEEEELh128ENS8_INS9_ILj64552EEENS8_INS9_ILj64616EEESD_EEEELl100ELl75EEL_Z6canDatE5ClockI5AlarmIV13BitfieldDummyI14TimerControl16EXadL_ZNS5_13timer3ControlEEEXadL_ZNS5_13timer3CounterEEEXadL_ZNS5_14timer3CompareAEEEXadL_ZNS5_19timer3InterruptMaskEEEXadL_ZNS5_19timer3InterruptFlagEEEXadL_Z20TIMER3_COMPA_handlerEELm1000EEmEL_Z5clockE9SchedulerIS4F_L_Z5clockELh16EjEL_Z9schedulerEEXadL_ZNS4I_15accipioConstansEjEEEEvPvj
                0x0000000000001e3a                _ZN6srutil8DelegateIFvjEE11method_stubI24CeleritasSpatiumDimetiorIXadL_ZN8Register5portGEEELh3ELh4EXadL_ZNS5_5portAEEELh0E6CanDatIN4Loki8TypelistINS8_INS7_8Int2TypeILj6280EEENS8_INS9_ILj6792EEENS8_INS9_ILj6850EEENS7_8NullTypeEEEEEEENS8_INS8_INS9_ILj18024EEENS8_INS9_ILj18056EEESD_EEEENS8_INS8_INS9_ILj25575EEENS8_INS9_ILj25383EEENS8_INS9_ILj6403EEESD_EEEEEENS8_INS8_INS9_ILj25544EEENS8_INS9_ILj25352EEESD_EEEENS8_INS8_INS9_ILj25476EEENS8_INS9_ILj25508EEESD_EEEENS8_INS8_INS9_ILj50789EEENS8_INS9_ILj50821EEENS8_INS9_ILj38917EEENS8_INS9_ILj39429EEENS8_INS9_ILj25189EEENS8_INS9_ILj25221EEENS8_INS9_ILj39300EEENS8_INS9_ILj39332EEENS8_INS9_ILj39361EEENS8_INS9_ILj39393EEENS8_INS9_ILj6344EEENS8_INS9_ILj6376EEESD_EEEEEEEEEEEEEEEEEEEEEEEENS8_INS8_INS9_ILj23554EEENS8_INS9_ILj23586EEESD_EEEENS8_INS9_ILj3073EEESD_EEEEEEEEEEEEEEEENS8_INS8_INS9_ILj2568EEENS8_INS9_ILj2824EEENS8_INS9_ILj2632EEENS8_INS9_ILj2888EEENS8_INS9_ILj2309EEESD_EEEEEEEEEENS8_INS9_ILj3585EEENS8_INS8_INS9_ILj4096EEENS8_INS9_ILj4224EEENS8_INS9_ILj4097EEENS8_INS9_ILj4225EEENS8_INS9_ILj4128EEENS8_INS9_ILj4256EEENS8_INS9_ILj4129EEENS8_INS9_ILj4257EEESD_EEEEEEEEEEEEEEEENS8_INS8_INS9_ILj16936EEENS8_INS9_ILj17064EEESD_EEEENS8_INS8_INS9_ILj19013EEENS8_INS9_ILj25093EEENS8_IS13_SD_EEEEEENS8_INS8_INS9_ILj36103EEENS8_INS9_ILj34821EEENS8_INS9_ILj35333EEESD_EEEEEENS8_INS9_ILj60546EEESD_EEEEEEEEEEEEEENS8_IS2W_NS8_IS24_NS8_IS2V_NS8_IS13_NS8_IS2A_NS8_IS30_NS8_IS31_NS8_IS32_NS8_IS20_NS8_IS21_NS8_IS2R_NS8_IS2B_NS8_IS2C_NS8_IS2F_NS8_IS2G_NS8_IS2D_NS8_IS2E_NS8_IS2H_NS8_IS2I_NS8_IS2S_NS8_IS36_NS8_INS9_ILj64520EEENS8_INS9_ILj64584EEESD_EEEEEEEEEEEEEEEEEEEEEEEEEEEEEEEEEEEEEEEEEEEEEELh128ENS8_INS9_ILj64552EEENS8_INS9_ILj64616EEESD_EEEELl100ELl75EELZ6canDatE5ClockI5AlarmIV13BitfieldDummyI14TimerControl16EXadL_ZNS5_13timer3ControlEEEXadL_ZNS5_13timer3CounterEEEXadL_ZNS5_14timer3CompareAEEEXadL_ZNS5_19timer3InterruptMaskEEEXadL_ZNS5_19timer3InterruptFlagEEEXadL_Z20TIMER3_COMPA_handlerEELm1000EEmELZ5clockE9SchedulerIS4F_LZ5clockELh16EjELZ9schedulerEEXadL_ZNS4I_15accipioConstansEjEEEEvPvj
 .text._Z6rebootv
                0x0000000000002c44       0x1c ./main.o
                0x0000000000002c44                _Z6rebootv
 .text._ZN6srutil8DelegateIFvjEE13function_stubIXadL_Z10mcoAuxResAjEEEEvPvj
                0x0000000000002c60       0x4c ./main.o
                0x0000000000002c60                _ZN6srutil8DelegateIFvjEE13function_stubIXadL_Z10mcoAuxResAjEEEEvPvj
 .text._ZN6srutil8DelegateIFvjEE13function_stubIXadL_Z10mcoAuxResBjEEEEvPvj
                0x0000000000002cac       0x4c ./main.o
                0x0000000000002cac                _ZN6srutil8DelegateIFvjEE13function_stubIXadL_Z10mcoAuxResBjEEEEvPvj
 .text.__vector_1
                0x0000000000002cf8       0x5e ./main.o
                0x0000000000002cf8                __vector_1
 .text.__vector_2
                0x0000000000002d56       0x5e ./main.o
                0x0000000000002d56                __vector_2
 .text.__vector_3
                0x0000000000002db4       0x5e ./main.o
                0x0000000000002db4                __vector_3
 .text.__vector_4
                0x0000000000002e12       0x5e ./main.o
                0x0000000000002e12                __vector_4
 .text.__vector_5
                0x0000000000002e70       0x5e ./main.o
                0x0000000000002e70                __vector_5
 .text.__vector_6
                0x0000000000002ece       0x5e ./main.o
                0x0000000000002ece                __vector_6
 .text.__vector_7
                0x0000000000002f2c       0x5e ./main.o
                0x0000000000002f2c                __vector_7
 .text.__vector_8
                0x0000000000002f8a       0x5e ./main.o
                0x0000000000002f8a                __vector_8
 .text.__vector_9
                0x0000000000002fe8       0x5e ./main.o
                0x0000000000002fe8                __vector_9
 .text.__vector_10
                0x0000000000003046       0x5e ./main.o
                0x0000000000003046                __vector_10
 .text.__vector_11
                0x00000000000030a4       0x5e ./main.o
                0x00000000000030a4                __vector_11
 .text.__vector_12
                0x0000000000003102       0x5e ./main.o
                0x0000000000003102                __vector_12
 .text.__vector_13
                0x0000000000003160       0x5e ./main.o
                0x0000000000003160                __vector_13
 .text.__vector_14
                0x00000000000031be       0x5e ./main.o
                0x00000000000031be                __vector_14
 .text.__vector_15
                0x000000000000321c       0x5e ./main.o
                0x000000000000321c                __vector_15
 .text.__vector_16
                0x000000000000327a       0x5e ./main.o
                0x000000000000327a                __vector_16
 .text.__vector_17
                0x00000000000032d8       0x5e ./main.o
                0x00000000000032d8                __vector_17
 .text.__vector_18
                0x0000000000003336       0x5e ./main.o
                0x0000000000003336                __vector_18
 .text.__vector_19
                0x0000000000003394       0x5e ./main.o
                0x0000000000003394                __vector_19
 .text.__vector_20
                0x00000000000033f2       0x5e ./main.o
                0x00000000000033f2                __vector_20
 .text.__vector_21
                0x0000000000003450       0x5e ./main.o
                0x0000000000003450                __vector_21
 .text.__vector_22
                0x00000000000034ae       0x5e ./main.o
                0x00000000000034ae                __vector_22
 .text.__vector_23
                0x000000000000350c       0x5e ./main.o
                0x000000000000350c                __vector_23
 .text.__vector_24
                0x000000000000356a       0x5e ./main.o
                0x000000000000356a                __vector_24
 .text.__vector_25
                0x00000000000035c8       0x5e ./main.o
                0x00000000000035c8                __vector_25
 .text.__vector_26
                0x0000000000003626       0x5e ./main.o
                0x0000000000003626                __vector_26
 .text.__vector_27
                0x0000000000003684       0x5e ./main.o
                0x0000000000003684                __vector_27
 .text.__vector_28
                0x00000000000036e2       0x5e ./main.o
                0x00000000000036e2                __vector_28
 .text.__vector_29
                0x0000000000003740       0x5e ./main.o
                0x0000000000003740                __vector_29
 .text.__vector_30
                0x000000000000379e       0x5e ./main.o
                0x000000000000379e                __vector_30
 .text.__vector_31
                0x00000000000037fc       0x5e ./main.o
                0x00000000000037fc                __vector_31
 .text.__vector_32
                0x000000000000385a       0x5e ./main.o
                0x000000000000385a                __vector_32
 .text.__vector_33
                0x00000000000038b8       0x5e ./main.o
                0x00000000000038b8                __vector_33
 .text.__vector_34
                0x0000000000003916       0x5e ./main.o
                0x0000000000003916                __vector_34
 .text.__vector_35
                0x0000000000003974       0x5e ./main.o
                0x0000000000003974                __vector_35
 .text.__vector_36
                0x00000000000039d2       0x5e ./main.o
                0x00000000000039d2                __vector_36
 .text._ZN19EepromStaticPrivate13writeNextByteEv
                0x0000000000003a30       0xe2 ./main.o
                0x0000000000003a30                _ZN19EepromStaticPrivate13writeNextByteEv
 .text._ZN6srutil8DelegateIFvvEE13function_stubIXadL_ZN19EepromStaticPrivate16interruptHandlerEvEEEEvPv
                0x0000000000003b12       0x84 ./main.o
                0x0000000000003b12                _ZN6srutil8DelegateIFvvEE13function_stubIXadL_ZN19EepromStaticPrivate16interruptHandlerEvEEEEvPv
 .text._ZN6srutil8DelegateIFvjEE11method_stubI11SautConvertXadL_ZNS4_19diametersWriteStep3EjEEEEvPvj
                0x0000000000003b96      0x166 ./main.o
                0x0000000000003b96                _ZN6srutil8DelegateIFvjEE11method_stubI11SautConvertXadL_ZNS4_19diametersWriteStep3EjEEEEvPvj
 .text._ZN6srutil8DelegateIFvjEE11method_stubI6EeCellXadL_ZNS4_9writeDataEjEEEEvPvj
                0x0000000000003cfc      0x166 ./main.o
                0x0000000000003cfc                _ZN6srutil8DelegateIFvjEE11method_stubI6EeCellXadL_ZNS4_9writeDataEjEEEEvPvj
 .text._ZN6srutil8DelegateIFvjEE11method_stubI11SautConvertXadL_ZNS4_19diametersWriteStep2EjEEEEvPvj
                0x0000000000003e62      0x164 ./main.o
                0x0000000000003e62                _ZN6srutil8DelegateIFvjEE11method_stubI11SautConvertXadL_ZNS4_19diametersWriteStep2EjEEEEvPvj
 .text._ZN6srutil8DelegateIFvjEE11method_stubI6EeCellXadL_ZNS4_8writeCrcEjEEEEvPvj
                0x0000000000003fc6      0x158 ./main.o
                0x0000000000003fc6                _ZN6srutil8DelegateIFvjEE11method_stubI6EeCellXadL_ZNS4_8writeCrcEjEEEEvPvj
 .text._ZN6srutil8DelegateIFvjEE11method_stubI6EeCellXadL_ZNS4_11writeStatusEjEEEEvPvj
                0x000000000000411e      0x154 ./main.o
                0x000000000000411e                _ZN6srutil8DelegateIFvjEE11method_stubI6EeCellXadL_ZNS4_11writeStatusEjEEEEvPvj
 .text._ZN6srutil8DelegateIFvjEE11method_stubI11SautConvertXadL_ZNS4_19diametersWriteStep1EjEEEEvPvj
                0x0000000000004272      0x160 ./main.o
                0x0000000000004272                _ZN6srutil8DelegateIFvjEE11method_stubI11SautConvertXadL_ZNS4_19diametersWriteStep1EjEEEEvPvj
 .text._ZN11SautConvert10dataUpdateEj.part.178
                0x00000000000043d2      0x794 ./main.o
 .text._ZN6srutil8DelegateIFvjEE11method_stubI11SautConvertXadL_ZNS4_10dataUpdateEjEEEEvPvj
                0x0000000000004b66       0x6c ./main.o
                0x0000000000004b66                _ZN6srutil8DelegateIFvjEE11method_stubI11SautConvertXadL_ZNS4_10dataUpdateEjEEEEvPvj
 .text._ZN11SautConvert18readNextStringByteEj.part.154
                0x0000000000004bd2      0x436 ./main.o
 .text._ZN6srutil8DelegateIFvjEE11method_stubI11SautConvertXadL_ZNS4_18readNextStringByteEjEEEEvPvj
                0x0000000000005008       0x6c ./main.o
                0x0000000000005008                _ZN6srutil8DelegateIFvjEE11method_stubI11SautConvertXadL_ZNS4_18readNextStringByteEjEEEEvPvj
 .text._ZN6srutil8DelegateIFvjEE11method_stubI11SautConvertXadL_ZNS4_15updateStringCrcEjEEEEvPvj
                0x0000000000005074       0x74 ./main.o
                0x0000000000005074                _ZN6srutil8DelegateIFvjEE11method_stubI11SautConvertXadL_ZNS4_15updateStringCrcEjEEEEvPvj
 .text._ZN6srutil8DelegateIFvjEE11method_stubI11SautConvertXadL_ZNS4_19init1StringPlainMapEjEEEEvPvj
                0x00000000000050e8       0x84 ./main.o
                0x00000000000050e8                _ZN6srutil8DelegateIFvjEE11method_stubI11SautConvertXadL_ZNS4_19init1StringPlainMapEjEEEEvPvj
 .text._ZN6EeCell4readERm
                0x000000000000516c      0x31c ./main.o
                0x000000000000516c                _ZN6EeCell4readERm
 .text._ZN6EeCell11writeStatusEj
                0x0000000000005488      0x154 ./main.o
                0x0000000000005488                _ZN6EeCell11writeStatusEj
 .text._ZN6srutil8DelegateIFvjEE11method_stubI14ConstValModuleI6CanDatIN4Loki8TypelistINS7_INS6_8Int2TypeILj6280EEENS7_INS8_ILj6792EEENS7_INS8_ILj6850EEENS6_8NullTypeEEEEEEENS7_INS7_INS8_ILj18024EEENS7_INS8_ILj18056EEESC_EEEENS7_INS7_INS8_ILj25575EEENS7_INS8_ILj25383EEENS7_INS8_ILj6403EEESC_EEEEEENS7_INS7_INS8_ILj25544EEENS7_INS8_ILj25352EEESC_EEEENS7_INS7_INS8_ILj25476EEENS7_INS8_ILj25508EEESC_EEEENS7_INS7_INS8_ILj50789EEENS7_INS8_ILj50821EEENS7_INS8_ILj38917EEENS7_INS8_ILj39429EEENS7_INS8_ILj25189EEENS7_INS8_ILj25221EEENS7_INS8_ILj39300EEENS7_INS8_ILj39332EEENS7_INS8_ILj39361EEENS7_INS8_ILj39393EEENS7_INS8_ILj6344EEENS7_INS8_ILj6376EEESC_EEEEEEEEEEEEEEEEEEEEEEEENS7_INS7_INS8_ILj23554EEENS7_INS8_ILj23586EEESC_EEEENS7_INS8_ILj3073EEESC_EEEEEEEEEEEEEEEENS7_INS7_INS8_ILj2568EEENS7_INS8_ILj2824EEENS7_INS8_ILj2632EEENS7_INS8_ILj2888EEENS7_INS8_ILj2309EEESC_EEEEEEEEEENS7_INS8_ILj3585EEENS7_INS7_INS8_ILj4096EEENS7_INS8_ILj4224EEENS7_INS8_ILj4097EEENS7_INS8_ILj4225EEENS7_INS8_ILj4128EEENS7_INS8_ILj4256EEENS7_INS8_ILj4129EEENS7_INS8_ILj4257EEESC_EEEEEEEEEEEEEEEENS7_INS7_INS8_ILj16936EEENS7_INS8_ILj17064EEESC_EEEENS7_INS7_INS8_ILj19013EEENS7_INS8_ILj25093EEENS7_IS12_SC_EEEEEENS7_INS7_INS8_ILj36103EEENS7_INS8_ILj34821EEENS7_INS8_ILj35333EEESC_EEEEEENS7_INS8_ILj60546EEESC_EEEEEEEEEEEEEENS7_IS2V_NS7_IS23_NS7_IS2U_NS7_IS12_NS7_IS29_NS7_IS2Z_NS7_IS30_NS7_IS31_NS7_IS1Z_NS7_IS20_NS7_IS2Q_NS7_IS2A_NS7_IS2B_NS7_IS2E_NS7_IS2F_NS7_IS2C_NS7_IS2D_NS7_IS2G_NS7_IS2H_NS7_IS2R_NS7_IS35_NS7_INS8_ILj64520EEENS7_INS8_ILj64584EEESC_EEEEEEEEEEEEEEEEEEEEEEEEEEEEEEEEEEEEEEEEEEEEEELh128ENS7_INS8_ILj64552EEENS7_INS8_ILj64616EEESC_EEEELl100ELl75EELZ6canDatE9SchedulerI5ClockI5AlarmIV13BitfieldDummyI14TimerControl16EXadL_ZN8Register13timer3ControlEEEXadL_ZNS4E_13timer3CounterEEEXadL_ZNS4E_14timer3CompareAEEEXadL_ZNS4E_19timer3InterruptMaskEEEXadL_ZNS4E_19timer3InterruptFlagEEEXadL_Z20TIMER3_COMPA_handlerEELm1000EEmELZ5clockELh16EjELZ9schedulerEEXadL_ZNS4I_5writeEjEEEEvPvj
                0x00000000000055dc       0xd8 ./main.o
                0x00000000000055dc                _ZN6srutil8DelegateIFvjEE11method_stubI14ConstValModuleI6CanDatIN4Loki8TypelistINS7_INS6_8Int2TypeILj6280EEENS7_INS8_ILj6792EEENS7_INS8_ILj6850EEENS6_8NullTypeEEEEEEENS7_INS7_INS8_ILj18024EEENS7_INS8_ILj18056EEESC_EEEENS7_INS7_INS8_ILj25575EEENS7_INS8_ILj25383EEENS7_INS8_ILj6403EEESC_EEEEEENS7_INS7_INS8_ILj25544EEENS7_INS8_ILj25352EEESC_EEEENS7_INS7_INS8_ILj25476EEENS7_INS8_ILj25508EEESC_EEEENS7_INS7_INS8_ILj50789EEENS7_INS8_ILj50821EEENS7_INS8_ILj38917EEENS7_INS8_ILj39429EEENS7_INS8_ILj25189EEENS7_INS8_ILj25221EEENS7_INS8_ILj39300EEENS7_INS8_ILj39332EEENS7_INS8_ILj39361EEENS7_INS8_ILj39393EEENS7_INS8_ILj6344EEENS7_INS8_ILj6376EEESC_EEEEEEEEEEEEEEEEEEEEEEEENS7_INS7_INS8_ILj23554EEENS7_INS8_ILj23586EEESC_EEEENS7_INS8_ILj3073EEESC_EEEEEEEEEEEEEEEENS7_INS7_INS8_ILj2568EEENS7_INS8_ILj2824EEENS7_INS8_ILj2632EEENS7_INS8_ILj2888EEENS7_INS8_ILj2309EEESC_EEEEEEEEEENS7_INS8_ILj3585EEENS7_INS7_INS8_ILj4096EEENS7_INS8_ILj4224EEENS7_INS8_ILj4097EEENS7_INS8_ILj4225EEENS7_INS8_ILj4128EEENS7_INS8_ILj4256EEENS7_INS8_ILj4129EEENS7_INS8_ILj4257EEESC_EEEEEEEEEEEEEEEENS7_INS7_INS8_ILj16936EEENS7_INS8_ILj17064EEESC_EEEENS7_INS7_INS8_ILj19013EEENS7_INS8_ILj25093EEENS7_IS12_SC_EEEEEENS7_INS7_INS8_ILj36103EEENS7_INS8_ILj34821EEENS7_INS8_ILj35333EEESC_EEEEEENS7_INS8_ILj60546EEESC_EEEEEEEEEEEEEENS7_IS2V_NS7_IS23_NS7_IS2U_NS7_IS12_NS7_IS29_NS7_IS2Z_NS7_IS30_NS7_IS31_NS7_IS1Z_NS7_IS20_NS7_IS2Q_NS7_IS2A_NS7_IS2B_NS7_IS2E_NS7_IS2F_NS7_IS2C_NS7_IS2D_NS7_IS2G_NS7_IS2H_NS7_IS2R_NS7_IS35_NS7_INS8_ILj64520EEENS7_INS8_ILj64584EEESC_EEEEEEEEEEEEEEEEEEEEEEEEEEEEEEEEEEEEEEEEEEEEEELh128ENS7_INS8_ILj64552EEENS7_INS8_ILj64616EEESC_EEEELl100ELl75EEL_Z6canDatE9SchedulerI5ClockI5AlarmIV13BitfieldDummyI14TimerControl16EXadL_ZN8Register13timer3ControlEEEXadL_ZNS4E_13timer3CounterEEEXadL_ZNS4E_14timer3CompareAEEEXadL_ZNS4E_19timer3InterruptMaskEEEXadL_ZNS4E_19timer3InterruptFlagEEEXadL_Z20TIMER3_COMPA_handlerEELm1000EEmEL_Z5clockELh16EjEL_Z9schedulerEEXadL_ZNS4I_5writeEjEEEEvPvj
                0x00000000000055dc                _ZN6srutil8DelegateIFvjEE11method_stubI14ConstValModuleI6CanDatIN4Loki8TypelistINS7_INS6_8Int2TypeILj6280EEENS7_INS8_ILj6792EEENS7_INS8_ILj6850EEENS6_8NullTypeEEEEEEENS7_INS7_INS8_ILj18024EEENS7_INS8_ILj18056EEESC_EEEENS7_INS7_INS8_ILj25575EEENS7_INS8_ILj25383EEENS7_INS8_ILj6403EEESC_EEEEEENS7_INS7_INS8_ILj25544EEENS7_INS8_ILj25352EEESC_EEEENS7_INS7_INS8_ILj25476EEENS7_INS8_ILj25508EEESC_EEEENS7_INS7_INS8_ILj50789EEENS7_INS8_ILj50821EEENS7_INS8_ILj38917EEENS7_INS8_ILj39429EEENS7_INS8_ILj25189EEENS7_INS8_ILj25221EEENS7_INS8_ILj39300EEENS7_INS8_ILj39332EEENS7_INS8_ILj39361EEENS7_INS8_ILj39393EEENS7_INS8_ILj6344EEENS7_INS8_ILj6376EEESC_EEEEEEEEEEEEEEEEEEEEEEEENS7_INS7_INS8_ILj23554EEENS7_INS8_ILj23586EEESC_EEEENS7_INS8_ILj3073EEESC_EEEEEEEEEEEEEEEENS7_INS7_INS8_ILj2568EEENS7_INS8_ILj2824EEENS7_INS8_ILj2632EEENS7_INS8_ILj2888EEENS7_INS8_ILj2309EEESC_EEEEEEEEEENS7_INS8_ILj3585EEENS7_INS7_INS8_ILj4096EEENS7_INS8_ILj4224EEENS7_INS8_ILj4097EEENS7_INS8_ILj4225EEENS7_INS8_ILj4128EEENS7_INS8_ILj4256EEENS7_INS8_ILj4129EEENS7_INS8_ILj4257EEESC_EEEEEEEEEEEEEEEENS7_INS7_INS8_ILj16936EEENS7_INS8_ILj17064EEESC_EEEENS7_INS7_INS8_ILj19013EEENS7_INS8_ILj25093EEENS7_IS12_SC_EEEEEENS7_INS7_INS8_ILj36103EEENS7_INS8_ILj34821EEENS7_INS8_ILj35333EEESC_EEEEEENS7_INS8_ILj60546EEESC_EEEEEEEEEEEEEENS7_IS2V_NS7_IS23_NS7_IS2U_NS7_IS12_NS7_IS29_NS7_IS2Z_NS7_IS30_NS7_IS31_NS7_IS1Z_NS7_IS20_NS7_IS2Q_NS7_IS2A_NS7_IS2B_NS7_IS2E_NS7_IS2F_NS7_IS2C_NS7_IS2D_NS7_IS2G_NS7_IS2H_NS7_IS2R_NS7_IS35_NS7_INS8_ILj64520EEENS7_INS8_ILj64584EEESC_EEEEEEEEEEEEEEEEEEEEEEEEEEEEEEEEEEEEEEEEEEEEEELh128ENS7_INS8_ILj64552EEENS7_INS8_ILj64616EEESC_EEEELl100ELl75EELZ6canDatE9SchedulerI5ClockI5AlarmIV13BitfieldDummyI14TimerControl16EXadL_ZN8Register13timer3ControlEEEXadL_ZNS4E_13timer3CounterEEEXadL_ZNS4E_14timer3CompareAEEEXadL_ZNS4E_19timer3InterruptMaskEEEXadL_ZNS4E_19timer3InterruptFlagEEEXadL_Z20TIMER3_COMPA_handlerEELm1000EEmELZ5clockELh16EjELZ9schedulerEEXadL_ZNS4I_5writeEjEEEEvPvj
 .text._ZN6EeCell7calcCrcEj
                0x00000000000056b4      0x47c ./main.o
                0x00000000000056b4                _ZN6EeCell7calcCrcEj
 .text._ZN6srutil8DelegateIFvjEE11method_stubI6EeCellXadL_ZNS4_7calcCrcEjEEEEvPvj
                0x0000000000005b30        0x6 ./main.o
                0x0000000000005b30                _ZN6srutil8DelegateIFvjEE11method_stubI6EeCellXadL_ZNS4_7calcCrcEjEEEEvPvj
 .text._ZN6EeCell11lastControlEj
                0x0000000000005b36      0x1ba ./main.o
                0x0000000000005b36                _ZN6EeCell11lastControlEj
 .text._ZN6srutil8DelegateIFvjEE11method_stubI6EeCellXadL_ZNS4_11lastControlEjEEEEvPvj
                0x0000000000005cf0        0x6 ./main.o
                0x0000000000005cf0                _ZN6srutil8DelegateIFvjEE11method_stubI6EeCellXadL_ZNS4_11lastControlEjEEEEvPvj
 .text._ZN11SautConvertC2Ev
                0x0000000000005cf6       0x38 ./main.o
                0x0000000000005cf6                _ZN11SautConvertC2Ev
                0x0000000000005cf6                _ZN11SautConvertC1Ev
 .text._Z14sysDiagnosticsj
                0x0000000000005d2e      0x16c ./main.o
                0x0000000000005d2e                _Z14sysDiagnosticsj
 .text._ZN6srutil8DelegateIFvjEE13function_stubIXadL_Z14sysDiagnosticsjEEEEvPvj
                0x0000000000005e9a        0x8 ./main.o